retail_dynamic_pricing_dataset.csv
date,product_id,category,season,cost_price,competitor_price,stock_level,promotion,day_of_week,current_price,discount,effective_price,units_sold,revenue
2024-01-05,P0002,Snacks,Spring,88.43,80.74,994,0,Fri,104.05,0.0,104.05,24,2497.2
2024-01-08,P0002,Snacks,Summer,69.01,69.41,762,0,Wed,99.69,0.0,99.69,52,5183.88
2024-01-09,P0002,Snacks,Winter,80.62,86.03,591,1,Fri,99.61,0.16,83.6724,115,9622.33
2024-01-11,P0002,Snacks,Autumn,21.05,2.29,162,1,Sat,37.79,0.14,32.4994,1,32.5
2024-01-14,P0002,Snacks,Spring,24.23,77.03,42,0,Sat,40.88,0.0,40.88,107,4374.16
2024-01-19,P0002,Snacks,Summer,87.1,61.81,400,0,Thu,147.41,0.0,147.41,1,147.41
2024-01-25,P0002,Snacks,Autumn,3.84,17.79,642,0,Thu,6.75,0.0,6.75,55,371.25
2024-02-02,P0002,Snacks,Summer,15.35,76.39,689,1,Wed,21.62,0.07,20.1066,214,4302.81
2024-02-06,P0002,Snacks,Summer,32.09,55.12,678,0,Tue,37.54,0.0,37.54,80,3003.2
2024-02-07,P0002,Snacks,Summer,55.33,7.88,973,0,Fri,87.38,0.0,87.38,1,87.38
2024-02-24,P0002,Snacks,Spring,52.74,90.35,748,0,Thu,82.85,0.0,82.85,61,5053.85
2024-03-03,P0002,Snacks,Autumn,69.26,112.89,186,1,Thu,91.08,0.17,75.59639999999999,54,4082.21
2024-03-09,P0002,Snacks,Summer,12.25,80.2,945,1,Wed,15.07,0.12,13.2616,136,1803.58
2024-03-11,P0002,Snacks,Winter,70.41,44.67,646,0,Tue,82.39,0.0,82.39,17,1400.63
2024-03-16,P0002,Snacks,Winter,71.78,100.31,672,0,Sat,112.11,0.0,112.11,60,6726.6
2024-03-19,P0002,Snacks,Summer,57.16,3.5,300,0,Tue,89.09,0.0,89.09,1,89.09
2024-03-31,P0002,Snacks,Winter,96.47,71.51,335,1,Fri,110.84,0.05,105.298,48,5054.3
2024-04-05,P0002,Snacks,Summer,78.84,87.12,244,0,Sun,120.77,0.0,120.77,12,1449.24
2024-04-14,P0002,Snacks,Summer,64.03,43.94,664,0,Thu,88.78,0.0,88.78,2,177.56
2024-04-22,P0002,Snacks,Spring,79.16,61.42,208,0,Sun,88.34,0.0,88.34,9,795.06
2024-04-23,P0002,Snacks,Winter,55.89,40.9,791,0,Thu,99.25,0.0,99.25,1,99.25
2024-01-06,P0002,Household,Autumn,56.43,100.22,374,1,Thu,98.85,0.17,82.04549999999999,148,12142.73
2024-01-23,P0002,Household,Autumn,79.06,73.25,867,0,Fri,112.83,0.0,112.83,38,4287.54
2024-01-27,P0002,Household,Autumn,86.23,82.34,342,1,Fri,145.22,0.1,130.698,17,2221.87
2024-01-29,P0002,Household,Spring,73.41,3.41,864,0,Sun,87.2,0.0,87.2,1,87.2
2024-02-04,P0002,Household,Summer,55.51,66.32,984,1,Sun,73.91,0.24,56.1716,149,8369.57
2024-02-09,P0002,Household,Autumn,69.95,48.31,478,0,Thu,115.21,0.0,115.21,1,115.21
2024-02-17,P0002,Household,Winter,6.42,113.74,100,1,Thu,9.15,0.21,7.2285,191,1380.64
2024-02-18,P0002,Household,Autumn,29.82,82.32,801,1,Sun,44.33,0.09,40.3403,146,5889.68
2024-02-19,P0002,Household,Summer,22.85,65.36,512,0,Fri,38.63,0.0,38.63,16,618.08
2024-02-20,P0002,Household,Spring,76.99,118.0,754,0,Thu,111.87,0.0,111.87,20,2237.4
2024-02-21,P0002,Household,Winter,52.86,40.71,467,0,Wed,78.49,0.0,78.49,1,78.49
2024-02-26,P0002,Household,Summer,37.06,13.23,797,1,Fri,61.35,0.18,50.307,1,50.31
2024-03-06,P0002,Household,Spring,82.3,52.94,134,1,Mon,127.38,0.2,101.904,2,203.81
2024-03-18,P0002,Household,Autumn,88.83,29.62,888,0,Wed,100.69,0.0,100.69,1,100.69
2024-03-22,P0002,Household,Summer,28.1,18.37,917,0,Thu,46.56,0.0,46.56,1,46.56
2024-03-27,P0002,Household,Autumn,64.22,119.44,668,0,Fri,79.25,0.0,79.25,132,10461.0
2024-03-28,P0002,Household,Summer,16.93,44.4,699,0,Sat,25.48,0.0,25.48,54,1375.92
2024-04-09,P0002,Household,Summer,47.57,42.22,587,0,Tue,85.38,0.0,85.38,1,85.38
2024-04-18,P0002,Household,Spring,80.18,77.85,774,0,Sun,137.46,0.0,137.46,21,2886.66
2024-04-21,P0002,Household,Autumn,58.56,106.05,911,0,Tue,95.86,0.0,95.86,52,4984.72
2024-04-27,P0002,Household,Spring,3.79,66.3,639,1,Thu,5.87,0.23,4.5199,218,985.34
2024-01-01,P0003,Clothing,Summer,76.52,102.74,403,0,Sat,121.34,0.0,121.34,69,8372.46
2024-01-07,P0003,Clothing,Winter,48.37,77.85,551,0,Mon,76.31,0.0,76.31,7,534.17
2024-01-29,P0003,Clothing,Autumn,44.81,90.11,942,1,Tue,65.22,0.16,54.7848,106,5807.19
2024-02-09,P0003,Clothing,Winter,31.48,42.6,912,0,Thu,44.24,0.0,44.24,58,2565.92
2024-02-20,P0003,Clothing,Summer,57.4,76.95,148,1,Fri,88.3,0.06,83.002,64,5312.13
2024-02-26,P0003,Clothing,Autumn,7.89,76.54,861,0,Fri,8.83,0.0,8.83,181,1598.23
2024-02-28,P0003,Clothing,Summer,43.52,96.64,725,1,Wed,68.08,0.08,62.6336,142,8893.97
2024-03-01,P0003,Clothing,Winter,39.84,45.74,603,0,Sun,47.64,0.0,47.64,58,2763.12
2024-03-07,P0003,Clothing,Winter,62.71,44.52,674,1,Tue,81.64,0.06,76.74159999999999,38,2916.18
2024-03-10,P0003,Clothing,Autumn,82.51,85.36,445,0,Tue,141.72,0.0,141.72,16,2267.52
2024-03-18,P0003,Clothing,Summer,37.46,27.24,668,1,Wed,55.55,0.2,44.44,35,1555.4
2024-03-27,P0003,Clothing,Autumn,4.95,2.57,388,1,Sat,7.53,0.25,5.6475,46,259.79
2024-03-28,P0003,Clothing,Summer,43.71,4.39,686,1,Sat,62.58,0.11,55.6962,1,55.7
2024-03-29,P0003,Clothing,Autumn,63.4,62.58,508,1,Thu,105.9,0.2,84.72000000000001,34,2880.48
2024-03-30,P0003,Clothing,Summer,7.95,102.87,650,0,Tue,12.58,0.0,12.58,98,1232.84
2024-03-31,P0003,Clothing,Summer,44.89,118.97,508,0,Mon,76.29,0.0,76.29,115,8773.35
2024-04-01,P0003,Clothing,Summer,31.01,39.08,25,0,Wed,41.3,0.0,41.3,53,2188.9
2024-04-04,P0003,Clothing,Spring,78.74,105.36,366,0,Sat,139.75,0.0,139.75,38,5310.5
2024-04-09,P0003,Clothing,Summer,85.67,74.49,378,0,Fri,130.74,0.0,130.74,9,1176.66
2024-04-23,P0003,Clothing,Summer,47.77,36.61,232,0,Sun,64.6,0.0,64.6,23,1485.8
2024-04-25,P0003,Clothing,Summer,28.94,91.79,907,0,Sun,50.15,0.0,50.15,75,3761.25
2024-04-27,P0003,Clothing,Autumn,67.97,39.37,330,0,Fri,117.92,0.0,117.92,1,117.92
2024-01-02,P0003,Snacks,Summer,54.68,84.02,552,0,Sun,63.21,0.0,63.21,58,3666.18
2024-01-06,P0003,Snacks,Winter,67.12,42.27,285,0,Wed,107.3,0.0,107.3,1,107.3
2024-01-09,P0003,Snacks,Winter,56.75,63.49,490,0,Thu,63.94,0.0,63.94,87,5562.78
2024-01-12,P0003,Snacks,Autumn,37.98,98.09,633,0,Fri,65.8,0.0,65.8,41,2697.8
2024-01-14,P0003,Snacks,Winter,76.48,106.78,380,0,Mon,125.07,0.0,125.07,25,3126.75
2024-01-16,P0003,Snacks,Autumn,18.53,105.35,885,1,Sat,29.89,0.08,27.498800000000003,200,5499.76
2024-01-17,P0003,Snacks,Spring,98.32,20.3,144,0,Fri,128.99,0.0,128.99,1,128.99
2024-01-24,P0003,Snacks,Autumn,18.09,3.01,780,0,Thu,30.37,0.0,30.37,1,30.37
2024-01-31,P0003,Snacks,Winter,50.67,21.23,871,1,Tue,86.31,0.09,78.5421,1,78.54
2024-02-13,P0003,Snacks,Spring,90.85,116.57,310,1,Fri,124.04,0.2,99.23200000000001,44,4366.21
2024-02-16,P0003,Snacks,Spring,51.79,70.49,209,1,Fri,73.42,0.24,55.7992,145,8090.88
2024-02-17,P0003,Snacks,Summer,83.86,34.2,670,1,Tue,127.64,0.11,113.5996,1,113.6
2024-02-18,P0003,Snacks,Autumn,91.39,81.5,885,0,Thu,145.79,0.0,145.79,8,1166.32
2024-02-23,P0003,Snacks,Winter,49.3,6.94,618,0,Tue,80.26,0.0,80.26,1,80.26
2024-02-29,P0003,Snacks,Winter,24.52,61.19,524,1,Tue,33.78,0.08,31.077600000000004,87,2703.75
2024-03-03,P0003,Snacks,Winter,32.57,65.95,947,1,Wed,39.98,0.11,35.5822,36,1280.96
2024-03-11,P0003,Snacks,Autumn,93.07,96.1,518,1,Sat,129.94,0.2,103.952,116,12058.43
2024-03-21,P0003,Snacks,Winter,14.96,102.31,800,0,Wed,22.66,0.0,22.66,134,3036.44
2024-03-25,P0003,Snacks,Autumn,17.6,90.44,305,0,Mon,27.58,0.0,27.58,63,1737.54
2024-03-26,P0003,Snacks,Autumn,74.47,114.81,463,0,Sun,92.07,0.0,92.07,102,9391.14
2024-04-03,P0003,Snacks,Winter,50.95,24.27,997,0,Mon,59.53,0.0,59.53,1,59.53
2024-04-05,P0003,Snacks,Winter,13.23,56.51,727,0,Thu,23.7,0.0,23.7,140,3318.0
2024-04-06,P0003,Snacks,Spring,9.19,102.54,782,0,Sat,10.13,0.0,10.13,58,587.54
2024-04-16,P0003,Snacks,Summer,23.48,58.01,609,0,Fri,40.23,0.0,40.23,14,563.22
2024-04-18,P0003,Snacks,Winter,58.91,14.47,116,0,Sat,81.87,0.0,81.87,1,81.87
2024-04-28,P0003,Snacks,Summer,88.16,12.77,30,1,Sat,131.8,0.17,109.394,1,109.39
2024-01-03,P0003,Groceries,Summer,59.43,92.76,438,0,Thu,70.38,0.0,70.38,22,1548.36
2024-01-04,P0003,Groceries,Autumn,61.82,116.32,571,0,Tue,101.61,0.0,101.61,97,9856.17
2024-01-20,P0003,Groceries,Winter,67.36,98.05,514,1,Wed,102.18,0.1,91.962,30,2758.86
2024-01-21,P0003,Groceries,Spring,74.18,74.21,987,0,Sat,105.66,0.0,105.66,40,4226.4
2024-01-23,P0003,Groceries,Autumn,65.0,12.24,720,0,Sat,115.01,0.0,115.01,1,115.01
2024-01-26,P0003,Groceries,Autumn,17.02,82.28,822,1,Fri,25.44,0.1,22.896,98,2243.81
2024-01-27,P0003,Groceries,Spring,39.34,14.59,89,0,Wed,44.31,0.0,44.31,1,44.31
2024-02-03,P0003,Groceries,Summer,26.01,116.05,23,1,Sun,32.69,0.14,28.1134,88,2473.98
2024-02-06,P0003,Groceries,Spring,82.18,56.85,442,0,Fri,138.15,0.0,138.15,1,138.15
2024-02-08,P0003,Groceries,Winter,64.73,12.77,722,1,Sat,84.83,0.23,65.3191,1,65.32
2024-02-14,P0003,Groceries,Summer,8.92,1.62,784,0,Sun,10.82,0.0,10.82,1,10.82
2024-02-15,P0003,Groceries,Autumn,50.77,37.01,932,0,Wed,78.76,0.0,78.76,1,78.76
2024-02-21,P0003,Groceries,Autumn,68.23,102.13,586,1,Thu,93.43,0.13,81.28410000000001,77,6258.88
2024-02-24,P0003,Groceries,Autumn,89.89,95.63,651,0,Wed,135.11,0.0,135.11,15,2026.65
2024-03-02,P0003,Groceries,Winter,33.96,62.65,181,0,Fri,60.29,0.0,60.29,33,1989.57
2024-03-04,P0003,Groceries,Autumn,10.03,98.76,503,0,Sat,11.14,0.0,11.14,117,1303.38
2024-03-13,P0003,Groceries,Winter,8.84,74.73,599,0,Sun,10.25,0.0,10.25,28,287.0
2024-03-15,P0003,Groceries,Autumn,24.37,82.92,714,0,Mon,39.98,0.0,39.98,64,2558.72
2024-03-17,P0003,Groceries,Spring,67.07,102.11,551,0,Fri,117.49,0.0,117.49,62,7284.38
2024-03-22,P0003,Groceries,Summer,88.46,71.41,797,1,Wed,100.8,0.15,85.67999999999999,14,1199.52
2024-03-23,P0003,Groceries,Spring,1.47,1.97,458,0,Wed,2.35,0.0,2.35,98,230.3
2024-04-10,P0003,Groceries,Autumn,56.44,52.85,450,0,Tue,68.6,0.0,68.6,44,3018.4
2024-04-12,P0003,Groceries,Autumn,80.73,113.93,814,0,Sat,120.72,0.0,120.72,63,7605.36
2024-04-19,P0003,Groceries,Summer,60.25,36.97,735,1,Thu,103.11,0.15,87.6435,1,87.64
2024-04-20,P0003,Groceries,Summer,19.74,89.01,284,0,Thu,29.88,0.0,29.88,66,1972.08
2024-01-05,P0003,Household,Autumn,11.39,101.53,226,1,Sun,17.48,0.05,16.605999999999998,222,3686.53
2024-01-10,P0003,Household,Autumn,76.54,82.25,995,0,Sun,107.45,0.0,107.45,53,5694.85
2024-01-11,P0003,Household,Summer,32.54,21.5,418,0,Tue,43.35,0.0,43.35,13,563.55
2024-01-13,P0003,Household,Autumn,39.77,91.14,844,0,Thu,57.04,0.0,57.04,109,6217.36
2024-01-18,P0003,Household,Winter,49.84,97.82,347,1,Thu,60.69,0.13,52.8003,161,8500.85
2024-01-19,P0003,Household,Autumn,11.82,114.4,528,1,Thu,20.19,0.24,15.344400000000002,241,3698.0
2024-01-25,P0003,Household,Spring,37.42,115.87,58,0,Tue,41.5,0.0,41.5,119,4938.5
2024-02-01,P0003,Household,Spring,32.46,56.95,164,0,Mon,42.63,0.0,42.63,56,2387.28
2024-02-04,P0003,Household,Spring,20.87,75.09,575,0,Sun,24.52,0.0,24.52,38,931.76
2024-02-05,P0003,Household,Summer,71.03,76.94,538,0,Sat,107.71,0.0,107.71,53,5708.63
2024-02-10,P0003,Household,Autumn,71.39,61.37,40,1,Mon,95.34,0.21,75.3186,95,7155.27
2024-02-19,P0003,Household,Summer,94.03,36.61,782,1,Sun,164.91,0.11,146.7699,1,146.77
2024-02-22,P0003,Household,Winter,9.76,79.38,253,1,Sat,17.4,0.24,13.223999999999998,217,2869.61
2024-02-25,P0003,Household,Spring,46.11,26.32,834,0,Fri,65.92,0.0,65.92,1,65.92
2024-02-27,P0003,Household,Autumn,20.86,77.96,675,0,Fri,34.52,0.0,34.52,77,2658.04
2024-03-14,P0003,Household,Winter,67.82,85.22,57,0,Mon,98.42,0.0,98.42,59,5806.78
2024-03-16,P0003,Household,Winter,91.26,87.56,243,0,Mon,103.44,0.0,103.44,38,3930.72
2024-03-20,P0003,Household,Spring,69.4,116.51,795,0,Sun,97.34,0.0,97.34,100,9734.0
2024-03-24,P0003,Household,Autumn,97.92,102.72,590,1,Tue,123.97,0.16,104.1348,52,5415.01
2024-04-11,P0003,Household,Autumn,88.99,59.47,708,0,Sun,113.66,0.0,113.66,7,795.62
2024-04-14,P0003,Household,Autumn,17.84,95.79,393,1,Mon,29.35,0.23,22.599500000000003,196,4429.5
2024-04-17,P0003,Household,Spring,62.65,70.82,553,1,Sat,82.61,0.12,72.6968,82,5961.14
2024-04-21,P0003,Household,Winter,79.39,22.88,753,1,Fri,91.9,0.09,83.629,1,83.63
2024-04-22,P0003,Household,Autumn,43.93,16.29,38,0,Tue,78.23,0.0,78.23,1,78.23
2024-04-29,P0003,Household,Winter,13.55,4.8,358,0,Thu,14.93,0.0,14.93,1,14.93
2024-01-08,P0003,Electronics,Autumn,60.65,104.36,863,1,Fri,90.46,0.22,70.55879999999999,90,6350.29
2024-02-11,P0003,Electronics,Summer,60.9,33.72,325,0,Sat,105.67,0.0,105.67,1,105.67
2024-02-12,P0003,Electronics,Autumn,5.64,43.82,74,0,Sun,7.58,0.0,7.58,148,1121.84
2024-03-05,P0003,Electronics,Summer,88.39,25.4,575,0,Thu,145.35,0.0,145.35,1,145.35
2024-03-12,P0003,Electronics,Winter,1.56,67.41,415,0,Tue,2.39,0.0,2.39,97,231.83
2024-03-19,P0003,Electronics,Spring,42.11,26.55,334,1,Tue,52.01,0.24,39.5276,8,316.22
2024-04-02,P0003,Electronics,Summer,50.33,5.33,652,0,Wed,59.81,0.0,59.81,1,59.81
2024-04-08,P0003,Electronics,Autumn,88.86,7.35,274,0,Mon,110.88,0.0,110.88,1,110.88
2024-04-13,P0003,Electronics,Winter,28.52,55.39,119,0,Wed,43.16,0.0,43.16,99,4272.84
2024-04-15,P0003,Electronics,Summer,30.81,8.01,471,1,Fri,38.92,0.25,29.19,1,29.19
2024-04-24,P0003,Electronics,Autumn,99.7,103.22,534,1,Fri,157.05,0.19,127.21050000000002,93,11830.58
2024-04-26,P0003,Electronics,Spring,40.02,93.44,728,0,Fri,53.75,0.0,53.75,112,6020.0
2024-01-15,P0003,Beverages,Winter,43.68,85.51,954,1,Wed,56.42,0.12,49.6496,93,4617.41
2024-01-22,P0003,Beverages,Winter,50.52,111.25,581,0,Thu,81.22,0.0,81.22,68,5522.96
2024-01-28,P0003,Beverages,Autumn,56.72,41.46,266,1,Fri,80.86,0.11,71.9654,28,2015.03
2024-01-30,P0003,Beverages,Winter,59.73,90.3,935,0,Fri,72.7,0.0,72.7,44,3198.8
2024-02-02,P0003,Beverages,Winter,15.2,97.07,283,0,Thu,18.84,0.0,18.84,99,1865.16
2024-02-07,P0003,Beverages,Summer,72.32,65.15,148,1,Sun,113.97,0.05,108.27149999999999,50,5413.58
2024-03-06,P0003,Beverages,Winter,69.58,101.77,344,0,Sun,93.29,0.0,93.29,100,9329.0
2024-03-08,P0003,Beverages,Summer,61.04,89.52,285,0,Wed,90.79,0.0,90.79,37,3359.23
2024-03-09,P0003,Beverages,Autumn,40.25,40.95,254,1,Sun,47.05,0.11,41.8745,65,2721.84
2024-04-07,P0003,Beverages,Winter,40.79,53.83,443,0,Mon,58.81,0.0,58.81,76,4469.56
2024-01-01,P0004,Groceries,Winter,73.77,70.76,790,0,Tue,85.02,0.0,85.02,77,6546.54
2024-01-04,P0004,Groceries,Autumn,29.39,63.93,245,1,Sat,38.75,0.22,30.225,138,4171.05
2024-01-09,P0004,Groceries,Summer,59.44,4.34,968,0,Wed,92.67,0.0,92.67,1,92.67
2024-01-13,P0004,Groceries,Autumn,48.67,61.92,689,0,Thu,84.62,0.0,84.62,57,4823.34
2024-01-16,P0004,Groceries,Autumn,48.58,110.77,727,1,Fri,56.25,0.11,50.0625,197,9862.31
2024-01-29,P0004,Groceries,Summer,48.67,26.47,432,0,Tue,79.56,0.0,79.56,1,79.56
2024-01-30,P0004,Groceries,Summer,34.05,119.19,496,0,Wed,57.59,0.0,57.59,36,2073.24
2024-01-31,P0004,Groceries,Winter,93.61,50.8,441,0,Wed,132.88,0.0,132.88,1,132.88
2024-02-08,P0004,Groceries,Summer,95.3,43.73,158,0,Fri,111.21,0.0,111.21,1,111.21
2024-02-12,P0004,Groceries,Winter,75.85,35.07,359,0,Sun,127.33,0.0,127.33,1,127.33
2024-02-16,P0004,Groceries,Spring,72.99,77.34,462,0,Sun,81.12,0.0,81.12,53,4299.36
2024-02-26,P0004,Groceries,Winter,13.87,46.8,988,0,Sun,22.99,0.0,22.99,73,1678.27
2024-03-05,P0004,Groceries,Spring,26.86,77.27,333,1,Wed,36.16,0.14,31.097599999999996,161,5006.71
2024-03-13,P0004,Groceries,Winter,90.92,34.72,61,0,Sun,102.5,0.0,102.5,1,102.5
2024-04-01,P0004,Groceries,Autumn,14.2,105.74,529,0,Mon,15.86,0.0,15.86,122,1934.92
2024-04-10,P0004,Groceries,Autumn,90.82,46.39,189,1,Thu,128.1,0.14,110.166,1,110.17
2024-04-13,P0004,Groceries,Summer,98.58,90.15,511,0,Sun,116.88,0.0,116.88,54,6311.52
2024-04-16,P0004,Groceries,Summer,28.02,57.45,174,0,Tue,48.99,0.0,48.99,45,2204.55
2024-04-20,P0004,Groceries,Winter,47.85,108.9,166,0,Wed,79.33,0.0,79.33,100,7933.0
2024-04-23,P0004,Groceries,Winter,98.14,36.6,852,1,Mon,176.1,0.16,147.92399999999998,1,147.92
2024-01-02,P0004,Electronics,Winter,91.91,84.57,801,0,Sat,137.83,0.0,137.83,8,1102.64
2024-01-03,P0004,Electronics,Summer,42.87,45.97,718,0,Mon,72.68,0.0,72.68,15,1090.2
2024-01-06,P0004,Electronics,Spring,25.36,44.35,753,0,Mon,34.98,0.0,34.98,95,3323.1
2024-01-11,P0004,Electronics,Winter,33.64,33.01,997,0,Mon,52.4,0.0,52.4,36,1886.4
2024-01-12,P0004,Electronics,Autumn,63.1,109.0,661,1,Wed,110.83,0.15,94.2055,50,4710.27
2024-02-03,P0004,Electronics,Autumn,9.57,72.28,403,0,Sat,12.45,0.0,12.45,36,448.2
2024-02-09,P0004,Electronics,Winter,5.68,84.87,25,0,Sat,9.23,0.0,9.23,122,1126.06
2024-02-14,P0004,Electronics,Autumn,43.38,6.57,615,1,Fri,72.23,0.13,62.8401,1,62.84
2024-02-29,P0004,Electronics,Autumn,98.3,8.43,759,0,Thu,170.59,0.0,170.59,1,170.59
2024-03-12,P0004,Electronics,Spring,81.32,70.78,536,1,Fri,102.46,0.08,94.2632,71,6692.69
2024-03-14,P0004,Electronics,Autumn,96.19,67.4,943,0,Wed,112.31,0.0,112.31,22,2470.82
2024-03-18,P0004,Electronics,Winter,40.33,73.75,931,1,Sat,51.05,0.05,48.497499999999995,85,4122.29
2024-03-21,P0004,Electronics,Summer,60.19,61.43,439,0,Mon,78.28,0.0,78.28,55,4305.4
2024-03-26,P0004,Electronics,Winter,42.04,116.06,764,0,Sat,54.08,0.0,54.08,30,1622.4
2024-04-06,P0004,Electronics,Winter,5.77,78.43,570,0,Wed,7.94,0.0,7.94,57,452.58
2024-04-08,P0004,Electronics,Winter,13.43,11.12,917,1,Fri,14.83,0.16,12.4572,62,772.35
2024-04-12,P0004,Electronics,Winter,94.48,82.49,714,0,Sun,110.26,0.0,110.26,49,5402.74
2024-04-21,P0004,Electronics,Autumn,27.24,97.85,185,0,Sat,37.18,0.0,37.18,109,4052.62
2024-04-22,P0004,Electronics,Spring,29.59,6.68,187,0,Mon,47.6,0.0,47.6,1,47.6
2024-04-24,P0004,Electronics,Summer,89.0,71.46,393,1,Sat,127.21,0.22,99.2238,59,5854.2
2024-04-25,P0004,Electronics,Autumn,20.0,39.94,764,1,Wed,30.55,0.1,27.495,147,4041.77
2024-04-27,P0004,Electronics,Summer,11.76,65.07,680,1,Thu,18.46,0.2,14.768,226,3337.57
