retail_dynamic_pricing_dataset.csv
date,product_id,category,season,cost_price,competitor_price,stock_level,promotion,day_of_week,current_price,discount,effective_price,units_sold,revenue
2024-01-05,P0004,Clothing,Spring,68.1,34.2,545,1,Thu,101.63,0.11,90.4507,1,90.45
2024-01-18,P0004,Clothing,Summer,91.55,73.79,547,0,Tue,137.74,0.0,137.74,11,1515.14
2024-01-21,P0004,Clothing,Winter,30.75,21.15,415,0,Thu,45.83,0.0,45.83,1,45.83
2024-01-23,P0004,Clothing,Winter,31.89,51.19,464,0,Fri,38.38,0.0,38.38,82,3147.16
2024-02-02,P0004,Clothing,Spring,92.68,3.09,224,1,Mon,147.31,0.08,135.5252,1,135.53
2024-02-17,P0004,Clothing,Spring,57.55,18.71,417,0,Wed,73.01,0.0,73.01,1,73.01
2024-02-18,P0004,Clothing,Winter,69.4,86.38,595,0,Tue,116.97,0.0,116.97,38,4444.86
2024-02-24,P0004,Clothing,Summer,83.53,46.2,405,0,Fri,147.82,0.0,147.82,1,147.82
2024-02-28,P0004,Clothing,Autumn,3.93,77.75,190,1,Tue,5.39,0.21,4.2581,122,519.49
2024-03-01,P0004,Clothing,Spring,24.38,74.29,279,0,Wed,36.59,0.0,36.59,32,1170.88
2024-03-04,P0004,Clothing,Spring,4.94,42.29,849,0,Tue,7.85,0.0,7.85,90,706.5
2024-03-08,P0004,Clothing,Summer,96.72,110.36,880,1,Wed,165.42,0.13,143.91539999999998,42,6044.45
2024-03-09,P0004,Clothing,Autumn,70.13,25.19,286,0,Sat,107.47,0.0,107.47,1,107.47
2024-03-20,P0004,Clothing,Spring,67.84,111.72,689,0,Sun,78.15,0.0,78.15,57,4454.55
2024-03-23,P0004,Clothing,Autumn,78.5,56.79,552,0,Thu,128.53,0.0,128.53,1,128.53
2024-03-30,P0004,Clothing,Winter,99.36,34.7,168,0,Mon,176.51,0.0,176.51,1,176.51
2024-04-09,P0004,Clothing,Winter,49.41,4.24,125,1,Tue,55.07,0.23,42.4039,1,42.4
2024-04-18,P0004,Clothing,Spring,81.56,22.58,903,0,Tue,143.41,0.0,143.41,1,143.41
2024-04-19,P0004,Clothing,Spring,42.94,92.2,858,1,Fri,68.49,0.19,55.4769,148,8210.58
2024-04-26,P0004,Clothing,Summer,28.28,18.86,154,0,Fri,42.05,0.0,42.05,1,42.05
2024-01-07,P0004,Snacks,Summer,39.04,87.85,834,0,Fri,46.69,0.0,46.69,68,3174.92
2024-01-14,P0004,Snacks,Summer,66.37,60.4,201,0,Sat,116.22,0.0,116.22,7,813.54
2024-01-20,P0004,Snacks,Winter,27.38,109.91,787,0,Fri,33.74,0.0,33.74,100,3374.0
2024-01-25,P0004,Snacks,Winter,6.1,19.76,992,0,Sun,9.53,0.0,9.53,57,543.21
2024-02-01,P0004,Snacks,Spring,11.17,9.51,860,0,Tue,17.25,0.0,17.25,15,258.75
2024-02-06,P0004,Snacks,Summer,82.85,8.9,665,0,Tue,137.61,0.0,137.61,1,137.61
2024-02-20,P0004,Snacks,Winter,44.72,94.84,150,0,Wed,78.4,0.0,78.4,79,6193.6
2024-02-25,P0004,Snacks,Autumn,86.48,13.4,347,1,Sun,104.85,0.07,97.5105,1,97.51
2024-03-10,P0004,Snacks,Spring,70.98,50.19,66,0,Tue,107.5,0.0,107.5,1,107.5
2024-03-24,P0004,Snacks,Summer,44.52,84.92,264,0,Sat,63.97,0.0,63.97,105,6716.85
2024-03-31,P0004,Snacks,Autumn,87.25,48.91,700,1,Tue,97.18,0.17,80.6594,17,1371.21
2024-04-02,P0004,Snacks,Winter,58.45,103.18,199,0,Wed,101.24,0.0,101.24,83,8402.92
2024-04-28,P0004,Snacks,Winter,98.9,63.06,48,1,Mon,130.05,0.22,101.43900000000001,15,1521.58
2024-01-08,P0004,Household,Summer,89.79,86.47,349,0,Sat,134.45,0.0,134.45,33,4436.85
2024-01-10,P0004,Household,Autumn,10.4,113.36,921,1,Wed,17.96,0.19,14.547600000000001,48,698.28
2024-02-10,P0004,Household,Winter,24.87,50.84,25,0,Fri,38.63,0.0,38.63,87,3360.81
2024-02-13,P0004,Household,Winter,95.16,87.39,633,0,Fri,118.36,0.0,118.36,19,2248.84
2024-02-15,P0004,Household,Summer,75.97,118.63,577,0,Sat,112.85,0.0,112.85,112,12639.2
2024-02-19,P0004,Household,Autumn,4.77,94.6,768,0,Tue,5.64,0.0,5.64,169,953.16
2024-02-21,P0004,Household,Autumn,78.8,33.22,899,0,Thu,112.68,0.0,112.68,1,112.68
2024-03-06,P0004,Household,Summer,10.72,69.81,811,0,Fri,18.61,0.0,18.61,103,1916.83
2024-03-11,P0004,Household,Autumn,45.86,32.63,661,1,Fri,59.58,0.17,49.4514,30,1483.54
2024-03-15,P0004,Household,Spring,10.8,98.96,66,0,Mon,18.03,0.0,18.03,72,1298.16
2024-03-16,P0004,Household,Summer,88.08,66.56,429,0,Fri,142.97,0.0,142.97,7,1000.79
2024-03-17,P0004,Household,Summer,23.28,100.74,107,0,Sat,26.43,0.0,26.43,16,422.88
2024-03-19,P0004,Household,Autumn,35.2,104.57,433,1,Wed,57.32,0.12,50.4416,118,5952.11
2024-03-22,P0004,Household,Spring,11.8,95.09,196,0,Sat,14.87,0.0,14.87,29,431.23
2024-03-25,P0004,Household,Winter,1.22,5.46,626,0,Wed,2.01,0.0,2.01,158,317.58
2024-03-28,P0004,Household,Autumn,7.82,107.3,758,0,Thu,11.38,0.0,11.38,55,625.9
2024-04-03,P0004,Household,Spring,38.55,35.45,255,0,Thu,49.14,0.0,49.14,12,589.68
2024-04-11,P0004,Household,Summer,99.56,113.65,937,0,Sat,162.62,0.0,162.62,16,2601.92
2024-04-29,P0004,Household,Summer,90.81,85.48,394,0,Tue,122.83,0.0,122.83,22,2702.26
2024-01-15,P0004,Beverages,Spring,76.38,54.62,727,0,Sun,102.98,0.0,102.98,7,720.86
2024-01-17,P0004,Beverages,Spring,98.71,25.76,152,0,Fri,174.07,0.0,174.07,1,174.07
2024-01-19,P0004,Beverages,Autumn,6.93,38.82,699,1,Thu,8.61,0.2,6.888,148,1019.42
2024-01-22,P0004,Beverages,Autumn,19.24,81.47,259,0,Wed,32.17,0.0,32.17,123,3956.91
2024-01-24,P0004,Beverages,Autumn,43.06,79.69,279,1,Sun,49.5,0.13,43.065,153,6588.94
2024-01-26,P0004,Beverages,Summer,13.6,47.85,144,0,Wed,19.86,0.0,19.86,97,1926.42
2024-01-27,P0004,Beverages,Winter,10.53,13.76,958,0,Sun,16.63,0.0,16.63,75,1247.25
2024-01-28,P0004,Beverages,Winter,5.59,116.28,112,1,Sun,8.42,0.08,7.7464,127,983.79
2024-02-04,P0004,Beverages,Winter,62.3,74.15,654,0,Tue,105.73,0.0,105.73,42,4440.66
2024-02-05,P0004,Beverages,Autumn,25.53,63.45,468,0,Sat,31.38,0.0,31.38,123,3859.74
2024-02-07,P0004,Beverages,Winter,7.09,40.45,390,0,Mon,8.1,0.0,8.1,135,1093.5
2024-02-11,P0004,Beverages,Summer,46.95,69.18,534,0,Wed,53.44,0.0,53.44,89,4756.16
2024-02-22,P0004,Beverages,Winter,47.95,115.08,575,1,Sat,55.95,0.22,43.641000000000005,49,2138.41
2024-02-23,P0004,Beverages,Spring,87.48,3.11,833,0,Fri,97.36,0.0,97.36,1,97.36
2024-02-27,P0004,Beverages,Winter,25.17,7.81,417,0,Thu,40.28,0.0,40.28,1,40.28
2024-03-02,P0004,Beverages,Autumn,37.34,28.86,296,0,Sat,43.58,0.0,43.58,42,1830.36
2024-03-03,P0004,Beverages,Winter,28.22,22.32,39,1,Thu,35.35,0.25,26.512500000000003,96,2545.2
2024-03-07,P0004,Beverages,Summer,40.03,81.98,46,0,Sun,61.21,0.0,61.21,104,6365.84
2024-03-27,P0004,Beverages,Autumn,52.12,107.43,518,0,Sat,82.71,0.0,82.71,68,5624.28
2024-03-29,P0004,Beverages,Spring,15.96,34.47,247,1,Tue,27.16,0.17,22.5428,60,1352.57
2024-04-04,P0004,Beverages,Spring,54.83,65.47,844,1,Thu,89.52,0.08,82.3584,19,1564.81
2024-04-05,P0004,Beverages,Winter,47.58,57.55,641,0,Mon,55.21,0.0,55.21,87,4803.27
2024-04-07,P0004,Beverages,Winter,32.23,26.45,216,0,Wed,48.07,0.0,48.07,6,288.42
2024-04-14,P0004,Beverages,Spring,2.51,113.47,751,1,Thu,3.8,0.16,3.1919999999999997,140,446.88
2024-04-15,P0004,Beverages,Autumn,73.22,51.22,83,0,Sun,104.48,0.0,104.48,1,104.48
2024-04-17,P0004,Beverages,Spring,86.7,43.79,754,1,Mon,126.01,0.09,114.66910000000001,1,114.67
2024-01-01,P0005,Beverages,Autumn,55.66,119.98,783,0,Mon,74.23,0.0,74.23,44,3266.12
2024-01-17,P0005,Beverages,Autumn,46.04,9.73,555,1,Tue,64.4,0.19,52.16400000000001,1,52.16
2024-01-18,P0005,Beverages,Summer,30.0,92.87,778,0,Thu,46.69,0.0,46.69,57,2661.33
2024-01-25,P0005,Beverages,Autumn,46.87,97.97,601,0,Thu,52.97,0.0,52.97,104,5508.88
2024-01-26,P0005,Beverages,Summer,72.5,65.04,589,1,Wed,129.59,0.13,112.7433,24,2705.84
2024-01-30,P0005,Beverages,Winter,13.09,73.84,821,0,Thu,15.5,0.0,15.5,106,1643.0
2024-02-01,P0005,Beverages,Summer,26.65,22.84,987,1,Tue,29.68,0.19,24.0408,70,1682.86
2024-02-02,P0005,Beverages,Winter,73.1,73.12,294,0,Tue,127.72,0.0,127.72,25,3193.0
2024-02-04,P0005,Beverages,Winter,97.17,106.9,112,0,Tue,174.71,0.0,174.71,1,174.71
2024-02-09,P0005,Beverages,Summer,67.12,13.66,650,0,Thu,105.57,0.0,105.57,1,105.57
2024-02-15,P0005,Beverages,Summer,91.28,55.54,110,1,Tue,153.87,0.24,116.94120000000001,1,116.94
2024-02-28,P0005,Beverages,Autumn,31.71,74.51,967,0,Mon,48.7,0.0,48.7,118,5746.6
2024-03-06,P0005,Beverages,Autumn,55.56,62.59,474,0,Wed,86.59,0.0,86.59,57,4935.63
2024-03-09,P0005,Beverages,Winter,35.8,1.52,703,0,Thu,48.37,0.0,48.37,1,48.37
2024-03-12,P0005,Beverages,Winter,11.78,82.05,992,0,Thu,15.5,0.0,15.5,185,2867.5
2024-03-14,P0005,Beverages,Summer,43.2,97.04,329,0,Tue,54.76,0.0,54.76,91,4983.16
2024-03-15,P0005,Beverages,Winter,65.33,68.04,827,1,Fri,88.63,0.13,77.1081,101,7787.92
2024-03-16,P0005,Beverages,Winter,52.17,23.53,578,0,Mon,58.64,0.0,58.64,1,58.64
2024-03-18,P0005,Beverages,Spring,56.64,86.94,739,0,Wed,99.44,0.0,99.44,46,4574.24
2024-03-22,P0005,Beverages,Autumn,95.29,18.73,345,0,Thu,110.0,0.0,110.0,1,110.0
2024-03-24,P0005,Beverages,Spring,1.76,95.25,91,0,Tue,3.16,0.0,3.16,69,218.04
2024-04-03,P0005,Beverages,Autumn,4.1,44.88,674,0,Mon,6.12,0.0,6.12,25,153.0
2024-04-10,P0005,Beverages,Summer,86.83,28.42,971,0,Tue,96.2,0.0,96.2,1,96.2
2024-01-02,P0005,Snacks,Summer,69.6,78.14,953,1,Tue,116.11,0.19,94.04910000000001,24,2257.18
2024-02-03,P0005,Snacks,Winter,71.88,90.49,342,0,Mon,89.38,0.0,89.38,79,7061.02
2024-02-12,P0005,Snacks,Winter,75.42,58.65,614,0,Sun,129.26,0.0,129.26,1,129.26
2024-02-16,P0005,Snacks,Spring,68.78,116.19,611,0,Wed,99.5,0.0,99.5,111,11044.5
2024-02-21,P0005,Snacks,Summer,76.97,33.59,771,0,Sat,119.13,0.0,119.13,1,119.13
2024-02-22,P0005,Snacks,Spring,12.03,98.56,245,0,Mon,16.11,0.0,16.11,53,853.83
2024-02-25,P0005,Snacks,Summer,56.81,63.6,56,0,Sat,73.12,0.0,73.12,22,1608.64
2024-02-29,P0005,Snacks,Winter,85.69,20.02,957,0,Fri,127.75,0.0,127.75,1,127.75
2024-03-08,P0005,Snacks,Summer,93.66,119.31,256,1,Mon,131.87,0.09,120.00170000000001,129,15480.22
2024-03-10,P0005,Snacks,Autumn,98.64,54.41,69,0,Mon,133.1,0.0,133.1,1,133.1
2024-03-19,P0005,Snacks,Summer,84.04,53.35,835,0,Mon,118.03,0.0,118.03,1,118.03
2024-03-26,P0005,Snacks,Winter,33.49,118.5,632,0,Sun,49.8,0.0,49.8,113,5627.4
2024-04-06,P0005,Snacks,Spring,97.74,63.61,94,1,Tue,164.75,0.16,138.39,1,138.39
2024-04-08,P0005,Snacks,Winter,1.0,72.74,312,0,Fri,1.79,0.0,1.79,149,266.71
2024-04-18,P0005,Snacks,Spring,47.53,96.44,714,1,Sat,54.6,0.06,51.324,124,6364.18
2024-04-28,P0005,Snacks,Autumn,72.48,115.58,253,1,Thu,91.42,0.23,70.3934,58,4082.82
2024-04-29,P0005,Snacks,Spring,14.41,94.0,830,0,Tue,25.07,0.0,25.07,167,4186.69
2024-01-03,P0005,Electronics,Winter,75.05,38.71,160,0,Sat,127.52,0.0,127.52,1,127.52
2024-01-06,P0005,Electronics,Spring,53.15,77.84,329,0,Wed,87.09,0.0,87.09,32,2786.88
2024-01-09,P0005,Electronics,Winter,60.56,50.82,310,1,Tue,101.39,0.08,93.2788,9,839.51
2024-01-15,P0005,Electronics,Autumn,51.7,62.49,570,0,Tue,66.94,0.0,66.94,14,937.16
2024-01-19,P0005,Electronics,Spring,93.47,11.84,502,0,Thu,139.65,0.0,139.65,1,139.65
2024-01-24,P0005,Electronics,Summer,97.55,50.32,196,0,Wed,153.57,0.0,153.57,1,153.57
2024-01-28,P0005,Electronics,Spring,7.87,57.11,884,0,Sun,11.31,0.0,11.31,39,441.09
2024-02-06,P0005,Electronics,Summer,93.91,26.46,62,1,Tue,134.28,0.25,100.71000000000001,1,100.71
2024-02-07,P0005,Electronics,Autumn,61.67,98.3,839,0,Mon,110.53,0.0,110.53,59,6521.27
2024-02-20,P0005,Electronics,Summer,82.87,6.92,572,1,Sun,115.11,0.22,89.78580000000001,1,89.79
2024-02-23,P0005,Electronics,Spring,83.2,32.8,840,0,Thu,143.26,0.0,143.26,1,143.26
2024-03-02,P0005,Electronics,Spring,52.82,65.71,480,0,Tue,68.2,0.0,68.2,93,6342.6
2024-03-03,P0005,Electronics,Summer,66.78,101.59,639,1,Sat,98.22,0.2,78.57600000000001,139,10922.06
2024-03-07,P0005,Electronics,Summer,53.82,23.45,862,0,Sun,73.85,0.0,73.85,1,73.85
2024-03-13,P0005,Electronics,Summer,19.95,75.99,667,0,Fri,35.72,0.0,35.72,153,5465.16
2024-03-23,P0005,Electronics,Summer,59.43,34.75,643,0,Wed,105.19,0.0,105.19,1,105.19
2024-03-25,P0005,Electronics,Winter,29.8,74.86,966,0,Fri,52.52,0.0,52.52,51,2678.52
2024-03-27,P0005,Electronics,Spring,55.19,63.39,228,1,Fri,63.19,0.07,58.76669999999999,23,1351.63
2024-03-30,P0005,Electronics,Winter,23.99,70.79,89,1,Wed,29.45,0.24,22.382,129,2887.28
2024-03-31,P0005,Electronics,Winter,52.42,73.4,624,0,Thu,80.65,0.0,80.65,61,4919.65
2024-04-04,P0005,Electronics,Summer,46.92,21.48,150,0,Mon,68.51,0.0,68.51,1,68.51
2024-04-13,P0005,Electronics,Spring,33.94,53.04,39,0,Sat,47.34,0.0,47.34,22,1041.48
2024-04-16,P0005,Electronics,Summer,35.2,63.55,406,0,Thu,56.29,0.0,56.29,49,2758.21
2024-04-27,P0005,Electronics,Autumn,60.38,102.05,903,0,Fri,73.63,0.0,73.63,115,8467.45
2024-01-04,P0005,Clothing,Spring,21.18,114.81,926,1,Tue,33.95,0.07,31.5735,102,3220.5
2024-01-07,P0005,Clothing,Summer,10.15,43.55,313,0,Sun,17.39,0.0,17.39,72,1252.08
2024-01-11,P0005,Clothing,Autumn,70.22,97.34,875,0,Tue,81.01,0.0,81.01,110,8911.1
2024-01-12,P0005,Clothing,Autumn,88.32,11.79,203,0,Fri,142.33,0.0,142.33,1,142.33
2024-01-13,P0005,Clothing,Spring,77.42,38.35,697,1,Wed,124.25,0.18,101.885,1,101.88
2024-01-22,P0005,Clothing,Winter,82.44,61.88,63,0,Tue,128.7,0.0,128.7,1,128.7
2024-01-23,P0005,Clothing,Summer,70.59,98.24,21,1,Tue,83.5,0.14,71.81,76,5457.56
2024-01-27,P0005,Clothing,Spring,52.27,11.47,743,0,Tue,85.86,0.0,85.86,1,85.86
2024-03-05,P0005,Clothing,Winter,40.36,13.72,57,1,Thu,62.79,0.22,48.9762,1,48.98
2024-03-17,P0005,Clothing,Spring,38.25,7.34,535,0,Mon,54.88,0.0,54.88,1,54.88
2024-04-12,P0005,Clothing,Winter,93.49,63.45,265,1,Wed,109.79,0.08,101.00680000000001,49,4949.33
2024-04-20,P0005,Clothing,Summer,10.98,62.65,945,1,Sun,15.56,0.11,13.8484,101,1398.69
2024-04-23,P0005,Clothing,Autumn,56.23,7.43,693,0,Sun,82.97,0.0,82.97,1,82.97
2024-04-26,P0005,Clothing,Winter,63.82,112.68,145,0,Tue,98.43,0.0,98.43,74,7283.82
2024-01-05,P0005,Groceries,Winter,93.53,68.98,828,0,Mon,131.65,0.0,131.65,13,1711.45
2024-01-10,P0005,Groceries,Winter,35.93,112.41,454,1,Fri,60.75,0.09,55.2825,124,6855.03
2024-01-21,P0005,Groceries,Winter,16.43,92.82,426,0,Sat,23.91,0.0,23.91,26,621.66
2024-02-05,P0005,Groceries,Spring,31.73,63.51,446,0,Thu,49.34,0.0,49.34,50,2467.0
2024-02-10,P0005,Groceries,Summer,70.57,28.34,277,0,Sun,120.7,0.0,120.7,1,120.7
2024-02-18,P0005,Groceries,Summer,94.65,44.1,712,0,Sun,166.54,0.0,166.54,1,166.54
2024-02-19,P0005,Groceries,Autumn,96.75,20.77,102,1,Thu,168.06,0.17,139.4898,1,139.49
2024-02-26,P0005,Groceries,Summer,41.13,62.85,50,1,Tue,71.31,0.13,62.0397,124,7692.92
2024-02-27,P0005,Groceries,Spring,35.22,94.0,679,0,Tue,51.73,0.0,51.73,59,3052.07
2024-03-11,P0005,Groceries,Summer,31.17,20.34,878,1,Sat,51.72,0.11,46.0308,1,46.03
2024-03-20,P0005,Groceries,Winter,84.05,27.44,939,1,Thu,145.22,0.09,132.1502,1,132.15
2024-03-29,P0005,Groceries,Summer,83.97,23.77,722,1,Fri,127.79,0.07,118.8447,1,118.84
2024-04-01,P0005,Groceries,Spring,66.26,25.58,56,1,Mon,77.23,0.2,61.784000000000006,1,61.78
2024-04-05,P0005,Groceries,Spring,98.82,60.88,958,0,Sat,177.19,0.0,177.19,1,177.19
2024-04-07,P0005,Groceries,Spring,33.74,73.37,592,0,Sat,42.05,0.0,42.05,68,2859.4
2024-04-11,P0005,Groceries,Winter,33.11,87.97,673,0,Thu,54.42,0.0,54.42,26,1414.92
2024-04-15,P0005,Groceries,Autumn,72.48,60.65,292,0,Mon,92.55,0.0,92.55,13,1203.15
2024-04-17,P0005,Groceries,Autumn,35.87,3.77,628,0,Sat,44.16,0.0,44.16,1,44.16
2024-04-19,P0005,Groceries,Winter,83.69,51.48,182,1,Tue,124.47,0.16,104.5548,1,104.55
2024-04-21,P0005,Groceries,Summer,63.52,47.4,59,1,Mon,86.74,0.06,81.53559999999999,43,3506.03
2024-04-22,P0005,Groceries,Winter,68.06,66.63,671,0,Thu,121.34,0.0,121.34,7,849.38
2024-04-25,P0005,Groceries,Winter,60.6,80.57,452,0,Tue,104.67,0.0,104.67,62,6489.54
2024-01-08,P0005,Household,Spring,40.31,54.77,699,0,Wed,55.55,0.0,55.55,52,2888.6
2024-01-14,P0005,Household,Spring,64.62,7.63,949,1,Tue,106.15,0.16,89.166,1,89.17
2024-01-16,P0005,Household,Summer,26.19,34.25,688,0,Thu,47.03,0.0,47.03,8,376.24
2024-01-20,P0005,Household,Spring,90.82,33.32,365,0,Tue,156.53,0.0,156.53,1,156.53
2024-01-29,P0005,Household,Spring,5.63,66.87,389,0,Thu,9.38,0.0,9.38,144,1350.72
2024-01-31,P0005,Household,Summer,30.32,111.42,758,1,Fri,51.68,0.2,41.344,69,2852.74
2024-02-08,P0005,Household,Autumn,50.04,108.7,270,0,Mon,83.53,0.0,83.53,105,8770.65
2024-02-11,P0005,Household,Winter,18.02,104.7,107,0,Sun,31.49,0.0,31.49,120,3778.8
2024-02-13,P0005,Household,Spring,72.79,21.12,676,0,Mon,82.45,0.0,82.45,1,82.45
2024-02-14,P0005,Household,Winter,99.76,77.79,396,0,Sun,151.18,0.0,151.18,7,1058.26
2024-02-17,P0005,Household,Autumn,71.52,27.5,293,0,Wed,79.46,0.0,79.46,1,79.46
2024-02-24,P0005,Household,Winter,26.07,83.86,830,0,Thu,34.75,0.0,34.75,114,3961.5
2024-03-01,P0005,Household,Summer,77.14,27.27,602,0,Sat,117.55,0.0,117.55,1,117.55
2024-03-04,P0005,Household,Spring,98.47,19.13,70,0,Sun,131.97,0.0,131.97,1,131.97
2024-03-21,P0005,Household,Autumn,72.9,30.97,461,0,Thu,107.85,0.0,107.85,1,107.85
2024-03-28,P0005,Household,Winter,90.58,63.06,560,1,Thu,137.26,0.24,104.3176,18,1877.72
2024-04-02,P0005,Household,Spring,98.76,11.47,265,1,Thu,163.19,0.1,146.871,1,146.87
2024-04-09,P0005,Household,Summer,59.09,81.31,335,0,Sat,69.62,0.0,69.62,105,7310.1
2024-04-14,P0005,Household,Autumn,61.41,78.1,325,1,Tue,81.79,0.23,62.978300000000004,146,9194.83
2024-04-24,P0005,Household,Summer,93.65,46.69,410,0,Wed,105.29,0.0,105.29,1,105.29
