retail_dynamic_pricing_dataset.csv
date,product_id,category,season,cost_price,competitor_price,stock_level,promotion,day_of_week,current_price,discount,effective_price,units_sold,revenue
2024-01-01,P0006,Groceries,Autumn,89.53,76.28,779,1,Sat,152.17,0.17,126.30109999999998,13,1641.91
2024-01-05,P0006,Groceries,Winter,21.6,33.27,853,0,Tue,34.27,0.0,34.27,79,2707.33
2024-01-08,P0006,Groceries,Spring,27.9,74.62,710,0,Sun,43.67,0.0,43.67,22,960.74
2024-01-18,P0006,Groceries,Autumn,42.29,82.44,465,0,Wed,54.42,0.0,54.42,24,1306.08
2024-01-24,P0006,Groceries,Winter,21.35,107.29,721,0,Sun,28.06,0.0,28.06,147,4124.82
2024-02-07,P0006,Groceries,Spring,20.75,9.16,344,0,Sun,28.16,0.0,28.16,1,28.16
2024-02-11,P0006,Groceries,Spring,13.43,50.1,697,1,Sun,15.2,0.2,12.16,77,936.32
2024-02-17,P0006,Groceries,Spring,50.5,119.95,605,0,Wed,66.09,0.0,66.09,25,1652.25
2024-02-28,P0006,Groceries,Autumn,95.29,28.95,70,0,Wed,146.7,0.0,146.7,1,146.7
2024-03-02,P0006,Groceries,Summer,28.64,98.52,670,0,Tue,48.68,0.0,48.68,74,3602.32
2024-03-03,P0006,Groceries,Spring,76.6,46.04,649,0,Sat,115.81,0.0,115.81,1,115.81
2024-03-28,P0006,Groceries,Spring,64.71,64.32,896,0,Fri,72.6,0.0,72.6,77,5590.2
2024-03-29,P0006,Groceries,Winter,31.17,37.91,292,0,Sat,46.28,0.0,46.28,33,1527.24
2024-04-03,P0006,Groceries,Autumn,8.77,16.29,790,0,Wed,15.23,0.0,15.23,22,335.06
2024-04-05,P0006,Groceries,Summer,54.19,83.81,397,0,Thu,68.89,0.0,68.89,19,1308.91
2024-04-06,P0006,Groceries,Winter,34.28,4.66,208,1,Sun,47.74,0.2,38.192,1,38.19
2024-04-07,P0006,Groceries,Autumn,97.61,38.01,326,0,Fri,159.04,0.0,159.04,1,159.04
2024-04-26,P0006,Groceries,Summer,83.44,68.56,865,0,Sun,97.44,0.0,97.44,9,876.96
2024-04-28,P0006,Groceries,Autumn,62.2,103.23,781,0,Thu,71.18,0.0,71.18,28,1993.04
2024-04-29,P0006,Groceries,Spring,41.86,62.28,464,0,Sat,65.0,0.0,65.0,88,5720.0
2024-01-02,P0006,Household,Autumn,5.21,51.37,363,1,Thu,8.09,0.23,6.2293,237,1476.34
2024-01-03,P0006,Household,Winter,64.43,15.65,562,0,Mon,76.12,0.0,76.12,1,76.12
2024-01-07,P0006,Household,Winter,14.74,73.57,414,0,Thu,25.76,0.0,25.76,18,463.68
2024-01-09,P0006,Household,Autumn,88.33,55.21,795,0,Mon,155.91,0.0,155.91,1,155.91
2024-01-11,P0006,Household,Summer,7.32,7.72,658,1,Tue,12.54,0.23,9.6558,113,1091.11
2024-01-17,P0006,Household,Winter,74.17,24.14,346,1,Thu,86.75,0.1,78.075,1,78.08
2024-01-19,P0006,Household,Summer,14.49,94.56,365,1,Sun,25.15,0.22,19.617,199,3903.78
2024-01-22,P0006,Household,Spring,34.37,48.78,104,0,Mon,56.29,0.0,56.29,20,1125.8
2024-02-06,P0006,Household,Spring,25.82,87.69,967,0,Tue,33.78,0.0,33.78,70,2364.6
2024-02-10,P0006,Household,Spring,30.77,55.64,549,0,Tue,42.26,0.0,42.26,16,676.16
2024-03-01,P0006,Household,Autumn,18.48,75.82,646,1,Sat,24.17,0.07,22.4781,110,2472.59
2024-03-05,P0006,Household,Spring,55.18,86.96,987,0,Tue,89.88,0.0,89.88,49,4404.12
2024-03-06,P0006,Household,Spring,61.29,42.66,946,0,Sat,102.52,0.0,102.52,1,102.52
2024-03-08,P0006,Household,Winter,85.74,111.15,991,1,Thu,111.19,0.25,83.3925,156,13009.23
2024-03-11,P0006,Household,Spring,63.06,116.03,821,0,Sat,110.63,0.0,110.63,34,3761.42
2024-03-22,P0006,Household,Spring,49.4,46.69,969,1,Sun,60.79,0.15,51.671499999999995,54,2790.26
2024-03-25,P0006,Household,Spring,65.97,29.31,932,0,Thu,102.57,0.0,102.57,1,102.57
2024-03-26,P0006,Household,Winter,67.16,87.2,247,0,Sun,113.38,0.0,113.38,48,5442.24
2024-04-01,P0006,Household,Autumn,33.58,41.57,936,1,Mon,49.05,0.11,43.6545,45,1964.45
2024-04-04,P0006,Household,Winter,51.09,39.63,259,0,Tue,87.52,0.0,87.52,1,87.52
2024-04-12,P0006,Household,Autumn,97.49,19.57,183,0,Sat,160.73,0.0,160.73,1,160.73
2024-04-20,P0006,Household,Winter,64.37,113.01,538,1,Thu,81.73,0.07,76.0089,79,6004.7
2024-04-22,P0006,Household,Spring,70.79,32.64,699,0,Sun,90.81,0.0,90.81,1,90.81
2024-04-25,P0006,Household,Winter,48.85,19.57,879,0,Thu,75.45,0.0,75.45,1,75.45
2024-01-04,P0006,Electronics,Summer,61.93,30.85,198,1,Sun,99.93,0.06,93.9342,1,93.93
2024-01-14,P0006,Electronics,Spring,24.43,22.77,65,0,Tue,31.55,0.0,31.55,66,2082.3
2024-01-15,P0006,Electronics,Spring,99.6,73.04,450,0,Mon,151.36,0.0,151.36,1,151.36
2024-01-21,P0006,Electronics,Summer,67.84,8.03,61,1,Tue,76.93,0.18,63.08260000000001,1,63.08
2024-01-23,P0006,Electronics,Winter,60.81,64.33,807,1,Sun,70.09,0.12,61.6792,24,1480.3
2024-01-25,P0006,Electronics,Autumn,45.41,79.16,439,0,Sun,63.75,0.0,63.75,25,1593.75
2024-01-26,P0006,Electronics,Summer,51.71,85.55,601,0,Tue,78.01,0.0,78.01,83,6474.83
2024-01-31,P0006,Electronics,Spring,96.53,26.75,84,0,Mon,147.66,0.0,147.66,1,147.66
2024-02-02,P0006,Electronics,Spring,16.99,25.93,634,0,Tue,21.75,0.0,21.75,72,1566.0
2024-02-12,P0006,Electronics,Winter,28.51,102.36,207,0,Thu,37.42,0.0,37.42,32,1197.44
2024-02-15,P0006,Electronics,Summer,18.01,111.47,883,0,Mon,30.51,0.0,30.51,144,4393.44
2024-02-22,P0006,Electronics,Autumn,59.65,21.28,126,1,Thu,89.33,0.11,79.5037,1,79.5
2024-02-23,P0006,Electronics,Summer,87.88,15.3,728,0,Tue,138.31,0.0,138.31,1,138.31
2024-02-24,P0006,Electronics,Summer,86.77,84.78,765,0,Tue,130.75,0.0,130.75,36,4707.0
2024-02-27,P0006,Electronics,Autumn,67.41,30.48,42,0,Thu,74.74,0.0,74.74,1,74.74
2024-03-04,P0006,Electronics,Autumn,47.68,101.4,109,0,Tue,75.79,0.0,75.79,118,8943.22
2024-03-10,P0006,Electronics,Autumn,47.36,66.17,552,1,Wed,57.26,0.1,51.534,154,7936.24
2024-03-19,P0006,Electronics,Autumn,47.11,90.65,380,0,Thu,67.93,0.0,67.93,116,7879.88
2024-03-20,P0006,Electronics,Summer,8.49,23.26,351,1,Tue,9.58,0.2,7.664000000000001,125,958.0
2024-03-27,P0006,Electronics,Spring,43.87,13.69,794,1,Sat,52.13,0.1,46.917,1,46.92
2024-03-31,P0006,Electronics,Autumn,39.94,37.12,633,1,Sun,44.59,0.16,37.455600000000004,78,2921.54
2024-04-09,P0006,Electronics,Winter,89.01,18.88,917,1,Fri,138.38,0.12,121.7744,1,121.77
2024-04-13,P0006,Electronics,Spring,88.65,10.29,983,0,Sun,136.11,0.0,136.11,1,136.11
2024-04-14,P0006,Electronics,Summer,47.66,7.7,27,1,Mon,68.29,0.09,62.14390000000001,1,62.14
2024-04-15,P0006,Electronics,Autumn,25.06,11.16,608,0,Tue,33.73,0.0,33.73,1,33.73
2024-04-16,P0006,Electronics,Autumn,23.04,12.43,621,1,Fri,40.23,0.11,35.8047,1,35.8
2024-04-18,P0006,Electronics,Winter,7.84,7.55,198,0,Mon,12.58,0.0,12.58,38,478.04
2024-04-21,P0006,Electronics,Autumn,19.06,102.86,610,0,Sat,21.01,0.0,21.01,162,3403.62
2024-01-06,P0006,Snacks,Spring,5.03,51.92,651,0,Mon,6.64,0.0,6.64,92,610.88
2024-01-12,P0006,Snacks,Winter,29.64,118.67,24,0,Fri,45.07,0.0,45.07,60,2704.2
2024-01-16,P0006,Snacks,Autumn,26.43,36.18,924,0,Fri,33.93,0.0,33.93,27,916.11
2024-01-20,P0006,Snacks,Autumn,26.26,49.38,186,1,Sun,37.61,0.06,35.3534,19,671.71
2024-02-01,P0006,Snacks,Autumn,79.16,62.27,172,0,Thu,101.8,0.0,101.8,24,2443.2
2024-02-03,P0006,Snacks,Autumn,28.0,35.02,534,0,Sun,40.7,0.0,40.7,15,610.5
2024-02-04,P0006,Snacks,Winter,8.8,100.03,519,1,Wed,12.6,0.09,11.466,184,2109.74
2024-02-19,P0006,Snacks,Spring,6.84,74.94,608,1,Fri,9.18,0.12,8.0784,108,872.47
2024-02-26,P0006,Snacks,Spring,36.73,68.07,544,1,Tue,46.62,0.2,37.296,158,5892.77
2024-03-09,P0006,Snacks,Summer,86.45,26.43,221,0,Wed,137.9,0.0,137.9,1,137.9
2024-03-13,P0006,Snacks,Spring,19.78,74.81,100,0,Sat,28.87,0.0,28.87,31,894.97
2024-03-16,P0006,Snacks,Spring,91.38,78.44,528,0,Tue,118.39,0.0,118.39,25,2959.75
2024-03-18,P0006,Snacks,Summer,9.5,119.65,813,0,Thu,14.7,0.0,14.7,77,1131.9
2024-03-30,P0006,Snacks,Summer,44.69,116.02,492,1,Tue,60.52,0.17,50.2316,168,8438.91
2024-04-19,P0006,Snacks,Autumn,64.17,83.95,444,0,Thu,91.82,0.0,91.82,68,6243.76
2024-04-23,P0006,Snacks,Spring,70.84,25.31,536,0,Sun,106.68,0.0,106.68,1,106.68
2024-04-24,P0006,Snacks,Summer,35.65,6.7,132,0,Sun,59.15,0.0,59.15,1,59.15
2024-01-10,P0006,Clothing,Summer,85.72,33.68,923,0,Sun,128.81,0.0,128.81,1,128.81
2024-01-29,P0006,Clothing,Autumn,46.69,60.72,437,0,Tue,52.73,0.0,52.73,83,4376.59
2024-02-13,P0006,Clothing,Spring,69.15,22.12,679,0,Tue,78.61,0.0,78.61,1,78.61
2024-02-14,P0006,Clothing,Winter,24.4,97.88,739,0,Sun,32.75,0.0,32.75,54,1768.5
2024-02-25,P0006,Clothing,Summer,6.67,70.0,935,0,Sat,8.68,0.0,8.68,97,841.96
2024-02-29,P0006,Clothing,Summer,80.66,118.78,190,0,Mon,137.12,0.0,137.12,65,8912.8
2024-03-07,P0006,Clothing,Autumn,11.23,86.41,883,0,Wed,14.15,0.0,14.15,121,1712.15
2024-03-12,P0006,Clothing,Summer,66.33,98.75,520,1,Sat,92.53,0.08,85.1276,82,6980.46
2024-03-17,P0006,Clothing,Summer,35.23,49.75,550,1,Tue,60.72,0.05,57.684,111,6402.92
2024-03-23,P0006,Clothing,Autumn,51.37,71.67,435,0,Sun,62.72,0.0,62.72,51,3198.72
2024-04-02,P0006,Clothing,Winter,24.62,85.14,912,1,Tue,30.99,0.07,28.820699999999995,187,5389.47
2024-04-08,P0006,Clothing,Autumn,56.14,1.98,208,1,Fri,79.67,0.12,70.1096,1,70.11
2024-04-10,P0006,Clothing,Autumn,57.44,72.9,250,0,Mon,99.8,0.0,99.8,36,3592.8
2024-04-17,P0006,Clothing,Autumn,80.8,11.27,929,1,Tue,95.0,0.14,81.7,1,81.7
2024-01-13,P0006,Beverages,Summer,89.04,112.81,382,1,Wed,133.83,0.24,101.7108,41,4170.14
2024-01-27,P0006,Beverages,Spring,41.87,25.11,547,1,Fri,69.72,0.13,60.6564,1,60.66
2024-01-28,P0006,Beverages,Summer,20.59,86.71,566,1,Wed,24.21,0.1,21.789,59,1285.55
2024-01-30,P0006,Beverages,Summer,69.6,98.63,321,0,Wed,92.86,0.0,92.86,45,4178.7
2024-02-05,P0006,Beverages,Summer,14.43,82.85,790,1,Mon,19.14,0.23,14.7378,35,515.82
2024-02-08,P0006,Beverages,Summer,22.15,87.72,488,0,Mon,38.6,0.0,38.6,102,3937.2
2024-02-09,P0006,Beverages,Spring,23.85,59.48,920,0,Mon,38.65,0.0,38.65,112,4328.8
2024-02-16,P0006,Beverages,Winter,7.7,21.02,544,1,Thu,8.78,0.11,7.8142,189,1476.88
2024-02-18,P0006,Beverages,Spring,84.36,118.87,598,0,Wed,96.38,0.0,96.38,86,8288.68
2024-02-20,P0006,Beverages,Winter,54.69,32.96,945,1,Sat,75.03,0.07,69.7779,7,488.45
2024-02-21,P0006,Beverages,Autumn,65.41,52.13,759,0,Mon,95.61,0.0,95.61,4,382.44
2024-03-14,P0006,Beverages,Summer,12.15,9.3,368,0,Fri,15.39,0.0,15.39,18,277.02
2024-03-15,P0006,Beverages,Autumn,3.05,49.35,533,0,Sat,3.53,0.0,3.53,187,660.11
2024-03-21,P0006,Beverages,Summer,9.44,59.36,882,1,Tue,11.89,0.19,9.6309,118,1136.45
2024-03-24,P0006,Beverages,Autumn,58.43,54.14,506,0,Wed,101.68,0.0,101.68,1,101.68
2024-04-11,P0006,Beverages,Winter,19.8,55.35,897,1,Tue,27.45,0.24,20.862,84,1752.41
2024-04-27,P0006,Beverages,Autumn,52.79,119.78,800,0,Mon,71.8,0.0,71.8,64,4595.2
2024-01-01,P0007,Clothing,Summer,15.81,51.39,847,0,Sun,26.32,0.0,26.32,65,1710.8
2024-01-04,P0007,Clothing,Winter,34.31,71.79,749,0,Thu,59.6,0.0,59.6,83,4946.8
2024-01-05,P0007,Clothing,Autumn,71.66,71.86,344,1,Sun,105.19,0.22,82.0482,71,5825.42
2024-01-11,P0007,Clothing,Autumn,48.31,22.45,762,1,Thu,64.56,0.08,59.3952,1,59.4
2024-01-28,P0007,Clothing,Winter,26.46,85.5,40,0,Mon,41.59,0.0,41.59,81,3368.79
2024-02-07,P0007,Clothing,Spring,41.56,13.18,458,0,Thu,51.87,0.0,51.87,1,51.87
2024-02-10,P0007,Clothing,Autumn,39.96,73.41,664,0,Sat,69.49,0.0,69.49,73,5072.77
2024-02-17,P0007,Clothing,Autumn,76.71,3.64,760,0,Sat,102.36,0.0,102.36,1,102.36
2024-02-23,P0007,Clothing,Winter,65.33,69.62,931,0,Thu,106.41,0.0,106.41,24,2553.84
2024-03-02,P0007,Clothing,Summer,72.6,99.0,703,0,Mon,83.79,0.0,83.79,93,7792.47
2024-03-13,P0007,Clothing,Summer,96.03,81.08,94,1,Tue,166.44,0.2,133.15200000000002,26,3461.95
2024-03-18,P0007,Clothing,Winter,20.38,85.44,578,1,Sat,28.46,0.13,24.7602,101,2500.78
2024-03-29,P0007,Clothing,Winter,43.52,20.94,935,1,Thu,67.69,0.13,58.890299999999996,1,58.89
2024-03-31,P0007,Clothing,Winter,62.97,61.71,25,0,Fri,87.84,0.0,87.84,50,4392.0
2024-04-06,P0007,Clothing,Summer,48.1,56.81,124,0,Sat,57.4,0.0,57.4,38,2181.2
2024-04-14,P0007,Clothing,Summer,19.0,64.85,126,1,Sun,26.74,0.14,22.996399999999998,44,1011.84
2024-04-15,P0007,Clothing,Winter,71.58,68.58,212,0,Thu,110.59,0.0,110.59,20,2211.8
2024-04-21,P0007,Clothing,Spring,13.5,18.32,376,0,Sat,20.45,0.0,20.45,10,204.5
2024-04-24,P0007,Clothing,Spring,34.3,52.27,601,1,Sun,51.84,0.18,42.50880000000001,115,4888.51
2024-04-25,P0007,Clothing,Spring,8.02,91.86,889,0,Sun,10.54,0.0,10.54,52,548.08
2024-01-02,P0007,Groceries,Autumn,99.81,18.59,811,1,Mon,170.49,0.17,141.5067,1,141.51
2024-01-07,P0007,Groceries,Spring,24.06,99.06,965,0,Wed,42.13,0.0,42.13,134,5645.42
2024-01-25,P0007,Groceries,Summer,77.4,10.09,254,1,Sat,120.53,0.09,109.6823,1,109.68
2024-01-29,P0007,Groceries,Spring,43.84,96.58,686,1,Sat,55.18,0.14,47.4548,98,4650.57
2024-01-30,P0007,Groceries,Summer,43.7,19.03,577,1,Sat,50.35,0.15,42.7975,7,299.58
2024-01-31,P0007,Groceries,Autumn,4.57,6.35,817,1,Mon,7.88,0.22,6.1464,40,245.86
2024-02-14,P0007,Groceries,Summer,61.91,61.88,56,1,Mon,86.9,0.08,79.94800000000001,71,5676.31
2024-02-22,P0007,Groceries,Autumn,12.14,28.32,239,0,Thu,13.42,0.0,13.42,56,751.52
2024-02-24,P0007,Groceries,Summer,24.6,94.13,23,0,Sat,38.18,0.0,38.18,35,1336.3
2024-02-26,P0007,Groceries,Autumn,79.43,92.49,284,0,Tue,117.49,0.0,117.49,65,7636.85
2024-03-01,P0007,Groceries,Summer,15.22,13.29,430,0,Sun,20.11,0.0,20.11,19,382.09
2024-03-05,P0007,Groceries,Spring,28.6,66.15,259,1,Wed,32.54,0.19,26.357400000000002,69,1818.66
2024-03-07,P0007,Groceries,Summer,51.54,85.76,192,0,Sun,67.6,0.0,67.6,88,5948.8
2024-03-09,P0007,Groceries,Spring,91.94,42.86,862,0,Mon,122.39,0.0,122.39,1,122.39
2024-03-11,P0007,Groceries,Summer,58.9,13.17,750,0,Sat,87.32,0.0,87.32,1,87.32
2024-03-15,P0007,Groceries,Summer,53.96,76.08,710,0,Sun,92.73,0.0,92.73,55,5100.15
2024-03-27,P0007,Groceries,Winter,51.81,99.34,391,1,Sun,78.63,0.18,64.4766,93,5996.32
2024-03-30,P0007,Groceries,Winter,74.16,49.02,622,0,Fri,119.64,0.0,119.64,1,119.64
2024-04-01,P0007,Groceries,Autumn,75.05,41.95,962,0,Fri,94.51,0.0,94.51,1,94.51
2024-04-07,P0007,Groceries,Autumn,72.11,113.07,920,0,Sat,129.24,0.0,129.24,53,6849.72
2024-04-08,P0007,Groceries,Autumn,68.1,87.7,106,0,Sat,118.46,0.0,118.46,61,7226.06
2024-04-20,P0007,Groceries,Autumn,33.8,56.18,246,1,Sun,37.7,0.13,32.799,94,3083.11
2024-04-27,P0007,Groceries,Summer,19.28,31.65,30,0,Sat,26.27,0.0,26.27,65,1707.55
2024-04-28,P0007,Groceries,Autumn,78.84,110.92,974,1,Wed,90.7,0.12,79.816,100,7981.6
2024-01-03,P0007,Electronics,Autumn,53.62,50.81,529,0,Sun,74.78,0.0,74.78,22,1645.16
2024-01-14,P0007,Electronics,Autumn,65.97,76.34,349,0,Wed,102.63,0.0,102.63,45,4618.35
2024-01-24,P0007,Electronics,Winter,97.17,113.47,178,1,Thu,132.9,0.23,102.33300000000001,47,4809.65
2024-02-01,P0007,Electronics,Spring,45.86,16.29,449,1,Thu,63.49,0.12,55.8712,1,55.87
2024-02-03,P0007,Electronics,Spring,66.91,114.83,208,1,Sun,93.94,0.08,86.4248,114,9852.43
2024-02-05,P0007,Electronics,Winter,86.31,110.46,544,0,Wed,106.39,0.0,106.39,90,9575.1
2024-02-06,P0007,Electronics,Winter,37.39,67.79,787,0,Sun,56.5,0.0,56.5,69,3898.5
2024-02-09,P0007,Electronics,Winter,21.07,83.03,310,0,Tue,31.7,0.0,31.7,37,1172.9
2024-02-13,P0007,Electronics,Autumn,90.76,16.82,963,0,Wed,157.8,0.0,157.8,1,157.8
2024-02-20,P0007,Electronics,Winter,75.25,8.48,179,1,Sun,91.41,0.25,68.5575,1,68.56
2024-02-21,P0007,Electronics,Spring,7.1,76.15,89,0,Fri,10.75,0.0,10.75,40,430.0
2024-02-28,P0007,Electronics,Winter,42.13,32.35,502,0,Sun,46.67,0.0,46.67,33,1540.11
2024-03-06,P0007,Electronics,Summer,79.96,24.49,979,0,Tue,118.33,0.0,118.33,1,118.33
2024-03-12,P0007,Electronics,Winter,44.25,23.43,293,1,Sat,53.62,0.06,50.40279999999999,1,50.4
2024-03-16,P0007,Electronics,Summer,65.66,41.13,886,0,Sun,117.51,0.0,117.51,1,117.51
2024-03-17,P0007,Electronics,Winter,28.79,53.42,613,0,Thu,51.44,0.0,51.44,68,3497.92
2024-03-20,P0007,Electronics,Spring,30.02,92.99,405,1,Sat,45.21,0.08,41.5932,193,8027.49
2024-03-21,P0007,Electronics,Autumn,74.23,29.7,777,0,Thu,132.35,0.0,132.35,1,132.35
2024-03-22,P0007,Electronics,Winter,14.87,1.53,27,1,Mon,21.36,0.22,16.660800000000002,1,16.66
2024-03-23,P0007,Electronics,Spring,77.98,32.71,674,0,Mon,112.81,0.0,112.81,1,112.81
2024-03-28,P0007,Electronics,Autumn,32.43,75.08,399,1,Mon,51.33,0.07,47.7369,63,3007.42
2024-04-03,P0007,Electronics,Summer,81.69,31.09,23,0,Mon,95.16,0.0,95.16,1,95.16
2024-04-04,P0007,Electronics,Spring,20.97,70.64,222,1,Fri,31.72,0.12,27.9136,153,4270.78
2024-04-23,P0007,Electronics,Summer,71.52,98.97,431,0,Mon,110.17,0.0,110.17,89,9805.13
2024-04-29,P0007,Electronics,Summer,72.24,83.92,519,1,Mon,100.81,0.17,83.67229999999999,105,8785.59
2024-01-06,P0007,Snacks,Summer,62.46,67.35,891,0,Fri,82.48,0.0,82.48,21,1732.08
2024-01-08,P0007,Snacks,Spring,87.82,61.7,430,1,Tue,112.17,0.08,103.19640000000001,14,1444.75
2024-01-27,P0007,Snacks,Autumn,51.1,56.31,702,0,Tue,59.52,0.0,59.52,54,3214.08
2024-02-08,P0007,Snacks,Autumn,57.58,19.18,564,0,Mon,83.92,0.0,83.92,1,83.92
2024-02-12,P0007,Snacks,Spring,41.77,108.62,882,0,Sun,74.41,0.0,74.41,32,2381.12
2024-02-19,P0007,Snacks,Spring,88.64,21.31,828,0,Tue,101.06,0.0,101.06,1,101.06
2024-02-27,P0007,Snacks,Winter,58.12,93.57,368,1,Mon,97.06,0.18,79.5892,106,8436.46
2024-03-03,P0007,Snacks,Spring,70.01,49.23,130,0,Tue,82.88,0.0,82.88,20,1657.6
2024-03-04,P0007,Snacks,Summer,51.93,100.85,285,1,Thu,93.29,0.21,73.6991,83,6117.03
2024-03-10,P0007,Snacks,Summer,77.0,11.44,601,0,Tue,103.21,0.0,103.21,1,103.21
2024-03-19,P0007,Snacks,Spring,28.06,79.52,802,1,Thu,48.45,0.12,42.636,105,4476.78
2024-03-26,P0007,Snacks,Winter,30.74,26.91,477,0,Tue,36.02,0.0,36.02,13,468.26
2024-04-02,P0007,Snacks,Summer,71.58,27.91,296,0,Sun,102.06,0.0,102.06,1,102.06
2024-04-16,P0007,Snacks,Summer,1.48,117.02,563,1,Tue,1.81,0.06,1.7014,204,347.09
2024-04-17,P0007,Snacks,Winter,89.09,44.57,975,1,Thu,101.2,0.22,78.936,31,2447.02
2024-04-26,P0007,Snacks,Winter,33.24,70.15,496,0,Thu,37.84,0.0,37.84,50,1892.0
