retail_dynamic_pricing_dataset.csv
date,product_id,category,season,cost_price,competitor_price,stock_level,promotion,day_of_week,current_price,discount,effective_price,units_sold,revenue
2024-01-09,P0007,Household,Autumn,8.02,57.27,131,0,Mon,11.06,0.0,11.06,50,553.0
2024-01-12,P0007,Household,Winter,32.5,1.17,234,0,Tue,38.73,0.0,38.73,1,38.73
2024-01-13,P0007,Household,Autumn,82.81,39.33,300,1,Sat,97.46,0.21,76.9934,2,153.99
2024-01-16,P0007,Household,Summer,42.05,64.13,764,1,Wed,63.09,0.14,54.257400000000004,89,4828.91
2024-01-17,P0007,Household,Winter,94.3,92.91,787,0,Fri,122.09,0.0,122.09,11,1342.99
2024-01-20,P0007,Household,Winter,93.43,73.25,390,0,Tue,130.36,0.0,130.36,5,651.8
2024-01-22,P0007,Household,Summer,11.77,27.01,700,1,Fri,17.54,0.09,15.9614,94,1500.37
2024-01-23,P0007,Household,Autumn,99.42,67.96,989,0,Sat,141.23,0.0,141.23,1,141.23
2024-01-26,P0007,Household,Spring,48.93,114.41,71,0,Wed,64.55,0.0,64.55,114,7358.7
2024-02-02,P0007,Household,Winter,48.5,41.57,574,1,Fri,64.59,0.17,53.609700000000004,7,375.27
2024-02-04,P0007,Household,Autumn,52.13,6.09,277,1,Fri,68.42,0.08,62.946400000000004,1,62.95
2024-03-14,P0007,Household,Autumn,77.73,87.63,853,0,Fri,125.73,0.0,125.73,28,3520.44
2024-04-05,P0007,Household,Summer,99.52,82.88,296,0,Mon,139.81,0.0,139.81,24,3355.44
2024-04-10,P0007,Household,Summer,99.59,57.6,352,1,Tue,138.4,0.14,119.024,1,119.02
2024-04-19,P0007,Household,Winter,44.65,61.1,247,0,Fri,60.33,0.0,60.33,38,2292.54
2024-04-22,P0007,Household,Spring,92.23,90.06,440,0,Fri,105.22,0.0,105.22,18,1893.96
2024-01-10,P0007,Beverages,Autumn,60.96,37.39,987,1,Sat,67.99,0.18,55.7518,52,2899.09
2024-01-15,P0007,Beverages,Winter,76.19,67.51,289,0,Fri,107.57,0.0,107.57,11,1183.27
2024-01-18,P0007,Beverages,Spring,35.13,28.71,341,0,Sun,42.54,0.0,42.54,19,808.26
2024-01-19,P0007,Beverages,Winter,53.57,81.75,145,0,Fri,78.5,0.0,78.5,33,2590.5
2024-01-21,P0007,Beverages,Summer,9.24,41.34,182,0,Fri,15.38,0.0,15.38,151,2322.38
2024-02-11,P0007,Beverages,Summer,68.93,20.93,76,1,Fri,83.35,0.11,74.1815,1,74.18
2024-02-15,P0007,Beverages,Summer,16.22,63.87,105,0,Thu,28.33,0.0,28.33,77,2181.41
2024-02-16,P0007,Beverages,Autumn,49.26,104.59,507,0,Fri,83.17,0.0,83.17,112,9315.04
2024-02-18,P0007,Beverages,Spring,64.69,17.24,746,1,Mon,113.41,0.05,107.73949999999999,1,107.74
2024-02-25,P0007,Beverages,Summer,59.2,49.61,192,0,Tue,102.76,0.0,102.76,1,102.76
2024-02-29,P0007,Beverages,Spring,64.98,2.87,966,0,Sun,89.47,0.0,89.47,1,89.47
2024-03-08,P0007,Beverages,Summer,6.86,67.42,549,0,Sat,12.17,0.0,12.17,130,1582.1
2024-03-24,P0007,Beverages,Spring,52.82,42.4,893,1,Thu,84.37,0.16,70.8708,34,2409.61
2024-03-25,P0007,Beverages,Spring,39.07,115.3,369,0,Thu,44.88,0.0,44.88,57,2558.16
2024-04-09,P0007,Beverages,Summer,57.05,107.12,244,0,Wed,100.03,0.0,100.03,45,4501.35
2024-04-11,P0007,Beverages,Summer,22.51,2.77,774,0,Sat,33.38,0.0,33.38,1,33.38
2024-04-12,P0007,Beverages,Spring,42.75,71.46,409,0,Fri,71.86,0.0,71.86,91,6539.26
2024-04-13,P0007,Beverages,Autumn,13.65,98.37,921,0,Sun,19.88,0.0,19.88,103,2047.64
2024-04-18,P0007,Beverages,Spring,63.69,96.42,693,1,Wed,109.38,0.07,101.72339999999998,118,12003.36
2024-01-01,P0008,Electronics,Autumn,50.32,105.52,848,0,Fri,90.22,0.0,90.22,93,8390.46
2024-01-26,P0008,Electronics,Autumn,32.13,52.5,445,0,Mon,49.46,0.0,49.46,38,1879.48
2024-01-27,P0008,Electronics,Spring,1.53,26.53,394,0,Sun,2.48,0.0,2.48,165,409.2
2024-02-04,P0008,Electronics,Summer,40.52,78.02,988,0,Thu,57.9,0.0,57.9,68,3937.2
2024-02-07,P0008,Electronics,Summer,75.43,115.02,715,0,Mon,83.55,0.0,83.55,88,7352.4
2024-02-09,P0008,Electronics,Winter,10.04,104.73,65,0,Sun,16.1,0.0,16.1,141,2270.1
2024-02-24,P0008,Electronics,Autumn,75.34,57.9,971,0,Mon,106.2,0.0,106.2,8,849.6
2024-02-26,P0008,Electronics,Summer,72.8,114.98,946,0,Tue,127.15,0.0,127.15,59,7501.85
2024-03-01,P0008,Electronics,Summer,21.78,57.36,349,0,Tue,33.15,0.0,33.15,95,3149.25
2024-03-02,P0008,Electronics,Autumn,76.1,96.82,274,0,Thu,121.48,0.0,121.48,28,3401.44
2024-03-06,P0008,Electronics,Winter,15.15,73.25,610,0,Tue,19.06,0.0,19.06,137,2611.22
2024-03-08,P0008,Electronics,Spring,96.84,82.01,254,0,Wed,174.28,0.0,174.28,1,174.28
2024-03-11,P0008,Electronics,Winter,9.18,110.5,257,1,Mon,10.48,0.17,8.6984,93,808.95
2024-03-20,P0008,Electronics,Summer,4.51,33.77,48,0,Sun,5.4,0.0,5.4,126,680.4
2024-03-29,P0008,Electronics,Summer,55.85,30.66,976,0,Wed,75.96,0.0,75.96,1,75.96
2024-04-05,P0008,Electronics,Winter,42.25,73.39,786,1,Sun,72.02,0.19,58.3362,67,3908.53
2024-04-13,P0008,Electronics,Summer,36.41,8.28,661,0,Sat,64.93,0.0,64.93,1,64.93
2024-04-22,P0008,Electronics,Summer,95.87,80.29,243,1,Wed,124.37,0.19,100.73970000000001,43,4331.81
2024-04-29,P0008,Electronics,Summer,58.83,70.94,916,0,Wed,91.28,0.0,91.28,13,1186.64
2024-01-02,P0008,Clothing,Winter,88.7,34.49,989,1,Sun,115.24,0.14,99.1064,1,99.11
2024-01-06,P0008,Clothing,Summer,7.71,9.93,845,0,Sun,10.68,0.0,10.68,29,309.72
2024-01-09,P0008,Clothing,Spring,37.31,23.2,947,0,Wed,54.26,0.0,54.26,1,54.26
2024-01-13,P0008,Clothing,Spring,11.5,91.78,828,0,Tue,16.53,0.0,16.53,63,1041.39
2024-01-19,P0008,Clothing,Autumn,35.55,8.03,428,0,Thu,63.82,0.0,63.82,1,63.82
2024-01-22,P0008,Clothing,Summer,16.75,98.17,426,0,Tue,27.44,0.0,27.44,21,576.24
2024-02-06,P0008,Clothing,Spring,47.43,40.94,83,0,Tue,57.43,0.0,57.43,10,574.3
2024-02-10,P0008,Clothing,Summer,21.43,109.39,442,0,Fri,25.87,0.0,25.87,170,4397.9
2024-02-17,P0008,Clothing,Spring,71.06,93.0,283,0,Sat,98.57,0.0,98.57,73,7195.61
2024-03-07,P0008,Clothing,Summer,92.2,78.35,881,0,Fri,153.68,0.0,153.68,3,461.04
2024-03-09,P0008,Clothing,Winter,73.51,53.84,780,1,Mon,98.8,0.1,88.92,13,1155.96
2024-03-15,P0008,Clothing,Winter,19.15,33.68,541,0,Mon,28.28,0.0,28.28,93,2630.04
2024-03-18,P0008,Clothing,Summer,14.1,3.52,716,1,Tue,20.29,0.09,18.4639,1,18.46
2024-03-26,P0008,Clothing,Autumn,43.29,81.42,164,1,Sat,60.9,0.11,54.201,101,5474.3
2024-03-27,P0008,Clothing,Summer,74.73,42.1,762,0,Thu,111.06,0.0,111.06,1,111.06
2024-04-07,P0008,Clothing,Summer,87.79,91.61,323,0,Sat,112.78,0.0,112.78,18,2030.04
2024-04-08,P0008,Clothing,Spring,64.61,54.81,113,0,Sun,77.98,0.0,77.98,38,2963.24
2024-04-11,P0008,Clothing,Spring,38.66,46.52,206,0,Mon,64.04,0.0,64.04,16,1024.64
2024-04-15,P0008,Clothing,Spring,32.18,87.47,736,0,Mon,43.44,0.0,43.44,153,6646.32
2024-04-19,P0008,Clothing,Summer,25.91,6.12,183,0,Thu,42.64,0.0,42.64,1,42.64
2024-04-25,P0008,Clothing,Autumn,72.26,88.4,422,0,Mon,82.52,0.0,82.52,47,3878.44
2024-01-03,P0008,Beverages,Spring,18.89,110.05,750,0,Mon,25.89,0.0,25.89,105,2718.45
2024-01-08,P0008,Beverages,Spring,57.59,25.65,665,0,Mon,76.2,0.0,76.2,1,76.2
2024-01-10,P0008,Beverages,Winter,48.54,7.89,207,0,Mon,61.53,0.0,61.53,1,61.53
2024-01-11,P0008,Beverages,Autumn,61.2,107.55,698,0,Tue,110.01,0.0,110.01,9,990.09
2024-01-12,P0008,Beverages,Summer,37.47,99.57,375,1,Wed,53.81,0.09,48.9671,152,7443.0
2024-01-16,P0008,Beverages,Summer,18.3,51.62,431,0,Mon,32.27,0.0,32.27,86,2775.22
2024-01-23,P0008,Beverages,Summer,61.81,116.76,821,1,Mon,86.3,0.21,68.177,172,11726.44
2024-01-29,P0008,Beverages,Summer,34.21,24.99,420,0,Tue,60.38,0.0,60.38,1,60.38
2024-01-31,P0008,Beverages,Spring,20.71,69.21,804,0,Wed,30.43,0.0,30.43,137,4168.91
2024-02-05,P0008,Beverages,Autumn,42.09,94.76,746,0,Mon,66.26,0.0,66.26,116,7686.16
2024-02-08,P0008,Beverages,Winter,48.52,27.34,67,0,Wed,76.63,0.0,76.63,1,76.63
2024-02-25,P0008,Beverages,Spring,32.84,35.42,361,0,Thu,39.66,0.0,39.66,31,1229.46
2024-02-27,P0008,Beverages,Autumn,38.02,95.6,297,0,Thu,57.47,0.0,57.47,115,6609.05
2024-03-03,P0008,Beverages,Winter,67.79,47.12,513,0,Thu,101.62,0.0,101.62,1,101.62
2024-03-05,P0008,Beverages,Winter,46.38,63.9,982,0,Wed,57.97,0.0,57.97,27,1565.19
2024-03-14,P0008,Beverages,Winter,56.93,62.04,87,0,Fri,73.54,0.0,73.54,27,1985.58
2024-03-16,P0008,Beverages,Autumn,56.77,77.48,382,0,Mon,82.14,0.0,82.14,65,5339.1
2024-03-19,P0008,Beverages,Winter,14.04,87.6,136,0,Mon,16.72,0.0,16.72,127,2123.44
2024-03-23,P0008,Beverages,Winter,23.32,99.57,194,0,Fri,35.0,0.0,35.0,141,4935.0
2024-03-31,P0008,Beverages,Autumn,18.91,67.8,756,0,Tue,31.11,0.0,31.11,54,1679.94
2024-04-09,P0008,Beverages,Spring,45.54,97.7,439,1,Sun,72.61,0.1,65.349,48,3136.75
2024-04-12,P0008,Beverages,Autumn,47.09,22.42,920,1,Sun,71.39,0.15,60.6815,1,60.68
2024-04-14,P0008,Beverages,Summer,41.66,114.69,226,0,Tue,65.47,0.0,65.47,25,1636.75
2024-04-23,P0008,Beverages,Winter,34.63,71.77,159,1,Thu,45.47,0.15,38.649499999999996,70,2705.46
2024-04-24,P0008,Beverages,Autumn,40.77,68.62,934,1,Mon,67.34,0.14,57.912400000000005,90,5212.12
2024-01-04,P0008,Snacks,Spring,45.74,44.4,898,1,Tue,64.89,0.18,53.2098,82,4363.2
2024-01-05,P0008,Snacks,Summer,71.35,2.13,869,0,Fri,82.44,0.0,82.44,1,82.44
2024-01-14,P0008,Snacks,Autumn,14.81,58.02,75,0,Tue,21.72,0.0,21.72,138,2997.36
2024-01-15,P0008,Snacks,Summer,53.17,51.59,618,0,Tue,83.86,0.0,83.86,20,1677.2
2024-01-24,P0008,Snacks,Autumn,68.27,105.32,687,0,Thu,116.86,0.0,116.86,7,818.02
2024-02-11,P0008,Snacks,Winter,19.6,5.65,107,0,Thu,34.86,0.0,34.86,1,34.86
2024-02-12,P0008,Snacks,Spring,51.28,76.19,545,1,Sun,58.97,0.16,49.5348,147,7281.62
2024-02-13,P0008,Snacks,Winter,3.96,90.18,949,0,Sat,5.8,0.0,5.8,44,255.2
2024-02-14,P0008,Snacks,Winter,29.08,114.51,287,0,Sat,45.41,0.0,45.41,49,2225.09
2024-02-16,P0008,Snacks,Spring,36.11,67.86,919,0,Sat,53.45,0.0,53.45,105,5612.25
2024-02-21,P0008,Snacks,Summer,80.18,77.13,285,1,Tue,108.02,0.21,85.3358,84,7168.21
2024-02-22,P0008,Snacks,Winter,95.48,6.0,933,0,Tue,109.78,0.0,109.78,1,109.78
2024-02-23,P0008,Snacks,Spring,21.27,27.53,344,0,Wed,35.2,0.0,35.2,68,2393.6
2024-02-28,P0008,Snacks,Autumn,29.65,103.92,823,1,Thu,38.95,0.22,30.381000000000004,119,3615.34
2024-02-29,P0008,Snacks,Autumn,95.92,56.49,963,0,Tue,160.77,0.0,160.77,1,160.77
2024-03-21,P0008,Snacks,Winter,76.33,31.97,760,1,Fri,96.2,0.05,91.39,1,91.39
2024-03-28,P0008,Snacks,Autumn,57.81,68.77,272,0,Thu,99.1,0.0,99.1,46,4558.6
2024-04-04,P0008,Snacks,Winter,35.7,30.8,400,1,Fri,41.94,0.22,32.7132,16,523.41
2024-04-16,P0008,Snacks,Spring,8.69,39.75,309,1,Tue,12.37,0.24,9.4012,105,987.13
2024-04-17,P0008,Snacks,Autumn,4.7,30.29,446,0,Thu,6.34,0.0,6.34,84,532.56
2024-04-18,P0008,Snacks,Winter,18.24,25.31,86,0,Mon,29.35,0.0,29.35,37,1085.95
2024-04-20,P0008,Snacks,Winter,89.16,13.22,57,0,Sun,111.75,0.0,111.75,1,111.75
2024-04-26,P0008,Snacks,Autumn,58.21,30.89,990,0,Tue,87.42,0.0,87.42,1,87.42
2024-04-27,P0008,Snacks,Summer,53.26,41.75,154,0,Sat,74.05,0.0,74.05,1,74.05
2024-01-07,P0008,Household,Summer,37.9,11.63,23,0,Tue,61.48,0.0,61.48,1,61.48
2024-01-17,P0008,Household,Autumn,89.09,32.15,714,0,Tue,99.73,0.0,99.73,1,99.73
2024-01-21,P0008,Household,Winter,53.79,62.15,172,1,Wed,66.76,0.07,62.086800000000004,27,1676.34
2024-01-28,P0008,Household,Winter,32.33,80.12,958,1,Fri,39.29,0.21,31.0391,78,2421.05
2024-02-02,P0008,Household,Winter,32.25,105.25,753,1,Wed,43.32,0.13,37.6884,24,904.52
2024-02-03,P0008,Household,Summer,82.74,77.85,839,1,Wed,123.76,0.1,111.384,51,5680.58
2024-02-18,P0008,Household,Autumn,39.73,18.65,660,0,Tue,55.8,0.0,55.8,1,55.8
2024-02-19,P0008,Household,Spring,97.95,102.5,735,0,Sun,141.21,0.0,141.21,23,3247.83
2024-03-04,P0008,Household,Summer,31.04,58.22,909,0,Sun,49.27,0.0,49.27,45,2217.15
2024-03-13,P0008,Household,Winter,33.75,1.41,356,0,Thu,58.33,0.0,58.33,1,58.33
2024-04-01,P0008,Household,Winter,58.67,27.32,564,0,Fri,67.24,0.0,67.24,1,67.24
2024-04-06,P0008,Household,Autumn,26.58,14.88,529,1,Fri,47.55,0.07,44.22149999999999,1,44.22
2024-04-10,P0008,Household,Summer,58.95,17.43,670,0,Thu,65.25,0.0,65.25,1,65.25
2024-04-21,P0008,Household,Spring,61.51,13.25,522,0,Sun,87.49,0.0,87.49,1,87.49
2024-01-18,P0008,Groceries,Autumn,83.58,73.38,692,0,Wed,106.0,0.0,106.0,8,848.0
2024-01-20,P0008,Groceries,Spring,83.27,79.4,682,0,Sat,110.89,0.0,110.89,4,443.56
2024-01-25,P0008,Groceries,Spring,9.31,86.67,377,1,Sat,15.54,0.24,11.8104,98,1157.42
2024-01-30,P0008,Groceries,Summer,63.39,3.41,690,0,Sun,88.5,0.0,88.5,1,88.5
2024-02-01,P0008,Groceries,Winter,3.98,47.9,293,0,Sun,4.43,0.0,4.43,58,256.94
2024-02-15,P0008,Groceries,Summer,61.11,30.91,156,0,Fri,89.28,0.0,89.28,1,89.28
2024-02-20,P0008,Groceries,Autumn,96.57,49.03,527,1,Sun,134.62,0.19,109.04220000000001,1,109.04
2024-03-10,P0008,Groceries,Summer,85.09,36.12,481,0,Fri,109.86,0.0,109.86,1,109.86
2024-03-12,P0008,Groceries,Autumn,39.01,99.38,721,0,Sun,55.77,0.0,55.77,120,6692.4
2024-03-17,P0008,Groceries,Winter,65.78,60.81,280,1,Mon,100.66,0.12,88.5808,63,5580.59
2024-03-22,P0008,Groceries,Winter,33.77,4.8,857,0,Wed,42.66,0.0,42.66,1,42.66
2024-03-24,P0008,Groceries,Spring,78.03,69.88,993,0,Wed,120.66,0.0,120.66,4,482.64
2024-03-25,P0008,Groceries,Spring,15.18,58.7,776,0,Sun,17.73,0.0,17.73,91,1613.43
2024-03-30,P0008,Groceries,Autumn,16.59,8.49,626,0,Fri,26.2,0.0,26.2,1,26.2
2024-04-02,P0008,Groceries,Winter,3.33,90.26,740,1,Thu,5.8,0.1,5.22,114,595.08
2024-04-03,P0008,Groceries,Winter,87.04,54.77,75,0,Mon,116.92,0.0,116.92,1,116.92
2024-04-28,P0008,Groceries,Summer,57.98,16.08,740,0,Fri,81.95,0.0,81.95,1,81.95
2024-01-01,P0009,Household,Summer,76.81,112.02,199,0,Sun,112.26,0.0,112.26,92,10327.92
2024-01-08,P0009,Household,Autumn,13.2,60.58,35,0,Fri,18.25,0.0,18.25,21,383.25
2024-01-12,P0009,Household,Winter,62.87,84.8,899,0,Mon,74.97,0.0,74.97,37,2773.89
2024-01-14,P0009,Household,Autumn,51.88,108.22,966,0,Sat,78.74,0.0,78.74,29,2283.46
2024-01-20,P0009,Household,Spring,19.38,91.73,345,1,Thu,25.48,0.06,23.9512,216,5173.46
2024-01-24,P0009,Household,Autumn,9.35,66.64,472,0,Fri,12.06,0.0,12.06,70,844.2
2024-01-30,P0009,Household,Autumn,11.68,37.21,109,0,Sat,19.41,0.0,19.41,92,1785.72
2024-02-14,P0009,Household,Autumn,87.12,36.57,590,0,Tue,97.55,0.0,97.55,1,97.55
2024-02-24,P0009,Household,Summer,13.79,14.56,75,0,Thu,24.03,0.0,24.03,31,744.93
2024-02-27,P0009,Household,Autumn,21.34,96.64,608,1,Wed,34.0,0.18,27.880000000000003,209,5826.92
2024-02-28,P0009,Household,Winter,75.29,109.75,603,0,Sun,93.28,0.0,93.28,53,4943.84
2024-03-01,P0009,Household,Summer,52.78,76.27,106,0,Thu,82.58,0.0,82.58,23,1899.34
2024-03-15,P0009,Household,Spring,83.14,13.37,373,0,Tue,130.51,0.0,130.51,1,130.51
2024-03-20,P0009,Household,Autumn,43.12,6.78,808,1,Sat,49.44,0.14,42.5184,1,42.52
2024-03-22,P0009,Household,Summer,93.72,10.32,412,0,Tue,126.78,0.0,126.78,1,126.78
2024-03-24,P0009,Household,Summer,20.12,85.93,594,1,Thu,24.41,0.22,19.0398,44,837.75
2024-03-26,P0009,Household,Autumn,88.49,77.02,362,0,Wed,134.73,0.0,134.73,32,4311.36
2024-04-03,P0009,Household,Spring,27.65,38.72,840,0,Fri,42.71,0.0,42.71,71,3032.41
2024-04-13,P0009,Household,Winter,95.21,59.33,75,0,Fri,146.86,0.0,146.86,1,146.86
2024-04-17,P0009,Household,Summer,16.08,94.46,85,0,Mon,24.41,0.0,24.41,164,4003.24
2024-01-02,P0009,Beverages,Summer,67.14,103.71,196,0,Wed,88.16,0.0,88.16,39,3438.24
2024-01-06,P0009,Beverages,Winter,4.54,62.57,673,1,Fri,7.95,0.24,6.042,97,586.07
2024-01-15,P0009,Beverages,Spring,11.2,24.86,990,0,Wed,13.4,0.0,13.4,50,670.0
2024-01-19,P0009,Beverages,Winter,91.15,98.45,198,0,Thu,159.04,0.0,159.04,11,1749.44
2024-01-22,P0009,Beverages,Spring,55.04,46.81,704,0,Tue,72.35,0.0,72.35,4,289.4
2024-01-26,P0009,Beverages,Summer,86.42,57.22,72,0,Thu,137.91,0.0,137.91,1,137.91
2024-01-31,P0009,Beverages,Spring,10.79,94.92,702,0,Tue,16.41,0.0,16.41,140,2297.4
2024-02-01,P0009,Beverages,Summer,90.87,68.28,829,1,Sat,106.3,0.11,94.607,13,1229.89
2024-02-26,P0009,Beverages,Winter,50.85,107.48,866,0,Sun,67.08,0.0,67.08,58,3890.64
2024-03-10,P0009,Beverages,Spring,21.43,69.3,826,1,Mon,30.26,0.17,25.1158,18,452.08
2024-03-12,P0009,Beverages,Summer,92.89,112.62,57,0,Mon,117.76,0.0,117.76,55,6476.8
2024-03-18,P0009,Beverages,Summer,63.33,108.17,386,0,Tue,101.01,0.0,101.01,61,6161.61
2024-03-28,P0009,Beverages,Winter,56.31,17.75,130,1,Wed,82.23,0.08,75.6516,1,75.65
2024-04-09,P0009,Beverages,Winter,55.85,110.15,95,0,Thu,88.56,0.0,88.56,29,2568.24
2024-04-10,P0009,Beverages,Summer,61.26,67.35,47,0,Mon,91.83,0.0,91.83,61,5601.63
2024-04-12,P0009,Beverages,Autumn,2.96,55.12,882,0,Sun,3.95,0.0,3.95,37,146.15
2024-04-14,P0009,Beverages,Autumn,53.59,66.07,326,0,Sat,78.03,0.0,78.03,19,1482.57
2024-04-16,P0009,Beverages,Summer,76.69,80.72,669,1,Wed,136.5,0.06,128.31,33,4234.23
