retail_dynamic_pricing_dataset.csv
date,product_id,category,season,cost_price,competitor_price,stock_level,promotion,day_of_week,current_price,discount,effective_price,units_sold,revenue
2024-01-03,P0009,Groceries,Winter,95.77,67.04,171,0,Tue,165.58,0.0,165.58,1,165.58
2024-01-04,P0009,Groceries,Winter,94.85,77.71,206,1,Sun,138.87,0.08,127.7604,24,3066.25
2024-01-09,P0009,Groceries,Autumn,8.41,6.7,537,0,Sun,10.1,0.0,10.1,27,272.7
2024-01-10,P0009,Groceries,Spring,37.96,112.22,248,0,Fri,64.87,0.0,64.87,110,7135.7
2024-01-13,P0009,Groceries,Summer,19.83,29.32,140,0,Sat,30.92,0.0,30.92,90,2782.8
2024-01-17,P0009,Groceries,Spring,78.22,53.21,66,1,Mon,137.71,0.07,128.0703,1,128.07
2024-01-23,P0009,Groceries,Summer,33.63,69.62,715,0,Sun,59.38,0.0,59.38,65,3859.7
2024-01-27,P0009,Groceries,Spring,61.08,107.33,388,0,Fri,73.84,0.0,73.84,88,6497.92
2024-02-07,P0009,Groceries,Summer,28.03,68.35,626,0,Wed,37.88,0.0,37.88,85,3219.8
2024-02-08,P0009,Groceries,Winter,56.94,81.37,257,0,Sun,80.94,0.0,80.94,34,2751.96
2024-02-20,P0009,Groceries,Autumn,10.56,68.32,723,0,Wed,18.39,0.0,18.39,69,1268.91
2024-03-04,P0009,Groceries,Winter,93.42,30.36,557,0,Thu,102.89,0.0,102.89,1,102.89
2024-03-09,P0009,Groceries,Summer,65.47,82.2,37,0,Tue,111.82,0.0,111.82,32,3578.24
2024-03-23,P0009,Groceries,Summer,7.82,8.35,807,1,Thu,10.22,0.07,9.5046,68,646.31
2024-03-25,P0009,Groceries,Winter,61.19,31.63,132,0,Sat,77.31,0.0,77.31,1,77.31
2024-03-27,P0009,Groceries,Spring,91.88,68.93,765,0,Mon,148.57,0.0,148.57,1,148.57
2024-04-07,P0009,Groceries,Autumn,99.04,75.47,697,0,Wed,159.48,0.0,159.48,1,159.48
2024-04-18,P0009,Groceries,Spring,17.36,74.42,204,0,Sat,25.18,0.0,25.18,120,3021.6
2024-04-20,P0009,Groceries,Winter,27.13,85.4,576,0,Thu,29.97,0.0,29.97,82,2457.54
2024-04-21,P0009,Groceries,Summer,44.49,111.55,306,0,Wed,72.8,0.0,72.8,85,6188.0
2024-04-22,P0009,Groceries,Summer,60.79,90.3,271,1,Tue,67.34,0.11,59.9326,36,2157.57
2024-04-27,P0009,Groceries,Autumn,85.26,10.87,500,0,Wed,106.71,0.0,106.71,1,106.71
2024-01-05,P0009,Clothing,Autumn,42.77,119.08,349,1,Wed,69.08,0.08,63.5536,122,7753.54
2024-01-07,P0009,Clothing,Winter,2.1,104.6,953,0,Fri,3.77,0.0,3.77,94,354.38
2024-01-21,P0009,Clothing,Winter,81.58,40.06,563,0,Fri,124.38,0.0,124.38,1,124.38
2024-01-29,P0009,Clothing,Autumn,50.09,104.25,930,0,Sun,69.89,0.0,69.89,87,6080.43
2024-02-05,P0009,Clothing,Autumn,40.5,102.03,344,0,Fri,56.74,0.0,56.74,49,2780.26
2024-02-10,P0009,Clothing,Autumn,2.6,26.76,385,0,Thu,3.21,0.0,3.21,144,462.24
2024-02-12,P0009,Clothing,Autumn,79.04,99.53,910,0,Mon,105.05,0.0,105.05,56,5882.8
2024-02-13,P0009,Clothing,Winter,61.98,20.93,916,0,Tue,103.18,0.0,103.18,1,103.18
2024-02-15,P0009,Clothing,Spring,28.37,110.53,238,0,Sat,34.43,0.0,34.43,105,3615.15
2024-02-17,P0009,Clothing,Summer,70.03,88.24,530,0,Mon,119.72,0.0,119.72,17,2035.24
2024-02-18,P0009,Clothing,Spring,19.67,55.16,113,0,Tue,31.23,0.0,31.23,70,2186.1
2024-02-19,P0009,Clothing,Winter,10.02,84.58,327,1,Mon,13.92,0.17,11.5536,168,1941.0
2024-02-25,P0009,Clothing,Summer,75.74,41.97,682,0,Wed,88.26,0.0,88.26,1,88.26
2024-03-02,P0009,Clothing,Winter,28.31,17.57,997,1,Fri,31.77,0.07,29.5461,20,590.92
2024-03-03,P0009,Clothing,Spring,59.04,13.76,720,0,Wed,99.68,0.0,99.68,1,99.68
2024-03-05,P0009,Clothing,Autumn,6.11,38.39,328,0,Thu,8.13,0.0,8.13,154,1252.02
2024-03-06,P0009,Clothing,Winter,27.43,73.24,561,0,Sat,34.98,0.0,34.98,55,1923.9
2024-03-08,P0009,Clothing,Spring,63.55,107.0,455,0,Sun,71.22,0.0,71.22,128,9116.16
2024-03-17,P0009,Clothing,Autumn,13.07,42.53,281,1,Thu,23.11,0.2,18.488,63,1164.74
2024-03-19,P0009,Clothing,Winter,35.85,21.04,917,0,Wed,60.58,0.0,60.58,1,60.58
2024-03-29,P0009,Clothing,Summer,4.42,46.91,580,0,Sun,6.04,0.0,6.04,62,374.48
2024-03-30,P0009,Clothing,Spring,36.93,8.86,880,0,Sun,62.01,0.0,62.01,1,62.01
2024-04-01,P0009,Clothing,Spring,50.49,22.7,929,0,Sun,84.1,0.0,84.1,1,84.1
2024-04-08,P0009,Clothing,Autumn,84.82,100.08,755,0,Thu,96.5,0.0,96.5,84,8106.0
2024-04-24,P0009,Clothing,Autumn,6.59,103.39,41,1,Fri,8.29,0.2,6.632,243,1611.58
2024-04-26,P0009,Clothing,Winter,43.09,22.37,163,0,Mon,56.79,0.0,56.79,1,56.79
2024-04-29,P0009,Clothing,Spring,81.2,97.91,704,0,Fri,105.02,0.0,105.02,80,8401.6
2024-01-11,P0009,Electronics,Autumn,6.23,14.31,172,0,Thu,8.77,0.0,8.77,59,517.43
2024-01-18,P0009,Electronics,Spring,39.26,60.11,378,0,Tue,61.56,0.0,61.56,75,4617.0
2024-01-28,P0009,Electronics,Autumn,24.47,25.4,826,0,Fri,37.5,0.0,37.5,15,562.5
2024-02-04,P0009,Electronics,Winter,94.96,84.48,284,0,Mon,127.4,0.0,127.4,34,4331.6
2024-02-06,P0009,Electronics,Winter,34.29,93.43,235,0,Fri,53.8,0.0,53.8,22,1183.6
2024-02-09,P0009,Electronics,Autumn,56.28,24.39,452,0,Fri,97.38,0.0,97.38,1,97.38
2024-02-11,P0009,Electronics,Winter,65.75,32.81,284,1,Thu,94.64,0.22,73.81920000000001,1,73.82
2024-02-23,P0009,Electronics,Winter,29.66,54.82,110,0,Mon,47.21,0.0,47.21,67,3163.07
2024-03-14,P0009,Electronics,Winter,93.49,64.48,440,1,Tue,112.88,0.06,106.10719999999999,57,6048.11
2024-03-16,P0009,Electronics,Autumn,40.81,99.28,238,0,Tue,64.36,0.0,64.36,65,4183.4
2024-03-31,P0009,Electronics,Spring,91.96,51.18,248,0,Mon,138.33,0.0,138.33,1,138.33
2024-04-04,P0009,Electronics,Summer,3.48,1.41,281,1,Sat,6.17,0.19,4.9977,1,5.0
2024-04-11,P0009,Electronics,Spring,82.59,94.81,273,0,Tue,107.36,0.0,107.36,21,2254.56
2024-04-15,P0009,Electronics,Spring,95.25,80.75,797,0,Wed,165.83,0.0,165.83,1,165.83
2024-04-19,P0009,Electronics,Autumn,36.01,106.03,823,0,Thu,57.26,0.0,57.26,21,1202.46
2024-04-28,P0009,Electronics,Winter,8.32,38.58,920,0,Fri,14.56,0.0,14.56,95,1383.2
2024-01-16,P0009,Snacks,Winter,82.95,17.67,454,1,Sat,97.98,0.06,92.10119999999999,1,92.1
2024-01-25,P0009,Snacks,Summer,17.96,103.58,636,0,Tue,25.84,0.0,25.84,69,1782.96
2024-02-02,P0009,Snacks,Winter,46.33,105.19,208,0,Mon,56.24,0.0,56.24,25,1406.0
2024-02-03,P0009,Snacks,Winter,36.8,28.52,467,0,Tue,47.13,0.0,47.13,17,801.21
2024-02-16,P0009,Snacks,Spring,20.01,90.87,696,0,Tue,26.12,0.0,26.12,56,1462.72
2024-02-21,P0009,Snacks,Summer,77.07,9.5,941,0,Wed,109.81,0.0,109.81,1,109.81
2024-02-22,P0009,Snacks,Winter,3.84,69.61,582,1,Sat,4.59,0.14,3.9474,133,525.0
2024-02-29,P0009,Snacks,Autumn,75.29,86.33,35,0,Wed,100.31,0.0,100.31,25,2507.75
2024-03-07,P0009,Snacks,Autumn,29.21,105.4,229,0,Sun,48.13,0.0,48.13,11,529.43
2024-03-11,P0009,Snacks,Autumn,22.39,30.08,576,0,Sun,35.93,0.0,35.93,24,862.32
2024-03-13,P0009,Snacks,Summer,75.87,80.86,823,0,Sat,121.22,0.0,121.22,39,4727.58
2024-03-21,P0009,Snacks,Winter,43.16,52.73,663,0,Mon,65.55,0.0,65.55,35,2294.25
2024-04-02,P0009,Snacks,Spring,72.93,12.46,687,0,Sat,99.51,0.0,99.51,1,99.51
2024-04-05,P0009,Snacks,Autumn,58.26,91.17,982,0,Wed,66.72,0.0,66.72,36,2401.92
2024-04-06,P0009,Snacks,Spring,83.66,19.82,561,0,Sat,131.4,0.0,131.4,1,131.4
2024-04-23,P0009,Snacks,Autumn,44.22,88.91,115,0,Thu,68.22,0.0,68.22,78,5321.16
2024-04-25,P0009,Snacks,Autumn,97.59,79.04,976,1,Tue,169.43,0.14,145.7098,24,3497.04
2024-01-01,P0010,Household,Winter,18.17,3.58,639,0,Mon,25.91,0.0,25.91,1,25.91
2024-01-02,P0010,Household,Autumn,68.26,18.85,227,1,Sat,104.02,0.14,89.4572,1,89.46
2024-01-09,P0010,Household,Autumn,24.02,49.66,63,0,Fri,35.02,0.0,35.02,20,700.4
2024-01-14,P0010,Household,Autumn,28.45,50.58,408,0,Sat,33.36,0.0,33.36,47,1567.92
2024-01-20,P0010,Household,Winter,82.51,38.08,31,1,Sun,99.45,0.18,81.549,1,81.55
2024-01-31,P0010,Household,Autumn,18.21,108.66,780,1,Tue,22.34,0.15,18.989,125,2373.62
2024-02-25,P0010,Household,Summer,87.51,35.91,221,0,Fri,130.74,0.0,130.74,1,130.74
2024-02-28,P0010,Household,Spring,20.31,17.39,557,1,Sun,29.98,0.18,24.5836,24,590.01
2024-03-02,P0010,Household,Spring,68.92,56.6,421,1,Mon,103.24,0.18,84.6568,32,2709.02
2024-03-12,P0010,Household,Autumn,15.39,75.4,893,0,Fri,26.03,0.0,26.03,30,780.9
2024-03-23,P0010,Household,Summer,98.61,41.71,475,0,Wed,168.14,0.0,168.14,1,168.14
2024-03-25,P0010,Household,Autumn,12.79,101.75,437,1,Sat,15.48,0.09,14.0868,225,3169.53
2024-03-29,P0010,Household,Summer,28.45,110.44,363,0,Fri,43.61,0.0,43.61,105,4579.05
2024-03-30,P0010,Household,Spring,31.67,16.49,476,1,Mon,46.28,0.16,38.8752,1,38.88
2024-04-05,P0010,Household,Spring,75.01,119.91,744,1,Tue,89.99,0.14,77.39139999999999,78,6036.53
2024-04-06,P0010,Household,Spring,1.38,56.6,956,1,Mon,2.09,0.23,1.6093,132,212.43
2024-04-11,P0010,Household,Winter,49.24,40.64,266,0,Mon,64.93,0.0,64.93,18,1168.74
2024-04-20,P0010,Household,Autumn,8.15,104.82,864,0,Sat,9.92,0.0,9.92,104,1031.68
2024-04-27,P0010,Household,Spring,97.18,90.68,794,1,Fri,154.76,0.24,117.6176,77,9056.56
2024-04-29,P0010,Household,Summer,33.82,11.21,864,1,Wed,58.83,0.15,50.0055,1,50.01
2024-01-03,P0010,Beverages,Winter,66.52,13.63,775,1,Fri,108.36,0.08,99.69120000000001,1,99.69
2024-01-08,P0010,Beverages,Winter,33.83,17.89,560,1,Sun,51.92,0.1,46.728,1,46.73
2024-01-29,P0010,Beverages,Summer,51.45,81.83,807,1,Sun,64.49,0.12,56.7512,71,4029.34
2024-02-03,P0010,Beverages,Spring,53.55,117.38,412,1,Fri,61.97,0.11,55.1533,140,7721.46
2024-02-05,P0010,Beverages,Winter,18.82,79.44,288,0,Tue,26.84,0.0,26.84,59,1583.56
2024-02-15,P0010,Beverages,Summer,47.14,86.29,815,0,Sat,81.25,0.0,81.25,54,4387.5
2024-02-24,P0010,Beverages,Autumn,83.98,85.55,52,0,Sun,106.99,0.0,106.99,14,1497.86
2024-03-14,P0010,Beverages,Autumn,27.2,74.63,338,1,Wed,38.04,0.12,33.4752,112,3749.22
2024-03-15,P0010,Beverages,Spring,51.56,107.19,91,1,Thu,86.76,0.16,72.8784,93,6777.69
2024-03-18,P0010,Beverages,Spring,96.87,38.29,331,0,Sun,172.57,0.0,172.57,1,172.57
2024-04-01,P0010,Beverages,Winter,23.3,76.23,465,0,Thu,29.7,0.0,29.7,71,2108.7
2024-04-07,P0010,Beverages,Spring,87.93,46.08,990,0,Thu,115.59,0.0,115.59,1,115.59
2024-04-14,P0010,Beverages,Spring,88.24,35.06,30,0,Sat,153.15,0.0,153.15,1,153.15
2024-04-17,P0010,Beverages,Autumn,26.48,88.16,696,0,Sat,47.45,0.0,47.45,111,5266.95
2024-04-21,P0010,Beverages,Spring,2.49,81.42,764,1,Wed,4.06,0.21,3.2074,104,333.57
2024-04-24,P0010,Beverages,Summer,28.37,117.17,523,1,Thu,40.56,0.22,31.636800000000004,145,4587.34
2024-01-04,P0010,Clothing,Winter,91.07,5.42,89,1,Tue,143.28,0.21,113.19120000000001,1,113.19
2024-01-13,P0010,Clothing,Spring,39.14,58.24,854,1,Sun,67.68,0.13,58.881600000000006,31,1825.33
2024-01-19,P0010,Clothing,Autumn,10.99,50.2,126,0,Tue,13.08,0.0,13.08,65,850.2
2024-01-21,P0010,Clothing,Spring,93.25,107.13,46,1,Fri,149.24,0.12,131.3312,74,9718.51
2024-01-28,P0010,Clothing,Autumn,70.76,71.58,286,0,Thu,125.0,0.0,125.0,6,750.0
2024-01-30,P0010,Clothing,Summer,19.71,51.73,595,0,Fri,30.26,0.0,30.26,100,3026.0
2024-02-06,P0010,Clothing,Autumn,43.5,98.29,452,1,Sun,69.64,0.21,55.015600000000006,54,2970.84
2024-02-09,P0010,Clothing,Winter,66.43,113.95,251,1,Tue,99.57,0.05,94.59149999999998,93,8797.01
2024-02-16,P0010,Clothing,Summer,77.86,32.7,541,1,Tue,105.18,0.05,99.921,1,99.92
2024-02-20,P0010,Clothing,Autumn,75.15,29.94,783,1,Sat,134.86,0.11,120.02540000000002,1,120.03
2024-02-21,P0010,Clothing,Summer,5.47,21.01,663,0,Sun,7.07,0.0,7.07,160,1131.2
2024-02-29,P0010,Clothing,Winter,88.25,85.93,880,1,Thu,101.86,0.19,82.5066,96,7920.63
2024-03-04,P0010,Clothing,Winter,42.72,72.42,683,1,Wed,63.79,0.07,59.32469999999999,95,5635.85
2024-03-11,P0010,Clothing,Spring,99.79,20.47,199,0,Mon,154.88,0.0,154.88,1,154.88
2024-03-13,P0010,Clothing,Summer,52.04,73.72,511,0,Sun,59.07,0.0,59.07,98,5788.86
2024-03-20,P0010,Clothing,Autumn,7.95,25.61,557,0,Fri,11.78,0.0,11.78,72,848.16
2024-03-21,P0010,Clothing,Autumn,66.67,93.63,442,0,Wed,118.61,0.0,118.61,49,5811.89
2024-04-13,P0010,Clothing,Summer,88.32,113.51,772,0,Thu,101.98,0.0,101.98,32,3263.36
2024-04-15,P0010,Clothing,Spring,41.47,78.57,54,0,Mon,53.38,0.0,53.38,105,5604.9
2024-04-16,P0010,Clothing,Summer,24.53,58.95,631,0,Sun,39.36,0.0,39.36,123,4841.28
2024-04-18,P0010,Clothing,Autumn,76.83,57.2,362,0,Mon,107.13,0.0,107.13,1,107.13
2024-04-23,P0010,Clothing,Winter,39.27,99.9,796,0,Fri,68.71,0.0,68.71,52,3572.92
2024-01-05,P0010,Electronics,Winter,32.75,97.42,675,0,Wed,36.57,0.0,36.57,37,1353.09
2024-01-15,P0010,Electronics,Spring,45.58,10.36,43,0,Wed,71.23,0.0,71.23,1,71.23
2024-01-18,P0010,Electronics,Spring,91.92,9.0,902,0,Wed,146.6,0.0,146.6,1,146.6
2024-01-23,P0010,Electronics,Summer,99.65,113.37,260,1,Mon,125.58,0.2,100.464,143,14366.35
2024-01-24,P0010,Electronics,Autumn,34.17,99.58,189,1,Mon,43.44,0.16,36.489599999999996,101,3685.45
2024-01-25,P0010,Electronics,Spring,83.2,12.92,236,0,Mon,124.65,0.0,124.65,1,124.65
2024-02-02,P0010,Electronics,Summer,71.48,12.2,612,1,Wed,127.44,0.24,96.8544,1,96.85
2024-02-08,P0010,Electronics,Summer,85.62,46.96,810,1,Sun,121.0,0.2,96.80000000000001,1,96.8
2024-02-17,P0010,Electronics,Spring,16.42,89.75,360,0,Wed,19.6,0.0,19.6,123,2410.8
2024-02-26,P0010,Electronics,Winter,69.15,100.59,525,0,Mon,81.0,0.0,81.0,61,4941.0
2024-03-03,P0010,Electronics,Winter,53.82,52.19,353,0,Mon,88.92,0.0,88.92,4,355.68
2024-03-07,P0010,Electronics,Summer,86.28,81.05,272,1,Wed,109.22,0.24,83.0072,112,9296.81
2024-03-08,P0010,Electronics,Winter,86.63,115.31,573,1,Mon,147.14,0.21,116.2406,41,4765.86
2024-03-16,P0010,Electronics,Spring,31.19,86.24,626,1,Sat,46.46,0.19,37.632600000000004,32,1204.24
2024-03-22,P0010,Electronics,Spring,38.29,84.13,911,1,Sun,54.1,0.17,44.903,15,673.54
2024-03-24,P0010,Electronics,Autumn,9.85,17.79,147,1,Wed,13.47,0.09,12.257700000000002,112,1372.86
2024-03-26,P0010,Electronics,Spring,70.24,46.73,957,0,Sat,91.51,0.0,91.51,9,823.59
2024-03-27,P0010,Electronics,Spring,76.11,23.58,179,0,Sat,98.02,0.0,98.02,1,98.02
2024-03-28,P0010,Electronics,Summer,47.64,18.18,647,1,Tue,83.88,0.09,76.3308,1,76.33
2024-03-31,P0010,Electronics,Summer,34.46,43.8,293,1,Wed,40.75,0.1,36.675000000000004,50,1833.75
2024-04-10,P0010,Electronics,Summer,89.6,57.38,846,0,Fri,100.76,0.0,100.76,25,2519.0
2024-04-22,P0010,Electronics,Winter,82.47,63.58,587,0,Fri,144.62,0.0,144.62,1,144.62
2024-01-06,P0010,Snacks,Summer,11.79,34.27,618,0,Sun,21.13,0.0,21.13,128,2704.64
2024-01-10,P0010,Snacks,Spring,49.13,14.86,514,0,Sun,88.3,0.0,88.3,1,88.3
2024-01-11,P0010,Snacks,Winter,15.47,1.3,812,0,Wed,21.07,0.0,21.07,1,21.07
2024-01-16,P0010,Snacks,Spring,39.08,71.0,829,0,Sat,64.54,0.0,64.54,24,1548.96
2024-01-22,P0010,Snacks,Spring,68.97,32.26,864,1,Thu,80.31,0.2,64.248,1,64.25
2024-01-26,P0010,Snacks,Summer,67.7,58.2,603,0,Fri,109.12,0.0,109.12,5,545.6
2024-01-27,P0010,Snacks,Spring,33.02,78.23,268,0,Wed,52.98,0.0,52.98,39,2066.22
2024-02-07,P0010,Snacks,Spring,87.27,51.15,79,0,Tue,141.16,0.0,141.16,1,141.16
2024-02-18,P0010,Snacks,Autumn,88.16,62.23,254,1,Sat,104.8,0.23,80.696,43,3469.93
2024-02-19,P0010,Snacks,Summer,57.34,76.75,211,0,Tue,90.58,0.0,90.58,54,4891.32
2024-02-22,P0010,Snacks,Autumn,10.29,8.53,381,0,Sat,15.52,0.0,15.52,12,186.24
2024-02-23,P0010,Snacks,Spring,62.47,99.24,766,0,Fri,104.02,0.0,104.02,35,3640.7
2024-03-01,P0010,Snacks,Summer,12.21,35.78,462,0,Fri,19.98,0.0,19.98,21,419.58
2024-03-09,P0010,Snacks,Autumn,41.26,80.48,368,0,Mon,63.57,0.0,63.57,94,5975.58
2024-03-17,P0010,Snacks,Autumn,89.79,94.22,952,0,Wed,120.11,0.0,120.11,60,7206.6
2024-04-02,P0010,Snacks,Winter,85.21,49.56,737,0,Fri,107.99,0.0,107.99,1,107.99
2024-04-03,P0010,Snacks,Spring,7.44,57.82,166,1,Thu,10.08,0.18,8.265600000000001,169,1396.89
2024-04-04,P0010,Snacks,Autumn,41.32,96.51,629,1,Thu,58.97,0.23,45.4069,41,1861.68
2024-04-08,P0010,Snacks,Autumn,70.92,49.4,929,0,Wed,106.92,0.0,106.92,1,106.92
2024-04-09,P0010,Snacks,Winter,8.26,44.92,72,0,Wed,12.54,0.0,12.54,102,1279.08
2024-04-12,P0010,Snacks,Summer,65.57,56.05,636,1,Thu,82.24,0.14,70.7264,26,1838.89
2024-04-19,P0010,Snacks,Autumn,93.01,20.1,478,0,Wed,133.96,0.0,133.96,1,133.96
2024-04-28,P0010,Snacks,Spring,97.73,55.1,542,0,Sat,130.31,0.0,130.31,1,130.31
2024-01-07,P0010,Groceries,Autumn,86.59,87.74,149,0,Thu,142.22,0.0,142.22,11,1564.42
2024-01-12,P0010,Groceries,Winter,30.4,73.97,703,0,Tue,48.81,0.0,48.81,107,5222.67
2024-01-17,P0010,Groceries,Spring,77.68,93.82,544,0,Mon,108.31,0.0,108.31,46,4982.26
2024-02-01,P0010,Groceries,Summer,71.63,33.17,502,0,Sat,124.11,0.0,124.11,1,124.11
2024-02-04,P0010,Groceries,Summer,50.64,78.58,448,0,Tue,85.86,0.0,85.86,87,7469.82
2024-02-10,P0010,Groceries,Spring,99.74,47.03,133,1,Thu,120.19,0.11,106.9691,1,106.97
2024-02-11,P0010,Groceries,Autumn,89.42,10.34,657,1,Thu,159.71,0.13,138.9477,1,138.95
2024-02-12,P0010,Groceries,Summer,15.38,37.63,182,0,Fri,27.21,0.0,27.21,42,1142.82
2024-02-13,P0010,Groceries,Autumn,40.51,104.95,319,1,Sat,72.58,0.18,59.515600000000006,118,7022.84
2024-02-14,P0010,Groceries,Autumn,14.06,12.3,653,0,Sun,21.68,0.0,21.68,8,173.44
2024-02-27,P0010,Groceries,Spring,20.89,100.21,591,0,Thu,33.27,0.0,33.27,161,5356.47
2024-03-05,P0010,Groceries,Autumn,44.59,42.31,373,1,Tue,67.77,0.11,60.3153,47,2834.82
2024-03-06,P0010,Groceries,Autumn,94.58,9.72,586,0,Fri,115.52,0.0,115.52,1,115.52
2024-03-10,P0010,Groceries,Summer,11.59,65.21,373,0,Mon,14.79,0.0,14.79,122,1804.38
2024-03-19,P0010,Groceries,Summer,41.6,33.17,310,0,Wed,53.98,0.0,53.98,40,2159.2
2024-04-25,P0010,Groceries,Autumn,19.65,49.72,666,0,Wed,29.89,0.0,29.89,67,2002.63
2024-04-26,P0010,Groceries,Spring,35.3,43.01,217,0,Fri,59.09,0.0,59.09,15,886.35
