retail_dynamic_pricing_dataset.csv
date,product_id,category,season,cost_price,competitor_price,stock_level,promotion,day_of_week,current_price,discount,effective_price,units_sold,revenue
2024-01-01,P0011,Household,Spring,96.41,43.18,882,0,Fri,154.9,0.0,154.9,1,154.9
2024-01-02,P0011,Household,Summer,30.69,97.23,724,0,Thu,51.37,0.0,51.37,43,2208.91
2024-01-03,P0011,Household,Summer,85.59,85.1,113,0,Fri,105.76,0.0,105.76,66,6980.16
2024-01-08,P0011,Household,Winter,93.54,116.59,120,0,Tue,148.61,0.0,148.61,47,6984.67
2024-01-24,P0011,Household,Spring,34.6,57.16,768,0,Mon,60.67,0.0,60.67,26,1577.42
2024-02-04,P0011,Household,Winter,80.8,115.38,848,0,Fri,127.42,0.0,127.42,90,11467.8
2024-02-10,P0011,Household,Autumn,15.87,74.88,137,1,Tue,18.05,0.06,16.967,33,559.91
2024-02-23,P0011,Household,Autumn,13.89,3.93,960,0,Sat,20.37,0.0,20.37,1,20.37
2024-02-28,P0011,Household,Autumn,14.14,27.94,90,1,Tue,19.21,0.2,15.368000000000002,164,2520.35
2024-03-08,P0011,Household,Summer,50.85,2.56,188,0,Sat,75.38,0.0,75.38,1,75.38
2024-03-13,P0011,Household,Winter,10.45,38.5,919,1,Wed,16.46,0.18,13.497200000000001,192,2591.46
2024-03-16,P0011,Household,Spring,89.19,90.15,717,0,Sun,130.64,0.0,130.64,26,3396.64
2024-03-19,P0011,Household,Winter,76.33,31.27,369,0,Sun,105.7,0.0,105.7,1,105.7
2024-04-12,P0011,Household,Spring,78.4,101.88,178,1,Fri,99.61,0.19,80.6841,139,11215.09
2024-04-18,P0011,Household,Summer,35.61,51.44,270,1,Thu,46.2,0.09,42.042,130,5465.46
2024-04-27,P0011,Household,Summer,77.43,73.27,787,0,Tue,138.82,0.0,138.82,10,1388.2
2024-04-29,P0011,Household,Spring,80.12,93.67,589,0,Wed,143.25,0.0,143.25,35,5013.75
2024-01-04,P0011,Electronics,Summer,21.99,103.68,983,0,Fri,31.92,0.0,31.92,67,2138.64
2024-01-05,P0011,Electronics,Summer,82.82,18.45,344,0,Mon,136.42,0.0,136.42,1,136.42
2024-01-13,P0011,Electronics,Summer,87.21,83.31,571,0,Wed,126.83,0.0,126.83,23,2917.09
2024-01-20,P0011,Electronics,Summer,63.41,35.18,899,0,Mon,101.3,0.0,101.3,1,101.3
2024-01-21,P0011,Electronics,Spring,64.35,52.46,395,1,Sat,89.07,0.15,75.70949999999999,50,3785.47
2024-01-30,P0011,Electronics,Summer,86.12,67.83,220,1,Fri,146.63,0.11,130.5007,8,1044.01
2024-02-01,P0011,Electronics,Summer,58.7,48.95,862,1,Sun,88.53,0.08,81.44760000000001,42,3420.8
2024-02-06,P0011,Electronics,Winter,4.51,1.75,991,0,Thu,5.11,0.0,5.11,15,76.65
2024-03-01,P0011,Electronics,Spring,46.56,65.37,934,1,Tue,81.01,0.12,71.28880000000001,74,5275.37
2024-03-04,P0011,Electronics,Spring,83.92,49.58,658,1,Tue,132.02,0.22,102.97560000000001,1,102.98
2024-03-10,P0011,Electronics,Winter,74.22,114.98,472,0,Mon,82.54,0.0,82.54,132,10895.28
2024-03-20,P0011,Electronics,Spring,30.51,1.17,740,0,Sun,49.27,0.0,49.27,1,49.27
2024-03-23,P0011,Electronics,Autumn,57.03,10.49,938,0,Tue,67.45,0.0,67.45,1,67.45
2024-03-30,P0011,Electronics,Spring,52.37,6.43,412,1,Tue,65.02,0.18,53.3164,1,53.32
2024-04-01,P0011,Electronics,Summer,4.45,103.27,80,0,Thu,5.87,0.0,5.87,20,117.4
2024-04-02,P0011,Electronics,Summer,52.02,118.15,936,1,Sun,58.06,0.12,51.092800000000004,98,5007.09
2024-04-20,P0011,Electronics,Autumn,53.07,100.1,532,1,Mon,77.7,0.21,61.383,157,9637.13
2024-01-06,P0011,Beverages,Spring,36.02,30.03,168,0,Wed,55.04,0.0,55.04,25,1376.0
2024-01-09,P0011,Beverages,Spring,22.2,21.1,56,1,Wed,24.51,0.17,20.3433,136,2766.69
2024-01-22,P0011,Beverages,Summer,96.1,103.5,617,0,Sun,159.03,0.0,159.03,41,6520.23
2024-02-03,P0011,Beverages,Winter,63.95,17.67,237,0,Thu,106.64,0.0,106.64,1,106.64
2024-02-07,P0011,Beverages,Autumn,73.38,97.29,246,0,Wed,101.45,0.0,101.45,30,3043.5
2024-02-12,P0011,Beverages,Summer,56.34,64.18,810,0,Tue,64.51,0.0,64.51,20,1290.2
2024-02-15,P0011,Beverages,Summer,4.03,7.09,347,1,Wed,5.22,0.2,4.176,87,363.31
2024-02-16,P0011,Beverages,Spring,17.03,31.4,428,1,Wed,21.33,0.06,20.050199999999997,168,3368.43
2024-02-18,P0011,Beverages,Summer,52.81,44.13,261,1,Mon,86.09,0.23,66.2893,41,2717.86
2024-03-07,P0011,Beverages,Autumn,56.85,54.73,935,0,Thu,67.61,0.0,67.61,34,2298.74
2024-03-09,P0011,Beverages,Winter,10.38,27.73,706,1,Fri,15.74,0.24,11.9624,80,956.99
2024-04-05,P0011,Beverages,Autumn,71.45,109.81,884,0,Fri,112.33,0.0,112.33,22,2471.26
2024-04-09,P0011,Beverages,Summer,48.31,119.76,526,0,Wed,69.76,0.0,69.76,55,3836.8
2024-04-10,P0011,Beverages,Summer,89.29,58.84,98,0,Tue,154.07,0.0,154.07,1,154.07
2024-04-14,P0011,Beverages,Winter,5.77,33.44,841,0,Mon,10.27,0.0,10.27,58,595.66
2024-04-22,P0011,Beverages,Summer,27.56,93.88,979,1,Mon,41.21,0.11,36.6769,59,2163.94
2024-04-23,P0011,Beverages,Spring,94.24,83.51,572,0,Fri,139.39,0.0,139.39,11,1533.29
2024-04-26,P0011,Beverages,Autumn,53.04,100.12,215,0,Thu,84.06,0.0,84.06,75,6304.5
2024-01-07,P0011,Groceries,Spring,20.38,26.55,747,0,Thu,32.53,0.0,32.53,54,1756.62
2024-01-10,P0011,Groceries,Autumn,99.19,72.15,776,1,Thu,150.22,0.24,114.1672,19,2169.18
2024-01-15,P0011,Groceries,Winter,42.74,10.96,250,0,Sun,62.16,0.0,62.16,1,62.16
2024-01-18,P0011,Groceries,Summer,39.98,10.03,624,1,Thu,53.05,0.19,42.9705,1,42.97
2024-01-26,P0011,Groceries,Spring,48.24,115.15,324,0,Fri,74.87,0.0,74.87,113,8460.31
2024-01-27,P0011,Groceries,Winter,26.67,109.11,982,0,Sat,43.45,0.0,43.45,152,6604.4
2024-01-31,P0011,Groceries,Winter,63.15,47.27,749,0,Fri,110.17,0.0,110.17,1,110.17
2024-02-02,P0011,Groceries,Summer,43.28,9.58,927,0,Tue,62.01,0.0,62.01,1,62.01
2024-02-05,P0011,Groceries,Summer,74.05,73.6,95,0,Thu,100.06,0.0,100.06,61,6103.66
2024-02-08,P0011,Groceries,Spring,72.27,11.36,124,0,Mon,114.9,0.0,114.9,1,114.9
2024-02-11,P0011,Groceries,Autumn,79.0,8.49,35,0,Fri,119.66,0.0,119.66,1,119.66
2024-02-20,P0011,Groceries,Autumn,71.9,15.86,815,0,Thu,119.27,0.0,119.27,1,119.27
2024-02-27,P0011,Groceries,Winter,68.68,72.44,577,0,Fri,96.29,0.0,96.29,47,4525.63
2024-03-02,P0011,Groceries,Autumn,38.21,29.02,58,0,Tue,56.58,0.0,56.58,3,169.74
2024-03-03,P0011,Groceries,Summer,83.09,14.15,214,1,Tue,139.47,0.13,121.3389,1,121.34
2024-03-11,P0011,Groceries,Summer,6.9,60.07,361,0,Mon,11.08,0.0,11.08,83,919.64
2024-03-12,P0011,Groceries,Spring,28.49,43.71,791,1,Mon,42.35,0.22,33.033,34,1123.12
2024-03-14,P0011,Groceries,Autumn,53.55,50.62,592,0,Fri,73.51,0.0,73.51,53,3896.03
2024-03-15,P0011,Groceries,Autumn,64.88,26.2,569,1,Fri,88.89,0.24,67.5564,1,67.56
2024-03-21,P0011,Groceries,Winter,55.21,115.98,614,1,Mon,97.85,0.1,88.065,107,9422.96
2024-03-22,P0011,Groceries,Winter,46.34,61.94,517,1,Wed,75.02,0.14,64.5172,120,7742.06
2024-03-31,P0011,Groceries,Spring,58.57,1.99,745,0,Tue,79.98,0.0,79.98,1,79.98
2024-04-06,P0011,Groceries,Autumn,21.82,12.99,56,1,Tue,30.75,0.22,23.985,27,647.6
2024-04-13,P0011,Groceries,Winter,16.88,47.92,441,1,Thu,25.36,0.2,20.288,82,1663.62
2024-04-19,P0011,Groceries,Winter,41.64,53.86,702,1,Sun,65.36,0.11,58.1704,57,3315.71
2024-04-28,P0011,Groceries,Autumn,6.09,84.44,505,0,Fri,9.34,0.0,9.34,145,1354.3
2024-01-11,P0011,Clothing,Autumn,11.75,76.32,849,1,Sun,19.02,0.22,14.8356,82,1216.52
2024-01-14,P0011,Clothing,Summer,59.07,58.59,619,1,Mon,81.21,0.21,64.1559,36,2309.61
2024-01-16,P0011,Clothing,Summer,9.11,84.45,538,1,Mon,15.99,0.2,12.792000000000002,62,793.1
2024-01-19,P0011,Clothing,Autumn,48.88,21.2,394,0,Tue,79.83,0.0,79.83,1,79.83
2024-01-23,P0011,Clothing,Spring,65.85,64.84,864,1,Sun,72.63,0.13,63.1881,110,6950.69
2024-01-25,P0011,Clothing,Spring,33.63,23.76,337,1,Mon,52.78,0.17,43.8074,21,919.96
2024-01-28,P0011,Clothing,Winter,38.27,98.11,372,1,Tue,48.47,0.16,40.7148,27,1099.3
2024-02-14,P0011,Clothing,Spring,19.29,8.66,323,0,Sat,33.5,0.0,33.5,1,33.5
2024-02-26,P0011,Clothing,Winter,27.42,24.3,482,0,Sun,41.96,0.0,41.96,23,965.08
2024-02-29,P0011,Clothing,Autumn,11.22,26.46,955,1,Wed,18.72,0.1,16.848,82,1381.54
2024-03-06,P0011,Clothing,Spring,81.42,108.73,196,0,Mon,125.66,0.0,125.66,75,9424.5
2024-03-17,P0011,Clothing,Spring,73.65,61.49,864,0,Sat,105.48,0.0,105.48,11,1160.28
2024-03-18,P0011,Clothing,Summer,96.15,90.42,728,1,Tue,162.02,0.23,124.75540000000001,49,6113.01
2024-03-24,P0011,Clothing,Spring,57.64,13.35,286,1,Wed,97.09,0.09,88.3519,1,88.35
2024-03-28,P0011,Clothing,Autumn,15.23,98.6,497,0,Sun,19.94,0.0,19.94,17,338.98
2024-03-29,P0011,Clothing,Spring,3.59,40.16,385,0,Fri,6.32,0.0,6.32,121,764.72
2024-04-03,P0011,Clothing,Summer,53.92,16.8,783,0,Fri,87.7,0.0,87.7,1,87.7
2024-04-07,P0011,Clothing,Summer,79.65,28.18,173,0,Tue,114.64,0.0,114.64,1,114.64
2024-04-11,P0011,Clothing,Winter,80.81,26.08,615,1,Tue,125.62,0.23,96.7274,1,96.73
2024-04-15,P0011,Clothing,Autumn,60.97,59.36,83,0,Thu,85.4,0.0,85.4,15,1281.0
2024-04-16,P0011,Clothing,Spring,41.66,102.84,751,0,Wed,51.55,0.0,51.55,88,4536.4
2024-04-25,P0011,Clothing,Spring,84.26,16.76,488,0,Mon,113.84,0.0,113.84,1,113.84
2024-01-12,P0011,Snacks,Summer,1.99,74.65,179,0,Mon,2.61,0.0,2.61,90,234.9
2024-01-17,P0011,Snacks,Winter,57.91,34.45,860,0,Thu,83.13,0.0,83.13,1,83.13
2024-01-29,P0011,Snacks,Summer,84.37,39.45,536,1,Sat,102.63,0.1,92.367,1,92.37
2024-02-09,P0011,Snacks,Spring,10.8,85.27,763,0,Sat,18.11,0.0,18.11,34,615.74
2024-02-13,P0011,Snacks,Summer,82.34,6.64,612,1,Fri,90.89,0.08,83.61880000000001,1,83.62
2024-02-17,P0011,Snacks,Summer,45.8,96.41,124,0,Thu,54.01,0.0,54.01,122,6589.22
2024-02-19,P0011,Snacks,Spring,85.91,77.11,232,1,Mon,109.35,0.22,85.29299999999999,95,8102.83
2024-02-21,P0011,Snacks,Autumn,99.05,112.01,905,0,Wed,121.27,0.0,121.27,46,5578.42
2024-02-22,P0011,Snacks,Summer,8.79,61.0,56,0,Sun,9.9,0.0,9.9,95,940.5
2024-02-24,P0011,Snacks,Summer,9.35,64.95,302,0,Wed,13.65,0.0,13.65,52,709.8
2024-02-25,P0011,Snacks,Winter,54.31,22.96,842,0,Wed,86.51,0.0,86.51,1,86.51
2024-03-05,P0011,Snacks,Autumn,12.63,7.19,510,0,Mon,14.26,0.0,14.26,10,142.6
2024-03-25,P0011,Snacks,Summer,70.51,52.73,360,0,Sun,120.55,0.0,120.55,1,120.55
2024-03-26,P0011,Snacks,Spring,9.22,83.74,106,0,Sat,12.2,0.0,12.2,157,1915.4
2024-03-27,P0011,Snacks,Winter,74.93,48.2,685,0,Mon,104.21,0.0,104.21,1,104.21
2024-04-04,P0011,Snacks,Summer,6.2,8.38,540,1,Wed,8.54,0.14,7.344399999999999,123,903.36
2024-04-08,P0011,Snacks,Winter,31.77,96.4,77,0,Tue,45.16,0.0,45.16,74,3341.84
2024-04-17,P0011,Snacks,Winter,91.0,28.73,942,0,Mon,126.15,0.0,126.15,1,126.15
2024-04-21,P0011,Snacks,Winter,79.84,81.44,862,1,Sat,142.16,0.07,132.2088,19,2511.97
2024-04-24,P0011,Snacks,Autumn,54.45,71.53,580,0,Sun,67.76,0.0,67.76,80,5420.8
2024-01-01,P0012,Beverages,Spring,52.87,38.09,444,0,Tue,65.32,0.0,65.32,24,1567.68
2024-01-15,P0012,Beverages,Winter,37.35,92.15,870,0,Sun,49.46,0.0,49.46,42,2077.32
2024-01-26,P0012,Beverages,Summer,77.12,102.12,371,0,Sat,110.99,0.0,110.99,88,9767.12
2024-01-27,P0012,Beverages,Summer,45.54,71.0,859,0,Wed,66.84,0.0,66.84,17,1136.28
2024-02-05,P0012,Beverages,Autumn,52.15,57.33,112,1,Mon,65.2,0.1,58.68000000000001,60,3520.8
2024-02-06,P0012,Beverages,Summer,46.62,44.49,610,0,Sun,73.91,0.0,73.91,24,1773.84
2024-02-11,P0012,Beverages,Summer,31.19,60.22,692,1,Sat,49.99,0.14,42.9914,148,6362.73
2024-02-12,P0012,Beverages,Spring,29.67,69.81,495,1,Fri,52.7,0.16,44.268,88,3895.58
2024-02-21,P0012,Beverages,Winter,19.56,47.22,529,1,Sun,26.68,0.07,24.812399999999997,47,1166.18
2024-02-26,P0012,Beverages,Summer,35.37,32.22,586,0,Thu,44.38,0.0,44.38,17,754.46
2024-03-01,P0012,Beverages,Autumn,41.88,98.66,84,0,Wed,72.34,0.0,72.34,91,6582.94
2024-03-06,P0012,Beverages,Winter,39.99,80.02,785,0,Sun,52.93,0.0,52.93,21,1111.53
2024-03-11,P0012,Beverages,Winter,47.59,18.7,284,0,Tue,66.56,0.0,66.56,1,66.56
2024-03-20,P0012,Beverages,Winter,22.35,32.22,928,0,Mon,35.89,0.0,35.89,64,2296.96
2024-03-21,P0012,Beverages,Summer,98.62,91.14,96,1,Sat,130.6,0.07,121.45799999999998,57,6923.11
2024-03-24,P0012,Beverages,Spring,11.54,92.68,419,0,Thu,13.34,0.0,13.34,171,2281.14
2024-03-28,P0012,Beverages,Autumn,15.39,1.51,696,1,Tue,21.84,0.16,18.345599999999997,1,18.35
2024-03-30,P0012,Beverages,Winter,93.11,113.71,271,0,Mon,137.98,0.0,137.98,36,4967.28
2024-04-03,P0012,Beverages,Spring,93.75,49.76,778,0,Mon,166.37,0.0,166.37,1,166.37
2024-04-08,P0012,Beverages,Autumn,30.91,87.1,65,0,Sun,48.34,0.0,48.34,68,3287.12
2024-04-11,P0012,Beverages,Autumn,33.4,75.57,847,1,Tue,53.37,0.24,40.5612,137,5556.88
2024-04-18,P0012,Beverages,Spring,73.9,42.83,912,0,Fri,106.96,0.0,106.96,1,106.96
2024-04-23,P0012,Beverages,Spring,16.54,46.38,716,0,Sun,24.07,0.0,24.07,79,1901.53
2024-04-26,P0012,Beverages,Winter,97.5,63.88,742,0,Tue,160.46,0.0,160.46,1,160.46
2024-01-02,P0012,Electronics,Winter,45.49,53.04,239,0,Tue,73.85,0.0,73.85,30,2215.5
2024-01-07,P0012,Electronics,Summer,13.52,90.69,812,0,Mon,17.11,0.0,17.11,146,2498.06
2024-01-10,P0012,Electronics,Summer,27.81,38.1,722,0,Fri,48.98,0.0,48.98,16,783.68
2024-01-22,P0012,Electronics,Summer,72.46,94.37,761,0,Mon,107.12,0.0,107.12,53,5677.36
2024-01-24,P0012,Electronics,Autumn,30.14,56.97,766,0,Sat,39.11,0.0,39.11,41,1603.51
2024-01-29,P0012,Electronics,Winter,6.83,31.21,261,0,Sat,11.11,0.0,11.11,140,1555.4
2024-01-31,P0012,Electronics,Winter,84.84,46.13,962,1,Thu,134.01,0.17,111.22829999999999,1,111.23
2024-02-03,P0012,Electronics,Autumn,32.01,115.84,980,0,Tue,50.69,0.0,50.69,45,2281.05
2024-02-08,P0012,Electronics,Summer,96.58,85.88,304,0,Wed,151.01,0.0,151.01,17,2567.17
2024-02-16,P0012,Electronics,Summer,27.62,117.95,34,0,Tue,43.41,0.0,43.41,78,3385.98
2024-02-17,P0012,Electronics,Winter,61.13,36.13,42,0,Mon,88.78,0.0,88.78,1,88.78
2024-02-22,P0012,Electronics,Winter,70.19,23.03,814,0,Sat,80.63,0.0,80.63,1,80.63
2024-03-12,P0012,Electronics,Summer,28.24,43.78,256,0,Sun,44.9,0.0,44.9,74,3322.6
2024-03-22,P0012,Electronics,Autumn,75.15,40.42,31,0,Tue,89.66,0.0,89.66,1,89.66
2024-03-23,P0012,Electronics,Winter,79.21,52.02,339,1,Fri,139.26,0.21,110.0154,1,110.02
2024-03-25,P0012,Electronics,Summer,48.15,107.84,866,0,Wed,71.25,0.0,71.25,27,1923.75
2024-03-29,P0012,Electronics,Autumn,49.05,102.93,118,0,Sat,60.78,0.0,60.78,102,6199.56
2024-04-05,P0012,Electronics,Spring,16.19,57.63,594,0,Sun,28.76,0.0,28.76,86,2473.36
2024-04-10,P0012,Electronics,Spring,55.32,97.41,606,0,Thu,89.66,0.0,89.66,63,5648.58
2024-04-13,P0012,Electronics,Summer,94.24,1.18,903,0,Thu,125.62,0.0,125.62,1,125.62
2024-04-20,P0012,Electronics,Spring,52.01,74.06,683,1,Mon,71.74,0.06,67.4356,99,6676.12
2024-04-22,P0012,Electronics,Autumn,78.72,74.29,259,0,Sun,133.06,0.0,133.06,9,1197.54
2024-04-24,P0012,Electronics,Winter,25.3,83.67,393,0,Tue,38.6,0.0,38.6,117,4516.2
2024-04-27,P0012,Electronics,Summer,38.24,40.88,213,0,Tue,64.86,0.0,64.86,44,2853.84
2024-01-03,P0012,Groceries,Spring,12.05,65.41,559,0,Tue,17.02,0.0,17.02,145,2467.9
2024-01-04,P0012,Groceries,Winter,74.41,41.8,111,0,Fri,85.54,0.0,85.54,1,85.54
2024-01-09,P0012,Groceries,Spring,66.53,83.91,593,0,Fri,93.89,0.0,93.89,64,6008.96
2024-01-13,P0012,Groceries,Winter,50.41,100.44,912,0,Mon,72.07,0.0,72.07,61,4396.27
2024-01-28,P0012,Groceries,Summer,47.19,111.79,198,0,Sun,58.8,0.0,58.8,125,7350.0
2024-02-07,P0012,Groceries,Winter,6.6,19.95,583,0,Tue,11.0,0.0,11.0,24,264.0
2024-02-20,P0012,Groceries,Spring,41.34,98.98,281,1,Wed,50.26,0.22,39.202799999999996,96,3763.47
2024-02-29,P0012,Groceries,Autumn,62.96,25.35,871,1,Sun,82.23,0.13,71.54010000000001,1,71.54
2024-03-05,P0012,Groceries,Summer,90.42,14.63,669,0,Sun,158.54,0.0,158.54,1,158.54
2024-03-08,P0012,Groceries,Spring,57.46,48.78,83,0,Wed,86.51,0.0,86.51,19,1643.69
2024-03-10,P0012,Groceries,Spring,63.95,57.56,416,0,Wed,70.93,0.0,70.93,47,3333.71
2024-03-13,P0012,Groceries,Winter,97.07,70.76,871,0,Mon,173.91,0.0,173.91,1,173.91
2024-03-14,P0012,Groceries,Winter,6.45,112.78,642,0,Thu,8.9,0.0,8.9,142,1263.8
2024-04-01,P0012,Groceries,Autumn,41.08,46.76,439,0,Sat,55.28,0.0,55.28,1,55.28
2024-04-04,P0012,Groceries,Winter,5.86,47.75,955,0,Wed,9.98,0.0,9.98,135,1347.3
2024-04-06,P0012,Groceries,Winter,14.14,19.3,87,1,Mon,20.36,0.14,17.5096,32,560.31
2024-04-15,P0012,Groceries,Autumn,39.46,37.89,476,0,Thu,68.05,0.0,68.05,14,952.7
2024-04-21,P0012,Groceries,Spring,85.64,101.6,391,1,Tue,120.29,0.18,98.63780000000001,48,4734.61
2024-04-25,P0012,Groceries,Summer,67.5,62.35,691,0,Sun,82.01,0.0,82.01,64,5248.64
2024-01-05,P0012,Snacks,Spring,13.99,31.77,75,0,Thu,16.93,0.0,16.93,141,2387.13
2024-01-06,P0012,Snacks,Winter,20.04,93.44,38,1,Wed,30.33,0.08,27.9036,69,1925.35
2024-01-11,P0012,Snacks,Autumn,15.8,39.91,985,1,Wed,24.66,0.13,21.4542,132,2831.95
2024-01-12,P0012,Snacks,Spring,32.68,63.81,294,0,Thu,53.77,0.0,53.77,106,5699.62
2024-01-16,P0012,Snacks,Autumn,50.0,37.38,399,0,Tue,80.36,0.0,80.36,3,241.08
2024-01-19,P0012,Snacks,Summer,3.93,81.75,38,1,Thu,4.46,0.12,3.9248,165,647.59
2024-01-30,P0012,Snacks,Autumn,92.48,117.1,277,0,Sun,117.0,0.0,117.0,48,5616.0
2024-02-01,P0012,Snacks,Autumn,40.4,46.75,590,0,Thu,53.27,0.0,53.27,17,905.59
2024-02-10,P0012,Snacks,Winter,79.55,29.98,68,0,Sat,105.65,0.0,105.65,1,105.65
2024-02-13,P0012,Snacks,Summer,57.75,47.47,648,1,Fri,72.36,0.1,65.124,50,3256.2
2024-02-24,P0012,Snacks,Spring,87.88,33.24,622,1,Tue,96.72,0.14,83.1792,1,83.18
2024-03-03,P0012,Snacks,Autumn,83.69,79.62,221,0,Tue,108.56,0.0,108.56,35,3799.6
2024-03-07,P0012,Snacks,Spring,86.1,71.79,452,0,Sun,139.29,0.0,139.29,11,1532.19
2024-03-17,P0012,Snacks,Spring,38.32,113.6,636,0,Mon,54.97,0.0,54.97,115,6321.55
2024-03-26,P0012,Snacks,Spring,94.62,22.72,528,0,Wed,156.01,0.0,156.01,1,156.01
2024-04-14,P0012,Snacks,Spring,16.41,39.03,978,0,Sun,18.84,0.0,18.84,52,979.68
2024-04-17,P0012,Snacks,Winter,55.37,96.2,414,1,Tue,88.52,0.21,69.9308,66,4615.43
