retail_dynamic_pricing_dataset.csv
date,product_id,category,season,cost_price,competitor_price,stock_level,promotion,day_of_week,current_price,discount,effective_price,units_sold,revenue
2024-01-08,P0012,Clothing,Winter,1.65,99.98,574,1,Fri,1.91,0.23,1.4707,128,188.25
2024-01-17,P0012,Clothing,Summer,43.31,41.28,365,0,Fri,74.48,0.0,74.48,19,1415.12
2024-01-18,P0012,Clothing,Spring,82.44,90.53,34,0,Tue,135.48,0.0,135.48,28,3793.44
2024-01-23,P0012,Clothing,Spring,41.1,95.89,979,0,Wed,67.65,0.0,67.65,86,5817.9
2024-01-25,P0012,Clothing,Summer,61.92,40.11,337,0,Sun,95.0,0.0,95.0,1,95.0
2024-02-18,P0012,Clothing,Autumn,72.67,9.72,335,0,Tue,107.2,0.0,107.2,1,107.2
2024-02-19,P0012,Clothing,Autumn,23.41,69.42,230,1,Wed,41.79,0.07,38.8647,66,2565.07
2024-02-27,P0012,Clothing,Winter,66.44,67.32,300,0,Fri,74.37,0.0,74.37,66,4908.42
2024-03-02,P0012,Clothing,Winter,92.06,32.59,625,0,Thu,158.22,0.0,158.22,1,158.22
2024-03-04,P0012,Clothing,Summer,88.36,30.0,795,0,Tue,138.95,0.0,138.95,1,138.95
2024-03-09,P0012,Clothing,Spring,4.78,5.37,368,0,Thu,7.02,0.0,7.02,52,365.04
2024-03-15,P0012,Clothing,Autumn,94.64,61.85,236,0,Fri,162.73,0.0,162.73,1,162.73
2024-03-16,P0012,Clothing,Summer,16.77,24.18,104,0,Fri,23.69,0.0,23.69,105,2487.45
2024-03-18,P0012,Clothing,Summer,42.31,4.08,224,0,Thu,58.05,0.0,58.05,1,58.05
2024-03-27,P0012,Clothing,Spring,27.74,36.26,872,0,Sat,33.39,0.0,33.39,99,3305.61
2024-04-02,P0012,Clothing,Autumn,65.38,52.05,868,0,Thu,115.11,0.0,115.11,1,115.11
2024-04-07,P0012,Clothing,Winter,9.45,7.86,398,1,Sat,12.9,0.2,10.32,90,928.8
2024-04-12,P0012,Clothing,Summer,41.12,116.29,238,0,Sun,48.45,0.0,48.45,17,823.65
2024-04-16,P0012,Clothing,Winter,26.45,42.61,564,1,Mon,44.66,0.22,34.8348,26,905.7
2024-04-29,P0012,Clothing,Spring,87.04,43.35,594,0,Tue,120.59,0.0,120.59,1,120.59
2024-01-14,P0012,Household,Autumn,50.84,42.21,330,0,Fri,65.82,0.0,65.82,28,1842.96
2024-01-20,P0012,Household,Spring,86.93,25.78,798,0,Tue,136.28,0.0,136.28,1,136.28
2024-01-21,P0012,Household,Autumn,25.15,99.42,30,1,Sun,28.37,0.1,25.533,129,3293.76
2024-02-02,P0012,Household,Autumn,76.73,29.42,863,0,Wed,96.75,0.0,96.75,1,96.75
2024-02-04,P0012,Household,Spring,73.31,5.73,898,0,Mon,124.87,0.0,124.87,1,124.87
2024-02-09,P0012,Household,Summer,83.9,107.9,700,0,Thu,120.66,0.0,120.66,42,5067.72
2024-02-14,P0012,Household,Summer,84.78,110.66,545,0,Sun,96.06,0.0,96.06,94,9029.64
2024-02-15,P0012,Household,Winter,93.53,55.92,52,0,Wed,152.15,0.0,152.15,1,152.15
2024-02-23,P0012,Household,Winter,86.51,88.85,671,0,Tue,110.39,0.0,110.39,44,4857.16
2024-02-25,P0012,Household,Spring,67.34,92.6,318,0,Sun,108.13,0.0,108.13,14,1513.82
2024-02-28,P0012,Household,Spring,86.56,106.63,320,0,Sun,118.27,0.0,118.27,54,6386.58
2024-03-19,P0012,Household,Autumn,73.37,77.5,296,0,Tue,91.94,0.0,91.94,18,1654.92
2024-03-31,P0012,Household,Spring,49.19,34.25,369,1,Thu,70.35,0.17,58.390499999999996,45,2627.57
2024-04-09,P0012,Household,Spring,23.7,101.74,47,1,Mon,36.28,0.15,30.838,58,1788.6
2024-04-19,P0012,Household,Autumn,81.88,63.72,503,0,Fri,146.24,0.0,146.24,1,146.24
2024-04-28,P0012,Household,Autumn,23.75,1.19,635,0,Sun,31.69,0.0,31.69,1,31.69
2024-01-01,P0013,Beverages,Summer,20.76,37.02,744,1,Thu,30.76,0.16,25.8384,39,1007.7
2024-01-03,P0013,Beverages,Autumn,4.39,24.64,704,0,Tue,6.01,0.0,6.01,33,198.33
2024-01-12,P0013,Beverages,Spring,75.47,117.29,141,0,Sat,117.25,0.0,117.25,37,4338.25
2024-01-22,P0013,Beverages,Spring,1.2,70.52,124,1,Tue,2.01,0.19,1.6280999999999999,173,281.66
2024-01-27,P0013,Beverages,Winter,38.56,32.86,138,0,Wed,47.35,0.0,47.35,4,189.4
2024-02-08,P0013,Beverages,Summer,56.3,9.01,670,0,Sun,79.92,0.0,79.92,1,79.92
2024-02-10,P0013,Beverages,Summer,14.1,60.68,546,0,Tue,20.14,0.0,20.14,102,2054.28
2024-02-11,P0013,Beverages,Spring,30.8,28.82,162,1,Wed,42.62,0.16,35.800799999999995,89,3186.27
2024-02-20,P0013,Beverages,Spring,14.15,93.24,281,0,Wed,22.23,0.0,22.23,118,2623.14
2024-02-24,P0013,Beverages,Summer,72.59,56.15,463,0,Wed,118.61,0.0,118.61,1,118.61
2024-03-02,P0013,Beverages,Autumn,8.83,118.24,112,0,Tue,12.71,0.0,12.71,118,1499.78
2024-03-12,P0013,Beverages,Spring,16.94,65.83,342,1,Sat,27.9,0.16,23.435999999999996,29,679.64
2024-03-24,P0013,Beverages,Spring,71.11,69.87,78,0,Sun,87.14,0.0,87.14,43,3747.02
2024-03-28,P0013,Beverages,Autumn,95.82,92.38,864,1,Mon,151.98,0.07,141.3414,45,6360.36
2024-03-31,P0013,Beverages,Summer,4.53,74.27,951,0,Fri,7.04,0.0,7.04,46,323.84
2024-04-01,P0013,Beverages,Autumn,33.9,5.07,998,1,Thu,37.84,0.16,31.785600000000002,1,31.79
2024-04-03,P0013,Beverages,Winter,10.88,10.52,638,1,Thu,16.51,0.1,14.859000000000002,88,1307.59
2024-04-06,P0013,Beverages,Spring,30.85,22.81,764,1,Tue,54.03,0.25,40.5225,43,1742.47
2024-04-11,P0013,Beverages,Summer,86.66,20.75,889,0,Fri,153.36,0.0,153.36,1,153.36
2024-04-14,P0013,Beverages,Spring,89.57,114.02,129,1,Mon,129.04,0.24,98.07039999999999,69,6766.86
2024-04-18,P0013,Beverages,Winter,31.67,88.36,780,1,Sun,35.87,0.19,29.0547,215,6246.76
2024-04-20,P0013,Beverages,Spring,9.17,36.02,110,1,Tue,16.26,0.2,13.008000000000003,178,2315.42
2024-04-27,P0013,Beverages,Summer,24.28,55.85,667,1,Thu,43.23,0.08,39.7716,90,3579.44
2024-01-02,P0013,Clothing,Autumn,70.04,12.94,606,0,Thu,82.14,0.0,82.14,1,82.14
2024-01-05,P0013,Clothing,Winter,45.71,34.3,743,1,Sun,53.94,0.09,49.0854,32,1570.73
2024-01-21,P0013,Clothing,Summer,92.38,38.35,855,0,Wed,165.51,0.0,165.51,1,165.51
2024-01-23,P0013,Clothing,Spring,55.52,53.37,984,1,Thu,93.4,0.14,80.324,40,3212.96
2024-01-24,P0013,Clothing,Autumn,87.35,10.3,583,0,Thu,146.71,0.0,146.71,1,146.71
2024-02-04,P0013,Clothing,Winter,55.74,62.18,567,0,Mon,83.81,0.0,83.81,50,4190.5
2024-02-29,P0013,Clothing,Spring,8.64,111.61,477,0,Fri,12.78,0.0,12.78,39,498.42
2024-03-01,P0013,Clothing,Summer,75.74,58.67,407,0,Mon,90.69,0.0,90.69,31,2811.39
2024-03-16,P0013,Clothing,Autumn,94.54,32.3,478,0,Sat,130.27,0.0,130.27,1,130.27
2024-03-21,P0013,Clothing,Autumn,39.74,15.36,984,0,Sat,48.37,0.0,48.37,1,48.37
2024-03-22,P0013,Clothing,Autumn,61.8,117.23,148,0,Mon,74.82,0.0,74.82,94,7033.08
2024-04-05,P0013,Clothing,Autumn,57.97,81.56,642,1,Fri,68.02,0.19,55.0962,46,2534.43
2024-04-07,P0013,Clothing,Autumn,2.76,56.78,585,0,Tue,3.74,0.0,3.74,77,287.98
2024-04-15,P0013,Clothing,Winter,18.77,85.02,136,0,Thu,28.59,0.0,28.59,128,3659.52
2024-04-22,P0013,Clothing,Spring,89.19,37.98,400,1,Tue,98.5,0.12,86.68,1,86.68
2024-01-04,P0013,Household,Autumn,2.88,117.73,878,0,Sat,3.34,0.0,3.34,118,394.12
2024-01-10,P0013,Household,Summer,53.84,92.8,408,1,Sun,84.83,0.17,70.40889999999999,79,5562.3
2024-01-17,P0013,Household,Spring,42.15,94.96,653,0,Fri,74.94,0.0,74.94,46,3447.24
2024-01-28,P0013,Household,Summer,3.85,45.89,855,0,Sun,5.81,0.0,5.81,56,325.36
2024-01-29,P0013,Household,Spring,79.24,60.33,474,1,Mon,118.87,0.07,110.5491,15,1658.24
2024-02-01,P0013,Household,Spring,26.31,62.25,79,0,Wed,33.01,0.0,33.01,107,3532.07
2024-02-26,P0013,Household,Autumn,44.91,95.05,376,0,Wed,59.77,0.0,59.77,30,1793.1
2024-02-27,P0013,Household,Summer,25.58,19.17,628,1,Fri,35.83,0.07,33.3219,29,966.34
2024-03-03,P0013,Household,Autumn,83.95,54.91,533,0,Sat,104.35,0.0,104.35,3,313.05
2024-03-06,P0013,Household,Autumn,86.78,34.42,409,0,Mon,152.9,0.0,152.9,1,152.9
2024-03-15,P0013,Household,Winter,2.57,91.49,480,0,Tue,3.68,0.0,3.68,196,721.28
2024-03-26,P0013,Household,Winter,21.73,3.38,285,1,Tue,33.02,0.23,25.425400000000003,1,25.43
2024-04-16,P0013,Household,Summer,88.02,9.6,52,0,Wed,155.2,0.0,155.2,1,155.2
2024-04-24,P0013,Household,Spring,4.22,16.58,367,0,Tue,6.56,0.0,6.56,30,196.8
2024-04-25,P0013,Household,Autumn,56.1,53.93,140,1,Sun,64.76,0.24,49.217600000000004,28,1378.09
2024-01-06,P0013,Snacks,Winter,66.0,62.66,802,0,Mon,82.62,0.0,82.62,55,4544.1
2024-01-08,P0013,Snacks,Summer,76.62,67.64,579,0,Thu,114.36,0.0,114.36,34,3888.24
2024-01-11,P0013,Snacks,Summer,31.52,87.91,483,1,Sat,36.24,0.12,31.8912,46,1467.0
2024-01-15,P0013,Snacks,Spring,20.07,96.66,562,1,Sat,33.57,0.1,30.213,130,3927.69
2024-01-16,P0013,Snacks,Summer,89.37,15.8,368,0,Sat,106.31,0.0,106.31,1,106.31
2024-01-19,P0013,Snacks,Summer,17.63,34.42,443,1,Tue,23.33,0.11,20.7637,110,2284.01
2024-01-20,P0013,Snacks,Spring,99.49,113.53,721,1,Tue,146.28,0.22,114.0984,16,1825.57
2024-01-30,P0013,Snacks,Autumn,46.22,18.17,172,0,Fri,75.13,0.0,75.13,1,75.13
2024-01-31,P0013,Snacks,Autumn,53.58,75.96,225,0,Tue,73.02,0.0,73.02,83,6060.66
2024-02-02,P0013,Snacks,Winter,78.63,37.06,187,0,Sat,130.3,0.0,130.3,1,130.3
2024-02-05,P0013,Snacks,Autumn,90.56,101.04,206,0,Sat,157.85,0.0,157.85,21,3314.85
2024-02-07,P0013,Snacks,Summer,78.88,117.63,246,1,Thu,133.88,0.13,116.4756,54,6289.68
2024-02-19,P0013,Snacks,Winter,80.51,49.67,673,1,Sat,126.15,0.24,95.87400000000001,11,1054.61
2024-02-22,P0013,Snacks,Summer,4.2,97.66,942,0,Sat,4.83,0.0,4.83,81,391.23
2024-02-23,P0013,Snacks,Autumn,11.08,11.16,376,0,Tue,12.4,0.0,12.4,45,558.0
2024-02-28,P0013,Snacks,Summer,42.7,1.96,866,0,Tue,56.28,0.0,56.28,1,56.28
2024-03-04,P0013,Snacks,Spring,66.6,71.3,691,0,Sun,95.08,0.0,95.08,33,3137.64
2024-03-07,P0013,Snacks,Autumn,19.43,16.81,897,1,Sat,24.12,0.07,22.4316,81,1816.96
2024-03-08,P0013,Snacks,Summer,27.19,79.67,734,1,Sun,34.68,0.23,26.7036,119,3177.73
2024-03-17,P0013,Snacks,Summer,97.14,58.33,536,0,Fri,123.18,0.0,123.18,1,123.18
2024-03-27,P0013,Snacks,Summer,41.09,24.98,200,0,Sat,46.08,0.0,46.08,24,1105.92
2024-04-10,P0013,Snacks,Winter,17.95,22.37,283,1,Sat,28.8,0.11,25.632,83,2127.46
2024-04-12,P0013,Snacks,Summer,26.11,27.78,510,0,Thu,39.44,0.0,39.44,17,670.48
2024-04-17,P0013,Snacks,Summer,80.49,75.75,435,1,Sun,111.56,0.14,95.9416,63,6044.32
2024-04-19,P0013,Snacks,Spring,4.41,14.22,343,0,Sun,7.39,0.0,7.39,19,140.41
2024-04-23,P0013,Snacks,Autumn,41.0,62.68,997,1,Tue,60.25,0.07,56.0325,47,2633.53
2024-04-28,P0013,Snacks,Spring,16.92,26.04,511,0,Sun,30.19,0.0,30.19,31,935.89
2024-01-07,P0013,Groceries,Summer,15.1,66.37,978,0,Sun,17.84,0.0,17.84,93,1659.12
2024-01-18,P0013,Groceries,Autumn,48.2,33.13,338,0,Tue,84.77,0.0,84.77,1,84.77
2024-01-26,P0013,Groceries,Summer,44.24,26.43,259,1,Thu,64.36,0.23,49.5572,9,446.01
2024-02-03,P0013,Groceries,Autumn,79.58,83.43,700,0,Sun,96.5,0.0,96.5,75,7237.5
2024-02-09,P0013,Groceries,Winter,23.87,49.22,47,1,Mon,32.89,0.11,29.272100000000002,18,526.9
2024-02-13,P0013,Groceries,Winter,78.97,11.49,592,1,Sun,111.33,0.05,105.7635,1,105.76
2024-02-14,P0013,Groceries,Spring,64.87,51.99,917,0,Fri,108.96,0.0,108.96,1,108.96
2024-02-15,P0013,Groceries,Spring,9.94,23.04,177,1,Fri,12.13,0.11,10.7957,150,1619.36
2024-02-16,P0013,Groceries,Autumn,95.53,82.17,523,0,Sat,108.83,0.0,108.83,56,6094.48
2024-02-17,P0013,Groceries,Autumn,31.24,84.89,275,0,Mon,50.41,0.0,50.41,63,3175.83
2024-02-21,P0013,Groceries,Summer,65.57,66.4,775,0,Mon,81.87,0.0,81.87,70,5730.9
2024-03-09,P0013,Groceries,Spring,14.58,61.77,556,0,Wed,24.43,0.0,24.43,38,928.34
2024-03-11,P0013,Groceries,Spring,98.69,6.36,293,0,Sun,117.62,0.0,117.62,1,117.62
2024-03-13,P0013,Groceries,Spring,83.27,23.1,621,0,Tue,127.16,0.0,127.16,1,127.16
2024-03-14,P0013,Groceries,Winter,65.54,74.46,524,1,Sat,110.75,0.24,84.17,107,9006.19
2024-03-19,P0013,Groceries,Autumn,50.67,90.83,921,0,Fri,82.32,0.0,82.32,31,2551.92
2024-03-23,P0013,Groceries,Winter,38.5,109.57,284,1,Tue,69.07,0.13,60.09089999999999,150,9013.63
2024-03-25,P0013,Groceries,Spring,79.76,93.52,151,0,Mon,125.42,0.0,125.42,26,3260.92
2024-03-29,P0013,Groceries,Spring,25.73,13.64,930,0,Tue,42.72,0.0,42.72,1,42.72
2024-04-02,P0013,Groceries,Winter,37.72,22.79,850,0,Wed,51.22,0.0,51.22,1,51.22
2024-04-09,P0013,Groceries,Spring,58.86,32.49,54,0,Sat,67.54,0.0,67.54,1,67.54
2024-04-21,P0013,Groceries,Winter,11.84,51.98,511,0,Tue,13.25,0.0,13.25,99,1311.75
2024-01-09,P0013,Electronics,Winter,13.74,6.63,398,0,Sun,16.92,0.0,16.92,1,16.92
2024-01-13,P0013,Electronics,Summer,80.61,22.98,599,1,Thu,114.41,0.18,93.81620000000001,1,93.82
2024-01-14,P0013,Electronics,Autumn,7.54,66.9,249,0,Thu,8.58,0.0,8.58,174,1492.92
2024-01-25,P0013,Electronics,Autumn,43.62,114.11,133,0,Thu,76.44,0.0,76.44,5,382.2
2024-02-06,P0013,Electronics,Spring,12.47,102.79,957,0,Thu,20.54,0.0,20.54,119,2444.26
2024-02-12,P0013,Electronics,Summer,85.78,110.72,997,1,Fri,105.28,0.12,92.6464,90,8338.18
2024-02-18,P0013,Electronics,Summer,61.09,104.83,220,1,Mon,70.01,0.19,56.70810000000001,137,7769.01
2024-02-25,P0013,Electronics,Summer,16.35,18.92,312,0,Thu,25.36,0.0,25.36,25,634.0
2024-03-05,P0013,Electronics,Autumn,42.24,89.56,961,0,Mon,71.67,0.0,71.67,60,4300.2
2024-03-10,P0013,Electronics,Winter,38.78,99.39,596,1,Tue,57.17,0.2,45.736000000000004,170,7775.12
2024-03-18,P0013,Electronics,Autumn,92.57,51.0,24,0,Fri,110.8,0.0,110.8,1,110.8
2024-03-20,P0013,Electronics,Winter,22.82,72.38,159,0,Sat,25.39,0.0,25.39,143,3630.77
2024-03-30,P0013,Electronics,Winter,35.3,6.08,890,0,Mon,40.58,0.0,40.58,1,40.58
2024-04-04,P0013,Electronics,Winter,1.14,64.58,815,0,Sun,1.6,0.0,1.6,57,91.2
2024-04-08,P0013,Electronics,Autumn,86.13,3.4,905,1,Mon,136.01,0.2,108.80799999999999,1,108.81
2024-04-13,P0013,Electronics,Spring,23.52,96.84,937,0,Sun,37.35,0.0,37.35,48,1792.8
2024-04-26,P0013,Electronics,Summer,21.59,88.26,319,0,Wed,24.27,0.0,24.27,149,3616.23
2024-04-29,P0013,Electronics,Winter,76.44,96.45,76,1,Mon,94.66,0.16,79.5144,107,8508.04
2024-01-01,P0014,Snacks,Spring,1.06,47.93,798,0,Tue,1.81,0.0,1.81,124,224.44
2024-01-17,P0014,Snacks,Autumn,82.44,54.61,98,1,Mon,124.17,0.22,96.85260000000001,28,2711.87
2024-01-21,P0014,Snacks,Spring,59.53,31.51,52,0,Sat,100.48,0.0,100.48,1,100.48
2024-01-25,P0014,Snacks,Winter,53.69,87.37,979,1,Thu,77.35,0.2,61.879999999999995,158,9777.04
2024-01-26,P0014,Snacks,Winter,68.89,116.98,880,0,Thu,76.14,0.0,76.14,62,4720.68
2024-02-16,P0014,Snacks,Autumn,34.2,1.32,473,0,Sun,48.32,0.0,48.32,1,48.32
2024-03-05,P0014,Snacks,Summer,80.27,48.65,837,1,Sat,123.47,0.25,92.60249999999999,10,926.02
2024-03-10,P0014,Snacks,Summer,34.2,102.18,138,0,Tue,60.2,0.0,60.2,48,2889.6
2024-03-14,P0014,Snacks,Winter,60.16,44.03,404,0,Thu,66.45,0.0,66.45,20,1329.0
2024-03-21,P0014,Snacks,Spring,29.48,72.49,326,0,Sun,48.05,0.0,48.05,118,5669.9
2024-03-26,P0014,Snacks,Autumn,95.52,81.39,579,0,Sat,164.17,0.0,164.17,1,164.17
2024-03-30,P0014,Snacks,Autumn,22.97,50.44,798,1,Tue,32.42,0.2,25.936000000000003,66,1711.78
2024-04-06,P0014,Snacks,Autumn,98.27,98.34,698,1,Mon,141.23,0.09,128.5193,48,6168.93
2024-04-13,P0014,Snacks,Autumn,9.77,42.4,130,0,Sat,15.02,0.0,15.02,164,2463.28
2024-04-18,P0014,Snacks,Winter,8.39,46.85,915,0,Tue,14.72,0.0,14.72,46,677.12
2024-04-20,P0014,Snacks,Summer,64.41,20.18,606,0,Tue,76.57,0.0,76.57,1,76.57
2024-04-25,P0014,Snacks,Autumn,75.1,96.23,738,1,Fri,118.24,0.16,99.32159999999999,47,4668.12
2024-04-26,P0014,Snacks,Summer,35.95,118.62,248,0,Mon,60.21,0.0,60.21,138,8308.98
2024-01-02,P0014,Beverages,Winter,44.46,51.59,270,0,Tue,76.75,0.0,76.75,39,2993.25
2024-01-10,P0014,Beverages,Winter,76.79,112.73,358,0,Tue,94.5,0.0,94.5,81,7654.5
2024-01-13,P0014,Beverages,Winter,58.32,61.13,845,0,Thu,97.15,0.0,97.15,40,3886.0
2024-01-16,P0014,Beverages,Spring,19.38,45.92,655,0,Sat,34.46,0.0,34.46,32,1102.72
2024-01-18,P0014,Beverages,Spring,78.52,60.33,939,1,Tue,102.77,0.12,90.4376,44,3979.25
2024-01-19,P0014,Beverages,Spring,97.26,75.66,383,0,Thu,143.73,0.0,143.73,1,143.73
2024-01-24,P0014,Beverages,Summer,98.04,100.05,288,1,Fri,110.44,0.2,88.352,120,10602.24
2024-02-08,P0014,Beverages,Winter,85.4,49.47,942,0,Sun,138.66,0.0,138.66,1,138.66
2024-02-20,P0014,Beverages,Autumn,84.58,72.98,988,0,Thu,147.18,0.0,147.18,1,147.18
2024-02-22,P0014,Beverages,Summer,30.39,16.12,852,0,Sat,36.16,0.0,36.16,1,36.16
2024-03-06,P0014,Beverages,Winter,26.56,48.37,98,0,Fri,29.42,0.0,29.42,27,794.34
2024-03-17,P0014,Beverages,Spring,49.75,103.07,845,0,Thu,73.77,0.0,73.77,123,9073.71
2024-03-29,P0014,Beverages,Spring,63.89,11.01,382,1,Sat,75.26,0.25,56.44500000000001,1,56.45
2024-03-31,P0014,Beverages,Autumn,74.45,30.35,90,0,Mon,98.65,0.0,98.65,1,98.65
2024-04-02,P0014,Beverages,Summer,22.85,26.58,884,0,Sat,37.6,0.0,37.6,22,827.2
2024-04-05,P0014,Beverages,Spring,85.18,53.29,941,1,Sun,132.78,0.16,111.5352,1,111.54
2024-04-15,P0014,Beverages,Autumn,22.74,17.5,213,0,Sun,37.92,0.0,37.92,1,37.92
2024-04-19,P0014,Beverages,Winter,63.31,69.02,685,1,Sat,110.56,0.06,103.9264,47,4884.54
2024-04-21,P0014,Beverages,Spring,26.41,10.34,504,0,Thu,46.76,0.0,46.76,1,46.76
2024-04-22,P0014,Beverages,Winter,96.49,66.23,807,1,Mon,164.44,0.15,139.774,1,139.77
2024-01-03,P0014,Household,Summer,9.6,43.56,489,1,Thu,14.97,0.06,14.0718,114,1604.19
2024-01-05,P0014,Household,Summer,35.25,72.63,721,1,Sun,58.22,0.09,52.9802,54,2860.93
2024-01-14,P0014,Household,Summer,87.06,33.18,337,1,Fri,104.31,0.05,99.0945,1,99.09
2024-01-28,P0014,Household,Summer,30.6,56.31,404,0,Tue,37.9,0.0,37.9,134,5078.6
2024-02-04,P0014,Household,Autumn,76.76,50.64,995,0,Thu,137.2,0.0,137.2,1,137.2
2024-02-06,P0014,Household,Summer,46.85,20.0,998,0,Tue,66.01,0.0,66.01,1,66.01
2024-02-11,P0014,Household,Summer,48.13,53.15,156,0,Wed,62.53,0.0,62.53,69,4314.57
2024-02-21,P0014,Household,Autumn,57.66,111.4,443,0,Wed,79.28,0.0,79.28,118,9355.04
2024-03-03,P0014,Household,Autumn,96.32,40.92,559,1,Sat,164.6,0.24,125.096,1,125.1
2024-03-04,P0014,Household,Winter,100.0,113.91,82,1,Tue,154.7,0.14,133.042,62,8248.6
2024-03-11,P0014,Household,Summer,70.94,34.87,599,1,Fri,89.46,0.15,76.041,1,76.04
2024-03-19,P0014,Household,Winter,90.54,49.64,453,0,Tue,153.94,0.0,153.94,1,153.94
2024-03-20,P0014,Household,Autumn,17.45,65.92,286,0,Tue,20.86,0.0,20.86,167,3483.62
2024-03-22,P0014,Household,Spring,59.29,67.47,554,0,Mon,97.35,0.0,97.35,22,2141.7
2024-04-14,P0014,Household,Winter,74.35,66.59,342,1,Fri,122.91,0.08,113.0772,10,1130.77
