retail_dynamic_pricing_dataset.csv
date,product_id,category,season,cost_price,competitor_price,stock_level,promotion,day_of_week,current_price,discount,effective_price,units_sold,revenue
2024-01-04,P0014,Groceries,Summer,55.69,35.48,68,1,Sat,63.6,0.06,59.784,17,1016.33
2024-01-08,P0014,Groceries,Summer,57.49,58.32,398,0,Sat,101.62,0.0,101.62,4,406.48
2024-01-11,P0014,Groceries,Autumn,37.73,46.57,950,0,Wed,58.22,0.0,58.22,38,2212.36
2024-01-31,P0014,Groceries,Winter,29.19,96.48,503,0,Tue,43.69,0.0,43.69,44,1922.36
2024-02-05,P0014,Groceries,Autumn,50.73,20.49,602,0,Sat,65.98,0.0,65.98,1,65.98
2024-02-07,P0014,Groceries,Spring,23.93,103.46,197,0,Wed,35.67,0.0,35.67,122,4351.74
2024-02-10,P0014,Groceries,Winter,98.25,90.52,58,0,Mon,112.88,0.0,112.88,64,7224.32
2024-02-13,P0014,Groceries,Winter,36.08,112.64,23,0,Fri,41.72,0.0,41.72,95,3963.4
2024-02-15,P0014,Groceries,Spring,17.49,119.43,349,0,Sun,19.76,0.0,19.76,44,869.44
2024-02-25,P0014,Groceries,Winter,73.45,21.85,802,1,Thu,105.89,0.13,92.1243,1,92.12
2024-02-26,P0014,Groceries,Spring,63.22,103.32,621,1,Fri,109.49,0.06,102.9206,12,1235.05
2024-02-29,P0014,Groceries,Autumn,21.5,62.46,895,0,Sat,26.07,0.0,26.07,52,1355.64
2024-03-01,P0014,Groceries,Autumn,81.7,63.91,534,1,Mon,136.98,0.18,112.3236,17,1909.5
2024-03-02,P0014,Groceries,Summer,48.51,82.14,323,1,Wed,57.06,0.2,45.648,164,7486.27
2024-03-18,P0014,Groceries,Summer,95.24,118.76,474,0,Wed,121.85,0.0,121.85,50,6092.5
2024-04-01,P0014,Groceries,Spring,6.2,79.64,443,1,Wed,6.87,0.09,6.2517000000000005,209,1306.61
2024-04-03,P0014,Groceries,Winter,1.58,83.36,944,0,Mon,1.98,0.0,1.98,24,47.52
2024-04-04,P0014,Groceries,Autumn,39.18,47.16,521,0,Wed,44.68,0.0,44.68,54,2412.72
2024-04-11,P0014,Groceries,Winter,73.92,49.06,553,0,Thu,93.35,0.0,93.35,11,1026.85
2024-04-12,P0014,Groceries,Winter,50.23,60.33,521,1,Tue,70.59,0.22,55.0602,32,1761.93
2024-04-16,P0014,Groceries,Spring,10.67,106.72,841,0,Sun,14.62,0.0,14.62,78,1140.36
2024-04-24,P0014,Groceries,Winter,11.85,79.64,374,0,Mon,15.35,0.0,15.35,56,859.6
2024-01-06,P0014,Electronics,Winter,3.81,23.35,148,0,Mon,4.74,0.0,4.74,148,701.52
2024-01-09,P0014,Electronics,Spring,25.52,106.15,57,0,Thu,32.29,0.0,32.29,51,1646.79
2024-01-12,P0014,Electronics,Summer,75.19,19.9,60,0,Sat,101.44,0.0,101.44,1,101.44
2024-01-22,P0014,Electronics,Spring,49.68,21.26,620,0,Fri,58.99,0.0,58.99,1,58.99
2024-01-23,P0014,Electronics,Spring,67.42,85.54,93,0,Mon,102.62,0.0,102.62,35,3591.7
2024-01-29,P0014,Electronics,Spring,34.19,108.03,221,0,Sun,49.41,0.0,49.41,52,2569.32
2024-02-01,P0014,Electronics,Winter,18.12,67.85,397,0,Wed,27.86,0.0,27.86,66,1838.76
2024-02-03,P0014,Electronics,Summer,46.62,45.15,568,0,Sat,71.99,0.0,71.99,19,1367.81
2024-02-12,P0014,Electronics,Summer,19.41,114.5,841,0,Mon,25.39,0.0,25.39,34,863.26
2024-02-17,P0014,Electronics,Summer,55.89,2.1,839,0,Sat,69.74,0.0,69.74,1,69.74
2024-02-24,P0014,Electronics,Spring,2.54,65.65,528,1,Fri,4.38,0.13,3.8106,148,563.97
2024-02-27,P0014,Electronics,Summer,48.15,51.03,838,0,Wed,53.97,0.0,53.97,98,5289.06
2024-03-07,P0014,Electronics,Summer,23.88,85.18,390,0,Sat,35.17,0.0,35.17,29,1019.93
2024-03-08,P0014,Electronics,Summer,26.11,76.71,536,1,Sun,29.0,0.11,25.81,64,1651.84
2024-03-09,P0014,Electronics,Autumn,98.69,119.5,653,0,Tue,150.67,0.0,150.67,37,5574.79
2024-03-16,P0014,Electronics,Winter,18.32,76.82,980,1,Fri,22.82,0.1,20.538,212,4354.06
2024-03-23,P0014,Electronics,Winter,48.27,11.75,405,1,Fri,59.01,0.08,54.2892,1,54.29
2024-03-25,P0014,Electronics,Summer,37.56,106.76,351,0,Mon,46.4,0.0,46.4,100,4640.0
2024-03-27,P0014,Electronics,Autumn,95.19,81.77,629,1,Tue,130.13,0.13,113.2131,68,7698.49
2024-04-08,P0014,Electronics,Autumn,74.74,31.54,408,0,Sun,95.45,0.0,95.45,1,95.45
2024-04-09,P0014,Electronics,Summer,27.01,102.18,635,0,Fri,40.53,0.0,40.53,37,1499.61
2024-04-17,P0014,Electronics,Spring,48.33,66.93,110,1,Fri,80.44,0.18,65.9608,41,2704.39
2024-04-28,P0014,Electronics,Winter,80.28,116.92,258,0,Thu,97.3,0.0,97.3,45,4378.5
2024-04-29,P0014,Electronics,Winter,15.99,3.64,885,0,Wed,19.05,0.0,19.05,1,19.05
2024-01-07,P0014,Clothing,Winter,46.64,92.54,680,0,Thu,82.32,0.0,82.32,57,4692.24
2024-01-15,P0014,Clothing,Autumn,55.15,51.76,473,1,Sun,95.81,0.07,89.10329999999999,41,3653.24
2024-01-20,P0014,Clothing,Winter,10.26,1.45,772,0,Tue,14.46,0.0,14.46,1,14.46
2024-01-27,P0014,Clothing,Spring,35.37,10.19,572,1,Sun,60.04,0.07,55.837199999999996,1,55.84
2024-01-30,P0014,Clothing,Winter,4.82,38.97,885,1,Wed,7.37,0.13,6.4119,164,1051.55
2024-02-02,P0014,Clothing,Winter,46.29,117.45,188,1,Mon,78.02,0.18,63.9764,187,11963.59
2024-02-09,P0014,Clothing,Winter,10.01,74.84,210,1,Mon,14.33,0.25,10.7475,219,2353.7
2024-02-14,P0014,Clothing,Winter,2.52,81.93,28,0,Mon,3.82,0.0,3.82,181,691.42
2024-02-18,P0014,Clothing,Autumn,13.82,9.04,503,0,Sun,17.88,0.0,17.88,9,160.92
2024-02-19,P0014,Clothing,Winter,67.92,113.28,568,0,Wed,97.65,0.0,97.65,28,2734.2
2024-02-23,P0014,Clothing,Summer,13.02,4.81,502,0,Tue,17.04,0.0,17.04,1,17.04
2024-02-28,P0014,Clothing,Spring,11.1,92.68,390,0,Sun,12.97,0.0,12.97,173,2243.81
2024-03-12,P0014,Clothing,Spring,95.94,13.08,128,0,Fri,169.11,0.0,169.11,1,169.11
2024-03-13,P0014,Clothing,Autumn,82.14,13.69,749,0,Sat,90.88,0.0,90.88,1,90.88
2024-03-15,P0014,Clothing,Summer,17.73,57.79,362,0,Thu,24.18,0.0,24.18,48,1160.64
2024-03-24,P0014,Clothing,Summer,12.82,14.69,488,0,Fri,16.71,0.0,16.71,94,1570.74
2024-03-28,P0014,Clothing,Summer,56.38,97.96,68,1,Sat,88.35,0.06,83.04899999999999,149,12374.3
2024-04-07,P0014,Clothing,Spring,67.11,42.43,264,0,Mon,106.39,0.0,106.39,1,106.39
2024-04-10,P0014,Clothing,Spring,52.51,82.56,452,0,Sun,66.35,0.0,66.35,35,2322.25
2024-04-23,P0014,Clothing,Winter,82.62,9.39,517,0,Tue,97.64,0.0,97.64,1,97.64
2024-04-27,P0014,Clothing,Spring,75.28,92.54,22,0,Wed,111.27,0.0,111.27,61,6787.47
2024-01-01,P0015,Groceries,Winter,66.52,67.5,924,0,Mon,73.98,0.0,73.98,53,3920.94
2024-01-02,P0015,Groceries,Autumn,86.41,20.6,442,0,Sat,115.8,0.0,115.8,1,115.8
2024-01-08,P0015,Groceries,Summer,33.37,10.91,968,1,Mon,55.33,0.12,48.6904,1,48.69
2024-01-13,P0015,Groceries,Summer,90.19,36.13,256,0,Sat,131.15,0.0,131.15,1,131.15
2024-01-15,P0015,Groceries,Summer,77.23,15.99,132,1,Thu,129.31,0.08,118.96520000000001,1,118.97
2024-01-19,P0015,Groceries,Summer,78.86,116.41,212,0,Fri,100.0,0.0,100.0,75,7500.0
2024-01-20,P0015,Groceries,Summer,30.01,89.51,749,0,Sun,34.02,0.0,34.02,94,3197.88
2024-02-07,P0015,Groceries,Autumn,82.29,71.33,938,0,Wed,92.69,0.0,92.69,32,2966.08
2024-02-19,P0015,Groceries,Summer,73.17,23.85,187,0,Mon,103.37,0.0,103.37,1,103.37
2024-02-23,P0015,Groceries,Autumn,33.26,50.99,868,1,Mon,57.44,0.22,44.8032,134,6003.63
2024-02-26,P0015,Groceries,Summer,82.03,44.72,483,0,Wed,102.01,0.0,102.01,1,102.01
2024-03-01,P0015,Groceries,Summer,35.98,28.52,559,0,Mon,47.67,0.0,47.67,29,1382.43
2024-03-12,P0015,Groceries,Autumn,21.89,57.16,996,0,Thu,25.23,0.0,25.23,134,3380.82
2024-03-30,P0015,Groceries,Summer,55.04,78.22,542,0,Tue,77.72,0.0,77.72,42,3264.24
2024-03-31,P0015,Groceries,Summer,9.0,50.71,489,0,Fri,10.89,0.0,10.89,120,1306.8
2024-04-01,P0015,Groceries,Autumn,78.6,105.92,993,0,Mon,93.44,0.0,93.44,50,4672.0
2024-04-10,P0015,Groceries,Autumn,1.14,108.78,469,0,Mon,1.3,0.0,1.3,84,109.2
2024-04-24,P0015,Groceries,Winter,13.63,87.31,815,0,Tue,17.92,0.0,17.92,98,1756.16
2024-04-27,P0015,Groceries,Winter,45.33,37.42,336,1,Wed,65.3,0.17,54.199,29,1571.77
2024-01-03,P0015,Household,Spring,33.01,30.17,195,0,Thu,36.38,0.0,36.38,33,1200.54
2024-01-11,P0015,Household,Summer,65.46,27.9,571,0,Sun,82.96,0.0,82.96,1,82.96
2024-01-17,P0015,Household,Spring,90.73,20.09,325,1,Thu,106.45,0.21,84.0955,1,84.1
2024-01-25,P0015,Household,Winter,36.47,90.32,407,0,Thu,55.97,0.0,55.97,123,6884.31
2024-02-02,P0015,Household,Autumn,97.96,1.93,461,0,Sat,167.62,0.0,167.62,1,167.62
2024-02-04,P0015,Household,Autumn,16.44,6.83,813,0,Sat,24.71,0.0,24.71,1,24.71
2024-02-22,P0015,Household,Autumn,81.11,35.93,688,1,Mon,96.82,0.18,79.3924,1,79.39
2024-03-04,P0015,Household,Winter,15.48,114.86,180,1,Tue,23.58,0.25,17.685,218,3855.33
2024-03-07,P0015,Household,Spring,46.41,30.89,901,0,Sun,64.47,0.0,64.47,1,64.47
2024-03-20,P0015,Household,Spring,34.93,25.5,901,0,Tue,62.79,0.0,62.79,1,62.79
2024-03-25,P0015,Household,Summer,57.96,97.1,603,0,Mon,89.93,0.0,89.93,85,7644.05
2024-04-03,P0015,Household,Summer,7.51,1.06,520,0,Tue,8.69,0.0,8.69,1,8.69
2024-04-12,P0015,Household,Winter,46.75,107.86,739,1,Sat,71.59,0.1,64.43100000000001,60,3865.86
2024-04-13,P0015,Household,Autumn,91.63,113.84,906,0,Mon,139.72,0.0,139.72,54,7544.88
2024-04-18,P0015,Household,Spring,72.81,19.45,730,0,Sat,88.94,0.0,88.94,1,88.94
2024-04-19,P0015,Household,Autumn,59.83,103.71,638,0,Thu,107.03,0.0,107.03,80,8562.4
2024-04-20,P0015,Household,Winter,56.35,113.75,195,0,Wed,94.87,0.0,94.87,92,8728.04
2024-04-22,P0015,Household,Winter,58.93,29.06,407,1,Sat,104.8,0.14,90.128,1,90.13
2024-04-25,P0015,Household,Autumn,97.01,61.97,644,1,Fri,130.59,0.23,100.55430000000001,14,1407.76
2024-01-04,P0015,Clothing,Winter,8.95,88.41,267,0,Tue,14.91,0.0,14.91,107,1595.37
2024-01-26,P0015,Clothing,Autumn,95.88,31.77,818,0,Sun,145.62,0.0,145.62,1,145.62
2024-01-31,P0015,Clothing,Summer,67.63,43.56,284,1,Mon,81.78,0.11,72.7842,22,1601.25
2024-02-10,P0015,Clothing,Spring,45.19,64.57,697,0,Sun,59.04,0.0,59.04,47,2774.88
2024-02-20,P0015,Clothing,Winter,42.42,53.27,487,1,Mon,53.62,0.14,46.1132,55,2536.23
2024-03-06,P0015,Clothing,Autumn,32.86,3.77,656,0,Wed,38.64,0.0,38.64,1,38.64
2024-03-18,P0015,Clothing,Winter,17.6,3.01,792,0,Sun,19.98,0.0,19.98,1,19.98
2024-03-22,P0015,Clothing,Autumn,79.7,12.0,310,0,Thu,129.59,0.0,129.59,1,129.59
2024-03-28,P0015,Clothing,Summer,56.01,27.31,756,0,Fri,67.2,0.0,67.2,1,67.2
2024-04-06,P0015,Clothing,Spring,20.56,51.24,540,0,Sat,27.19,0.0,27.19,133,3616.27
2024-04-08,P0015,Clothing,Summer,5.37,105.43,272,1,Mon,8.82,0.17,7.3206,164,1200.58
2024-04-14,P0015,Clothing,Autumn,72.31,106.42,290,0,Thu,123.45,0.0,123.45,40,4938.0
2024-04-17,P0015,Clothing,Spring,93.23,74.81,215,1,Sat,119.76,0.13,104.19120000000001,43,4480.22
2024-04-26,P0015,Clothing,Spring,24.7,44.91,93,0,Thu,30.17,0.0,30.17,46,1387.82
2024-04-29,P0015,Clothing,Winter,55.48,89.6,763,1,Wed,94.79,0.08,87.20680000000002,57,4970.79
2024-01-05,P0015,Electronics,Winter,3.7,31.09,219,0,Thu,5.3,0.0,5.3,162,858.6
2024-01-12,P0015,Electronics,Spring,99.2,104.61,498,0,Thu,122.82,0.0,122.82,50,6141.0
2024-01-21,P0015,Electronics,Winter,9.27,102.53,355,0,Mon,10.67,0.0,10.67,170,1813.9
2024-01-28,P0015,Electronics,Spring,41.72,119.76,960,0,Tue,51.51,0.0,51.51,143,7365.93
2024-02-01,P0015,Electronics,Summer,83.16,70.31,169,1,Sun,105.72,0.22,82.4616,58,4782.77
2024-02-03,P0015,Electronics,Summer,14.08,37.69,32,1,Fri,22.49,0.22,17.5422,153,2683.96
2024-02-05,P0015,Electronics,Autumn,5.2,75.28,654,0,Fri,7.29,0.0,7.29,135,984.15
2024-02-06,P0015,Electronics,Summer,26.78,72.88,170,0,Mon,46.04,0.0,46.04,102,4696.08
2024-02-09,P0015,Electronics,Spring,55.24,113.4,67,1,Sun,85.05,0.07,79.09649999999999,150,11864.47
2024-02-11,P0015,Electronics,Winter,33.26,67.15,877,0,Wed,41.53,0.0,41.53,113,4692.89
2024-02-17,P0015,Electronics,Spring,64.68,92.21,942,0,Sun,95.02,0.0,95.02,76,7221.52
2024-02-18,P0015,Electronics,Winter,95.77,30.92,156,0,Wed,170.93,0.0,170.93,1,170.93
2024-02-27,P0015,Electronics,Winter,30.24,41.85,121,0,Fri,51.59,0.0,51.59,7,361.13
2024-02-29,P0015,Electronics,Summer,57.9,105.85,882,0,Fri,85.96,0.0,85.96,81,6962.76
2024-03-02,P0015,Electronics,Autumn,42.52,43.6,358,0,Tue,60.38,0.0,60.38,29,1751.02
2024-03-08,P0015,Electronics,Winter,36.82,105.63,960,0,Fri,51.97,0.0,51.97,54,2806.38
2024-03-10,P0015,Electronics,Spring,58.32,83.04,806,0,Fri,91.71,0.0,91.71,43,3943.53
2024-03-17,P0015,Electronics,Spring,45.72,103.78,75,0,Mon,58.32,0.0,58.32,125,7290.0
2024-03-23,P0015,Electronics,Spring,99.29,111.85,410,0,Fri,172.77,0.0,172.77,45,7774.65
2024-03-24,P0015,Electronics,Summer,53.36,90.08,557,0,Tue,85.26,0.0,85.26,73,6223.98
2024-03-27,P0015,Electronics,Winter,40.56,76.08,324,1,Tue,54.88,0.1,49.392,160,7902.72
2024-04-04,P0015,Electronics,Spring,80.3,111.06,231,0,Sun,89.99,0.0,89.99,13,1169.87
2024-04-15,P0015,Electronics,Summer,13.47,25.97,461,0,Mon,14.99,0.0,14.99,74,1109.26
2024-04-16,P0015,Electronics,Autumn,36.1,9.34,159,1,Sat,49.61,0.12,43.6568,1,43.66
2024-01-06,P0015,Beverages,Autumn,11.89,22.4,812,0,Thu,13.95,0.0,13.95,15,209.25
2024-01-16,P0015,Beverages,Winter,93.75,2.92,919,0,Fri,133.69,0.0,133.69,1,133.69
2024-01-18,P0015,Beverages,Summer,88.57,87.03,645,0,Tue,106.05,0.0,106.05,27,2863.35
2024-01-24,P0015,Beverages,Spring,99.85,88.02,162,0,Tue,133.27,0.0,133.27,30,3998.1
2024-01-29,P0015,Beverages,Spring,12.71,67.79,565,0,Mon,14.6,0.0,14.6,53,773.8
2024-01-30,P0015,Beverages,Winter,24.48,38.67,719,1,Thu,43.18,0.24,32.8168,76,2494.08
2024-02-08,P0015,Beverages,Spring,20.63,18.97,771,0,Mon,24.68,0.0,24.68,28,691.04
2024-02-13,P0015,Beverages,Autumn,50.73,63.41,857,0,Sun,73.81,0.0,73.81,13,959.53
2024-02-15,P0015,Beverages,Winter,69.2,72.64,29,0,Sun,113.06,0.0,113.06,22,2487.32
2024-03-03,P0015,Beverages,Spring,35.43,3.41,197,0,Fri,59.39,0.0,59.39,1,59.39
2024-03-11,P0015,Beverages,Winter,15.34,74.05,800,0,Thu,23.59,0.0,23.59,143,3373.37
2024-03-14,P0015,Beverages,Spring,52.52,5.8,286,1,Wed,93.36,0.19,75.6216,1,75.62
2024-03-15,P0015,Beverages,Summer,10.42,109.58,176,0,Fri,13.71,0.0,13.71,63,863.73
2024-03-19,P0015,Beverages,Spring,45.18,11.09,599,0,Sat,67.35,0.0,67.35,1,67.35
2024-03-21,P0015,Beverages,Summer,86.2,71.63,661,1,Tue,107.51,0.13,93.53370000000001,83,7763.3
2024-03-26,P0015,Beverages,Summer,94.72,70.48,844,0,Tue,141.53,0.0,141.53,3,424.59
2024-04-02,P0015,Beverages,Autumn,98.54,103.79,907,0,Thu,162.62,0.0,162.62,46,7480.52
2024-04-09,P0015,Beverages,Spring,46.86,65.17,198,0,Sun,80.06,0.0,80.06,43,3442.58
2024-04-11,P0015,Beverages,Autumn,55.89,93.92,426,0,Mon,91.96,0.0,91.96,17,1563.32
2024-04-21,P0015,Beverages,Winter,40.41,15.43,454,0,Fri,64.26,0.0,64.26,1,64.26
2024-04-28,P0015,Beverages,Winter,3.25,80.25,578,0,Sun,5.42,0.0,5.42,107,579.94
2024-01-07,P0015,Snacks,Autumn,1.42,45.25,301,0,Sat,1.91,0.0,1.91,55,105.05
2024-01-09,P0015,Snacks,Summer,30.63,18.43,767,0,Sun,47.95,0.0,47.95,1,47.95
2024-01-10,P0015,Snacks,Spring,11.92,18.43,582,0,Wed,20.17,0.0,20.17,66,1331.22
2024-01-14,P0015,Snacks,Winter,26.03,33.59,462,0,Fri,34.81,0.0,34.81,31,1079.11
2024-01-22,P0015,Snacks,Winter,49.29,94.62,263,0,Sat,64.54,0.0,64.54,73,4711.42
2024-01-23,P0015,Snacks,Summer,6.42,36.23,339,1,Sat,7.73,0.2,6.184000000000001,56,346.3
2024-01-27,P0015,Snacks,Spring,77.54,110.56,629,1,Fri,99.02,0.22,77.2356,108,8341.44
2024-02-12,P0015,Snacks,Autumn,62.22,65.77,999,0,Mon,94.78,0.0,94.78,30,2843.4
2024-02-14,P0015,Snacks,Spring,34.14,112.67,173,0,Sun,50.03,0.0,50.03,119,5953.57
2024-02-16,P0015,Snacks,Summer,28.72,58.73,108,1,Mon,34.1,0.14,29.326,187,5483.96
2024-02-21,P0015,Snacks,Summer,75.01,2.87,706,0,Wed,101.21,0.0,101.21,1,101.21
2024-02-24,P0015,Snacks,Winter,70.81,69.87,914,0,Sat,80.25,0.0,80.25,72,5778.0
2024-02-25,P0015,Snacks,Winter,44.01,65.64,491,0,Sun,51.02,0.0,51.02,39,1989.78
2024-02-28,P0015,Snacks,Winter,93.84,1.16,939,0,Tue,160.04,0.0,160.04,1,160.04
2024-03-05,P0015,Snacks,Summer,7.78,59.85,213,0,Sun,12.61,0.0,12.61,101,1273.61
2024-03-09,P0015,Snacks,Autumn,2.38,45.71,246,0,Wed,3.05,0.0,3.05,38,115.9
2024-03-13,P0015,Snacks,Winter,12.95,100.15,878,1,Tue,17.8,0.18,14.596000000000002,234,3415.46
2024-03-16,P0015,Snacks,Autumn,26.38,86.45,637,0,Sun,40.06,0.0,40.06,36,1442.16
2024-03-29,P0015,Snacks,Summer,38.53,109.29,975,0,Thu,54.46,0.0,54.46,83,4520.18
2024-04-05,P0015,Snacks,Winter,24.93,44.25,431,1,Tue,31.13,0.08,28.6396,149,4267.3
2024-04-07,P0015,Snacks,Spring,69.64,11.15,53,0,Fri,76.99,0.0,76.99,1,76.99
2024-04-23,P0015,Snacks,Autumn,77.39,75.4,594,1,Wed,127.91,0.05,121.5145,47,5711.18
2024-01-01,P0016,Groceries,Spring,38.8,35.37,804,0,Sun,49.56,0.0,49.56,33,1635.48
2024-01-18,P0016,Groceries,Winter,54.85,103.59,322,0,Mon,98.12,0.0,98.12,29,2845.48
2024-01-29,P0016,Groceries,Autumn,40.81,105.38,151,0,Wed,69.13,0.0,69.13,96,6636.48
2024-02-01,P0016,Groceries,Winter,19.09,95.14,244,0,Fri,29.76,0.0,29.76,127,3779.52
2024-02-13,P0016,Groceries,Summer,54.81,37.09,211,0,Mon,94.58,0.0,94.58,1,94.58
2024-02-24,P0016,Groceries,Spring,47.33,104.85,810,0,Fri,81.15,0.0,81.15,28,2272.2
2024-02-28,P0016,Groceries,Winter,71.58,36.26,391,0,Thu,108.33,0.0,108.33,1,108.33
2024-03-06,P0016,Groceries,Spring,12.44,6.76,170,0,Fri,19.96,0.0,19.96,1,19.96
2024-03-07,P0016,Groceries,Spring,84.0,96.64,370,0,Fri,136.02,0.0,136.02,34,4624.68
2024-03-14,P0016,Groceries,Summer,67.11,119.09,439,0,Sun,112.73,0.0,112.73,81,9131.13
2024-03-15,P0016,Groceries,Spring,53.74,88.44,575,1,Wed,91.22,0.08,83.9224,52,4363.96
2024-03-31,P0016,Groceries,Winter,82.23,46.44,888,0,Wed,110.62,0.0,110.62,1,110.62
2024-04-03,P0016,Groceries,Autumn,72.6,26.41,919,1,Sun,127.56,0.09,116.0796,1,116.08
2024-04-08,P0016,Groceries,Autumn,47.79,7.72,75,0,Sun,53.92,0.0,53.92,1,53.92
2024-04-10,P0016,Groceries,Winter,53.54,65.03,654,0,Mon,95.33,0.0,95.33,19,1811.27
2024-04-19,P0016,Groceries,Spring,58.41,62.91,125,1,Mon,83.85,0.08,77.142,93,7174.21
2024-04-28,P0016,Groceries,Spring,45.59,43.21,118,0,Fri,57.88,0.0,57.88,61,3530.68
2024-04-29,P0016,Groceries,Winter,22.01,99.04,692,0,Tue,24.83,0.0,24.83,98,2433.34
