retail_dynamic_pricing_dataset.csv
date,product_id,category,season,cost_price,competitor_price,stock_level,promotion,day_of_week,current_price,discount,effective_price,units_sold,revenue
2024-01-02,P0016,Clothing,Autumn,25.73,39.79,958,1,Thu,35.94,0.06,33.78359999999999,25,844.59
2024-01-07,P0016,Clothing,Autumn,12.5,117.43,891,0,Tue,21.67,0.0,21.67,41,888.47
2024-01-19,P0016,Clothing,Spring,31.72,97.45,159,0,Tue,36.85,0.0,36.85,160,5896.0
2024-01-25,P0016,Clothing,Spring,9.99,87.89,575,0,Thu,12.04,0.0,12.04,38,457.52
2024-02-07,P0016,Clothing,Winter,73.49,71.27,111,0,Sat,119.0,0.0,119.0,17,2023.0
2024-02-09,P0016,Clothing,Spring,3.11,42.35,839,0,Sun,4.25,0.0,4.25,145,616.25
2024-02-14,P0016,Clothing,Summer,32.14,105.31,459,0,Mon,42.56,0.0,42.56,132,5617.92
2024-02-22,P0016,Clothing,Winter,63.98,51.01,605,0,Thu,99.7,0.0,99.7,13,1296.1
2024-03-02,P0016,Clothing,Summer,20.21,114.69,167,0,Sun,22.89,0.0,22.89,44,1007.16
2024-03-13,P0016,Clothing,Summer,57.07,18.6,280,1,Thu,90.13,0.14,77.5118,1,77.51
2024-03-19,P0016,Clothing,Winter,63.8,75.73,903,0,Mon,83.76,0.0,83.76,75,6282.0
2024-03-30,P0016,Clothing,Winter,31.51,73.03,93,1,Thu,36.78,0.16,30.8952,188,5808.3
2024-04-01,P0016,Clothing,Autumn,6.62,65.57,413,0,Sat,8.7,0.0,8.7,84,730.8
2024-04-02,P0016,Clothing,Summer,86.71,83.68,765,0,Fri,117.34,0.0,117.34,20,2346.8
2024-04-04,P0016,Clothing,Summer,45.18,41.63,94,0,Thu,49.76,0.0,49.76,40,1990.4
2024-04-09,P0016,Clothing,Autumn,45.84,43.33,253,0,Tue,74.99,0.0,74.99,6,449.94
2024-04-12,P0016,Clothing,Autumn,90.94,102.97,634,0,Tue,160.88,0.0,160.88,46,7400.48
2024-04-13,P0016,Clothing,Autumn,67.1,21.16,532,0,Sat,103.88,0.0,103.88,1,103.88
2024-04-22,P0016,Clothing,Summer,85.18,73.87,68,0,Tue,130.07,0.0,130.07,22,2861.54
2024-04-24,P0016,Clothing,Spring,38.88,51.17,800,1,Sat,43.68,0.16,36.691199999999995,89,3265.52
2024-04-25,P0016,Clothing,Summer,66.94,75.34,586,0,Thu,101.01,0.0,101.01,49,4949.49
2024-01-03,P0016,Beverages,Spring,98.57,55.75,326,0,Mon,171.95,0.0,171.95,1,171.95
2024-01-05,P0016,Beverages,Summer,42.02,101.28,595,0,Fri,51.84,0.0,51.84,44,2280.96
2024-01-06,P0016,Beverages,Winter,46.85,52.99,621,0,Tue,51.54,0.0,51.54,72,3710.88
2024-01-22,P0016,Beverages,Spring,25.17,75.74,760,0,Thu,33.94,0.0,33.94,153,5192.82
2024-01-23,P0016,Beverages,Spring,11.16,60.11,921,0,Fri,18.09,0.0,18.09,23,416.07
2024-01-24,P0016,Beverages,Summer,5.03,24.9,326,0,Wed,8.69,0.0,8.69,46,399.74
2024-01-26,P0016,Beverages,Winter,68.33,110.57,661,0,Sun,79.65,0.0,79.65,73,5814.45
2024-02-06,P0016,Beverages,Spring,59.18,14.1,969,1,Tue,82.76,0.06,77.7944,1,77.79
2024-02-29,P0016,Beverages,Summer,37.12,27.97,641,0,Mon,41.78,0.0,41.78,23,960.94
2024-03-03,P0016,Beverages,Winter,59.89,116.67,390,0,Tue,98.09,0.0,98.09,60,5885.4
2024-03-09,P0016,Beverages,Spring,47.7,17.97,612,0,Thu,67.56,0.0,67.56,1,67.56
2024-03-20,P0016,Beverages,Summer,5.47,94.33,435,0,Thu,9.06,0.0,9.06,50,453.0
2024-03-27,P0016,Beverages,Spring,6.84,76.44,222,0,Sun,12.2,0.0,12.2,18,219.6
2024-04-16,P0016,Beverages,Spring,99.37,25.06,756,0,Mon,133.88,0.0,133.88,1,133.88
2024-04-21,P0016,Beverages,Summer,97.78,33.05,178,0,Mon,149.24,0.0,149.24,1,149.24
2024-04-23,P0016,Beverages,Winter,69.98,91.83,207,0,Sun,92.14,0.0,92.14,17,1566.38
2024-01-04,P0016,Snacks,Spring,43.39,54.58,45,0,Thu,52.63,0.0,52.63,52,2736.76
2024-01-11,P0016,Snacks,Spring,85.81,76.02,907,0,Sat,124.23,0.0,124.23,38,4720.74
2024-01-12,P0016,Snacks,Summer,20.09,44.68,384,0,Sat,24.33,0.0,24.33,40,973.2
2024-01-17,P0016,Snacks,Winter,8.35,41.04,180,1,Thu,9.69,0.11,8.6241,227,1957.67
2024-01-20,P0016,Snacks,Autumn,99.29,22.87,169,0,Fri,124.38,0.0,124.38,1,124.38
2024-01-21,P0016,Snacks,Autumn,63.47,112.07,160,0,Thu,74.13,0.0,74.13,132,9785.16
2024-01-30,P0016,Snacks,Autumn,36.07,114.35,450,1,Sat,42.01,0.16,35.288399999999996,103,3634.71
2024-02-04,P0016,Snacks,Summer,95.55,94.26,854,0,Sat,163.02,0.0,163.02,27,4401.54
2024-02-10,P0016,Snacks,Winter,99.83,67.43,135,1,Sun,138.4,0.22,107.95200000000001,56,6045.31
2024-02-11,P0016,Snacks,Summer,92.88,118.98,36,1,Mon,139.88,0.19,113.3028,124,14049.55
2024-02-12,P0016,Snacks,Autumn,12.86,87.5,744,0,Sat,19.28,0.0,19.28,132,2544.96
2024-02-20,P0016,Snacks,Autumn,4.78,78.42,831,0,Thu,6.83,0.0,6.83,145,990.35
2024-02-23,P0016,Snacks,Winter,74.76,7.56,332,0,Mon,130.51,0.0,130.51,1,130.51
2024-02-26,P0016,Snacks,Autumn,16.43,56.22,955,1,Thu,24.4,0.18,20.008,199,3981.59
2024-02-27,P0016,Snacks,Spring,32.36,36.93,852,1,Tue,55.83,0.23,42.9891,111,4771.79
2024-03-05,P0016,Snacks,Summer,47.48,63.43,359,0,Sun,80.02,0.0,80.02,42,3360.84
2024-03-11,P0016,Snacks,Winter,93.7,42.36,121,0,Sun,144.93,0.0,144.93,1,144.93
2024-03-18,P0016,Snacks,Spring,49.77,51.98,106,1,Sun,79.88,0.09,72.6908,50,3634.54
2024-03-22,P0016,Snacks,Summer,59.35,15.6,681,0,Sat,79.16,0.0,79.16,1,79.16
2024-03-28,P0016,Snacks,Autumn,43.99,35.95,992,1,Fri,61.34,0.23,47.23180000000001,32,1511.42
2024-04-17,P0016,Snacks,Winter,17.18,35.52,733,0,Tue,24.64,0.0,24.64,9,221.76
2024-04-26,P0016,Snacks,Autumn,53.64,103.72,914,0,Fri,73.11,0.0,73.11,43,3143.73
2024-01-08,P0016,Electronics,Autumn,39.92,38.0,794,1,Tue,56.56,0.18,46.379200000000004,60,2782.75
2024-01-14,P0016,Electronics,Autumn,4.73,72.91,22,0,Sat,8.47,0.0,8.47,35,296.45
2024-01-16,P0016,Electronics,Spring,47.79,31.66,623,1,Wed,63.16,0.17,52.422799999999995,42,2201.76
2024-01-27,P0016,Electronics,Spring,85.64,8.73,180,0,Wed,125.65,0.0,125.65,1,125.65
2024-01-31,P0016,Electronics,Winter,64.81,9.58,727,0,Sun,89.99,0.0,89.99,1,89.99
2024-02-02,P0016,Electronics,Summer,95.38,34.49,514,0,Tue,111.03,0.0,111.03,1,111.03
2024-02-03,P0016,Electronics,Spring,73.13,65.44,75,0,Sat,123.63,0.0,123.63,1,123.63
2024-02-17,P0016,Electronics,Spring,23.13,78.0,230,1,Sun,26.56,0.14,22.8416,173,3951.6
2024-02-18,P0016,Electronics,Summer,4.35,49.86,752,1,Wed,6.96,0.06,6.5424,71,464.51
2024-02-19,P0016,Electronics,Spring,29.88,87.82,877,1,Wed,46.67,0.12,41.0696,40,1642.78
2024-02-25,P0016,Electronics,Spring,60.43,9.81,610,1,Thu,89.81,0.17,74.5423,1,74.54
2024-03-04,P0016,Electronics,Spring,81.14,68.94,454,0,Mon,113.65,0.0,113.65,17,1932.05
2024-03-16,P0016,Electronics,Autumn,15.61,72.23,759,0,Fri,21.11,0.0,21.11,41,865.51
2024-03-17,P0016,Electronics,Winter,71.2,37.13,326,0,Wed,80.53,0.0,80.53,1,80.53
2024-03-23,P0016,Electronics,Winter,46.48,23.81,622,0,Sun,55.26,0.0,55.26,1,55.26
2024-03-25,P0016,Electronics,Autumn,24.84,112.68,737,1,Mon,31.55,0.11,28.0795,156,4380.4
2024-04-14,P0016,Electronics,Spring,62.14,44.39,225,0,Fri,95.13,0.0,95.13,1,95.13
2024-04-15,P0016,Electronics,Winter,92.72,59.07,433,0,Mon,165.88,0.0,165.88,1,165.88
2024-04-18,P0016,Electronics,Winter,75.15,113.74,264,0,Fri,88.45,0.0,88.45,88,7783.6
2024-04-20,P0016,Electronics,Summer,46.64,104.49,196,0,Thu,79.82,0.0,79.82,46,3671.72
2024-04-27,P0016,Electronics,Summer,25.69,17.75,731,0,Wed,45.08,0.0,45.08,1,45.08
2024-01-09,P0016,Household,Summer,34.3,83.45,241,0,Thu,40.37,0.0,40.37,153,6176.61
2024-01-10,P0016,Household,Summer,47.05,91.31,282,0,Thu,61.25,0.0,61.25,73,4471.25
2024-01-13,P0016,Household,Autumn,61.17,31.63,875,0,Sun,75.11,0.0,75.11,1,75.11
2024-01-15,P0016,Household,Autumn,32.36,79.38,479,0,Fri,50.46,0.0,50.46,98,4945.08
2024-01-28,P0016,Household,Autumn,16.52,62.97,205,1,Mon,25.96,0.21,20.5084,50,1025.42
2024-02-05,P0016,Household,Spring,28.46,65.87,867,0,Wed,36.95,0.0,36.95,90,3325.5
2024-02-08,P0016,Household,Autumn,71.38,15.02,605,0,Thu,113.13,0.0,113.13,1,113.13
2024-02-15,P0016,Household,Winter,88.01,27.91,523,0,Tue,103.48,0.0,103.48,1,103.48
2024-02-16,P0016,Household,Autumn,70.05,46.7,294,1,Fri,97.97,0.08,90.1324,1,90.13
2024-02-21,P0016,Household,Winter,14.99,80.41,20,1,Sun,24.03,0.11,21.3867,53,1133.5
2024-03-01,P0016,Household,Summer,35.53,33.33,441,0,Sat,54.33,0.0,54.33,2,108.66
2024-03-08,P0016,Household,Winter,8.07,21.3,516,0,Wed,9.53,0.0,9.53,37,352.61
2024-03-10,P0016,Household,Spring,26.85,51.46,750,1,Tue,48.22,0.09,43.8802,123,5397.26
2024-03-12,P0016,Household,Autumn,74.02,12.5,833,0,Sat,102.81,0.0,102.81,1,102.81
2024-03-21,P0016,Household,Winter,15.06,113.62,133,1,Tue,17.59,0.16,14.775599999999999,144,2127.69
2024-03-24,P0016,Household,Winter,23.46,68.54,582,0,Thu,33.49,0.0,33.49,28,937.72
2024-03-26,P0016,Household,Winter,63.53,54.85,951,1,Sun,87.91,0.18,72.0862,70,5046.03
2024-03-29,P0016,Household,Spring,52.79,97.6,260,0,Fri,79.66,0.0,79.66,110,8762.6
2024-04-05,P0016,Household,Summer,92.52,30.81,613,0,Fri,105.85,0.0,105.85,1,105.85
2024-04-06,P0016,Household,Winter,70.52,115.26,249,0,Fri,101.67,0.0,101.67,60,6100.2
2024-04-07,P0016,Household,Spring,93.17,6.11,648,1,Sun,157.61,0.12,138.69680000000002,1,138.7
2024-04-11,P0016,Household,Winter,7.48,40.14,485,0,Sun,12.67,0.0,12.67,67,848.89
2024-01-01,P0017,Household,Spring,50.54,28.48,491,0,Fri,89.59,0.0,89.59,1,89.59
2024-01-09,P0017,Household,Summer,76.34,100.38,67,0,Thu,102.66,0.0,102.66,57,5851.62
2024-01-14,P0017,Household,Winter,33.97,93.55,533,1,Tue,46.49,0.05,44.1655,140,6183.17
2024-01-15,P0017,Household,Summer,24.25,30.96,288,0,Tue,28.7,0.0,28.7,67,1922.9
2024-01-19,P0017,Household,Spring,48.28,82.81,864,0,Tue,56.32,0.0,56.32,44,2478.08
2024-01-29,P0017,Household,Spring,88.87,18.29,231,0,Sat,142.0,0.0,142.0,1,142.0
2024-02-09,P0017,Household,Summer,29.8,20.31,366,0,Fri,52.83,0.0,52.83,1,52.83
2024-02-21,P0017,Household,Summer,54.46,7.43,791,0,Tue,87.36,0.0,87.36,1,87.36
2024-02-23,P0017,Household,Autumn,20.98,82.31,638,0,Tue,37.52,0.0,37.52,123,4614.96
2024-02-25,P0017,Household,Spring,70.3,49.88,865,0,Fri,80.89,0.0,80.89,14,1132.46
2024-02-29,P0017,Household,Spring,9.43,44.34,651,0,Sun,15.61,0.0,15.61,72,1123.92
2024-03-01,P0017,Household,Summer,37.07,9.19,844,1,Tue,62.12,0.19,50.3172,1,50.32
2024-03-08,P0017,Household,Autumn,31.3,49.38,973,0,Wed,45.41,0.0,45.41,71,3224.11
2024-03-14,P0017,Household,Winter,42.59,103.07,330,1,Fri,49.54,0.14,42.6044,120,5112.53
2024-03-15,P0017,Household,Summer,12.3,87.19,891,0,Sat,14.29,0.0,14.29,62,885.98
2024-03-23,P0017,Household,Spring,40.03,37.7,318,0,Tue,50.55,0.0,50.55,39,1971.45
2024-03-28,P0017,Household,Winter,56.14,57.83,159,0,Sat,90.02,0.0,90.02,33,2970.66
2024-04-07,P0017,Household,Winter,83.71,98.81,774,0,Sun,143.52,0.0,143.52,40,5740.8
2024-04-15,P0017,Household,Spring,74.1,103.15,372,0,Wed,111.95,0.0,111.95,30,3358.5
2024-04-21,P0017,Household,Summer,64.93,86.1,111,0,Wed,112.41,0.0,112.41,5,562.05
2024-04-23,P0017,Household,Summer,94.38,6.86,381,1,Sat,154.26,0.24,117.2376,1,117.24
2024-04-24,P0017,Household,Winter,98.65,3.2,402,1,Tue,127.26,0.18,104.35320000000002,1,104.35
2024-04-25,P0017,Household,Summer,53.07,72.46,427,1,Wed,93.36,0.07,86.8248,29,2517.92
2024-04-27,P0017,Household,Summer,55.88,94.62,648,1,Fri,98.07,0.24,74.5332,59,4397.46
2024-04-28,P0017,Household,Winter,49.09,19.53,241,1,Tue,62.17,0.15,52.844500000000004,1,52.84
2024-01-02,P0017,Clothing,Winter,72.3,67.18,928,1,Thu,114.81,0.15,97.5885,51,4977.01
2024-01-05,P0017,Clothing,Autumn,2.98,80.49,431,0,Thu,5.21,0.0,5.21,57,296.97
2024-01-11,P0017,Clothing,Spring,7.57,79.76,741,0,Fri,9.9,0.0,9.9,54,534.6
2024-01-12,P0017,Clothing,Summer,69.66,33.58,215,0,Fri,96.42,0.0,96.42,1,96.42
2024-01-13,P0017,Clothing,Summer,51.59,12.26,259,0,Wed,90.17,0.0,90.17,1,90.17
2024-01-26,P0017,Clothing,Autumn,60.3,16.43,471,0,Mon,107.65,0.0,107.65,1,107.65
2024-01-31,P0017,Clothing,Winter,86.87,101.34,318,1,Thu,134.11,0.12,118.01680000000002,24,2832.4
2024-02-02,P0017,Clothing,Summer,32.49,34.99,406,1,Wed,58.2,0.16,48.888,56,2737.73
2024-02-04,P0017,Clothing,Winter,66.05,56.92,76,0,Wed,76.66,0.0,76.66,27,2069.82
2024-02-15,P0017,Clothing,Autumn,40.56,52.92,925,0,Sun,67.42,0.0,67.42,70,4719.4
2024-02-17,P0017,Clothing,Spring,37.63,11.35,374,0,Mon,57.07,0.0,57.07,1,57.07
2024-02-24,P0017,Clothing,Autumn,29.7,28.07,889,1,Mon,41.09,0.06,38.6246,49,1892.61
2024-02-26,P0017,Clothing,Autumn,98.7,69.24,68,0,Sun,137.87,0.0,137.87,1,137.87
2024-03-02,P0017,Clothing,Summer,9.56,3.65,698,1,Thu,10.76,0.17,8.9308,11,98.24
2024-03-04,P0017,Clothing,Autumn,26.62,25.15,822,0,Sun,36.24,0.0,36.24,55,1993.2
2024-03-10,P0017,Clothing,Winter,30.32,22.4,933,0,Thu,52.02,0.0,52.02,1,52.02
2024-03-13,P0017,Clothing,Winter,94.32,93.72,170,0,Sun,146.9,0.0,146.9,17,2497.3
2024-03-22,P0017,Clothing,Winter,79.4,119.28,925,0,Thu,130.27,0.0,130.27,67,8728.09
2024-03-30,P0017,Clothing,Summer,65.79,93.63,654,0,Fri,88.92,0.0,88.92,102,9069.84
2024-04-02,P0017,Clothing,Autumn,11.17,106.64,741,0,Wed,16.06,0.0,16.06,131,2103.86
2024-04-13,P0017,Clothing,Spring,39.82,74.44,667,0,Thu,61.64,0.0,61.64,48,2958.72
2024-04-17,P0017,Clothing,Summer,86.13,3.19,615,0,Thu,130.75,0.0,130.75,1,130.75
2024-04-26,P0017,Clothing,Spring,56.58,87.14,468,0,Sat,88.12,0.0,88.12,94,8283.28
2024-01-03,P0017,Groceries,Spring,4.63,53.12,106,0,Fri,5.86,0.0,5.86,159,931.74
2024-01-07,P0017,Groceries,Summer,57.77,113.67,728,1,Wed,91.71,0.13,79.7877,144,11489.43
2024-01-08,P0017,Groceries,Spring,76.36,21.86,507,1,Sun,90.52,0.09,82.3732,1,82.37
2024-01-10,P0017,Groceries,Autumn,42.33,59.24,507,0,Thu,55.13,0.0,55.13,58,3197.54
2024-01-16,P0017,Groceries,Summer,12.86,47.44,491,1,Sun,21.61,0.2,17.288,28,484.06
2024-01-20,P0017,Groceries,Autumn,58.69,108.3,801,1,Wed,80.24,0.18,65.7968,167,10988.07
2024-01-22,P0017,Groceries,Spring,92.07,84.91,828,1,Wed,144.36,0.19,116.93160000000002,37,4326.47
2024-01-23,P0017,Groceries,Summer,50.09,39.33,32,0,Mon,55.97,0.0,55.97,32,1791.04
2024-01-24,P0017,Groceries,Summer,42.95,45.58,733,1,Sun,71.68,0.22,55.91040000000001,18,1006.39
2024-01-27,P0017,Groceries,Spring,60.68,113.73,211,0,Thu,77.19,0.0,77.19,108,8336.52
2024-02-10,P0017,Groceries,Winter,19.06,60.6,907,0,Tue,29.71,0.0,29.71,56,1663.76
2024-02-16,P0017,Groceries,Summer,3.24,54.08,829,0,Wed,4.49,0.0,4.49,171,767.79
2024-02-18,P0017,Groceries,Autumn,90.63,8.71,108,0,Sat,126.49,0.0,126.49,1,126.49
2024-02-19,P0017,Groceries,Summer,51.61,101.37,106,0,Mon,60.02,0.0,60.02,112,6722.24
2024-03-07,P0017,Groceries,Winter,15.89,70.68,748,0,Sat,21.39,0.0,21.39,75,1604.25
2024-03-17,P0017,Groceries,Autumn,19.26,117.95,405,1,Wed,26.48,0.16,22.243199999999998,55,1223.38
2024-04-04,P0017,Groceries,Spring,8.25,5.38,570,0,Fri,9.36,0.0,9.36,12,112.32
2024-04-14,P0017,Groceries,Winter,33.6,46.28,645,0,Tue,59.53,0.0,59.53,58,3452.74
2024-04-16,P0017,Groceries,Spring,3.59,90.78,334,0,Fri,5.61,0.0,5.61,164,920.04
2024-01-04,P0017,Snacks,Spring,76.77,80.12,913,0,Mon,107.61,0.0,107.61,14,1506.54
2024-01-06,P0017,Snacks,Summer,52.21,69.84,732,0,Sat,71.9,0.0,71.9,49,3523.1
2024-02-11,P0017,Snacks,Autumn,20.59,111.53,84,1,Sat,24.91,0.12,21.9208,27,591.86
2024-02-13,P0017,Snacks,Autumn,2.59,93.36,456,1,Tue,3.97,0.17,3.2951,195,642.54
2024-02-14,P0017,Snacks,Spring,71.89,73.05,639,1,Wed,118.09,0.24,89.7484,77,6910.63
2024-02-27,P0017,Snacks,Summer,82.7,71.96,887,0,Sat,98.83,0.0,98.83,6,592.98
2024-02-28,P0017,Snacks,Winter,55.82,61.82,471,1,Tue,99.58,0.07,92.6094,68,6297.44
2024-03-06,P0017,Snacks,Winter,83.89,77.21,708,0,Thu,129.58,0.0,129.58,13,1684.54
2024-03-11,P0017,Snacks,Winter,36.7,8.16,879,0,Sun,44.67,0.0,44.67,1,44.67
2024-03-19,P0017,Snacks,Autumn,29.22,71.48,693,0,Tue,46.63,0.0,46.63,31,1445.53
2024-03-21,P0017,Snacks,Autumn,72.39,13.66,920,1,Thu,98.81,0.2,79.048,1,79.05
2024-03-27,P0017,Snacks,Summer,40.32,107.01,547,0,Fri,72.49,0.0,72.49,95,6886.55
2024-04-01,P0017,Snacks,Winter,86.14,11.24,832,0,Tue,97.95,0.0,97.95,1,97.95
2024-04-05,P0017,Snacks,Spring,92.49,2.08,676,0,Sat,113.2,0.0,113.2,1,113.2
2024-04-06,P0017,Snacks,Winter,76.79,11.44,442,0,Fri,100.58,0.0,100.58,1,100.58
2024-04-09,P0017,Snacks,Summer,53.15,40.9,304,0,Wed,73.48,0.0,73.48,19,1396.12
2024-04-10,P0017,Snacks,Winter,30.55,30.67,101,0,Tue,36.43,0.0,36.43,51,1857.93
2024-01-17,P0017,Beverages,Winter,30.22,6.66,573,0,Mon,42.38,0.0,42.38,1,42.38
2024-01-18,P0017,Beverages,Spring,46.39,78.37,933,0,Fri,82.12,0.0,82.12,36,2956.32
2024-01-21,P0017,Beverages,Winter,36.88,107.03,742,1,Fri,52.3,0.15,44.455,188,8357.54
2024-01-30,P0017,Beverages,Winter,76.53,113.63,318,1,Thu,135.83,0.11,120.88870000000001,31,3747.55
2024-02-01,P0017,Beverages,Spring,6.88,110.34,993,0,Sat,10.64,0.0,10.64,40,425.6
2024-02-03,P0017,Beverages,Summer,32.55,40.93,42,0,Mon,38.37,0.0,38.37,89,3414.93
2024-02-05,P0017,Beverages,Summer,45.41,27.68,886,0,Sun,70.85,0.0,70.85,1,70.85
2024-02-06,P0017,Beverages,Autumn,77.97,56.39,333,0,Wed,92.46,0.0,92.46,18,1664.28
2024-02-07,P0017,Beverages,Autumn,39.06,2.1,267,0,Mon,45.7,0.0,45.7,1,45.7
2024-02-08,P0017,Beverages,Winter,22.94,105.43,459,0,Wed,32.87,0.0,32.87,166,5456.42
2024-02-20,P0017,Beverages,Autumn,98.69,49.63,803,1,Sat,132.22,0.07,122.96459999999999,1,122.96
2024-02-22,P0017,Beverages,Summer,96.32,79.9,132,0,Sun,123.14,0.0,123.14,2,246.28
2024-03-03,P0017,Beverages,Winter,31.82,55.68,50,1,Sun,39.19,0.13,34.095299999999995,166,5659.82
2024-03-05,P0017,Beverages,Summer,39.47,112.68,495,1,Wed,65.55,0.11,58.3395,190,11084.5
2024-03-09,P0017,Beverages,Winter,26.85,40.21,943,1,Wed,45.61,0.25,34.207499999999996,108,3694.41
2024-03-12,P0017,Beverages,Winter,25.19,76.51,382,0,Mon,38.46,0.0,38.46,106,4076.76
2024-03-20,P0017,Beverages,Spring,13.35,27.68,902,0,Thu,23.25,0.0,23.25,84,1953.0
2024-03-29,P0017,Beverages,Winter,5.06,35.99,846,1,Thu,8.89,0.13,7.7343,107,827.57
2024-03-31,P0017,Beverages,Autumn,74.52,60.95,980,0,Thu,118.63,0.0,118.63,2,237.26
2024-04-08,P0017,Beverages,Winter,52.18,58.28,208,1,Sat,58.81,0.2,47.048,24,1129.15
2024-04-19,P0017,Beverages,Summer,44.69,57.41,928,1,Wed,53.38,0.13,46.4406,96,4458.3
2024-04-29,P0017,Beverages,Spring,94.57,116.28,147,1,Mon,116.99,0.13,101.7813,51,5190.85
