retail_dynamic_pricing_dataset.csv
date,product_id,category,season,cost_price,competitor_price,stock_level,promotion,day_of_week,current_price,discount,effective_price,units_sold,revenue
2024-01-25,P0017,Electronics,Summer,5.77,46.42,129,0,Sat,7.81,0.0,7.81,21,164.01
2024-01-28,P0017,Electronics,Winter,58.75,98.36,880,0,Thu,75.84,0.0,75.84,111,8418.24
2024-02-12,P0017,Electronics,Autumn,22.47,98.7,478,0,Tue,31.81,0.0,31.81,131,4167.11
2024-03-16,P0017,Electronics,Spring,47.3,107.74,819,0,Fri,76.84,0.0,76.84,44,3380.96
2024-03-18,P0017,Electronics,Spring,22.4,115.44,338,0,Tue,31.32,0.0,31.32,17,532.44
2024-03-24,P0017,Electronics,Spring,69.21,5.04,969,0,Thu,96.15,0.0,96.15,1,96.15
2024-03-25,P0017,Electronics,Autumn,39.51,47.53,326,0,Wed,44.84,0.0,44.84,80,3587.2
2024-03-26,P0017,Electronics,Autumn,17.24,90.02,185,1,Tue,29.9,0.23,23.023,131,3016.01
2024-04-03,P0017,Electronics,Winter,1.01,79.04,838,0,Sat,1.68,0.0,1.68,52,87.36
2024-04-11,P0017,Electronics,Summer,84.43,61.32,910,1,Sat,93.22,0.07,86.6946,36,3121.01
2024-04-12,P0017,Electronics,Summer,83.15,10.88,453,0,Mon,126.76,0.0,126.76,1,126.76
2024-04-18,P0017,Electronics,Autumn,45.18,20.81,919,1,Sat,60.49,0.21,47.7871,1,47.79
2024-04-20,P0017,Electronics,Spring,67.24,79.38,377,0,Sat,82.24,0.0,82.24,52,4276.48
2024-04-22,P0017,Electronics,Summer,27.33,98.13,733,0,Wed,39.87,0.0,39.87,68,2711.16
2024-01-01,P0018,Groceries,Summer,25.23,28.3,891,0,Wed,34.6,0.0,34.6,40,1384.0
2024-01-03,P0018,Groceries,Winter,93.03,19.36,240,0,Wed,152.09,0.0,152.09,1,152.09
2024-01-24,P0018,Groceries,Autumn,43.25,30.35,197,1,Thu,56.99,0.08,52.430800000000005,33,1730.22
2024-02-07,P0018,Groceries,Autumn,65.79,42.72,547,1,Sat,86.26,0.09,78.4966,23,1805.42
2024-02-13,P0018,Groceries,Spring,30.01,23.73,57,1,Tue,53.04,0.23,40.8408,18,735.13
2024-02-17,P0018,Groceries,Winter,96.63,13.9,117,1,Sat,171.59,0.09,156.14690000000002,1,156.15
2024-02-19,P0018,Groceries,Autumn,10.99,97.38,725,1,Mon,17.9,0.2,14.32,103,1474.96
2024-02-20,P0018,Groceries,Spring,6.45,68.56,854,0,Tue,11.06,0.0,11.06,165,1824.9
2024-02-26,P0018,Groceries,Winter,59.34,21.68,541,0,Tue,89.61,0.0,89.61,1,89.61
2024-03-11,P0018,Groceries,Spring,40.83,97.23,362,0,Tue,49.06,0.0,49.06,73,3581.38
2024-03-12,P0018,Groceries,Autumn,15.84,83.4,42,0,Tue,22.89,0.0,22.89,82,1876.98
2024-03-17,P0018,Groceries,Summer,50.36,9.68,672,1,Sun,79.27,0.15,67.3795,1,67.38
2024-03-18,P0018,Groceries,Summer,35.29,82.52,48,0,Mon,53.3,0.0,53.3,20,1066.0
2024-03-22,P0018,Groceries,Spring,55.13,114.72,664,0,Wed,80.72,0.0,80.72,37,2986.64
2024-03-28,P0018,Groceries,Winter,62.49,55.89,683,1,Sat,75.1,0.11,66.839,42,2807.24
2024-03-29,P0018,Groceries,Autumn,5.55,15.99,588,0,Wed,8.98,0.0,8.98,78,700.44
2024-04-09,P0018,Groceries,Spring,18.59,19.02,880,0,Thu,31.89,0.0,31.89,20,637.8
2024-04-14,P0018,Groceries,Winter,52.75,86.05,271,1,Fri,73.53,0.08,67.6476,134,9064.78
2024-04-21,P0018,Groceries,Summer,40.03,22.69,748,0,Wed,46.45,0.0,46.45,8,371.6
2024-04-22,P0018,Groceries,Winter,66.93,34.61,663,0,Sat,104.34,0.0,104.34,1,104.34
2024-01-02,P0018,Snacks,Spring,11.69,30.79,242,1,Mon,20.65,0.18,16.933,22,372.53
2024-01-14,P0018,Snacks,Autumn,80.44,104.31,921,0,Wed,92.25,0.0,92.25,15,1383.75
2024-01-15,P0018,Snacks,Autumn,24.91,95.82,460,0,Wed,38.98,0.0,38.98,73,2845.54
2024-01-20,P0018,Snacks,Winter,52.03,63.84,628,0,Mon,62.56,0.0,62.56,25,1564.0
2024-01-25,P0018,Snacks,Summer,48.42,26.1,731,0,Mon,80.52,0.0,80.52,1,80.52
2024-02-18,P0018,Snacks,Spring,47.86,24.09,209,1,Sun,85.9,0.16,72.156,1,72.16
2024-02-23,P0018,Snacks,Winter,84.53,57.57,611,0,Mon,111.35,0.0,111.35,5,556.75
2024-03-01,P0018,Snacks,Winter,62.18,51.54,514,0,Sat,107.3,0.0,107.3,1,107.3
2024-03-03,P0018,Snacks,Autumn,93.72,91.51,956,0,Mon,118.25,0.0,118.25,63,7449.75
2024-03-15,P0018,Snacks,Summer,12.11,98.8,475,0,Mon,19.5,0.0,19.5,162,3159.0
2024-03-23,P0018,Snacks,Autumn,48.44,62.3,608,0,Thu,59.49,0.0,59.49,84,4997.16
2024-04-03,P0018,Snacks,Winter,68.69,68.31,836,0,Tue,117.68,0.0,117.68,16,1882.88
2024-04-15,P0018,Snacks,Summer,57.97,8.83,929,0,Sun,72.2,0.0,72.2,1,72.2
2024-04-19,P0018,Snacks,Spring,3.28,85.06,459,0,Sat,4.47,0.0,4.47,111,496.17
2024-04-23,P0018,Snacks,Winter,20.59,66.0,419,1,Mon,30.83,0.2,24.664,55,1356.52
2024-01-04,P0018,Household,Autumn,22.09,6.15,849,0,Sat,36.88,0.0,36.88,1,36.88
2024-01-08,P0018,Household,Spring,79.32,11.94,850,1,Sun,118.88,0.2,95.104,1,95.1
2024-01-11,P0018,Household,Autumn,9.36,99.22,809,0,Sat,13.1,0.0,13.1,175,2292.5
2024-01-19,P0018,Household,Autumn,51.76,47.81,666,0,Fri,62.71,0.0,62.71,42,2633.82
2024-01-27,P0018,Household,Spring,35.85,83.72,797,0,Tue,47.06,0.0,47.06,28,1317.68
2024-01-30,P0018,Household,Autumn,75.5,75.74,582,0,Tue,92.75,0.0,92.75,37,3431.75
2024-02-10,P0018,Household,Autumn,26.28,101.01,725,1,Thu,42.97,0.1,38.673,85,3287.2
2024-02-14,P0018,Household,Autumn,56.01,114.45,87,0,Sun,89.86,0.0,89.86,64,5751.04
2024-02-21,P0018,Household,Summer,34.53,6.37,820,1,Mon,44.54,0.17,36.968199999999996,1,36.97
2024-02-27,P0018,Household,Winter,44.11,97.56,299,1,Thu,52.6,0.11,46.814,166,7771.12
2024-02-28,P0018,Household,Summer,27.79,74.6,842,0,Sat,32.68,0.0,32.68,27,882.36
2024-03-09,P0018,Household,Summer,23.8,58.74,962,0,Sun,30.44,0.0,30.44,87,2648.28
2024-03-14,P0018,Household,Autumn,31.72,64.91,835,1,Mon,50.82,0.14,43.7052,63,2753.43
2024-03-16,P0018,Household,Spring,82.56,29.78,871,0,Fri,106.9,0.0,106.9,1,106.9
2024-03-20,P0018,Household,Winter,75.7,76.52,601,1,Wed,113.16,0.14,97.3176,64,6228.33
2024-03-21,P0018,Household,Spring,2.81,10.21,28,0,Thu,4.0,0.0,4.0,129,516.0
2024-03-26,P0018,Household,Summer,14.59,94.98,938,0,Thu,17.46,0.0,17.46,71,1239.66
2024-03-30,P0018,Household,Autumn,88.58,108.83,439,0,Wed,132.98,0.0,132.98,35,4654.3
2024-03-31,P0018,Household,Winter,7.71,117.76,611,1,Thu,13.03,0.08,11.9876,233,2793.11
2024-04-02,P0018,Household,Autumn,1.2,10.29,513,0,Thu,1.42,0.0,1.42,130,184.6
2024-04-05,P0018,Household,Spring,11.18,71.05,334,1,Thu,16.97,0.19,13.7457,195,2680.41
2024-04-11,P0018,Household,Autumn,76.05,70.31,574,1,Thu,134.45,0.24,102.18199999999999,65,6641.83
2024-04-25,P0018,Household,Autumn,59.1,21.19,118,0,Thu,81.51,0.0,81.51,1,81.51
2024-04-27,P0018,Household,Summer,97.49,40.14,218,0,Sat,133.15,0.0,133.15,1,133.15
2024-01-05,P0018,Beverages,Winter,75.17,97.36,731,0,Sat,132.22,0.0,132.22,62,8197.64
2024-01-07,P0018,Beverages,Spring,96.06,56.19,690,0,Fri,168.96,0.0,168.96,1,168.96
2024-01-09,P0018,Beverages,Autumn,91.95,6.33,787,0,Thu,152.03,0.0,152.03,1,152.03
2024-01-10,P0018,Beverages,Autumn,95.15,112.22,521,0,Fri,163.74,0.0,163.74,51,8350.74
2024-01-13,P0018,Beverages,Winter,65.16,55.57,484,0,Sun,100.11,0.0,100.11,8,800.88
2024-01-16,P0018,Beverages,Autumn,91.55,83.3,907,0,Mon,151.11,0.0,151.11,24,3626.64
2024-01-22,P0018,Beverages,Winter,11.25,103.92,29,0,Mon,19.19,0.0,19.19,82,1573.58
2024-01-26,P0018,Beverages,Summer,74.17,69.92,859,0,Mon,103.0,0.0,103.0,39,4017.0
2024-01-29,P0018,Beverages,Summer,90.7,81.56,206,1,Mon,121.61,0.2,97.28800000000001,57,5545.42
2024-02-02,P0018,Beverages,Autumn,99.0,105.93,294,0,Mon,156.6,0.0,156.6,30,4698.0
2024-02-15,P0018,Beverages,Spring,90.02,75.66,655,0,Wed,135.5,0.0,135.5,16,2168.0
2024-02-22,P0018,Beverages,Spring,26.62,68.31,76,1,Fri,47.56,0.06,44.7064,117,5230.65
2024-03-02,P0018,Beverages,Winter,39.9,61.92,376,1,Fri,60.42,0.17,50.1486,142,7121.1
2024-03-06,P0018,Beverages,Spring,62.42,66.85,969,1,Wed,72.07,0.09,65.5837,40,2623.35
2024-03-08,P0018,Beverages,Summer,73.93,96.88,220,0,Thu,91.42,0.0,91.42,64,5850.88
2024-04-06,P0018,Beverages,Spring,85.76,38.74,255,0,Sat,149.73,0.0,149.73,1,149.73
2024-04-08,P0018,Beverages,Spring,33.31,70.06,440,0,Mon,57.14,0.0,57.14,31,1771.34
2024-04-12,P0018,Beverages,Spring,72.67,25.81,161,1,Mon,108.68,0.15,92.378,1,92.38
2024-04-26,P0018,Beverages,Autumn,98.01,112.46,349,1,Tue,134.11,0.14,115.33460000000001,94,10841.45
2024-04-29,P0018,Beverages,Summer,11.13,23.22,820,0,Wed,18.74,0.0,18.74,92,1724.08
2024-01-06,P0018,Electronics,Winter,21.18,1.67,304,1,Sat,27.1,0.23,20.867,1,20.87
2024-01-18,P0018,Electronics,Summer,86.75,73.33,522,0,Wed,121.14,0.0,121.14,37,4482.18
2024-01-21,P0018,Electronics,Spring,38.03,65.22,254,0,Thu,50.25,0.0,50.25,17,854.25
2024-01-23,P0018,Electronics,Spring,35.36,27.02,358,0,Wed,61.5,0.0,61.5,1,61.5
2024-02-03,P0018,Electronics,Autumn,94.04,68.79,248,1,Wed,128.73,0.22,100.40939999999999,46,4618.83
2024-02-04,P0018,Electronics,Spring,83.76,84.76,636,0,Fri,123.65,0.0,123.65,49,6058.85
2024-02-06,P0018,Electronics,Winter,28.54,25.44,76,0,Sun,41.6,0.0,41.6,7,291.2
2024-02-11,P0018,Electronics,Winter,40.3,10.92,33,0,Fri,69.0,0.0,69.0,1,69.0
2024-02-24,P0018,Electronics,Autumn,74.03,19.29,540,0,Sun,87.52,0.0,87.52,1,87.52
2024-02-25,P0018,Electronics,Autumn,88.57,71.56,251,0,Mon,136.27,0.0,136.27,1,136.27
2024-02-29,P0018,Electronics,Winter,58.73,104.69,341,0,Sat,82.63,0.0,82.63,81,6693.03
2024-03-07,P0018,Electronics,Autumn,32.34,59.47,967,1,Thu,47.05,0.22,36.699,23,844.08
2024-03-13,P0018,Electronics,Winter,41.91,107.94,21,0,Sat,53.46,0.0,53.46,132,7056.72
2024-03-24,P0018,Electronics,Spring,89.41,2.13,427,0,Mon,116.63,0.0,116.63,1,116.63
2024-03-25,P0018,Electronics,Autumn,56.04,57.65,264,0,Wed,93.43,0.0,93.43,23,2148.89
2024-03-27,P0018,Electronics,Spring,39.48,103.96,740,0,Wed,60.32,0.0,60.32,100,6032.0
2024-04-04,P0018,Electronics,Summer,46.14,64.53,780,0,Tue,81.23,0.0,81.23,46,3736.58
2024-04-10,P0018,Electronics,Spring,92.75,41.61,81,0,Sat,148.58,0.0,148.58,1,148.58
2024-04-13,P0018,Electronics,Autumn,5.36,65.55,838,0,Tue,7.42,0.0,7.42,178,1320.76
2024-04-17,P0018,Electronics,Summer,32.85,61.62,46,1,Tue,48.49,0.05,46.0655,117,5389.66
2024-04-18,P0018,Electronics,Winter,85.34,12.6,965,0,Fri,97.41,0.0,97.41,1,97.41
2024-04-20,P0018,Electronics,Summer,62.91,38.0,665,0,Sun,105.47,0.0,105.47,1,105.47
2024-04-28,P0018,Electronics,Winter,25.65,32.93,350,0,Fri,30.96,0.0,30.96,53,1640.88
2024-01-12,P0018,Clothing,Winter,43.91,47.99,711,0,Wed,54.64,0.0,54.64,17,928.88
2024-01-17,P0018,Clothing,Summer,22.88,64.85,356,1,Wed,38.45,0.12,33.836000000000006,104,3518.94
2024-01-28,P0018,Clothing,Autumn,41.25,29.38,634,0,Mon,67.33,0.0,67.33,1,67.33
2024-01-31,P0018,Clothing,Autumn,3.26,39.21,124,0,Tue,4.82,0.0,4.82,138,665.16
2024-02-01,P0018,Clothing,Spring,81.4,28.35,372,1,Wed,125.96,0.12,110.84479999999999,1,110.84
2024-02-05,P0018,Clothing,Summer,63.29,111.12,325,0,Thu,99.62,0.0,99.62,86,8567.32
2024-02-08,P0018,Clothing,Spring,69.86,52.7,926,1,Thu,110.44,0.06,103.8136,9,934.32
2024-02-09,P0018,Clothing,Summer,28.87,28.71,115,0,Tue,42.67,0.0,42.67,40,1706.8
2024-02-12,P0018,Clothing,Summer,64.47,29.46,263,0,Tue,116.0,0.0,116.0,1,116.0
2024-02-16,P0018,Clothing,Winter,30.21,86.23,259,1,Fri,53.48,0.16,44.923199999999994,142,6379.09
2024-03-04,P0018,Clothing,Winter,64.36,66.01,746,0,Sun,80.12,0.0,80.12,41,3284.92
2024-03-05,P0018,Clothing,Spring,83.91,69.07,881,0,Thu,96.87,0.0,96.87,66,6393.42
2024-03-10,P0018,Clothing,Autumn,60.06,108.19,168,1,Thu,97.53,0.18,79.97460000000001,102,8157.41
2024-03-19,P0018,Clothing,Spring,50.99,36.89,50,1,Sun,73.04,0.25,54.78,17,931.26
2024-04-01,P0018,Clothing,Autumn,4.03,8.52,142,1,Sat,4.94,0.08,4.5448,100,454.48
2024-04-07,P0018,Clothing,Spring,21.07,6.99,545,1,Sat,26.06,0.08,23.9752,1,23.98
2024-04-16,P0018,Clothing,Autumn,38.87,74.72,212,0,Thu,65.52,0.0,65.52,82,5372.64
2024-04-24,P0018,Clothing,Winter,24.63,70.03,39,0,Thu,29.27,0.0,29.27,94,2751.38
2024-01-01,P0019,Snacks,Spring,59.44,15.34,132,0,Thu,69.43,0.0,69.43,1,69.43
2024-01-02,P0019,Snacks,Winter,42.58,117.87,81,0,Mon,74.31,0.0,74.31,42,3121.02
2024-01-09,P0019,Snacks,Summer,49.36,39.9,283,0,Tue,78.55,0.0,78.55,6,471.3
2024-01-30,P0019,Snacks,Autumn,82.3,93.41,227,0,Sun,129.31,0.0,129.31,21,2715.51
2024-02-08,P0019,Snacks,Summer,42.58,19.66,563,0,Thu,61.13,0.0,61.13,1,61.13
2024-02-14,P0019,Snacks,Spring,80.67,47.62,902,0,Thu,144.17,0.0,144.17,1,144.17
2024-03-05,P0019,Snacks,Summer,49.77,11.86,501,0,Fri,77.71,0.0,77.71,1,77.71
2024-03-13,P0019,Snacks,Spring,50.61,15.57,823,1,Wed,56.67,0.07,52.7031,1,52.7
2024-03-19,P0019,Snacks,Autumn,55.33,63.75,554,0,Sun,88.19,0.0,88.19,35,3086.65
2024-03-21,P0019,Snacks,Summer,68.3,61.99,499,0,Mon,105.17,0.0,105.17,19,1998.23
2024-03-31,P0019,Snacks,Autumn,44.47,51.73,108,0,Sat,64.38,0.0,64.38,44,2832.72
2024-04-07,P0019,Snacks,Winter,46.06,93.94,625,1,Fri,79.79,0.12,70.21520000000001,91,6389.58
2024-04-11,P0019,Snacks,Autumn,11.9,10.03,415,1,Mon,16.24,0.09,14.7784,69,1019.71
2024-04-12,P0019,Snacks,Autumn,13.51,107.11,39,1,Tue,23.81,0.16,20.0004,64,1280.03
2024-04-19,P0019,Snacks,Spring,72.32,73.9,236,0,Wed,106.23,0.0,106.23,15,1593.45
2024-01-03,P0019,Clothing,Autumn,76.41,81.29,861,0,Mon,101.33,0.0,101.33,54,5471.82
2024-01-12,P0019,Clothing,Summer,30.77,79.97,708,0,Wed,35.51,0.0,35.51,26,923.26
2024-01-14,P0019,Clothing,Autumn,55.75,105.19,342,0,Sat,77.72,0.0,77.72,101,7849.72
2024-01-24,P0019,Clothing,Winter,91.58,46.73,59,0,Thu,137.1,0.0,137.1,1,137.1
2024-01-26,P0019,Clothing,Spring,62.04,13.65,307,0,Wed,86.74,0.0,86.74,1,86.74
2024-02-01,P0019,Clothing,Winter,97.43,91.63,400,1,Mon,114.36,0.09,104.0676,111,11551.5
2024-02-10,P0019,Clothing,Autumn,49.37,32.73,259,0,Wed,70.95,0.0,70.95,1,70.95
2024-02-15,P0019,Clothing,Spring,39.57,104.3,870,1,Wed,57.37,0.24,43.6012,36,1569.64
2024-02-20,P0019,Clothing,Autumn,46.32,34.81,326,0,Sat,60.46,0.0,60.46,1,60.46
2024-02-24,P0019,Clothing,Autumn,55.62,102.33,969,1,Wed,95.44,0.15,81.124,143,11600.73
2024-03-09,P0019,Clothing,Spring,56.61,110.67,783,0,Fri,80.47,0.0,80.47,11,885.17
2024-03-10,P0019,Clothing,Summer,1.89,112.88,158,0,Sat,2.94,0.0,2.94,172,505.68
2024-03-12,P0019,Clothing,Summer,77.1,34.38,473,0,Tue,102.74,0.0,102.74,1,102.74
2024-03-14,P0019,Clothing,Autumn,79.1,71.51,613,0,Sun,91.49,0.0,91.49,75,6861.75
2024-03-23,P0019,Clothing,Summer,13.88,7.17,908,0,Fri,20.03,0.0,20.03,1,20.03
2024-03-24,P0019,Clothing,Summer,49.83,53.81,406,1,Sat,61.74,0.06,58.035599999999995,68,3946.42
2024-04-09,P0019,Clothing,Winter,49.19,3.54,276,1,Thu,74.19,0.19,60.093900000000005,1,60.09
2024-04-13,P0019,Clothing,Spring,18.73,98.6,123,0,Mon,24.14,0.0,24.14,77,1858.78
2024-04-14,P0019,Clothing,Winter,79.46,86.07,120,0,Mon,132.26,0.0,132.26,30,3967.8
2024-04-17,P0019,Clothing,Summer,81.21,10.29,189,1,Sun,113.58,0.2,90.864,1,90.86
2024-04-23,P0019,Clothing,Autumn,4.87,18.34,426,1,Tue,6.8,0.21,5.372,115,617.78
2024-01-04,P0019,Beverages,Winter,53.27,94.66,114,0,Sun,91.3,0.0,91.3,30,2739.0
2024-01-06,P0019,Beverages,Autumn,65.0,50.34,742,1,Tue,71.94,0.05,68.34299999999999,78,5330.75
2024-01-10,P0019,Beverages,Winter,82.19,24.22,583,1,Mon,94.03,0.19,76.16430000000001,1,76.16
2024-01-17,P0019,Beverages,Winter,92.72,103.42,244,0,Tue,141.92,0.0,141.92,58,8231.36
2024-01-18,P0019,Beverages,Winter,32.46,74.94,232,0,Sun,45.87,0.0,45.87,93,4265.91
2024-01-20,P0019,Beverages,Summer,80.42,39.51,214,0,Thu,105.2,0.0,105.2,1,105.2
2024-01-27,P0019,Beverages,Autumn,5.93,103.56,320,1,Sat,9.57,0.11,8.5173,76,647.31
2024-01-29,P0019,Beverages,Summer,44.29,73.27,177,0,Mon,72.44,0.0,72.44,13,941.72
2024-01-31,P0019,Beverages,Autumn,73.58,109.88,224,1,Thu,89.19,0.17,74.0277,146,10808.04
2024-02-02,P0019,Beverages,Spring,5.44,51.06,851,0,Wed,7.87,0.0,7.87,153,1204.11
2024-02-03,P0019,Beverages,Spring,38.75,22.0,332,0,Tue,68.26,0.0,68.26,1,68.26
2024-02-05,P0019,Beverages,Spring,4.66,30.36,56,1,Sat,5.34,0.15,4.539,193,876.03
2024-02-19,P0019,Beverages,Summer,86.17,105.06,473,0,Mon,124.09,0.0,124.09,50,6204.5
2024-02-22,P0019,Beverages,Winter,64.7,95.96,564,0,Sat,83.5,0.0,83.5,47,3924.5
2024-02-23,P0019,Beverages,Autumn,68.0,45.33,532,1,Mon,99.52,0.11,88.5728,1,88.57
2024-03-07,P0019,Beverages,Winter,59.71,47.51,437,0,Wed,90.29,0.0,90.29,6,541.74
2024-03-15,P0019,Beverages,Spring,70.2,34.5,93,0,Wed,87.08,0.0,87.08,1,87.08
2024-03-16,P0019,Beverages,Spring,85.64,25.0,949,0,Fri,149.34,0.0,149.34,1,149.34
2024-03-29,P0019,Beverages,Autumn,9.88,104.28,553,0,Fri,15.01,0.0,15.01,126,1891.26
2024-04-10,P0019,Beverages,Winter,39.59,62.18,243,1,Fri,47.04,0.17,39.0432,98,3826.23
2024-04-15,P0019,Beverages,Winter,28.26,4.74,52,0,Wed,49.06,0.0,49.06,1,49.06
2024-04-16,P0019,Beverages,Summer,94.86,55.54,943,0,Thu,170.26,0.0,170.26,1,170.26
2024-04-21,P0019,Beverages,Spring,57.27,67.71,418,0,Wed,96.05,0.0,96.05,63,6051.15
2024-04-22,P0019,Beverages,Spring,94.16,15.11,197,0,Sun,112.72,0.0,112.72,1,112.72
2024-04-27,P0019,Beverages,Spring,12.5,40.02,129,0,Mon,18.6,0.0,18.6,107,1990.2
