retail_dynamic_pricing_dataset.csv
date,product_id,category,season,cost_price,competitor_price,stock_level,promotion,day_of_week,current_price,discount,effective_price,units_sold,revenue
2024-01-05,P0019,Groceries,Summer,51.55,48.78,975,0,Thu,87.43,0.0,87.43,2,174.86
2024-01-08,P0019,Groceries,Spring,68.04,24.88,132,0,Tue,90.26,0.0,90.26,1,90.26
2024-01-22,P0019,Groceries,Autumn,62.26,106.7,104,1,Sun,93.18,0.14,80.1348,136,10898.33
2024-01-28,P0019,Groceries,Autumn,14.95,84.02,212,1,Fri,22.24,0.15,18.904,154,2911.22
2024-02-04,P0019,Groceries,Summer,16.72,85.95,658,0,Mon,19.24,0.0,19.24,170,3270.8
2024-02-06,P0019,Groceries,Winter,27.18,94.13,992,0,Fri,40.3,0.0,40.3,30,1209.0
2024-02-09,P0019,Groceries,Autumn,14.87,31.3,829,0,Sun,24.07,0.0,24.07,113,2719.91
2024-02-12,P0019,Groceries,Summer,75.07,31.62,640,0,Fri,94.38,0.0,94.38,1,94.38
2024-02-13,P0019,Groceries,Winter,84.38,27.84,921,0,Tue,129.51,0.0,129.51,1,129.51
2024-02-18,P0019,Groceries,Spring,21.36,67.91,572,1,Wed,30.1,0.1,27.090000000000003,116,3142.44
2024-02-25,P0019,Groceries,Spring,22.03,55.18,721,0,Fri,31.89,0.0,31.89,129,4113.81
2024-02-26,P0019,Groceries,Summer,48.75,68.72,178,0,Thu,82.27,0.0,82.27,45,3702.15
2024-02-27,P0019,Groceries,Spring,40.61,67.74,174,0,Mon,70.19,0.0,70.19,66,4632.54
2024-02-28,P0019,Groceries,Spring,97.49,15.2,573,0,Wed,170.11,0.0,170.11,1,170.11
2024-03-01,P0019,Groceries,Spring,76.43,29.75,207,0,Fri,119.65,0.0,119.65,1,119.65
2024-03-04,P0019,Groceries,Spring,38.59,26.28,436,0,Sun,43.27,0.0,43.27,10,432.7
2024-03-18,P0019,Groceries,Autumn,26.87,90.3,681,1,Fri,34.06,0.18,27.929200000000005,87,2429.84
2024-03-22,P0019,Groceries,Autumn,46.2,72.37,798,1,Sat,70.15,0.24,53.31400000000001,135,7197.39
2024-03-25,P0019,Groceries,Autumn,44.67,72.2,318,0,Thu,53.47,0.0,53.47,104,5560.88
2024-03-27,P0019,Groceries,Autumn,41.92,54.41,700,0,Sat,52.94,0.0,52.94,19,1005.86
2024-04-03,P0019,Groceries,Winter,71.48,115.38,267,1,Tue,109.14,0.1,98.226,39,3830.81
2024-04-04,P0019,Groceries,Summer,4.96,44.64,134,0,Fri,7.58,0.0,7.58,99,750.42
2024-04-05,P0019,Groceries,Autumn,50.13,111.56,485,0,Tue,64.99,0.0,64.99,40,2599.6
2024-04-06,P0019,Groceries,Autumn,86.34,74.61,655,1,Fri,129.63,0.21,102.4077,14,1433.71
2024-04-18,P0019,Groceries,Autumn,68.77,111.51,479,0,Sat,86.77,0.0,86.77,88,7635.76
2024-04-28,P0019,Groceries,Autumn,48.45,1.08,52,1,Sat,57.87,0.08,53.2404,1,53.24
2024-01-07,P0019,Electronics,Spring,13.52,118.44,83,1,Sun,19.35,0.17,16.0605,152,2441.2
2024-01-15,P0019,Electronics,Summer,93.0,6.79,918,0,Thu,121.97,0.0,121.97,1,121.97
2024-01-21,P0019,Electronics,Summer,80.64,44.95,303,1,Mon,88.83,0.18,72.84060000000001,26,1893.86
2024-01-23,P0019,Electronics,Autumn,58.38,90.2,948,0,Sat,79.68,0.0,79.68,53,4223.04
2024-01-25,P0019,Electronics,Spring,18.47,26.63,130,0,Fri,26.62,0.0,26.62,25,665.5
2024-02-16,P0019,Electronics,Winter,71.19,9.38,676,0,Wed,110.63,0.0,110.63,1,110.63
2024-02-17,P0019,Electronics,Autumn,75.67,36.25,742,0,Wed,130.66,0.0,130.66,1,130.66
2024-02-29,P0019,Electronics,Spring,82.64,43.24,75,1,Thu,116.84,0.17,96.9772,1,96.98
2024-03-02,P0019,Electronics,Spring,18.93,82.28,173,0,Sat,23.2,0.0,23.2,103,2389.6
2024-03-03,P0019,Electronics,Winter,33.77,112.1,681,1,Tue,52.21,0.15,44.3785,77,3417.14
2024-03-08,P0019,Electronics,Summer,36.43,5.25,442,0,Sat,42.43,0.0,42.43,1,42.43
2024-03-17,P0019,Electronics,Winter,1.74,77.32,585,0,Fri,3.08,0.0,3.08,53,163.24
2024-03-20,P0019,Electronics,Spring,94.16,39.08,645,0,Tue,151.82,0.0,151.82,1,151.82
2024-03-26,P0019,Electronics,Summer,78.07,16.41,782,1,Sat,106.05,0.08,97.566,1,97.57
2024-03-30,P0019,Electronics,Autumn,5.6,59.24,682,0,Thu,8.95,0.0,8.95,156,1396.2
2024-04-02,P0019,Electronics,Summer,55.98,114.94,317,0,Tue,91.44,0.0,91.44,68,6217.92
2024-04-20,P0019,Electronics,Winter,5.72,19.63,521,0,Thu,8.55,0.0,8.55,36,307.8
2024-04-25,P0019,Electronics,Winter,6.1,104.74,211,0,Wed,10.9,0.0,10.9,22,239.8
2024-04-26,P0019,Electronics,Autumn,57.4,65.94,180,0,Wed,86.99,0.0,86.99,19,1652.81
2024-01-11,P0019,Household,Spring,14.73,34.63,486,1,Tue,19.22,0.17,15.952599999999999,143,2281.22
2024-01-13,P0019,Household,Autumn,95.07,37.76,770,0,Fri,125.77,0.0,125.77,1,125.77
2024-01-16,P0019,Household,Winter,69.21,43.21,645,0,Wed,108.72,0.0,108.72,1,108.72
2024-01-19,P0019,Household,Winter,9.96,92.74,628,0,Wed,12.1,0.0,12.1,89,1076.9
2024-02-07,P0019,Household,Winter,25.2,41.31,661,1,Fri,45.17,0.14,38.8462,112,4350.77
2024-02-11,P0019,Household,Winter,92.09,46.08,476,1,Mon,131.32,0.16,110.30879999999999,1,110.31
2024-02-21,P0019,Household,Spring,2.62,42.5,209,0,Fri,3.44,0.0,3.44,21,72.24
2024-03-06,P0019,Household,Autumn,3.99,61.28,115,0,Fri,5.33,0.0,5.33,156,831.48
2024-03-11,P0019,Household,Autumn,32.82,102.2,590,0,Mon,38.88,0.0,38.88,144,5598.72
2024-03-28,P0019,Household,Winter,32.56,42.26,606,0,Fri,54.12,0.0,54.12,26,1407.12
2024-04-01,P0019,Household,Winter,35.34,30.02,69,0,Tue,41.69,0.0,41.69,15,625.35
2024-04-08,P0019,Household,Winter,52.6,11.69,171,0,Mon,71.94,0.0,71.94,1,71.94
2024-04-24,P0019,Household,Spring,29.81,10.63,147,1,Sat,52.93,0.05,50.2835,1,50.28
2024-04-29,P0019,Household,Autumn,72.27,57.17,588,0,Sun,127.84,0.0,127.84,4,511.36
2024-01-01,P0020,Electronics,Summer,17.28,62.02,790,1,Sun,21.24,0.15,18.054,208,3755.23
2024-01-03,P0020,Electronics,Spring,6.96,58.63,168,0,Sat,10.17,0.0,10.17,156,1586.52
2024-01-13,P0020,Electronics,Autumn,56.21,23.19,98,1,Mon,72.79,0.2,58.232000000000006,1,58.23
2024-01-14,P0020,Electronics,Autumn,87.36,43.11,179,1,Tue,111.98,0.24,85.1048,4,340.42
2024-01-16,P0020,Electronics,Spring,9.29,113.66,639,0,Sat,16.65,0.0,16.65,75,1248.75
2024-01-23,P0020,Electronics,Spring,12.49,7.0,60,0,Sun,20.06,0.0,20.06,1,20.06
2024-01-24,P0020,Electronics,Spring,98.83,79.11,640,0,Sat,119.66,0.0,119.66,6,717.96
2024-01-29,P0020,Electronics,Spring,46.18,119.22,897,0,Sun,51.01,0.0,51.01,128,6529.28
2024-01-31,P0020,Electronics,Winter,10.5,28.46,938,0,Sat,15.71,0.0,15.71,124,1948.04
2024-02-04,P0020,Electronics,Winter,75.58,10.86,891,0,Thu,121.79,0.0,121.79,1,121.79
2024-02-13,P0020,Electronics,Autumn,4.58,52.82,763,0,Mon,6.27,0.0,6.27,180,1128.6
2024-02-21,P0020,Electronics,Summer,31.55,67.47,309,0,Sun,37.8,0.0,37.8,92,3477.6
2024-02-24,P0020,Electronics,Spring,63.85,22.81,277,0,Wed,72.33,0.0,72.33,1,72.33
2024-03-04,P0020,Electronics,Summer,95.62,85.02,253,1,Fri,158.71,0.18,130.1422,61,7938.67
2024-03-07,P0020,Electronics,Spring,92.41,38.7,718,0,Sun,127.21,0.0,127.21,1,127.21
2024-03-10,P0020,Electronics,Winter,13.24,33.68,94,0,Fri,16.35,0.0,16.35,62,1013.7
2024-03-19,P0020,Electronics,Spring,13.03,23.9,552,0,Fri,22.61,0.0,22.61,76,1718.36
2024-03-24,P0020,Electronics,Winter,80.95,99.35,431,1,Mon,122.12,0.25,91.59,40,3663.6
2024-04-07,P0020,Electronics,Winter,20.9,20.32,121,0,Sun,26.64,0.0,26.64,52,1385.28
2024-04-13,P0020,Electronics,Summer,75.59,33.36,126,0,Sat,115.34,0.0,115.34,1,115.34
2024-04-16,P0020,Electronics,Summer,87.93,80.88,73,0,Mon,115.99,0.0,115.99,34,3943.66
2024-04-23,P0020,Electronics,Summer,36.63,117.85,804,0,Sat,47.06,0.0,47.06,35,1647.1
2024-04-24,P0020,Electronics,Summer,66.05,26.14,417,1,Tue,94.56,0.05,89.832,1,89.83
2024-01-02,P0020,Beverages,Autumn,75.78,41.05,59,1,Sat,85.35,0.18,69.987,33,2309.57
2024-01-09,P0020,Beverages,Winter,10.48,102.95,989,1,Fri,18.38,0.18,15.0716,62,934.44
2024-01-27,P0020,Beverages,Autumn,99.56,92.84,33,0,Tue,159.51,0.0,159.51,8,1276.08
2024-02-07,P0020,Beverages,Autumn,61.75,71.26,779,0,Wed,101.34,0.0,101.34,11,1114.74
2024-02-10,P0020,Beverages,Autumn,16.23,108.86,736,0,Tue,25.74,0.0,25.74,137,3526.38
2024-02-11,P0020,Beverages,Summer,67.22,22.08,570,1,Wed,94.68,0.23,72.90360000000001,1,72.9
2024-02-15,P0020,Beverages,Summer,65.84,7.79,37,0,Sat,112.39,0.0,112.39,1,112.39
2024-02-20,P0020,Beverages,Autumn,49.8,70.83,23,0,Sat,77.49,0.0,77.49,64,4959.36
2024-02-23,P0020,Beverages,Summer,34.77,102.4,533,0,Fri,61.7,0.0,61.7,109,6725.3
2024-02-25,P0020,Beverages,Summer,74.31,98.23,771,0,Thu,83.39,0.0,83.39,26,2168.14
2024-03-05,P0020,Beverages,Winter,15.74,62.73,214,1,Sun,24.43,0.13,21.2541,57,1211.48
2024-03-14,P0020,Beverages,Autumn,54.67,16.03,737,0,Sat,78.21,0.0,78.21,1,78.21
2024-03-16,P0020,Beverages,Winter,4.55,67.13,784,0,Mon,5.5,0.0,5.5,108,594.0
2024-03-17,P0020,Beverages,Spring,95.79,15.0,504,0,Sat,118.56,0.0,118.56,1,118.56
2024-03-20,P0020,Beverages,Autumn,94.17,24.1,466,0,Tue,149.38,0.0,149.38,1,149.38
2024-03-22,P0020,Beverages,Autumn,76.72,115.75,138,0,Wed,135.68,0.0,135.68,39,5291.52
2024-03-26,P0020,Beverages,Summer,73.46,60.18,142,0,Mon,115.43,0.0,115.43,7,808.01
2024-03-30,P0020,Beverages,Autumn,75.58,119.54,454,0,Sat,108.12,0.0,108.12,37,4000.44
2024-04-01,P0020,Beverages,Winter,6.41,65.31,568,1,Sat,9.48,0.06,8.9112,56,499.03
2024-04-04,P0020,Beverages,Summer,29.22,81.95,173,0,Sat,36.63,0.0,36.63,31,1135.53
2024-04-06,P0020,Beverages,Autumn,34.65,36.99,308,0,Thu,55.32,0.0,55.32,41,2268.12
2024-04-11,P0020,Beverages,Spring,2.19,2.43,572,0,Thu,3.71,0.0,3.71,53,196.63
2024-04-20,P0020,Beverages,Winter,20.3,15.78,890,0,Wed,35.17,0.0,35.17,1,35.17
2024-04-28,P0020,Beverages,Autumn,74.09,54.52,828,0,Tue,84.22,0.0,84.22,6,505.32
2024-01-04,P0020,Household,Summer,15.81,12.99,597,0,Sun,24.63,0.0,24.63,4,98.52
2024-01-05,P0020,Household,Winter,28.73,110.73,709,0,Fri,44.78,0.0,44.78,30,1343.4
2024-01-10,P0020,Household,Spring,84.95,69.69,332,0,Fri,105.77,0.0,105.77,34,3596.18
2024-01-17,P0020,Household,Spring,28.09,47.97,892,1,Fri,35.76,0.15,30.395999999999997,43,1307.03
2024-01-19,P0020,Household,Spring,18.62,78.47,688,1,Mon,27.87,0.23,21.4599,60,1287.59
2024-01-22,P0020,Household,Spring,56.54,23.62,725,0,Wed,99.56,0.0,99.56,1,99.56
2024-01-30,P0020,Household,Winter,42.46,104.53,75,0,Tue,66.0,0.0,66.0,98,6468.0
2024-02-01,P0020,Household,Autumn,92.72,92.13,30,0,Sat,151.48,0.0,151.48,26,3938.48
2024-02-05,P0020,Household,Summer,76.51,97.32,987,0,Sun,132.82,0.0,132.82,43,5711.26
2024-02-08,P0020,Household,Winter,26.25,14.73,658,0,Sun,29.96,0.0,29.96,1,29.96
2024-02-14,P0020,Household,Summer,13.25,39.36,897,0,Tue,19.75,0.0,19.75,52,1027.0
2024-02-19,P0020,Household,Spring,69.58,29.34,233,0,Sun,95.89,0.0,95.89,1,95.89
2024-02-26,P0020,Household,Autumn,16.87,25.69,549,0,Mon,30.05,0.0,30.05,74,2223.7
2024-02-27,P0020,Household,Autumn,66.76,5.65,922,0,Sat,83.21,0.0,83.21,1,83.21
2024-02-28,P0020,Household,Spring,18.75,113.32,364,1,Sun,23.01,0.06,21.6294,234,5061.28
2024-03-03,P0020,Household,Summer,66.5,17.56,556,0,Thu,78.38,0.0,78.38,1,78.38
2024-03-12,P0020,Household,Spring,67.25,27.98,143,1,Wed,76.68,0.11,68.24520000000001,1,68.25
2024-03-25,P0020,Household,Autumn,61.29,102.29,165,0,Mon,94.53,0.0,94.53,100,9453.0
2024-03-28,P0020,Household,Autumn,20.25,106.19,60,0,Wed,27.92,0.0,27.92,128,3573.76
2024-03-29,P0020,Household,Summer,50.93,10.62,319,1,Fri,63.56,0.18,52.119200000000006,1,52.12
2024-04-03,P0020,Household,Summer,60.61,21.27,316,0,Sun,70.58,0.0,70.58,1,70.58
2024-04-10,P0020,Household,Summer,88.42,53.72,800,0,Fri,130.67,0.0,130.67,1,130.67
2024-04-18,P0020,Household,Spring,18.15,74.1,123,0,Fri,31.2,0.0,31.2,58,1809.6
2024-01-06,P0020,Snacks,Winter,79.81,31.74,95,1,Wed,133.45,0.13,116.10149999999999,1,116.1
2024-01-11,P0020,Snacks,Autumn,65.29,101.49,105,0,Sat,88.6,0.0,88.6,48,4252.8
2024-01-12,P0020,Snacks,Summer,16.63,2.21,369,1,Thu,25.15,0.05,23.8925,1,23.89
2024-01-15,P0020,Snacks,Spring,7.88,36.24,579,0,Sat,12.18,0.0,12.18,112,1364.16
2024-01-20,P0020,Snacks,Autumn,81.82,100.43,308,0,Fri,90.92,0.0,90.92,83,7546.36
2024-01-21,P0020,Snacks,Summer,75.29,47.87,687,0,Sun,85.26,0.0,85.26,2,170.52
2024-01-26,P0020,Snacks,Spring,45.76,15.07,655,1,Fri,68.47,0.24,52.0372,1,52.04
2024-02-03,P0020,Snacks,Spring,31.69,91.85,653,0,Sun,45.86,0.0,45.86,18,825.48
2024-02-06,P0020,Snacks,Summer,23.56,32.11,845,0,Tue,36.78,0.0,36.78,82,3015.96
2024-02-18,P0020,Snacks,Winter,42.07,112.87,383,1,Sun,46.95,0.07,43.6635,79,3449.42
2024-03-06,P0020,Snacks,Autumn,57.48,38.83,974,0,Sat,86.96,0.0,86.96,1,86.96
2024-03-23,P0020,Snacks,Spring,11.37,107.18,62,0,Thu,16.38,0.0,16.38,107,1752.66
2024-03-27,P0020,Snacks,Summer,97.83,45.59,88,1,Fri,147.18,0.08,135.40560000000002,1,135.41
2024-04-02,P0020,Snacks,Spring,12.03,35.74,78,0,Fri,18.03,0.0,18.03,71,1280.13
2024-04-09,P0020,Snacks,Spring,16.03,71.01,439,0,Wed,24.23,0.0,24.23,35,848.05
2024-04-17,P0020,Snacks,Spring,48.03,62.73,757,0,Mon,65.43,0.0,65.43,52,3402.36
2024-04-19,P0020,Snacks,Winter,43.47,73.18,266,0,Sat,58.89,0.0,58.89,85,5005.65
2024-04-29,P0020,Snacks,Spring,53.53,70.48,502,1,Thu,70.55,0.12,62.083999999999996,53,3290.45
2024-01-07,P0020,Clothing,Winter,85.16,113.87,677,0,Mon,137.31,0.0,137.31,20,2746.2
2024-01-08,P0020,Clothing,Winter,22.82,59.65,118,0,Wed,28.38,0.0,28.38,19,539.22
2024-01-25,P0020,Clothing,Autumn,49.51,116.64,514,0,Thu,66.71,0.0,66.71,95,6337.45
2024-01-28,P0020,Clothing,Summer,86.52,44.39,134,1,Sat,102.77,0.13,89.4099,1,89.41
2024-02-02,P0020,Clothing,Spring,84.53,88.37,857,0,Wed,102.27,0.0,102.27,22,2249.94
2024-02-09,P0020,Clothing,Autumn,79.2,67.42,964,0,Thu,88.73,0.0,88.73,22,1952.06
2024-02-17,P0020,Clothing,Winter,63.47,24.79,495,0,Mon,110.42,0.0,110.42,1,110.42
2024-02-29,P0020,Clothing,Autumn,22.96,76.84,657,1,Fri,29.59,0.21,23.3761,67,1566.2
2024-03-01,P0020,Clothing,Winter,53.6,76.03,445,1,Mon,89.14,0.09,81.1174,95,7706.15
2024-03-08,P0020,Clothing,Summer,18.48,106.82,559,0,Mon,21.74,0.0,21.74,129,2804.46
2024-03-09,P0020,Clothing,Summer,37.32,106.87,962,0,Wed,44.63,0.0,44.63,116,5177.08
2024-03-11,P0020,Clothing,Winter,64.56,95.5,891,1,Wed,103.51,0.12,91.0888,37,3370.29
2024-04-15,P0020,Clothing,Spring,21.64,69.73,148,1,Thu,27.19,0.12,23.927200000000003,115,2751.63
2024-04-22,P0020,Clothing,Winter,50.17,2.13,615,0,Wed,72.89,0.0,72.89,1,72.89
2024-04-26,P0020,Clothing,Spring,35.47,93.97,467,0,Tue,45.61,0.0,45.61,65,2964.65
2024-01-18,P0020,Groceries,Summer,65.57,116.68,442,0,Sat,100.27,0.0,100.27,34,3409.18
2024-02-12,P0020,Groceries,Winter,33.28,102.75,846,0,Mon,36.96,0.0,36.96,115,4250.4
2024-02-16,P0020,Groceries,Spring,24.75,63.89,199,1,Sun,30.08,0.19,24.3648,18,438.57
2024-02-22,P0020,Groceries,Summer,15.44,41.08,608,0,Thu,25.54,0.0,25.54,26,664.04
2024-03-02,P0020,Groceries,Winter,29.63,32.54,415,1,Wed,33.37,0.2,26.695999999999998,88,2349.25
2024-03-13,P0020,Groceries,Summer,66.75,97.15,284,0,Tue,83.13,0.0,83.13,36,2992.68
2024-03-15,P0020,Groceries,Autumn,74.88,91.22,935,0,Mon,115.48,0.0,115.48,10,1154.8
2024-03-18,P0020,Groceries,Winter,22.99,74.27,52,0,Sat,28.62,0.0,28.62,93,2661.66
2024-03-21,P0020,Groceries,Spring,83.21,54.23,925,0,Sun,105.0,0.0,105.0,5,525.0
2024-03-31,P0020,Groceries,Winter,43.93,66.8,373,0,Wed,67.19,0.0,67.19,61,4098.59
2024-04-05,P0020,Groceries,Summer,14.65,44.04,391,0,Thu,22.9,0.0,22.9,27,618.3
2024-04-08,P0020,Groceries,Summer,3.37,64.68,716,0,Tue,5.54,0.0,5.54,144,797.76
2024-04-12,P0020,Groceries,Summer,77.61,59.51,946,1,Wed,137.32,0.09,124.9612,3,374.88
2024-04-14,P0020,Groceries,Winter,56.86,17.5,42,0,Sun,74.72,0.0,74.72,1,74.72
2024-04-21,P0020,Groceries,Spring,38.22,26.68,240,0,Tue,65.0,0.0,65.0,1,65.0
2024-04-25,P0020,Groceries,Winter,93.66,97.95,426,0,Sat,166.31,0.0,166.31,21,3492.51
2024-04-27,P0020,Groceries,Summer,36.22,84.9,488,1,Fri,54.33,0.13,47.2671,28,1323.48
2024-01-01,P0021,Electronics,Spring,43.46,23.17,856,1,Wed,75.36,0.06,70.8384,1,70.84
2024-01-06,P0021,Electronics,Winter,47.16,91.9,552,0,Sun,74.06,0.0,74.06,66,4887.96
2024-01-17,P0021,Electronics,Winter,37.66,49.69,488,0,Thu,49.9,0.0,49.9,37,1846.3
2024-01-20,P0021,Electronics,Autumn,60.46,91.26,650,0,Mon,97.5,0.0,97.5,43,4192.5
2024-01-30,P0021,Electronics,Autumn,5.01,40.36,698,1,Wed,7.74,0.06,7.2756,197,1433.29
2024-02-04,P0021,Electronics,Autumn,86.16,105.01,775,0,Sun,134.96,0.0,134.96,67,9042.32
2024-02-07,P0021,Electronics,Spring,53.12,100.97,990,0,Fri,67.39,0.0,67.39,113,7615.07
2024-02-13,P0021,Electronics,Winter,13.51,51.54,821,0,Tue,19.01,0.0,19.01,41,779.41
2024-03-02,P0021,Electronics,Summer,24.49,101.19,428,0,Thu,34.82,0.0,34.82,58,2019.56
2024-03-03,P0021,Electronics,Spring,57.14,96.98,617,0,Sat,100.93,0.0,100.93,56,5652.08
2024-03-04,P0021,Electronics,Winter,8.82,57.82,944,0,Wed,10.93,0.0,10.93,94,1027.42
2024-03-16,P0021,Electronics,Summer,43.04,32.28,27,0,Fri,67.32,0.0,67.32,1,67.32
2024-03-20,P0021,Electronics,Autumn,46.11,101.24,888,1,Thu,75.04,0.09,68.28640000000001,114,7784.65
2024-03-26,P0021,Electronics,Summer,26.23,117.81,982,0,Thu,43.02,0.0,43.02,136,5850.72
2024-04-01,P0021,Electronics,Winter,22.42,85.98,246,0,Tue,38.58,0.0,38.58,139,5362.62
2024-04-06,P0021,Electronics,Spring,54.45,23.59,752,0,Fri,76.95,0.0,76.95,1,76.95
2024-04-11,P0021,Electronics,Spring,11.08,82.57,245,0,Thu,16.58,0.0,16.58,77,1276.66
2024-04-14,P0021,Electronics,Autumn,30.0,50.29,204,1,Wed,48.98,0.08,45.0616,71,3199.37
