retail_dynamic_pricing_dataset.csv
date,product_id,category,season,cost_price,competitor_price,stock_level,promotion,day_of_week,current_price,discount,effective_price,units_sold,revenue
2024-01-02,P0021,Beverages,Autumn,81.57,13.63,317,1,Mon,132.61,0.18,108.74020000000002,1,108.74
2024-01-04,P0021,Beverages,Spring,59.47,99.24,805,1,Mon,82.09,0.11,73.0601,119,8694.15
2024-01-14,P0021,Beverages,Winter,88.65,70.29,990,0,Wed,98.04,0.0,98.04,50,4902.0
2024-01-16,P0021,Beverages,Winter,40.69,68.15,631,1,Tue,55.26,0.11,49.1814,75,3688.6
2024-02-02,P0021,Beverages,Spring,16.2,40.34,389,0,Fri,23.07,0.0,23.07,98,2260.86
2024-02-09,P0021,Beverages,Spring,16.48,75.76,181,1,Sun,29.21,0.09,26.581100000000003,124,3296.06
2024-02-14,P0021,Beverages,Winter,63.3,116.42,83,0,Sun,109.7,0.0,109.7,63,6911.1
2024-02-18,P0021,Beverages,Winter,35.39,87.12,299,0,Thu,61.8,0.0,61.8,62,3831.6
2024-02-20,P0021,Beverages,Autumn,94.88,73.95,924,1,Tue,110.82,0.2,88.656,72,6383.23
2024-02-24,P0021,Beverages,Spring,12.94,53.8,753,0,Tue,19.06,0.0,19.06,42,800.52
2024-02-29,P0021,Beverages,Spring,28.37,100.27,186,0,Sun,33.37,0.0,33.37,48,1601.76
2024-03-06,P0021,Beverages,Spring,67.5,111.97,626,0,Mon,82.52,0.0,82.52,93,7674.36
2024-03-30,P0021,Beverages,Summer,68.6,32.22,282,0,Mon,106.42,0.0,106.42,1,106.42
2024-04-05,P0021,Beverages,Autumn,22.08,20.19,779,0,Mon,37.49,0.0,37.49,8,299.92
2024-04-10,P0021,Beverages,Spring,91.61,58.43,362,1,Mon,160.57,0.2,128.456,1,128.46
2024-04-12,P0021,Beverages,Winter,67.19,71.85,370,0,Thu,100.66,0.0,100.66,39,3925.74
2024-04-15,P0021,Beverages,Autumn,14.43,41.44,733,0,Thu,18.26,0.0,18.26,137,2501.62
2024-04-24,P0021,Beverages,Spring,32.27,114.16,781,0,Tue,56.7,0.0,56.7,127,7200.9
2024-04-26,P0021,Beverages,Winter,65.97,19.59,129,0,Sat,86.25,0.0,86.25,1,86.25
2024-01-03,P0021,Snacks,Autumn,89.21,42.86,942,1,Wed,156.16,0.14,134.2976,1,134.3
2024-01-09,P0021,Snacks,Winter,26.98,44.71,76,0,Tue,43.33,0.0,43.33,43,1863.19
2024-01-12,P0021,Snacks,Winter,21.74,3.95,336,0,Mon,30.33,0.0,30.33,1,30.33
2024-01-23,P0021,Snacks,Summer,90.28,3.81,203,0,Wed,110.75,0.0,110.75,1,110.75
2024-01-26,P0021,Snacks,Spring,51.39,61.8,255,0,Sat,87.07,0.0,87.07,40,3482.8
2024-02-06,P0021,Snacks,Summer,12.46,118.64,94,0,Sun,19.37,0.0,19.37,167,3234.79
2024-02-10,P0021,Snacks,Winter,18.27,34.03,365,0,Mon,25.35,0.0,25.35,116,2940.6
2024-02-15,P0021,Snacks,Summer,62.95,72.1,152,1,Tue,82.46,0.12,72.56479999999999,121,8780.34
2024-02-23,P0021,Snacks,Summer,26.13,26.59,267,0,Wed,46.36,0.0,46.36,4,185.44
2024-03-14,P0021,Snacks,Autumn,88.41,24.57,828,0,Mon,126.3,0.0,126.3,1,126.3
2024-03-18,P0021,Snacks,Winter,66.89,105.27,291,0,Tue,90.7,0.0,90.7,41,3718.7
2024-04-16,P0021,Snacks,Spring,46.21,102.44,998,0,Wed,67.73,0.0,67.73,123,8330.79
2024-04-20,P0021,Snacks,Spring,67.48,24.52,629,1,Thu,111.7,0.18,91.59400000000001,1,91.59
2024-04-21,P0021,Snacks,Spring,4.94,41.3,200,0,Wed,8.15,0.0,8.15,72,586.8
2024-04-28,P0021,Snacks,Winter,18.04,54.74,520,0,Thu,27.48,0.0,27.48,64,1758.72
2024-01-05,P0021,Clothing,Autumn,19.33,68.12,782,0,Sun,33.16,0.0,33.16,10,331.6
2024-01-11,P0021,Clothing,Winter,45.21,28.33,607,0,Fri,68.57,0.0,68.57,1,68.57
2024-01-15,P0021,Clothing,Spring,76.2,107.19,471,1,Tue,97.02,0.15,82.467,22,1814.27
2024-01-18,P0021,Clothing,Spring,71.93,69.67,150,1,Sat,124.35,0.21,98.2365,25,2455.91
2024-01-27,P0021,Clothing,Spring,68.91,45.81,523,0,Sun,88.05,0.0,88.05,2,176.1
2024-02-08,P0021,Clothing,Winter,8.64,51.8,636,1,Tue,10.0,0.22,7.800000000000001,244,1903.2
2024-02-11,P0021,Clothing,Summer,7.28,11.02,677,0,Fri,10.69,0.0,10.69,27,288.63
2024-02-16,P0021,Clothing,Autumn,20.67,89.91,993,0,Sat,24.97,0.0,24.97,89,2222.33
2024-02-17,P0021,Clothing,Summer,99.84,17.09,256,0,Fri,115.1,0.0,115.1,1,115.1
2024-02-21,P0021,Clothing,Spring,94.95,100.79,388,1,Thu,141.24,0.17,117.2292,65,7619.9
2024-02-25,P0021,Clothing,Summer,57.42,101.09,165,0,Sun,101.9,0.0,101.9,25,2547.5
2024-02-27,P0021,Clothing,Winter,83.27,73.05,806,0,Thu,132.62,0.0,132.62,1,132.62
2024-03-07,P0021,Clothing,Summer,17.77,98.51,993,0,Wed,21.62,0.0,21.62,38,821.56
2024-03-08,P0021,Clothing,Summer,60.04,118.65,189,1,Sun,79.19,0.24,60.1844,126,7583.23
2024-03-15,P0021,Clothing,Winter,39.25,2.42,757,0,Sat,46.88,0.0,46.88,1,46.88
2024-03-19,P0021,Clothing,Spring,3.27,106.05,220,0,Thu,5.06,0.0,5.06,107,541.42
2024-03-25,P0021,Clothing,Autumn,65.72,9.67,644,0,Thu,106.43,0.0,106.43,1,106.43
2024-03-28,P0021,Clothing,Winter,37.66,9.23,257,0,Wed,61.66,0.0,61.66,1,61.66
2024-03-29,P0021,Clothing,Winter,24.95,18.1,477,0,Fri,29.57,0.0,29.57,19,561.83
2024-04-03,P0021,Clothing,Winter,46.61,109.55,36,0,Thu,80.17,0.0,80.17,122,9780.74
2024-04-07,P0021,Clothing,Autumn,34.5,8.1,434,1,Fri,43.06,0.07,40.0458,1,40.05
2024-04-23,P0021,Clothing,Winter,8.68,9.62,840,1,Sat,13.68,0.25,10.26,89,913.14
2024-04-27,P0021,Clothing,Summer,99.56,67.13,511,1,Sat,171.22,0.08,157.5224,1,157.52
2024-04-29,P0021,Clothing,Autumn,40.31,42.04,219,0,Tue,45.23,0.0,45.23,88,3980.24
2024-01-07,P0021,Groceries,Winter,50.93,106.95,952,0,Tue,86.62,0.0,86.62,121,10481.02
2024-01-08,P0021,Groceries,Spring,43.79,67.7,757,1,Fri,76.96,0.08,70.8032,90,6372.29
2024-01-21,P0021,Groceries,Summer,13.29,42.33,468,1,Tue,16.4,0.11,14.595999999999998,180,2627.28
2024-01-24,P0021,Groceries,Autumn,9.5,78.31,696,1,Wed,16.88,0.11,15.0232,138,2073.2
2024-01-25,P0021,Groceries,Spring,34.58,93.43,517,1,Mon,47.04,0.18,38.5728,63,2430.09
2024-01-28,P0021,Groceries,Autumn,9.87,40.65,795,0,Sun,15.44,0.0,15.44,116,1791.04
2024-01-31,P0021,Groceries,Spring,85.91,72.29,963,0,Sun,123.98,0.0,123.98,4,495.92
2024-02-22,P0021,Groceries,Summer,75.53,58.48,216,0,Tue,107.71,0.0,107.71,9,969.39
2024-03-05,P0021,Groceries,Winter,66.17,48.94,869,1,Wed,81.34,0.15,69.139,56,3871.78
2024-03-09,P0021,Groceries,Spring,61.09,77.37,773,1,Sat,90.25,0.17,74.9075,86,6442.04
2024-03-11,P0021,Groceries,Winter,95.37,19.31,504,0,Fri,168.26,0.0,168.26,1,168.26
2024-03-23,P0021,Groceries,Winter,56.01,17.13,773,1,Thu,73.64,0.05,69.958,1,69.96
2024-03-24,P0021,Groceries,Spring,65.44,31.75,475,0,Sat,101.3,0.0,101.3,1,101.3
2024-03-31,P0021,Groceries,Winter,60.68,93.23,383,1,Sat,98.88,0.08,90.9696,86,7823.39
2024-04-09,P0021,Groceries,Winter,49.98,25.95,258,1,Sat,79.36,0.1,71.424,1,71.42
2024-04-13,P0021,Groceries,Autumn,88.69,35.53,545,0,Sat,112.48,0.0,112.48,1,112.48
2024-04-17,P0021,Groceries,Winter,96.17,50.97,271,0,Sat,119.13,0.0,119.13,1,119.13
2024-04-18,P0021,Groceries,Spring,63.71,8.34,713,0,Wed,93.34,0.0,93.34,1,93.34
2024-04-19,P0021,Groceries,Autumn,64.75,74.7,981,0,Sat,99.66,0.0,99.66,7,697.62
2024-01-10,P0021,Household,Summer,47.76,102.83,822,0,Mon,81.7,0.0,81.7,23,1879.1
2024-01-13,P0021,Household,Autumn,90.44,7.03,884,0,Fri,108.8,0.0,108.8,1,108.8
2024-01-19,P0021,Household,Spring,61.2,80.86,939,1,Thu,77.3,0.19,62.613,81,5071.65
2024-01-22,P0021,Household,Winter,62.21,47.04,788,0,Thu,107.12,0.0,107.12,1,107.12
2024-01-29,P0021,Household,Winter,87.41,77.76,426,0,Mon,136.29,0.0,136.29,16,2180.64
2024-02-01,P0021,Household,Winter,3.74,111.31,541,1,Sat,6.57,0.07,6.1101,114,696.55
2024-02-03,P0021,Household,Spring,80.23,9.13,685,0,Fri,125.34,0.0,125.34,1,125.34
2024-02-05,P0021,Household,Autumn,98.24,33.55,316,0,Thu,152.32,0.0,152.32,1,152.32
2024-02-12,P0021,Household,Spring,89.41,63.57,257,0,Sun,127.9,0.0,127.9,1,127.9
2024-02-19,P0021,Household,Summer,90.6,7.7,614,0,Fri,139.43,0.0,139.43,1,139.43
2024-02-26,P0021,Household,Autumn,36.64,86.01,137,1,Fri,58.66,0.23,45.1682,134,6052.54
2024-02-28,P0021,Household,Summer,74.75,83.57,668,0,Mon,97.05,0.0,97.05,25,2426.25
2024-03-01,P0021,Household,Spring,2.68,19.07,78,0,Mon,4.02,0.0,4.02,156,627.12
2024-03-10,P0021,Household,Winter,48.32,4.75,423,1,Thu,82.4,0.1,74.16000000000001,1,74.16
2024-03-12,P0021,Household,Summer,11.71,98.62,253,0,Tue,19.8,0.0,19.8,130,2574.0
2024-03-13,P0021,Household,Winter,41.26,77.04,914,0,Thu,52.2,0.0,52.2,60,3132.0
2024-03-17,P0021,Household,Winter,67.16,17.37,264,1,Sat,75.02,0.15,63.766999999999996,1,63.77
2024-03-21,P0021,Household,Spring,34.02,12.26,896,0,Wed,60.13,0.0,60.13,1,60.13
2024-03-22,P0021,Household,Winter,63.14,17.07,559,1,Tue,102.88,0.06,96.70719999999999,1,96.71
2024-03-27,P0021,Household,Spring,25.4,102.76,743,0,Wed,29.72,0.0,29.72,75,2229.0
2024-04-02,P0021,Household,Summer,88.53,76.03,705,0,Sun,99.27,0.0,99.27,67,6651.09
2024-04-04,P0021,Household,Winter,13.58,5.32,583,0,Thu,19.6,0.0,19.6,1,19.6
2024-04-08,P0021,Household,Autumn,85.27,74.58,517,0,Thu,122.86,0.0,122.86,34,4177.24
2024-04-22,P0021,Household,Winter,45.12,40.0,163,1,Sun,67.41,0.2,53.928,75,4044.6
2024-04-25,P0021,Household,Summer,82.34,66.1,393,1,Mon,128.91,0.11,114.7299,14,1606.22
2024-01-01,P0022,Snacks,Summer,81.15,57.22,802,0,Thu,145.89,0.0,145.89,1,145.89
2024-01-13,P0022,Snacks,Winter,10.38,118.4,432,0,Sun,13.06,0.0,13.06,70,914.2
2024-01-19,P0022,Snacks,Spring,44.02,91.36,755,0,Sun,63.44,0.0,63.44,78,4948.32
2024-01-24,P0022,Snacks,Winter,4.01,55.01,167,1,Sat,4.91,0.14,4.2226,92,388.48
2024-01-26,P0022,Snacks,Winter,72.43,99.04,270,0,Fri,99.87,0.0,99.87,76,7590.12
2024-01-28,P0022,Snacks,Autumn,95.22,110.75,539,0,Fri,109.92,0.0,109.92,97,10662.24
2024-02-17,P0022,Snacks,Autumn,64.89,66.03,126,1,Wed,99.28,0.1,89.352,75,6701.4
2024-02-18,P0022,Snacks,Autumn,55.84,92.46,843,0,Fri,82.15,0.0,82.15,110,9036.5
2024-03-13,P0022,Snacks,Spring,62.14,63.04,50,0,Sun,109.62,0.0,109.62,21,2302.02
2024-03-17,P0022,Snacks,Summer,32.14,91.31,67,1,Mon,41.83,0.12,36.8104,20,736.21
2024-03-18,P0022,Snacks,Winter,85.57,33.6,794,0,Mon,107.76,0.0,107.76,1,107.76
2024-03-20,P0022,Snacks,Summer,82.8,107.45,59,0,Tue,131.33,0.0,131.33,43,5647.19
2024-03-26,P0022,Snacks,Spring,10.1,64.42,472,1,Thu,16.17,0.07,15.0381,118,1774.5
2024-03-30,P0022,Snacks,Spring,73.0,61.04,810,0,Sun,94.21,0.0,94.21,57,5369.97
2024-04-01,P0022,Snacks,Winter,90.47,31.91,731,1,Fri,115.89,0.08,106.61880000000001,1,106.62
2024-04-07,P0022,Snacks,Spring,40.6,114.91,250,0,Fri,61.37,0.0,61.37,55,3375.35
2024-04-26,P0022,Snacks,Autumn,37.32,118.47,692,0,Tue,44.03,0.0,44.03,49,2157.47
2024-04-27,P0022,Snacks,Winter,31.66,86.23,450,0,Sun,41.64,0.0,41.64,147,6121.08
2024-01-02,P0022,Clothing,Autumn,22.35,80.68,798,1,Sun,27.65,0.08,25.438,166,4222.71
2024-01-10,P0022,Clothing,Spring,16.63,71.57,744,0,Tue,29.6,0.0,29.6,129,3818.4
2024-01-14,P0022,Clothing,Summer,87.6,21.13,27,0,Mon,146.47,0.0,146.47,1,146.47
2024-01-16,P0022,Clothing,Spring,35.19,1.71,650,0,Wed,41.84,0.0,41.84,1,41.84
2024-01-17,P0022,Clothing,Autumn,33.07,15.96,147,0,Fri,41.76,0.0,41.76,1,41.76
2024-01-18,P0022,Clothing,Autumn,20.83,86.9,632,1,Wed,30.63,0.23,23.5851,133,3136.82
2024-01-21,P0022,Clothing,Winter,41.47,40.73,305,1,Sat,63.94,0.08,58.8248,72,4235.39
2024-01-30,P0022,Clothing,Autumn,20.23,38.27,980,1,Mon,24.78,0.15,21.063,175,3686.02
2024-02-07,P0022,Clothing,Winter,66.75,51.51,407,0,Fri,103.91,0.0,103.91,5,519.55
2024-02-10,P0022,Clothing,Spring,21.18,115.42,44,0,Thu,33.52,0.0,33.52,43,1441.36
2024-02-12,P0022,Clothing,Autumn,15.35,72.78,403,0,Sat,19.64,0.0,19.64,101,1983.64
2024-02-13,P0022,Clothing,Spring,91.41,17.8,287,0,Mon,120.47,0.0,120.47,1,120.47
2024-02-14,P0022,Clothing,Summer,22.99,56.1,229,1,Fri,29.73,0.09,27.0543,188,5086.21
2024-02-20,P0022,Clothing,Spring,42.57,64.25,543,0,Wed,63.03,0.0,63.03,66,4159.98
2024-03-06,P0022,Clothing,Autumn,89.7,69.12,344,1,Wed,125.82,0.2,100.656,14,1409.18
2024-03-11,P0022,Clothing,Autumn,98.96,37.63,715,0,Mon,140.96,0.0,140.96,1,140.96
2024-03-14,P0022,Clothing,Spring,69.7,11.63,408,0,Sat,95.73,0.0,95.73,1,95.73
2024-03-25,P0022,Clothing,Autumn,18.79,15.98,78,0,Thu,27.06,0.0,27.06,5,135.3
2024-04-05,P0022,Clothing,Spring,87.71,38.94,397,0,Fri,102.12,0.0,102.12,1,102.12
2024-04-06,P0022,Clothing,Winter,93.29,67.44,528,0,Fri,140.43,0.0,140.43,1,140.43
2024-04-20,P0022,Clothing,Summer,5.71,60.19,759,0,Sun,10.19,0.0,10.19,28,285.32
2024-04-24,P0022,Clothing,Autumn,40.1,33.66,748,0,Sat,67.51,0.0,67.51,3,202.53
2024-04-29,P0022,Clothing,Winter,98.88,79.89,816,0,Fri,174.45,0.0,174.45,1,174.45
2024-01-03,P0022,Household,Autumn,16.22,24.74,622,1,Sun,20.7,0.11,18.423,140,2579.22
2024-01-05,P0022,Household,Autumn,38.99,97.75,876,0,Sun,62.79,0.0,62.79,93,5839.47
2024-01-07,P0022,Household,Autumn,46.17,62.35,85,1,Wed,73.69,0.13,64.1103,15,961.65
2024-01-20,P0022,Household,Summer,43.4,5.69,220,0,Tue,78.06,0.0,78.06,1,78.06
2024-01-31,P0022,Household,Summer,12.94,78.16,665,1,Wed,20.39,0.12,17.9432,107,1919.92
2024-02-09,P0022,Household,Winter,11.3,66.9,498,0,Sat,18.12,0.0,18.12,59,1069.08
2024-02-16,P0022,Household,Spring,69.47,111.96,825,1,Thu,120.55,0.18,98.851,59,5832.21
2024-02-27,P0022,Household,Spring,99.79,22.88,904,1,Mon,175.89,0.22,137.1942,1,137.19
2024-02-29,P0022,Household,Autumn,87.86,67.84,914,0,Thu,139.0,0.0,139.0,1,139.0
2024-03-02,P0022,Household,Winter,24.72,2.76,186,0,Mon,30.06,0.0,30.06,1,30.06
2024-03-03,P0022,Household,Winter,77.03,53.6,728,1,Wed,102.61,0.18,84.14020000000001,44,3702.17
2024-03-04,P0022,Household,Spring,80.95,94.59,135,0,Tue,126.98,0.0,126.98,24,3047.52
2024-03-07,P0022,Household,Summer,96.77,83.9,872,1,Sun,163.42,0.25,122.565,24,2941.56
2024-03-10,P0022,Household,Autumn,52.19,55.27,186,0,Fri,73.48,0.0,73.48,65,4776.2
2024-03-16,P0022,Household,Autumn,59.26,54.94,587,1,Mon,68.12,0.16,57.220800000000004,13,743.87
2024-04-04,P0022,Household,Winter,17.16,70.24,636,0,Fri,30.5,0.0,30.5,136,4148.0
2024-04-08,P0022,Household,Autumn,31.27,11.06,239,0,Mon,41.0,0.0,41.0,1,41.0
2024-04-10,P0022,Household,Winter,86.11,77.62,229,1,Fri,105.27,0.1,94.743,32,3031.78
2024-04-11,P0022,Household,Spring,68.56,81.73,674,0,Fri,84.49,0.0,84.49,50,4224.5
2024-04-14,P0022,Household,Autumn,48.13,111.49,409,1,Fri,57.36,0.18,47.0352,185,8701.51
2024-04-15,P0022,Household,Autumn,67.94,10.48,696,0,Tue,96.78,0.0,96.78,1,96.78
2024-04-17,P0022,Household,Winter,38.82,34.46,804,0,Tue,64.71,0.0,64.71,13,841.23
2024-04-18,P0022,Household,Winter,32.0,37.75,454,1,Sat,40.58,0.13,35.3046,68,2400.71
2024-04-19,P0022,Household,Summer,91.38,6.34,929,1,Sat,113.99,0.07,106.01069999999999,1,106.01
2024-04-23,P0022,Household,Winter,15.46,69.65,603,1,Fri,19.29,0.09,17.5539,107,1878.27
2024-04-28,P0022,Household,Autumn,78.41,88.52,782,0,Fri,112.97,0.0,112.97,61,6891.17
2024-01-04,P0022,Electronics,Spring,43.33,65.01,332,0,Fri,71.37,0.0,71.37,73,5210.01
2024-01-12,P0022,Electronics,Summer,28.48,63.55,209,0,Tue,36.22,0.0,36.22,110,3984.2
2024-01-23,P0022,Electronics,Spring,34.64,106.93,838,0,Wed,59.01,0.0,59.01,96,5664.96
2024-02-06,P0022,Electronics,Autumn,73.03,17.69,97,0,Wed,84.65,0.0,84.65,1,84.65
2024-02-15,P0022,Electronics,Autumn,66.55,109.98,503,1,Wed,79.44,0.16,66.72959999999999,34,2268.81
2024-02-22,P0022,Electronics,Autumn,1.94,40.25,870,0,Thu,3.42,0.0,3.42,102,348.84
2024-02-23,P0022,Electronics,Autumn,6.3,108.24,962,1,Sat,9.54,0.12,8.395199999999999,232,1947.69
2024-02-25,P0022,Electronics,Autumn,33.72,92.59,269,1,Wed,57.03,0.25,42.7725,135,5774.29
2024-03-01,P0022,Electronics,Autumn,37.49,69.84,844,1,Mon,63.49,0.13,55.2363,130,7180.72
2024-03-05,P0022,Electronics,Autumn,55.44,79.96,962,0,Thu,92.41,0.0,92.41,23,2125.43
2024-03-09,P0022,Electronics,Summer,23.04,102.09,725,0,Tue,37.33,0.0,37.33,41,1530.53
2024-03-12,P0022,Electronics,Summer,30.0,44.6,702,1,Tue,48.23,0.24,36.6548,70,2565.84
2024-03-19,P0022,Electronics,Spring,71.76,8.89,455,0,Sun,106.31,0.0,106.31,1,106.31
2024-03-28,P0022,Electronics,Summer,15.86,109.9,48,1,Wed,20.86,0.12,18.3568,141,2588.31
2024-04-02,P0022,Electronics,Summer,16.4,102.56,228,0,Sun,21.59,0.0,21.59,163,3519.17
2024-04-13,P0022,Electronics,Winter,12.63,96.95,571,0,Sun,19.36,0.0,19.36,139,2691.04
2024-04-16,P0022,Electronics,Autumn,89.81,116.94,502,0,Wed,122.46,0.0,122.46,74,9062.04
2024-04-22,P0022,Electronics,Summer,46.4,20.16,382,0,Fri,67.19,0.0,67.19,1,67.19
2024-04-25,P0022,Electronics,Spring,72.54,3.22,709,0,Thu,84.56,0.0,84.56,1,84.56
2024-01-06,P0022,Beverages,Autumn,98.04,27.48,442,0,Tue,135.11,0.0,135.11,1,135.11
2024-01-09,P0022,Beverages,Spring,88.91,96.26,198,0,Sun,153.0,0.0,153.0,29,4437.0
2024-01-11,P0022,Beverages,Autumn,71.82,90.14,357,1,Sun,84.91,0.14,73.0226,78,5695.76
2024-01-15,P0022,Beverages,Autumn,29.95,86.63,167,0,Sat,48.19,0.0,48.19,135,6505.65
2024-01-25,P0022,Beverages,Winter,18.67,53.66,825,0,Fri,24.73,0.0,24.73,103,2547.19
2024-01-27,P0022,Beverages,Spring,59.5,83.75,234,0,Sat,103.61,0.0,103.61,64,6631.04
2024-01-29,P0022,Beverages,Spring,69.75,112.7,139,0,Tue,98.08,0.0,98.08,70,6865.6
2024-02-01,P0022,Beverages,Winter,52.56,65.47,191,0,Fri,72.94,0.0,72.94,52,3792.88
2024-02-02,P0022,Beverages,Autumn,66.86,71.9,148,0,Tue,80.57,0.0,80.57,50,4028.5
2024-02-04,P0022,Beverages,Spring,60.57,8.14,576,1,Mon,80.66,0.08,74.2072,1,74.21
2024-02-24,P0022,Beverages,Autumn,49.76,93.78,772,1,Tue,59.02,0.08,54.29840000000001,103,5592.74
2024-02-26,P0022,Beverages,Autumn,41.41,3.53,638,0,Mon,48.5,0.0,48.5,1,48.5
2024-03-08,P0022,Beverages,Winter,47.63,102.27,264,0,Wed,85.62,0.0,85.62,84,7192.08
2024-03-15,P0022,Beverages,Summer,22.18,71.33,277,0,Fri,28.97,0.0,28.97,72,2085.84
2024-03-21,P0022,Beverages,Spring,20.77,9.1,562,0,Sun,31.85,0.0,31.85,1,31.85
2024-03-22,P0022,Beverages,Winter,4.42,111.35,970,1,Sat,5.07,0.18,4.157400000000001,112,465.63
2024-03-24,P0022,Beverages,Autumn,39.29,7.7,602,0,Tue,64.63,0.0,64.63,1,64.63
2024-03-27,P0022,Beverages,Winter,52.13,2.88,179,0,Thu,84.52,0.0,84.52,1,84.52
2024-04-21,P0022,Beverages,Winter,48.48,114.62,923,0,Fri,73.47,0.0,73.47,100,7347.0
