retail_dynamic_pricing_dataset.csv
date,product_id,category,season,cost_price,competitor_price,stock_level,promotion,day_of_week,current_price,discount,effective_price,units_sold,revenue
2024-01-08,P0022,Groceries,Autumn,86.23,115.92,800,0,Tue,137.44,0.0,137.44,55,7559.2
2024-01-22,P0022,Groceries,Autumn,91.71,15.06,461,0,Sat,110.01,0.0,110.01,1,110.01
2024-02-03,P0022,Groceries,Summer,17.4,75.41,980,0,Thu,29.97,0.0,29.97,49,1468.53
2024-02-05,P0022,Groceries,Winter,86.64,107.51,927,1,Sun,144.43,0.14,124.2098,82,10185.2
2024-02-08,P0022,Groceries,Winter,79.14,35.76,318,0,Fri,103.14,0.0,103.14,1,103.14
2024-02-11,P0022,Groceries,Winter,4.77,50.08,365,0,Mon,8.48,0.0,8.48,56,474.88
2024-02-19,P0022,Groceries,Summer,49.13,1.38,277,0,Tue,87.43,0.0,87.43,1,87.43
2024-02-21,P0022,Groceries,Winter,91.77,88.16,724,0,Mon,149.0,0.0,149.0,6,894.0
2024-02-28,P0022,Groceries,Autumn,77.74,85.92,957,0,Tue,109.82,0.0,109.82,61,6699.02
2024-03-23,P0022,Groceries,Autumn,85.2,60.2,653,0,Sun,135.25,0.0,135.25,1,135.25
2024-03-29,P0022,Groceries,Autumn,57.1,95.76,721,1,Tue,63.39,0.05,60.2205,36,2167.94
2024-03-31,P0022,Groceries,Autumn,53.97,111.22,633,0,Fri,61.74,0.0,61.74,101,6235.74
2024-04-03,P0022,Groceries,Autumn,49.9,96.81,499,1,Thu,64.61,0.24,49.1036,96,4713.95
2024-04-09,P0022,Groceries,Autumn,28.65,24.92,615,0,Wed,47.57,0.0,47.57,14,665.98
2024-04-12,P0022,Groceries,Winter,88.18,20.57,314,1,Sun,129.22,0.21,102.08380000000001,1,102.08
2024-01-01,P0023,Clothing,Winter,78.16,18.1,807,0,Fri,138.36,0.0,138.36,1,138.36
2024-01-04,P0023,Clothing,Spring,80.38,119.46,458,1,Tue,106.63,0.12,93.8344,143,13418.32
2024-01-06,P0023,Clothing,Spring,74.98,53.64,931,0,Fri,114.5,0.0,114.5,1,114.5
2024-01-08,P0023,Clothing,Autumn,69.64,110.74,556,0,Wed,93.6,0.0,93.6,18,1684.8
2024-01-11,P0023,Clothing,Autumn,76.36,45.13,790,1,Sat,87.03,0.11,77.4567,19,1471.68
2024-01-12,P0023,Clothing,Autumn,22.38,107.82,383,0,Sat,39.18,0.0,39.18,86,3369.48
2024-02-07,P0023,Clothing,Summer,31.36,59.43,978,0,Thu,37.83,0.0,37.83,57,2156.31
2024-02-18,P0023,Clothing,Summer,19.25,72.23,85,0,Fri,32.17,0.0,32.17,96,3088.32
2024-03-13,P0023,Clothing,Spring,19.8,26.78,264,0,Fri,30.87,0.0,30.87,35,1080.45
2024-04-04,P0023,Clothing,Winter,42.57,119.82,416,1,Tue,54.73,0.23,42.1421,186,7838.43
2024-04-16,P0023,Clothing,Spring,37.6,102.76,970,0,Sat,48.52,0.0,48.52,46,2231.92
2024-04-17,P0023,Clothing,Summer,96.89,109.54,274,0,Wed,139.7,0.0,139.7,14,1955.8
2024-04-19,P0023,Clothing,Spring,95.33,74.64,315,1,Wed,110.92,0.17,92.0636,56,5155.56
2024-04-29,P0023,Clothing,Spring,19.88,63.04,731,1,Sat,30.95,0.23,23.8315,41,977.09
2024-01-02,P0023,Electronics,Summer,84.79,25.6,963,1,Fri,101.36,0.13,88.1832,1,88.18
2024-01-03,P0023,Electronics,Winter,94.01,46.89,675,0,Wed,131.16,0.0,131.16,1,131.16
2024-01-05,P0023,Electronics,Summer,98.06,81.04,256,0,Mon,117.4,0.0,117.4,60,7044.0
2024-01-10,P0023,Electronics,Winter,68.62,39.18,149,0,Thu,113.3,0.0,113.3,1,113.3
2024-01-13,P0023,Electronics,Spring,91.35,93.44,345,0,Thu,156.89,0.0,156.89,10,1568.9
2024-01-16,P0023,Electronics,Summer,80.18,25.06,371,0,Sun,97.14,0.0,97.14,1,97.14
2024-01-18,P0023,Electronics,Spring,19.23,111.6,78,0,Sat,30.88,0.0,30.88,146,4508.48
2024-01-19,P0023,Electronics,Autumn,26.37,109.32,458,1,Sat,43.04,0.24,32.7104,170,5560.77
2024-01-22,P0023,Electronics,Spring,59.67,106.27,691,0,Mon,70.88,0.0,70.88,132,9356.16
2024-01-23,P0023,Electronics,Winter,86.76,54.1,237,0,Fri,135.04,0.0,135.04,1,135.04
2024-01-24,P0023,Electronics,Summer,45.4,5.61,892,0,Fri,67.06,0.0,67.06,1,67.06
2024-01-26,P0023,Electronics,Spring,81.16,73.27,760,1,Thu,127.42,0.2,101.936,76,7747.14
2024-01-27,P0023,Electronics,Spring,36.32,113.41,488,1,Sun,62.78,0.08,57.757600000000004,143,8259.34
2024-02-03,P0023,Electronics,Winter,51.02,1.12,211,0,Mon,87.8,0.0,87.8,1,87.8
2024-02-05,P0023,Electronics,Autumn,60.48,19.33,68,0,Sat,80.71,0.0,80.71,1,80.71
2024-02-15,P0023,Electronics,Autumn,17.38,115.01,486,1,Mon,23.28,0.2,18.624000000000002,158,2942.59
2024-02-17,P0023,Electronics,Summer,60.68,18.78,985,0,Fri,82.54,0.0,82.54,1,82.54
2024-02-20,P0023,Electronics,Winter,82.5,37.85,669,1,Fri,102.73,0.25,77.0475,9,693.43
2024-02-22,P0023,Electronics,Summer,56.1,82.18,884,0,Sat,93.72,0.0,93.72,91,8528.52
2024-03-02,P0023,Electronics,Summer,32.5,32.23,391,0,Thu,39.81,0.0,39.81,17,676.77
2024-03-08,P0023,Electronics,Autumn,45.54,90.6,682,0,Wed,73.09,0.0,73.09,51,3727.59
2024-03-17,P0023,Electronics,Winter,23.59,17.78,997,0,Tue,37.19,0.0,37.19,2,74.38
2024-03-19,P0023,Electronics,Summer,47.56,118.42,571,0,Sat,70.14,0.0,70.14,69,4839.66
2024-03-22,P0023,Electronics,Spring,54.64,100.88,892,0,Thu,93.22,0.0,93.22,85,7923.7
2024-03-23,P0023,Electronics,Autumn,41.73,80.75,404,0,Sat,55.1,0.0,55.1,92,5069.2
2024-03-27,P0023,Electronics,Spring,36.58,70.8,527,0,Wed,46.94,0.0,46.94,124,5820.56
2024-03-31,P0023,Electronics,Winter,99.09,9.88,584,1,Sat,122.11,0.18,100.1302,1,100.13
2024-04-02,P0023,Electronics,Spring,80.59,36.95,256,0,Sun,97.02,0.0,97.02,1,97.02
2024-04-14,P0023,Electronics,Winter,74.8,72.62,70,0,Fri,103.85,0.0,103.85,55,5711.75
2024-04-15,P0023,Electronics,Spring,50.68,95.62,638,0,Wed,60.17,0.0,60.17,99,5956.83
2024-01-07,P0023,Beverages,Winter,66.49,58.68,278,0,Sat,103.38,0.0,103.38,22,2274.36
2024-01-14,P0023,Beverages,Summer,45.27,71.3,867,0,Fri,56.89,0.0,56.89,79,4494.31
2024-01-15,P0023,Beverages,Summer,16.95,38.45,210,1,Tue,23.79,0.19,19.2699,82,1580.13
2024-01-20,P0023,Beverages,Summer,4.46,51.21,305,1,Fri,7.19,0.2,5.752000000000001,61,350.87
2024-01-21,P0023,Beverages,Winter,9.97,39.74,627,0,Sat,11.46,0.0,11.46,76,870.96
2024-01-25,P0023,Beverages,Summer,62.98,42.14,419,0,Sat,87.13,0.0,87.13,5,435.65
2024-02-06,P0023,Beverages,Summer,43.4,36.23,426,0,Sun,55.37,0.0,55.37,38,2104.06
2024-02-09,P0023,Beverages,Winter,19.07,47.11,188,0,Thu,30.75,0.0,30.75,85,2613.75
2024-02-12,P0023,Beverages,Spring,77.58,110.48,196,0,Fri,94.34,0.0,94.34,100,9434.0
2024-02-19,P0023,Beverages,Spring,70.67,27.8,103,1,Fri,82.13,0.11,73.0957,1,73.1
2024-02-21,P0023,Beverages,Summer,33.73,100.74,95,0,Mon,49.87,0.0,49.87,85,4238.95
2024-02-29,P0023,Beverages,Summer,37.23,81.12,569,0,Fri,44.17,0.0,44.17,66,2915.22
2024-03-04,P0023,Beverages,Winter,7.29,99.19,776,0,Tue,11.76,0.0,11.76,168,1975.68
2024-03-05,P0023,Beverages,Summer,80.93,56.48,989,0,Sat,90.53,0.0,90.53,18,1629.54
2024-03-06,P0023,Beverages,Summer,18.14,33.79,87,0,Wed,32.36,0.0,32.36,44,1423.84
2024-03-11,P0023,Beverages,Autumn,21.22,85.51,361,0,Mon,32.96,0.0,32.96,149,4911.04
2024-04-03,P0023,Beverages,Winter,60.67,31.51,990,1,Sun,79.56,0.2,63.648,6,381.89
2024-04-13,P0023,Beverages,Winter,6.72,95.83,821,0,Thu,10.46,0.0,10.46,134,1401.64
2024-04-18,P0023,Beverages,Winter,94.12,119.49,746,0,Tue,140.0,0.0,140.0,24,3360.0
2024-04-24,P0023,Beverages,Summer,22.2,83.55,651,0,Sun,36.81,0.0,36.81,54,1987.74
2024-04-25,P0023,Beverages,Winter,81.96,30.54,439,1,Sat,139.45,0.08,128.29399999999998,1,128.29
2024-01-09,P0023,Snacks,Winter,90.11,24.38,440,1,Tue,127.01,0.1,114.30900000000001,1,114.31
2024-01-30,P0023,Snacks,Autumn,64.63,46.76,352,0,Sun,81.46,0.0,81.46,16,1303.36
2024-02-02,P0023,Snacks,Summer,8.54,4.98,344,1,Mon,14.92,0.08,13.7264,1,13.73
2024-02-13,P0023,Snacks,Spring,49.02,54.83,548,1,Sun,84.27,0.05,80.05649999999999,68,5443.84
2024-03-10,P0023,Snacks,Winter,82.79,73.9,357,1,Fri,128.42,0.18,105.3044,66,6950.09
2024-03-12,P0023,Snacks,Autumn,68.04,98.2,133,0,Sun,86.34,0.0,86.34,111,9583.74
2024-03-18,P0023,Snacks,Summer,13.9,91.99,851,0,Thu,17.31,0.0,17.31,131,2267.61
2024-03-25,P0023,Snacks,Winter,57.64,20.18,461,1,Sat,97.46,0.2,77.968,1,77.97
2024-03-28,P0023,Snacks,Winter,85.21,65.27,438,1,Wed,101.92,0.14,87.6512,64,5609.68
2024-03-29,P0023,Snacks,Summer,6.26,87.74,211,0,Sat,8.6,0.0,8.6,156,1341.6
2024-04-06,P0023,Snacks,Autumn,10.17,29.03,94,0,Sun,13.24,0.0,13.24,53,701.72
2024-04-08,P0023,Snacks,Winter,54.53,60.14,804,1,Sun,97.11,0.21,76.71690000000001,95,7288.11
2024-04-09,P0023,Snacks,Spring,95.72,104.42,630,0,Fri,161.35,0.0,161.35,19,3065.65
2024-04-11,P0023,Snacks,Summer,16.02,74.3,355,0,Sat,18.37,0.0,18.37,127,2332.99
2024-04-12,P0023,Snacks,Summer,48.28,44.85,487,0,Fri,74.18,0.0,74.18,11,815.98
2024-04-26,P0023,Snacks,Summer,88.11,39.93,571,1,Wed,138.33,0.23,106.51410000000001,1,106.51
2024-01-17,P0023,Groceries,Spring,36.28,40.36,334,1,Thu,45.88,0.15,38.998000000000005,85,3314.83
2024-01-29,P0023,Groceries,Winter,35.69,29.57,952,0,Sun,58.26,0.0,58.26,3,174.78
2024-01-31,P0023,Groceries,Autumn,22.54,7.79,540,1,Sat,30.47,0.19,24.6807,1,24.68
2024-02-14,P0023,Groceries,Autumn,8.15,62.42,139,1,Sat,9.05,0.23,6.968500000000001,243,1693.35
2024-02-23,P0023,Groceries,Winter,30.05,35.14,347,0,Thu,36.15,0.0,36.15,70,2530.5
2024-02-24,P0023,Groceries,Autumn,8.93,1.56,155,0,Wed,14.75,0.0,14.75,1,14.75
2024-02-25,P0023,Groceries,Winter,40.55,64.21,316,0,Fri,71.04,0.0,71.04,46,3267.84
2024-02-26,P0023,Groceries,Winter,75.39,30.77,750,1,Thu,83.68,0.07,77.8224,1,77.82
2024-02-27,P0023,Groceries,Summer,46.41,4.37,359,1,Sun,58.72,0.18,48.150400000000005,1,48.15
2024-02-28,P0023,Groceries,Spring,41.12,8.53,372,0,Mon,48.74,0.0,48.74,1,48.74
2024-03-03,P0023,Groceries,Winter,61.61,105.68,996,0,Tue,85.36,0.0,85.36,31,2646.16
2024-03-14,P0023,Groceries,Autumn,13.28,25.21,901,1,Mon,16.6,0.06,15.604000000000001,125,1950.5
2024-03-15,P0023,Groceries,Summer,93.1,26.67,492,0,Thu,112.99,0.0,112.99,1,112.99
2024-03-21,P0023,Groceries,Autumn,27.14,49.78,192,1,Thu,41.83,0.12,36.8104,55,2024.57
2024-03-24,P0023,Groceries,Spring,34.26,104.35,739,0,Thu,50.78,0.0,50.78,79,4011.62
2024-03-26,P0023,Groceries,Spring,56.33,92.03,191,0,Tue,100.96,0.0,100.96,76,7672.96
2024-03-30,P0023,Groceries,Summer,9.44,33.49,391,0,Wed,11.91,0.0,11.91,155,1846.05
2024-04-21,P0023,Groceries,Autumn,73.13,17.73,742,0,Wed,85.33,0.0,85.33,1,85.33
2024-04-22,P0023,Groceries,Summer,94.59,13.51,821,0,Wed,106.48,0.0,106.48,1,106.48
2024-04-23,P0023,Groceries,Autumn,57.52,59.03,255,0,Thu,77.49,0.0,77.49,51,3951.99
2024-04-27,P0023,Groceries,Summer,70.62,84.32,165,0,Wed,86.43,0.0,86.43,54,4667.22
2024-01-28,P0023,Household,Autumn,65.78,51.53,489,0,Thu,83.25,0.0,83.25,35,2913.75
2024-02-01,P0023,Household,Winter,97.81,107.96,844,0,Mon,155.66,0.0,155.66,16,2490.56
2024-02-04,P0023,Household,Summer,29.34,74.08,495,0,Tue,36.06,0.0,36.06,38,1370.28
2024-02-08,P0023,Household,Summer,25.75,95.26,366,1,Wed,29.62,0.23,22.8074,38,866.68
2024-02-10,P0023,Household,Summer,78.51,114.9,833,0,Wed,100.98,0.0,100.98,25,2524.5
2024-02-11,P0023,Household,Winter,23.0,54.93,215,1,Sun,33.46,0.2,26.768,89,2382.35
2024-02-16,P0023,Household,Winter,89.4,81.31,277,0,Fri,151.87,0.0,151.87,5,759.35
2024-03-01,P0023,Household,Summer,46.43,50.3,365,1,Thu,76.0,0.07,70.67999999999999,71,5018.28
2024-03-07,P0023,Household,Spring,63.71,61.35,820,1,Sun,79.32,0.22,61.8696,104,6434.44
2024-03-09,P0023,Household,Summer,77.58,2.28,717,1,Mon,136.63,0.08,125.6996,1,125.7
2024-03-16,P0023,Household,Summer,17.27,111.84,132,1,Sun,27.5,0.16,23.099999999999998,46,1062.6
2024-03-20,P0023,Household,Spring,92.04,113.61,242,0,Mon,123.48,0.0,123.48,84,10372.32
2024-04-01,P0023,Household,Winter,75.02,60.75,676,0,Sun,111.44,0.0,111.44,7,780.08
2024-04-05,P0023,Household,Autumn,63.29,24.55,600,1,Sun,95.88,0.11,85.33319999999999,1,85.33
2024-04-07,P0023,Household,Summer,76.02,40.73,874,0,Fri,133.19,0.0,133.19,1,133.19
2024-04-10,P0023,Household,Summer,64.11,21.99,955,0,Mon,76.7,0.0,76.7,1,76.7
2024-04-20,P0023,Household,Autumn,22.88,76.87,410,0,Tue,31.81,0.0,31.81,33,1049.73
2024-04-28,P0023,Household,Winter,30.06,26.19,767,0,Mon,46.66,0.0,46.66,25,1166.5
2024-01-01,P0024,Household,Spring,62.8,65.1,811,0,Tue,106.82,0.0,106.82,24,2563.68
2024-01-11,P0024,Household,Winter,77.11,76.01,633,0,Thu,91.05,0.0,91.05,78,7101.9
2024-01-12,P0024,Household,Winter,19.53,58.27,976,0,Wed,29.37,0.0,29.37,111,3260.07
2024-01-18,P0024,Household,Summer,42.75,89.74,830,0,Sat,71.67,0.0,71.67,47,3368.49
2024-01-28,P0024,Household,Winter,67.2,29.08,111,1,Wed,113.39,0.18,92.97980000000001,1,92.98
2024-02-02,P0024,Household,Winter,99.03,113.95,250,0,Fri,133.95,0.0,133.95,25,3348.75
2024-02-04,P0024,Household,Winter,80.4,26.24,172,0,Mon,126.0,0.0,126.0,1,126.0
2024-02-06,P0024,Household,Autumn,5.77,84.46,544,0,Thu,8.88,0.0,8.88,43,381.84
2024-02-15,P0024,Household,Autumn,18.14,81.83,355,1,Sat,27.91,0.1,25.119,120,3014.28
2024-02-25,P0024,Household,Spring,46.72,8.22,585,0,Fri,78.32,0.0,78.32,1,78.32
2024-03-03,P0024,Household,Spring,49.79,105.89,710,0,Sat,89.45,0.0,89.45,23,2057.35
2024-03-10,P0024,Household,Spring,93.19,87.61,583,0,Thu,147.3,0.0,147.3,12,1767.6
2024-03-14,P0024,Household,Spring,46.26,102.22,47,0,Sat,76.87,0.0,76.87,122,9378.14
2024-03-26,P0024,Household,Winter,98.02,3.09,634,1,Tue,136.98,0.11,121.9122,1,121.91
2024-04-01,P0024,Household,Winter,4.14,7.34,841,0,Sat,5.18,0.0,5.18,20,103.6
2024-04-05,P0024,Household,Spring,28.6,103.08,68,0,Tue,40.83,0.0,40.83,78,3184.74
2024-04-20,P0024,Household,Autumn,25.79,109.36,307,1,Thu,45.01,0.21,35.5579,47,1671.22
2024-04-21,P0024,Household,Autumn,93.02,25.85,601,0,Tue,130.47,0.0,130.47,1,130.47
2024-04-27,P0024,Household,Spring,70.6,110.7,899,0,Fri,77.95,0.0,77.95,83,6469.85
2024-01-02,P0024,Clothing,Spring,48.8,110.12,642,0,Wed,87.33,0.0,87.33,90,7859.7
2024-01-07,P0024,Clothing,Autumn,26.62,34.19,970,0,Wed,36.74,0.0,36.74,17,624.58
2024-01-15,P0024,Clothing,Summer,63.05,26.09,558,0,Thu,107.58,0.0,107.58,1,107.58
2024-01-27,P0024,Clothing,Autumn,76.12,98.83,386,0,Tue,133.8,0.0,133.8,12,1605.6
2024-02-01,P0024,Clothing,Autumn,69.48,45.02,641,1,Sat,99.6,0.1,89.64,1,89.64
2024-02-03,P0024,Clothing,Winter,33.32,41.74,834,0,Fri,56.19,0.0,56.19,3,168.57
2024-02-08,P0024,Clothing,Winter,47.15,101.66,991,1,Tue,53.63,0.06,50.4122,195,9830.38
2024-02-13,P0024,Clothing,Spring,25.09,48.6,569,0,Sun,41.17,0.0,41.17,76,3128.92
2024-02-20,P0024,Clothing,Autumn,41.47,102.01,134,1,Thu,74.07,0.1,66.663,117,7799.57
2024-02-22,P0024,Clothing,Autumn,97.78,31.57,824,1,Tue,127.31,0.19,103.12110000000001,1,103.12
2024-02-23,P0024,Clothing,Winter,31.08,17.64,604,1,Sun,40.37,0.07,37.54409999999999,4,150.18
2024-02-24,P0024,Clothing,Spring,40.29,99.34,820,0,Sat,48.29,0.0,48.29,80,3863.2
2024-02-27,P0024,Clothing,Summer,81.92,111.22,919,1,Thu,113.14,0.14,97.3004,35,3405.51
2024-02-28,P0024,Clothing,Winter,10.11,15.89,532,0,Sat,14.06,0.0,14.06,118,1659.08
2024-03-02,P0024,Clothing,Spring,24.95,37.9,980,0,Thu,32.53,0.0,32.53,20,650.6
2024-03-16,P0024,Clothing,Spring,46.34,110.62,651,0,Fri,75.21,0.0,75.21,109,8197.89
2024-03-22,P0024,Clothing,Spring,44.87,63.15,784,0,Sat,52.78,0.0,52.78,56,2955.68
2024-03-25,P0024,Clothing,Winter,90.12,6.37,558,0,Mon,107.23,0.0,107.23,1,107.23
2024-04-13,P0024,Clothing,Spring,16.6,38.78,960,1,Tue,19.01,0.07,17.6793,119,2103.84
2024-04-22,P0024,Clothing,Spring,80.49,107.48,836,1,Mon,119.34,0.13,103.8258,103,10694.06
2024-04-26,P0024,Clothing,Winter,8.15,50.41,150,0,Tue,11.41,0.0,11.41,99,1129.59
2024-04-29,P0024,Clothing,Autumn,57.69,57.6,99,0,Tue,64.77,0.0,64.77,64,4145.28
2024-01-03,P0024,Groceries,Spring,67.21,48.87,253,0,Tue,102.31,0.0,102.31,1,102.31
2024-01-04,P0024,Groceries,Summer,12.06,26.06,761,0,Sat,18.21,0.0,18.21,95,1729.95
2024-01-05,P0024,Groceries,Spring,14.46,21.69,178,1,Tue,20.31,0.14,17.4666,146,2550.12
2024-01-22,P0024,Groceries,Autumn,61.99,21.43,480,0,Mon,89.1,0.0,89.1,1,89.1
2024-01-24,P0024,Groceries,Winter,4.21,119.36,395,0,Sun,5.75,0.0,5.75,76,437.0
2024-01-25,P0024,Groceries,Spring,42.57,27.12,410,0,Tue,69.76,0.0,69.76,1,69.76
2024-01-30,P0024,Groceries,Autumn,5.53,100.5,910,0,Fri,9.17,0.0,9.17,193,1769.81
2024-02-09,P0024,Groceries,Autumn,96.46,37.2,718,0,Thu,158.55,0.0,158.55,1,158.55
2024-02-14,P0024,Groceries,Autumn,88.37,66.91,162,1,Wed,106.02,0.06,99.65879999999999,60,5979.53
2024-02-16,P0024,Groceries,Autumn,67.8,82.94,318,0,Tue,101.98,0.0,101.98,64,6526.72
2024-03-01,P0024,Groceries,Winter,53.86,109.18,307,0,Thu,82.52,0.0,82.52,60,4951.2
2024-03-20,P0024,Groceries,Summer,76.77,94.29,384,1,Mon,107.32,0.07,99.8076,29,2894.42
2024-03-27,P0024,Groceries,Spring,97.15,95.47,551,0,Mon,135.17,0.0,135.17,13,1757.21
2024-03-31,P0024,Groceries,Spring,37.43,13.16,885,0,Sat,46.56,0.0,46.56,1,46.56
2024-04-04,P0024,Groceries,Summer,37.11,70.3,658,1,Fri,53.51,0.23,41.2027,63,2595.77
2024-04-10,P0024,Groceries,Winter,37.49,94.96,122,0,Fri,66.88,0.0,66.88,96,6420.48
2024-04-17,P0024,Groceries,Spring,8.3,97.04,942,0,Sun,10.9,0.0,10.9,150,1635.0
2024-04-19,P0024,Groceries,Spring,12.62,39.18,666,0,Wed,20.39,0.0,20.39,30,611.7
2024-04-28,P0024,Groceries,Winter,54.19,76.29,169,0,Thu,93.01,0.0,93.01,59,5487.59
