retail_dynamic_pricing_dataset.csv
date,product_id,category,season,cost_price,competitor_price,stock_level,promotion,day_of_week,current_price,discount,effective_price,units_sold,revenue
2024-01-06,P0024,Beverages,Autumn,36.93,35.89,506,0,Sun,40.71,0.0,40.71,49,1994.79
2024-01-08,P0024,Beverages,Spring,62.31,90.27,740,0,Wed,96.06,0.0,96.06,71,6820.26
2024-01-09,P0024,Beverages,Autumn,37.39,71.65,619,0,Sun,58.31,0.0,58.31,48,2798.88
2024-01-14,P0024,Beverages,Summer,78.93,98.27,938,1,Wed,120.4,0.09,109.56400000000001,106,11613.78
2024-01-19,P0024,Beverages,Spring,9.49,41.99,170,1,Tue,16.5,0.19,13.365,143,1911.2
2024-01-21,P0024,Beverages,Summer,51.13,35.77,782,1,Tue,66.6,0.06,62.60399999999999,24,1502.5
2024-01-23,P0024,Beverages,Summer,7.34,2.09,38,0,Tue,8.4,0.0,8.4,1,8.4
2024-01-29,P0024,Beverages,Winter,33.26,50.46,387,0,Sat,41.26,0.0,41.26,64,2640.64
2024-01-31,P0024,Beverages,Winter,19.06,83.09,722,0,Fri,22.49,0.0,22.49,41,922.09
2024-02-12,P0024,Beverages,Summer,97.49,97.89,147,0,Wed,160.71,0.0,160.71,23,3696.33
2024-02-17,P0024,Beverages,Summer,41.72,64.55,785,1,Wed,56.85,0.1,51.165,43,2200.09
2024-03-06,P0024,Beverages,Summer,13.07,17.09,552,1,Thu,16.93,0.11,15.0677,25,376.69
2024-03-07,P0024,Beverages,Summer,5.04,110.32,34,1,Mon,7.6,0.12,6.688,258,1725.5
2024-03-12,P0024,Beverages,Autumn,44.19,63.33,535,0,Sat,50.8,0.0,50.8,49,2489.2
2024-03-29,P0024,Beverages,Autumn,50.19,21.82,415,1,Sun,86.76,0.18,71.14320000000001,1,71.14
2024-03-30,P0024,Beverages,Winter,26.69,35.46,748,1,Mon,31.25,0.16,26.25,68,1785.0
2024-04-07,P0024,Beverages,Autumn,75.15,82.93,650,0,Tue,105.72,0.0,105.72,37,3911.64
2024-04-08,P0024,Beverages,Winter,30.16,114.07,915,1,Fri,40.84,0.12,35.93920000000001,135,4851.79
2024-04-11,P0024,Beverages,Winter,80.4,112.57,323,1,Fri,125.56,0.24,95.4256,83,7920.32
2024-04-16,P0024,Beverages,Winter,15.16,3.03,109,0,Sun,18.09,0.0,18.09,1,18.09
2024-04-23,P0024,Beverages,Autumn,34.93,51.28,716,0,Sun,56.34,0.0,56.34,41,2309.94
2024-04-24,P0024,Beverages,Winter,95.5,110.26,297,1,Tue,157.66,0.1,141.894,49,6952.81
2024-04-25,P0024,Beverages,Spring,57.24,105.35,438,1,Wed,82.14,0.13,71.4618,91,6503.02
2024-01-10,P0024,Electronics,Autumn,68.71,82.21,928,0,Fri,78.39,0.0,78.39,36,2822.04
2024-01-16,P0024,Electronics,Winter,90.98,51.42,109,0,Sat,118.83,0.0,118.83,1,118.83
2024-01-17,P0024,Electronics,Winter,27.32,35.26,828,1,Mon,36.25,0.21,28.637500000000003,25,715.94
2024-02-05,P0024,Electronics,Winter,86.84,18.46,234,1,Wed,135.25,0.25,101.4375,1,101.44
2024-02-10,P0024,Electronics,Autumn,54.32,45.01,456,0,Fri,95.36,0.0,95.36,3,286.08
2024-02-18,P0024,Electronics,Winter,97.23,101.45,394,0,Tue,115.55,0.0,115.55,36,4159.8
2024-02-19,P0024,Electronics,Summer,19.29,101.13,832,1,Sat,28.47,0.2,22.776,75,1708.2
2024-02-21,P0024,Electronics,Spring,64.34,32.92,51,1,Sat,98.71,0.07,91.8003,1,91.8
2024-03-04,P0024,Electronics,Spring,83.16,45.94,157,0,Tue,145.54,0.0,145.54,1,145.54
2024-03-05,P0024,Electronics,Winter,45.1,45.46,385,0,Sat,60.84,0.0,60.84,36,2190.24
2024-03-08,P0024,Electronics,Summer,78.0,91.64,867,0,Sun,96.8,0.0,96.8,70,6776.0
2024-03-09,P0024,Electronics,Autumn,33.71,27.85,448,0,Sat,53.7,0.0,53.7,1,53.7
2024-03-15,P0024,Electronics,Autumn,90.68,61.82,237,0,Fri,108.01,0.0,108.01,24,2592.24
2024-03-18,P0024,Electronics,Autumn,60.11,60.97,784,0,Tue,77.91,0.0,77.91,17,1324.47
2024-03-19,P0024,Electronics,Spring,62.68,83.58,195,0,Wed,109.31,0.0,109.31,15,1639.65
2024-03-24,P0024,Electronics,Summer,49.59,49.49,956,0,Wed,66.23,0.0,66.23,47,3112.81
2024-03-28,P0024,Electronics,Winter,23.74,24.57,178,0,Mon,41.36,0.0,41.36,21,868.56
2024-04-02,P0024,Electronics,Spring,16.9,104.8,493,1,Mon,29.76,0.17,24.7008,81,2000.76
2024-04-12,P0024,Electronics,Summer,17.56,7.33,397,1,Sat,30.68,0.12,26.9984,1,27.0
2024-04-18,P0024,Electronics,Winter,93.53,20.6,168,1,Fri,137.54,0.08,126.5368,1,126.54
2024-01-13,P0024,Snacks,Spring,92.06,111.46,761,0,Mon,101.93,0.0,101.93,36,3669.48
2024-01-20,P0024,Snacks,Summer,46.16,77.19,926,1,Mon,62.1,0.08,57.132000000000005,27,1542.56
2024-01-26,P0024,Snacks,Summer,19.72,100.04,232,0,Tue,28.19,0.0,28.19,129,3636.51
2024-02-07,P0024,Snacks,Summer,91.71,4.45,269,0,Sat,151.06,0.0,151.06,1,151.06
2024-02-11,P0024,Snacks,Autumn,24.28,96.42,973,0,Sun,40.56,0.0,40.56,142,5759.52
2024-02-26,P0024,Snacks,Summer,26.02,17.1,299,0,Sat,29.11,0.0,29.11,23,669.53
2024-02-29,P0024,Snacks,Summer,70.77,15.43,594,0,Fri,89.29,0.0,89.29,1,89.29
2024-03-11,P0024,Snacks,Spring,62.1,13.34,796,1,Wed,99.45,0.08,91.494,1,91.49
2024-03-13,P0024,Snacks,Spring,56.88,31.26,742,0,Tue,62.89,0.0,62.89,5,314.45
2024-03-17,P0024,Snacks,Summer,11.3,70.63,960,0,Thu,13.84,0.0,13.84,29,401.36
2024-03-21,P0024,Snacks,Winter,93.4,2.82,767,0,Fri,140.29,0.0,140.29,1,140.29
2024-03-23,P0024,Snacks,Autumn,35.86,93.31,641,1,Wed,46.77,0.25,35.0775,33,1157.56
2024-04-03,P0024,Snacks,Winter,40.31,37.03,894,0,Fri,53.38,0.0,53.38,32,1708.16
2024-04-06,P0024,Snacks,Autumn,23.8,117.32,630,0,Sun,27.75,0.0,27.75,84,2331.0
2024-04-09,P0024,Snacks,Summer,70.95,51.4,443,1,Sun,104.5,0.24,79.42,43,3415.06
2024-04-14,P0024,Snacks,Autumn,68.29,89.09,623,0,Thu,80.96,0.0,80.96,31,2509.76
2024-04-15,P0024,Snacks,Summer,91.58,38.52,952,1,Wed,128.15,0.12,112.772,1,112.77
2024-01-01,P0025,Clothing,Summer,99.42,64.15,826,0,Fri,163.03,0.0,163.03,1,163.03
2024-01-09,P0025,Clothing,Winter,88.01,51.17,935,0,Thu,150.02,0.0,150.02,1,150.02
2024-01-18,P0025,Clothing,Spring,95.49,111.97,192,0,Fri,139.59,0.0,139.59,36,5025.24
2024-01-22,P0025,Clothing,Winter,60.44,57.7,647,0,Fri,80.75,0.0,80.75,10,807.5
2024-01-24,P0025,Clothing,Spring,31.92,103.56,666,0,Sun,40.3,0.0,40.3,98,3949.4
2024-01-27,P0025,Clothing,Autumn,86.76,20.06,915,0,Thu,96.83,0.0,96.83,1,96.83
2024-01-28,P0025,Clothing,Winter,29.11,71.4,487,1,Fri,40.91,0.22,31.909799999999997,33,1053.02
2024-02-06,P0025,Clothing,Autumn,35.07,59.92,131,1,Sun,55.71,0.11,49.581900000000005,42,2082.44
2024-02-12,P0025,Clothing,Autumn,11.08,16.9,123,0,Mon,18.04,0.0,18.04,37,667.48
2024-02-14,P0025,Clothing,Winter,64.87,51.3,631,0,Thu,98.55,0.0,98.55,4,394.2
2024-02-21,P0025,Clothing,Summer,20.53,58.85,333,0,Thu,23.2,0.0,23.2,24,556.8
2024-02-23,P0025,Clothing,Summer,97.72,112.27,178,0,Thu,126.3,0.0,126.3,72,9093.6
2024-02-26,P0025,Clothing,Autumn,52.53,65.24,514,0,Thu,57.92,0.0,57.92,29,1679.68
2024-02-28,P0025,Clothing,Spring,99.18,94.38,951,0,Thu,167.17,0.0,167.17,2,334.34
2024-03-05,P0025,Clothing,Autumn,35.99,107.48,841,1,Sat,54.67,0.24,41.5492,187,7769.7
2024-03-17,P0025,Clothing,Summer,64.18,81.41,978,0,Sat,77.19,0.0,77.19,106,8182.14
2024-03-21,P0025,Clothing,Autumn,6.78,67.58,51,1,Thu,11.24,0.13,9.7788,35,342.26
2024-03-25,P0025,Clothing,Summer,31.67,110.66,980,1,Sat,49.96,0.12,43.964800000000004,109,4792.16
2024-03-26,P0025,Clothing,Spring,18.44,29.3,935,1,Wed,23.28,0.1,20.952,147,3079.94
2024-04-10,P0025,Clothing,Winter,49.32,27.83,497,0,Wed,72.23,0.0,72.23,1,72.23
2024-04-11,P0025,Clothing,Autumn,17.36,43.93,948,0,Fri,20.37,0.0,20.37,100,2037.0
2024-04-12,P0025,Clothing,Spring,60.44,17.7,560,1,Thu,73.6,0.17,61.087999999999994,1,61.09
2024-04-14,P0025,Clothing,Summer,77.29,95.7,456,0,Wed,95.62,0.0,95.62,76,7267.12
2024-04-23,P0025,Clothing,Spring,63.33,1.36,183,1,Tue,75.4,0.09,68.614,1,68.61
2024-01-02,P0025,Groceries,Winter,16.1,8.53,679,1,Thu,22.59,0.12,19.8792,1,19.88
2024-01-05,P0025,Groceries,Spring,27.92,33.15,470,0,Fri,45.86,0.0,45.86,24,1100.64
2024-01-31,P0025,Groceries,Winter,18.48,67.73,927,0,Sun,23.18,0.0,23.18,42,973.56
2024-02-03,P0025,Groceries,Autumn,48.5,46.13,321,0,Thu,68.53,0.0,68.53,20,1370.6
2024-02-20,P0025,Groceries,Autumn,67.93,113.95,256,0,Fri,115.27,0.0,115.27,30,3458.1
2024-03-06,P0025,Groceries,Winter,29.4,4.61,209,0,Sun,50.76,0.0,50.76,1,50.76
2024-03-07,P0025,Groceries,Winter,85.47,91.54,460,0,Sun,111.69,0.0,111.69,61,6813.09
2024-03-10,P0025,Groceries,Summer,99.44,105.16,352,0,Thu,135.28,0.0,135.28,74,10010.72
2024-03-15,P0025,Groceries,Autumn,78.87,14.43,241,0,Fri,94.17,0.0,94.17,1,94.17
2024-03-19,P0025,Groceries,Autumn,76.36,92.94,979,1,Sun,97.86,0.16,82.2024,88,7233.81
2024-03-20,P0025,Groceries,Spring,96.4,25.16,49,1,Wed,161.62,0.17,134.1446,1,134.14
2024-03-29,P0025,Groceries,Spring,9.15,53.23,575,0,Mon,12.7,0.0,12.7,73,927.1
2024-04-01,P0025,Groceries,Autumn,51.39,90.92,488,1,Sat,68.9,0.12,60.632000000000005,122,7397.1
2024-04-09,P0025,Groceries,Summer,11.51,117.58,486,0,Thu,19.95,0.0,19.95,74,1476.3
2024-04-15,P0025,Groceries,Winter,64.76,16.26,383,1,Sat,110.77,0.21,87.5083,1,87.51
2024-01-03,P0025,Beverages,Spring,66.02,97.1,160,0,Fri,112.28,0.0,112.28,24,2694.72
2024-01-12,P0025,Beverages,Winter,53.43,106.31,344,0,Wed,80.01,0.0,80.01,66,5280.66
2024-01-17,P0025,Beverages,Summer,59.47,56.71,131,1,Wed,103.44,0.15,87.92399999999999,38,3341.11
2024-01-20,P0025,Beverages,Autumn,37.86,105.91,413,0,Thu,46.16,0.0,46.16,29,1338.64
2024-01-26,P0025,Beverages,Summer,84.15,13.08,436,0,Tue,95.56,0.0,95.56,1,95.56
2024-02-09,P0025,Beverages,Summer,40.99,25.46,205,0,Fri,67.45,0.0,67.45,1,67.45
2024-02-13,P0025,Beverages,Autumn,35.13,73.12,627,0,Tue,43.4,0.0,43.4,129,5598.6
2024-02-15,P0025,Beverages,Spring,52.37,78.79,616,1,Wed,60.27,0.06,56.6538,158,8951.3
2024-02-27,P0025,Beverages,Summer,42.81,31.05,854,0,Wed,74.77,0.0,74.77,1,74.77
2024-03-08,P0025,Beverages,Spring,33.66,75.14,513,0,Sun,45.34,0.0,45.34,124,5622.16
2024-03-30,P0025,Beverages,Spring,16.33,74.91,777,0,Mon,27.8,0.0,27.8,77,2140.6
2024-04-04,P0025,Beverages,Spring,64.04,82.79,231,0,Wed,103.24,0.0,103.24,52,5368.48
2024-04-05,P0025,Beverages,Winter,15.78,115.69,728,0,Mon,25.0,0.0,25.0,59,1475.0
2024-04-21,P0025,Beverages,Summer,95.75,87.24,743,0,Sat,108.45,0.0,108.45,67,7266.15
2024-04-24,P0025,Beverages,Summer,93.54,82.46,296,0,Wed,135.43,0.0,135.43,36,4875.48
2024-01-04,P0025,Electronics,Autumn,46.42,35.8,58,1,Sat,82.98,0.07,77.1714,1,77.17
2024-01-11,P0025,Electronics,Autumn,33.23,27.44,538,0,Mon,42.1,0.0,42.1,49,2062.9
2024-01-14,P0025,Electronics,Summer,28.46,28.81,204,1,Tue,40.2,0.16,33.768,18,607.82
2024-01-21,P0025,Electronics,Winter,67.1,92.21,741,1,Sat,112.76,0.2,90.20800000000001,28,2525.82
2024-01-23,P0025,Electronics,Spring,1.18,104.98,120,0,Thu,1.48,0.0,1.48,68,100.64
2024-01-25,P0025,Electronics,Spring,26.12,86.02,904,0,Mon,44.11,0.0,44.11,104,4587.44
2024-02-01,P0025,Electronics,Spring,24.51,70.86,949,0,Mon,34.75,0.0,34.75,49,1702.75
2024-02-05,P0025,Electronics,Summer,56.42,62.71,773,0,Thu,99.74,0.0,99.74,26,2593.24
2024-02-08,P0025,Electronics,Winter,95.13,7.09,547,0,Thu,142.79,0.0,142.79,1,142.79
2024-02-24,P0025,Electronics,Winter,83.3,56.9,488,0,Mon,103.87,0.0,103.87,13,1350.31
2024-02-29,P0025,Electronics,Summer,96.48,77.28,98,0,Sun,117.14,0.0,117.14,29,3397.06
2024-03-03,P0025,Electronics,Winter,20.15,74.68,780,0,Sat,33.69,0.0,33.69,44,1482.36
2024-03-18,P0025,Electronics,Summer,77.59,4.15,345,0,Mon,95.92,0.0,95.92,1,95.92
2024-03-31,P0025,Electronics,Winter,23.62,106.41,728,1,Mon,41.37,0.16,34.7508,47,1633.29
2024-04-03,P0025,Electronics,Spring,8.07,58.13,929,0,Mon,14.2,0.0,14.2,105,1491.0
2024-04-07,P0025,Electronics,Autumn,89.98,73.88,261,1,Fri,154.4,0.06,145.136,2,290.27
2024-04-13,P0025,Electronics,Autumn,24.04,20.83,949,1,Tue,31.79,0.16,26.703599999999998,62,1655.62
2024-04-17,P0025,Electronics,Spring,82.7,21.41,616,0,Tue,96.03,0.0,96.03,1,96.03
2024-04-19,P0025,Electronics,Spring,27.72,83.67,38,0,Thu,37.86,0.0,37.86,111,4202.46
2024-04-26,P0025,Electronics,Autumn,99.64,8.39,36,0,Tue,162.4,0.0,162.4,1,162.4
2024-04-27,P0025,Electronics,Summer,16.81,51.83,272,0,Thu,22.23,0.0,22.23,137,3045.51
2024-04-28,P0025,Electronics,Winter,54.17,10.36,106,0,Mon,94.63,0.0,94.63,1,94.63
2024-01-06,P0025,Household,Winter,69.66,86.13,70,0,Thu,82.76,0.0,82.76,76,6289.76
2024-01-13,P0025,Household,Autumn,36.57,73.61,252,1,Thu,61.51,0.16,51.6684,73,3771.79
2024-01-15,P0025,Household,Spring,55.61,11.89,324,0,Thu,87.46,0.0,87.46,1,87.46
2024-01-16,P0025,Household,Winter,66.14,64.72,912,0,Fri,96.86,0.0,96.86,21,2034.06
2024-01-29,P0025,Household,Winter,11.11,30.2,40,0,Wed,12.77,0.0,12.77,91,1162.07
2024-01-30,P0025,Household,Autumn,21.31,66.59,66,0,Tue,30.83,0.0,30.83,124,3822.92
2024-02-02,P0025,Household,Winter,24.23,68.81,452,1,Thu,26.92,0.1,24.228,128,3101.18
2024-02-04,P0025,Household,Summer,32.64,26.02,81,0,Wed,42.32,0.0,42.32,28,1184.96
2024-02-10,P0025,Household,Winter,5.9,66.54,833,0,Fri,8.25,0.0,8.25,186,1534.5
2024-02-11,P0025,Household,Summer,24.72,64.74,495,1,Sat,44.14,0.22,34.4292,94,3236.34
2024-02-17,P0025,Household,Summer,76.96,37.72,369,0,Sat,125.85,0.0,125.85,1,125.85
2024-02-18,P0025,Household,Autumn,14.02,42.33,532,0,Sat,20.42,0.0,20.42,67,1368.14
2024-02-25,P0025,Household,Spring,16.84,55.82,617,0,Wed,23.94,0.0,23.94,134,3207.96
2024-03-01,P0025,Household,Summer,13.58,114.63,251,0,Tue,20.83,0.0,20.83,91,1895.53
2024-03-04,P0025,Household,Summer,32.63,62.48,741,0,Tue,55.9,0.0,55.9,81,4527.9
2024-03-09,P0025,Household,Spring,81.86,73.3,968,1,Tue,93.82,0.08,86.31439999999999,75,6473.58
2024-03-12,P0025,Household,Autumn,35.27,86.19,256,0,Tue,44.92,0.0,44.92,87,3908.04
2024-03-16,P0025,Household,Autumn,16.16,41.28,814,0,Mon,23.13,0.0,23.13,52,1202.76
2024-03-22,P0025,Household,Winter,35.23,24.94,859,0,Tue,59.86,0.0,59.86,1,59.86
2024-03-23,P0025,Household,Winter,48.18,21.94,579,0,Thu,61.07,0.0,61.07,1,61.07
2024-03-27,P0025,Household,Autumn,81.48,6.77,380,0,Fri,94.06,0.0,94.06,1,94.06
2024-04-02,P0025,Household,Summer,79.33,95.78,321,0,Wed,138.53,0.0,138.53,19,2632.07
2024-04-29,P0025,Household,Spring,22.08,23.71,850,0,Wed,32.76,0.0,32.76,59,1932.84
2024-01-07,P0025,Snacks,Spring,67.15,45.13,211,0,Sun,101.07,0.0,101.07,1,101.07
2024-01-08,P0025,Snacks,Spring,85.79,62.19,832,0,Wed,131.04,0.0,131.04,1,131.04
2024-01-10,P0025,Snacks,Autumn,56.62,61.05,773,0,Mon,91.75,0.0,91.75,21,1926.75
2024-01-19,P0025,Snacks,Winter,30.56,28.45,191,0,Sat,38.64,0.0,38.64,41,1584.24
2024-02-07,P0025,Snacks,Winter,81.65,33.75,647,0,Sun,91.61,0.0,91.61,1,91.61
2024-02-16,P0025,Snacks,Spring,25.04,106.67,404,0,Mon,28.64,0.0,28.64,48,1374.72
2024-02-19,P0025,Snacks,Summer,23.59,81.54,419,0,Wed,32.45,0.0,32.45,26,843.7
2024-02-22,P0025,Snacks,Summer,68.2,21.15,577,0,Sat,75.24,0.0,75.24,1,75.24
2024-03-02,P0025,Snacks,Autumn,90.96,25.26,120,1,Thu,120.38,0.07,111.95339999999999,1,111.95
2024-03-11,P0025,Snacks,Spring,84.24,71.19,616,0,Tue,141.64,0.0,141.64,7,991.48
2024-03-13,P0025,Snacks,Autumn,71.41,77.84,894,1,Tue,116.0,0.25,87.0,77,6699.0
2024-03-14,P0025,Snacks,Spring,53.86,9.27,488,0,Wed,83.09,0.0,83.09,1,83.09
2024-03-24,P0025,Snacks,Winter,31.67,40.77,763,0,Wed,50.35,0.0,50.35,23,1158.05
2024-03-28,P0025,Snacks,Spring,90.9,105.99,33,1,Thu,119.0,0.21,94.01,133,12503.33
2024-04-06,P0025,Snacks,Winter,97.17,106.88,209,0,Sat,137.59,0.0,137.59,21,2889.39
2024-04-08,P0025,Snacks,Summer,95.01,11.16,732,0,Tue,156.59,0.0,156.59,1,156.59
2024-04-16,P0025,Snacks,Spring,57.59,23.54,93,0,Fri,83.96,0.0,83.96,1,83.96
2024-04-18,P0025,Snacks,Summer,50.53,45.05,334,1,Fri,75.22,0.13,65.4414,18,1177.95
2024-04-20,P0025,Snacks,Autumn,62.45,77.62,393,1,Tue,100.73,0.12,88.64240000000001,49,4343.48
2024-04-22,P0025,Snacks,Summer,60.51,87.49,725,0,Tue,95.66,0.0,95.66,3,286.98
2024-04-25,P0025,Snacks,Winter,52.01,82.46,761,0,Mon,88.43,0.0,88.43,37,3271.91
2024-01-01,P0026,Groceries,Summer,45.88,59.28,468,0,Sat,76.84,0.0,76.84,7,537.88
2024-01-12,P0026,Groceries,Autumn,89.73,8.73,846,0,Tue,105.29,0.0,105.29,1,105.29
2024-01-13,P0026,Groceries,Winter,83.88,107.1,194,0,Thu,116.74,0.0,116.74,18,2101.32
2024-01-16,P0026,Groceries,Summer,15.01,93.67,996,0,Fri,24.4,0.0,24.4,119,2903.6
2024-01-22,P0026,Groceries,Autumn,32.78,116.26,544,1,Sun,44.66,0.2,35.728,212,7574.34
2024-01-24,P0026,Groceries,Autumn,77.67,28.5,229,0,Tue,94.13,0.0,94.13,1,94.13
2024-02-08,P0026,Groceries,Winter,28.29,93.47,180,0,Thu,43.71,0.0,43.71,103,4502.13
2024-02-12,P0026,Groceries,Autumn,12.81,77.05,458,0,Wed,18.67,0.0,18.67,97,1810.99
2024-02-20,P0026,Groceries,Spring,86.85,102.33,947,1,Wed,151.57,0.19,122.7717,54,6629.67
2024-02-24,P0026,Groceries,Winter,4.31,84.63,166,0,Thu,6.75,0.0,6.75,106,715.5
2024-03-06,P0026,Groceries,Spring,83.74,28.82,721,1,Fri,135.31,0.21,106.8949,1,106.89
2024-03-15,P0026,Groceries,Winter,27.35,22.74,171,0,Sat,32.57,0.0,32.57,43,1400.51
2024-03-18,P0026,Groceries,Spring,44.12,13.01,165,0,Wed,62.33,0.0,62.33,1,62.33
2024-03-21,P0026,Groceries,Autumn,96.67,27.8,348,0,Mon,166.12,0.0,166.12,1,166.12
2024-03-23,P0026,Groceries,Autumn,4.02,7.55,681,1,Fri,6.3,0.1,5.67,103,584.01
2024-03-24,P0026,Groceries,Winter,48.61,33.76,98,1,Sat,79.86,0.16,67.08239999999999,5,335.41
2024-03-29,P0026,Groceries,Spring,78.38,92.27,254,0,Mon,104.65,0.0,104.65,39,4081.35
2024-03-31,P0026,Groceries,Winter,99.21,42.04,589,0,Wed,158.99,0.0,158.99,1,158.99
2024-04-01,P0026,Groceries,Spring,3.49,116.39,427,1,Tue,4.34,0.18,3.5588,229,814.97
2024-04-08,P0026,Groceries,Spring,42.29,89.4,357,1,Wed,55.89,0.24,42.4764,180,7645.75
2024-04-10,P0026,Groceries,Autumn,54.31,95.92,416,0,Sat,97.56,0.0,97.56,85,8292.6
2024-04-11,P0026,Groceries,Spring,36.02,72.22,730,1,Wed,48.61,0.14,41.8046,166,6939.56
2024-04-17,P0026,Groceries,Summer,8.09,105.46,771,0,Fri,9.34,0.0,9.34,158,1475.72
2024-04-23,P0026,Groceries,Autumn,73.95,63.51,990,1,Wed,123.44,0.22,96.28320000000001,40,3851.33
