retail_dynamic_pricing_dataset.csv
date,product_id,category,season,cost_price,competitor_price,stock_level,promotion,day_of_week,current_price,discount,effective_price,units_sold,revenue
2024-01-02,P0026,Electronics,Winter,17.89,2.43,689,0,Mon,26.87,0.0,26.87,1,26.87
2024-01-04,P0026,Electronics,Winter,21.87,11.11,656,1,Tue,35.94,0.13,31.267799999999998,1,31.27
2024-01-26,P0026,Electronics,Summer,48.61,23.37,350,1,Wed,83.84,0.19,67.91040000000001,1,67.91
2024-02-09,P0026,Electronics,Summer,16.02,113.6,323,1,Sat,28.43,0.13,24.734099999999998,105,2597.08
2024-02-13,P0026,Electronics,Autumn,20.08,80.42,361,1,Sat,32.16,0.09,29.2656,185,5414.14
2024-02-21,P0026,Electronics,Summer,43.34,40.22,505,0,Wed,71.73,0.0,71.73,4,286.92
2024-03-01,P0026,Electronics,Summer,87.82,111.55,384,0,Fri,112.03,0.0,112.03,47,5265.41
2024-03-07,P0026,Electronics,Spring,66.23,108.42,390,0,Wed,106.38,0.0,106.38,64,6808.32
2024-03-09,P0026,Electronics,Autumn,16.48,29.07,472,0,Tue,22.84,0.0,22.84,71,1621.64
2024-03-11,P0026,Electronics,Winter,84.2,39.27,730,0,Sat,148.55,0.0,148.55,1,148.55
2024-03-14,P0026,Electronics,Summer,3.91,81.82,170,1,Thu,4.69,0.23,3.6113000000000004,144,520.03
2024-03-19,P0026,Electronics,Autumn,32.05,39.86,929,0,Tue,50.92,0.0,50.92,36,1833.12
2024-03-22,P0026,Electronics,Autumn,90.21,8.09,55,0,Wed,149.78,0.0,149.78,1,149.78
2024-03-26,P0026,Electronics,Spring,51.55,32.99,756,1,Tue,81.06,0.25,60.795,13,790.34
2024-04-02,P0026,Electronics,Spring,19.78,114.07,737,1,Mon,30.44,0.21,24.047600000000003,199,4785.47
2024-04-03,P0026,Electronics,Autumn,69.27,116.8,162,0,Wed,124.37,0.0,124.37,78,9700.86
2024-04-19,P0026,Electronics,Spring,19.12,106.08,245,1,Wed,26.13,0.24,19.8588,72,1429.83
2024-04-20,P0026,Electronics,Spring,20.19,38.78,128,0,Sun,26.96,0.0,26.96,56,1509.76
2024-04-28,P0026,Electronics,Summer,81.23,47.71,138,0,Mon,137.65,0.0,137.65,1,137.65
2024-01-03,P0026,Beverages,Spring,23.03,12.3,743,0,Sat,39.24,0.0,39.24,1,39.24
2024-01-07,P0026,Beverages,Summer,81.12,73.84,916,0,Mon,108.59,0.0,108.59,31,3366.29
2024-01-10,P0026,Beverages,Summer,2.59,106.29,908,0,Mon,2.95,0.0,2.95,134,395.3
2024-01-29,P0026,Beverages,Summer,6.22,97.02,909,0,Tue,9.27,0.0,9.27,106,982.62
2024-02-05,P0026,Beverages,Autumn,77.56,8.5,61,0,Wed,136.38,0.0,136.38,1,136.38
2024-02-07,P0026,Beverages,Autumn,34.77,77.65,341,0,Fri,59.35,0.0,59.35,22,1305.7
2024-02-17,P0026,Beverages,Summer,56.76,91.01,857,0,Sun,75.53,0.0,75.53,95,7175.35
2024-02-18,P0026,Beverages,Autumn,99.39,25.75,867,0,Thu,174.88,0.0,174.88,1,174.88
2024-02-23,P0026,Beverages,Summer,13.63,54.63,474,0,Sat,17.02,0.0,17.02,148,2518.96
2024-02-27,P0026,Beverages,Summer,48.85,108.18,396,1,Mon,58.64,0.12,51.6032,172,8875.75
2024-03-02,P0026,Beverages,Winter,92.21,4.69,201,0,Tue,140.08,0.0,140.08,1,140.08
2024-03-03,P0026,Beverages,Summer,96.46,64.22,37,0,Fri,146.45,0.0,146.45,1,146.45
2024-03-08,P0026,Beverages,Spring,33.69,51.64,342,1,Fri,46.33,0.23,35.6741,22,784.83
2024-03-10,P0026,Beverages,Autumn,24.49,111.38,605,0,Sat,31.09,0.0,31.09,102,3171.18
2024-03-13,P0026,Beverages,Autumn,46.12,64.92,299,0,Tue,52.37,0.0,52.37,49,2566.13
2024-03-25,P0026,Beverages,Spring,33.62,59.89,106,1,Mon,55.89,0.25,41.917500000000004,52,2179.71
2024-03-28,P0026,Beverages,Summer,20.8,99.94,331,0,Mon,36.73,0.0,36.73,58,2130.34
2024-04-04,P0026,Beverages,Autumn,69.82,112.76,580,0,Wed,123.54,0.0,123.54,23,2841.42
2024-04-06,P0026,Beverages,Winter,97.22,37.69,933,0,Wed,124.37,0.0,124.37,1,124.37
2024-04-12,P0026,Beverages,Winter,72.17,70.41,660,0,Wed,128.89,0.0,128.89,9,1160.01
2024-04-16,P0026,Beverages,Autumn,40.17,62.57,240,0,Sat,50.73,0.0,50.73,52,2637.96
2024-04-18,P0026,Beverages,Autumn,94.32,48.79,504,0,Mon,165.03,0.0,165.03,1,165.03
2024-04-21,P0026,Beverages,Spring,65.06,113.42,559,0,Tue,76.75,0.0,76.75,36,2763.0
2024-04-24,P0026,Beverages,Winter,38.13,39.27,269,1,Fri,57.57,0.17,47.7831,53,2532.5
2024-04-25,P0026,Beverages,Summer,87.46,36.04,937,0,Mon,155.72,0.0,155.72,1,155.72
2024-04-26,P0026,Beverages,Autumn,54.86,10.45,834,1,Wed,95.17,0.15,80.8945,1,80.89
2024-01-05,P0026,Household,Spring,32.68,15.82,349,0,Sat,55.43,0.0,55.43,1,55.43
2024-01-08,P0026,Household,Autumn,22.85,22.25,99,0,Sun,39.98,0.0,39.98,23,919.54
2024-01-14,P0026,Household,Spring,84.25,50.82,919,1,Thu,122.19,0.1,109.971,1,109.97
2024-01-19,P0026,Household,Autumn,82.99,89.42,737,0,Fri,134.35,0.0,134.35,11,1477.85
2024-01-20,P0026,Household,Autumn,90.11,13.03,860,0,Sun,100.76,0.0,100.76,1,100.76
2024-01-21,P0026,Household,Summer,29.58,21.18,354,0,Sun,35.5,0.0,35.5,16,568.0
2024-01-23,P0026,Household,Summer,10.99,85.91,540,0,Sun,16.31,0.0,16.31,67,1092.77
2024-01-25,P0026,Household,Autumn,28.29,69.28,977,0,Fri,48.5,0.0,48.5,20,970.0
2024-01-28,P0026,Household,Winter,75.47,54.39,184,1,Fri,93.81,0.15,79.7385,43,3428.76
2024-02-01,P0026,Household,Summer,55.7,17.38,601,0,Mon,82.05,0.0,82.05,1,82.05
2024-02-03,P0026,Household,Summer,16.52,33.16,547,1,Wed,24.74,0.21,19.5446,146,2853.51
2024-02-11,P0026,Household,Spring,18.51,49.48,305,1,Tue,33.27,0.21,26.283300000000004,153,4021.34
2024-02-14,P0026,Household,Summer,77.37,53.98,823,0,Sat,117.3,0.0,117.3,1,117.3
2024-02-16,P0026,Household,Winter,81.28,7.21,774,1,Thu,107.03,0.17,88.83489999999999,1,88.83
2024-02-22,P0026,Household,Summer,46.06,108.06,300,0,Wed,59.88,0.0,59.88,93,5568.84
2024-02-29,P0026,Household,Winter,14.65,71.22,961,1,Mon,16.2,0.08,14.904,121,1803.38
2024-03-04,P0026,Household,Winter,68.37,30.33,653,1,Tue,80.12,0.07,74.5116,1,74.51
2024-03-20,P0026,Household,Winter,61.09,116.74,421,0,Tue,103.16,0.0,103.16,83,8562.28
2024-03-27,P0026,Household,Autumn,61.02,34.43,226,1,Sun,95.57,0.22,74.5446,3,223.63
2024-04-05,P0026,Household,Winter,58.64,75.74,85,1,Sun,75.64,0.11,67.31960000000001,66,4443.09
2024-01-06,P0026,Clothing,Autumn,14.33,6.92,183,0,Sat,23.53,0.0,23.53,1,23.53
2024-01-09,P0026,Clothing,Autumn,42.24,103.65,460,0,Thu,66.43,0.0,66.43,110,7307.3
2024-01-15,P0026,Clothing,Autumn,41.72,22.55,660,0,Sun,58.19,0.0,58.19,1,58.19
2024-01-17,P0026,Clothing,Winter,11.68,42.26,102,0,Wed,13.27,0.0,13.27,31,411.37
2024-01-18,P0026,Clothing,Spring,60.95,61.22,424,0,Sat,97.94,0.0,97.94,16,1567.04
2024-01-27,P0026,Clothing,Spring,92.96,103.99,141,0,Tue,106.19,0.0,106.19,85,9026.15
2024-01-30,P0026,Clothing,Spring,1.81,116.66,402,0,Sat,2.53,0.0,2.53,25,63.25
2024-01-31,P0026,Clothing,Spring,78.95,117.72,166,1,Mon,135.83,0.11,120.88870000000001,97,11726.2
2024-02-04,P0026,Clothing,Autumn,87.33,43.8,901,1,Wed,147.92,0.21,116.85679999999999,1,116.86
2024-02-06,P0026,Clothing,Spring,89.19,77.83,182,0,Sat,101.09,0.0,101.09,53,5357.77
2024-02-10,P0026,Clothing,Winter,93.08,51.95,963,0,Mon,152.35,0.0,152.35,1,152.35
2024-02-26,P0026,Clothing,Autumn,18.31,32.04,583,0,Mon,25.43,0.0,25.43,72,1830.96
2024-03-05,P0026,Clothing,Spring,77.33,23.9,107,0,Sat,137.94,0.0,137.94,1,137.94
2024-03-30,P0026,Clothing,Spring,48.03,37.99,756,0,Tue,67.53,0.0,67.53,13,877.89
2024-04-09,P0026,Clothing,Autumn,91.14,85.64,169,0,Tue,136.78,0.0,136.78,24,3282.72
2024-04-13,P0026,Clothing,Autumn,62.35,44.0,149,0,Mon,105.13,0.0,105.13,1,105.13
2024-04-14,P0026,Clothing,Winter,31.33,18.94,106,0,Fri,51.32,0.0,51.32,1,51.32
2024-04-15,P0026,Clothing,Autumn,30.49,53.18,454,0,Tue,49.59,0.0,49.59,25,1239.75
2024-04-22,P0026,Clothing,Winter,72.7,5.63,550,0,Sun,99.39,0.0,99.39,1,99.39
2024-04-29,P0026,Clothing,Summer,25.11,113.94,535,1,Fri,41.68,0.09,37.9288,199,7547.83
2024-01-11,P0026,Snacks,Autumn,11.38,83.23,774,1,Wed,19.6,0.12,17.248,171,2949.41
2024-02-02,P0026,Snacks,Winter,72.31,113.43,630,0,Mon,115.85,0.0,115.85,46,5329.1
2024-02-15,P0026,Snacks,Winter,89.06,110.4,96,1,Tue,115.23,0.2,92.18400000000001,126,11615.18
2024-02-19,P0026,Snacks,Spring,7.82,59.94,887,1,Tue,12.02,0.24,9.1352,156,1425.09
2024-02-25,P0026,Snacks,Autumn,32.35,87.0,271,1,Sun,55.34,0.17,45.9322,43,1975.08
2024-02-28,P0026,Snacks,Spring,15.59,15.83,753,0,Thu,25.65,0.0,25.65,28,718.2
2024-03-12,P0026,Snacks,Summer,69.91,87.09,450,0,Sat,101.59,0.0,101.59,37,3758.83
2024-03-16,P0026,Snacks,Summer,73.16,81.74,562,0,Sat,108.52,0.0,108.52,20,2170.4
2024-03-17,P0026,Snacks,Spring,51.73,108.79,587,0,Tue,71.36,0.0,71.36,84,5994.24
2024-04-07,P0026,Snacks,Summer,42.12,116.37,391,0,Sat,49.6,0.0,49.6,122,6051.2
2024-04-27,P0026,Snacks,Spring,44.42,82.07,577,1,Mon,59.07,0.23,45.4839,85,3866.13
2024-01-01,P0027,Household,Autumn,86.16,85.78,525,1,Sat,102.5,0.22,79.95,34,2718.3
2024-01-03,P0027,Household,Winter,90.11,75.65,290,0,Tue,128.69,0.0,128.69,24,3088.56
2024-01-10,P0027,Household,Winter,44.95,58.07,88,0,Sun,65.06,0.0,65.06,62,4033.72
2024-01-12,P0027,Household,Summer,78.37,54.53,224,1,Fri,98.41,0.14,84.6326,9,761.69
2024-01-14,P0027,Household,Summer,29.86,36.5,95,1,Thu,42.12,0.15,35.802,101,3616.0
2024-01-18,P0027,Household,Summer,62.89,70.28,563,1,Sun,109.94,0.05,104.443,12,1253.32
2024-01-19,P0027,Household,Summer,54.37,87.51,85,1,Sun,88.73,0.19,71.8713,59,4240.41
2024-01-25,P0027,Household,Winter,25.37,34.91,726,0,Fri,38.0,0.0,38.0,96,3648.0
2024-02-01,P0027,Household,Summer,77.47,100.5,241,0,Fri,134.68,0.0,134.68,28,3771.04
2024-02-04,P0027,Household,Autumn,24.52,80.3,219,0,Thu,39.66,0.0,39.66,14,555.24
2024-02-07,P0027,Household,Winter,10.31,102.27,321,0,Wed,12.86,0.0,12.86,115,1478.9
2024-02-16,P0027,Household,Autumn,27.4,32.22,260,0,Thu,46.55,0.0,46.55,9,418.95
2024-02-18,P0027,Household,Summer,95.7,45.11,803,0,Thu,110.78,0.0,110.78,1,110.78
2024-02-19,P0027,Household,Winter,56.57,82.65,58,0,Thu,93.89,0.0,93.89,46,4318.94
2024-02-21,P0027,Household,Autumn,78.51,65.33,486,1,Mon,131.88,0.2,105.504,17,1793.57
2024-02-28,P0027,Household,Spring,68.42,65.47,741,0,Sat,79.5,0.0,79.5,13,1033.5
2024-02-29,P0027,Household,Winter,39.2,18.0,393,1,Wed,55.16,0.14,47.437599999999996,1,47.44
2024-03-02,P0027,Household,Spring,15.75,107.89,70,1,Wed,18.76,0.21,14.820400000000001,230,3408.69
2024-03-12,P0027,Household,Winter,60.9,107.44,250,0,Mon,74.97,0.0,74.97,34,2548.98
2024-03-15,P0027,Household,Summer,10.12,82.39,561,1,Thu,18.12,0.07,16.8516,48,808.88
2024-03-18,P0027,Household,Autumn,75.62,55.76,534,0,Fri,105.66,0.0,105.66,7,739.62
2024-03-25,P0027,Household,Autumn,57.7,15.48,844,0,Tue,91.37,0.0,91.37,1,91.37
2024-04-04,P0027,Household,Summer,89.99,55.5,380,0,Fri,116.24,0.0,116.24,2,232.48
2024-04-05,P0027,Household,Summer,98.6,52.27,188,0,Wed,161.96,0.0,161.96,1,161.96
2024-04-14,P0027,Household,Summer,19.5,47.75,132,0,Mon,21.88,0.0,21.88,29,634.52
2024-04-16,P0027,Household,Spring,70.99,44.35,131,1,Thu,100.55,0.18,82.45100000000001,16,1319.22
2024-04-24,P0027,Household,Winter,35.44,108.64,371,1,Wed,63.1,0.16,53.004,103,5459.41
2024-04-27,P0027,Household,Spring,87.45,95.64,589,1,Fri,128.81,0.21,101.7599,105,10684.79
2024-01-02,P0027,Clothing,Spring,54.34,53.7,448,0,Tue,61.87,0.0,61.87,39,2412.93
2024-01-13,P0027,Clothing,Summer,29.2,28.89,999,1,Thu,41.38,0.12,36.4144,38,1383.75
2024-01-15,P0027,Clothing,Autumn,77.75,88.86,714,0,Sun,129.8,0.0,129.8,44,5711.2
2024-01-17,P0027,Clothing,Summer,82.47,101.06,115,0,Mon,114.42,0.0,114.42,15,1716.3
2024-01-20,P0027,Clothing,Winter,23.68,41.9,867,1,Thu,38.56,0.15,32.776,27,884.95
2024-01-30,P0027,Clothing,Spring,88.34,96.61,111,0,Sun,139.53,0.0,139.53,42,5860.26
2024-02-06,P0027,Clothing,Autumn,96.65,98.7,210,1,Wed,133.48,0.08,122.8016,39,4789.26
2024-02-25,P0027,Clothing,Winter,74.31,13.86,782,1,Sun,98.99,0.11,88.1011,1,88.1
2024-03-01,P0027,Clothing,Autumn,36.52,20.48,48,0,Fri,51.88,0.0,51.88,1,51.88
2024-03-10,P0027,Clothing,Winter,67.09,83.28,732,0,Sun,99.75,0.0,99.75,59,5885.25
2024-03-19,P0027,Clothing,Autumn,87.92,6.89,763,0,Mon,104.46,0.0,104.46,1,104.46
2024-03-20,P0027,Clothing,Winter,79.58,100.92,766,1,Tue,107.64,0.2,86.11200000000001,110,9472.32
2024-03-21,P0027,Clothing,Autumn,13.42,109.28,563,0,Wed,15.67,0.0,15.67,176,2757.92
2024-03-22,P0027,Clothing,Spring,77.57,54.51,787,0,Wed,138.25,0.0,138.25,1,138.25
2024-03-27,P0027,Clothing,Summer,7.71,35.52,69,1,Sat,12.83,0.21,10.1357,160,1621.71
2024-04-01,P0027,Clothing,Autumn,90.83,66.7,453,1,Wed,134.76,0.14,115.89359999999999,33,3824.49
2024-04-06,P0027,Clothing,Spring,70.91,49.99,578,0,Thu,83.33,0.0,83.33,41,3416.53
2024-04-19,P0027,Clothing,Spring,22.52,94.14,457,0,Mon,35.58,0.0,35.58,53,1885.74
2024-04-20,P0027,Clothing,Autumn,92.74,70.41,304,0,Mon,155.48,0.0,155.48,1,155.48
2024-04-28,P0027,Clothing,Summer,40.45,63.6,161,0,Thu,47.54,0.0,47.54,81,3850.74
2024-01-04,P0027,Snacks,Autumn,20.96,8.85,917,0,Mon,30.63,0.0,30.63,1,30.63
2024-01-06,P0027,Snacks,Summer,69.1,80.27,240,0,Sat,108.52,0.0,108.52,69,7487.88
2024-01-07,P0027,Snacks,Autumn,62.21,13.63,936,0,Thu,84.66,0.0,84.66,1,84.66
2024-01-21,P0027,Snacks,Summer,78.85,27.51,520,0,Wed,96.34,0.0,96.34,1,96.34
2024-01-31,P0027,Snacks,Spring,6.87,49.92,279,1,Mon,11.65,0.1,10.485000000000001,222,2327.67
2024-02-05,P0027,Snacks,Summer,37.73,46.04,895,0,Sun,62.88,0.0,62.88,50,3144.0
2024-02-09,P0027,Snacks,Autumn,51.17,57.96,389,0,Fri,88.13,0.0,88.13,22,1938.86
2024-02-11,P0027,Snacks,Summer,33.75,65.75,929,1,Wed,49.43,0.06,46.4642,61,2834.32
2024-02-12,P0027,Snacks,Winter,92.67,30.96,407,0,Thu,150.18,0.0,150.18,1,150.18
2024-02-14,P0027,Snacks,Winter,65.32,103.12,76,0,Tue,110.01,0.0,110.01,9,990.09
2024-02-15,P0027,Snacks,Winter,50.1,4.89,192,0,Tue,84.26,0.0,84.26,1,84.26
2024-03-04,P0027,Snacks,Autumn,12.73,31.38,951,1,Wed,19.74,0.19,15.9894,83,1327.12
2024-03-06,P0027,Snacks,Autumn,24.42,103.43,542,0,Thu,28.79,0.0,28.79,133,3829.07
2024-03-07,P0027,Snacks,Winter,99.64,53.65,203,0,Mon,151.51,0.0,151.51,1,151.51
2024-03-09,P0027,Snacks,Autumn,15.81,52.17,832,0,Fri,24.77,0.0,24.77,34,842.18
2024-03-16,P0027,Snacks,Autumn,23.6,100.82,296,0,Thu,41.04,0.0,41.04,49,2010.96
2024-03-23,P0027,Snacks,Summer,58.58,27.45,204,0,Tue,71.86,0.0,71.86,1,71.86
2024-03-26,P0027,Snacks,Summer,1.8,5.86,426,0,Sun,2.5,0.0,2.5,143,357.5
2024-04-08,P0027,Snacks,Summer,64.54,102.08,537,0,Sat,115.87,0.0,115.87,12,1390.44
2024-04-09,P0027,Snacks,Summer,81.11,95.52,597,1,Wed,108.36,0.19,87.7716,21,1843.2
2024-04-12,P0027,Snacks,Summer,93.18,31.86,550,0,Tue,146.63,0.0,146.63,1,146.63
2024-04-22,P0027,Snacks,Winter,27.8,113.98,29,0,Sat,33.19,0.0,33.19,62,2057.78
2024-01-05,P0027,Beverages,Spring,93.67,71.11,839,0,Thu,165.24,0.0,165.24,1,165.24
2024-01-11,P0027,Beverages,Winter,50.36,87.11,248,0,Sun,88.6,0.0,88.6,71,6290.6
2024-01-24,P0027,Beverages,Spring,39.53,20.74,487,1,Fri,46.4,0.18,38.048,30,1141.44
2024-01-26,P0027,Beverages,Winter,75.67,42.8,990,1,Sat,120.67,0.17,100.1561,1,100.16
2024-01-28,P0027,Beverages,Winter,21.46,109.6,577,1,Tue,38.12,0.22,29.7336,98,2913.89
2024-02-03,P0027,Beverages,Winter,99.16,15.4,706,0,Wed,141.63,0.0,141.63,1,141.63
2024-02-10,P0027,Beverages,Winter,61.05,71.73,976,1,Mon,86.34,0.1,77.706,121,9402.43
2024-02-17,P0027,Beverages,Autumn,19.7,27.55,884,0,Mon,32.32,0.0,32.32,61,1971.52
2024-02-26,P0027,Beverages,Winter,14.99,36.85,934,0,Thu,26.51,0.0,26.51,49,1298.99
2024-02-27,P0027,Beverages,Winter,83.42,99.48,493,0,Wed,145.64,0.0,145.64,60,8738.4
2024-03-03,P0027,Beverages,Autumn,90.5,44.67,33,0,Fri,161.37,0.0,161.37,1,161.37
2024-03-08,P0027,Beverages,Spring,59.0,95.14,69,0,Sat,69.17,0.0,69.17,90,6225.3
2024-04-03,P0027,Beverages,Winter,98.0,18.82,807,0,Wed,151.38,0.0,151.38,1,151.38
2024-04-07,P0027,Beverages,Autumn,96.09,111.76,441,0,Sat,154.23,0.0,154.23,7,1079.61
2024-04-17,P0027,Beverages,Winter,77.21,21.2,128,0,Mon,117.78,0.0,117.78,1,117.78
2024-04-18,P0027,Beverages,Spring,52.85,111.65,821,0,Wed,82.39,0.0,82.39,118,9722.02
2024-04-29,P0027,Beverages,Autumn,1.88,77.38,248,0,Sun,3.31,0.0,3.31,106,350.86
2024-01-08,P0027,Groceries,Summer,42.78,82.21,854,1,Sun,59.01,0.2,47.208,121,5712.17
2024-01-23,P0027,Groceries,Winter,48.81,13.16,556,0,Sun,58.84,0.0,58.84,1,58.84
2024-01-27,P0027,Groceries,Autumn,64.31,25.23,601,0,Wed,101.1,0.0,101.1,1,101.1
2024-01-29,P0027,Groceries,Winter,79.65,4.23,364,0,Fri,124.37,0.0,124.37,1,124.37
2024-02-02,P0027,Groceries,Autumn,85.43,95.72,917,0,Thu,122.19,0.0,122.19,75,9164.25
2024-02-08,P0027,Groceries,Spring,52.85,23.5,910,0,Thu,70.27,0.0,70.27,1,70.27
2024-02-20,P0027,Groceries,Spring,60.81,64.34,155,1,Sat,97.38,0.12,85.6944,74,6341.39
2024-02-24,P0027,Groceries,Spring,17.35,20.03,327,1,Fri,26.56,0.23,20.4512,122,2495.05
2024-03-11,P0027,Groceries,Summer,99.17,69.4,442,0,Wed,145.09,0.0,145.09,1,145.09
2024-03-13,P0027,Groceries,Summer,46.28,39.68,596,0,Sat,54.74,0.0,54.74,10,547.4
2024-03-24,P0027,Groceries,Winter,47.44,78.01,727,0,Tue,64.88,0.0,64.88,56,3633.28
2024-03-28,P0027,Groceries,Spring,53.06,81.91,503,0,Wed,58.87,0.0,58.87,17,1000.79
2024-04-11,P0027,Groceries,Winter,68.58,41.35,447,1,Sat,78.94,0.15,67.09899999999999,49,3287.85
2024-04-13,P0027,Groceries,Spring,54.46,95.42,305,1,Fri,85.01,0.19,68.85810000000001,150,10328.72
2024-04-15,P0027,Groceries,Summer,53.16,117.46,748,0,Tue,81.52,0.0,81.52,88,7173.76
2024-04-26,P0027,Groceries,Autumn,86.44,61.79,77,1,Tue,105.19,0.09,95.7229,64,6126.27
