retail_dynamic_pricing_dataset.csv
date,product_id,category,season,cost_price,competitor_price,stock_level,promotion,day_of_week,current_price,discount,effective_price,units_sold,revenue
2024-01-09,P0027,Electronics,Spring,95.68,57.41,87,0,Sat,139.27,0.0,139.27,1,139.27
2024-01-16,P0027,Electronics,Spring,13.73,9.45,850,1,Tue,19.53,0.1,17.577,35,615.2
2024-01-22,P0027,Electronics,Spring,80.69,96.74,918,0,Tue,115.64,0.0,115.64,31,3584.84
2024-02-13,P0027,Electronics,Autumn,27.74,33.43,837,0,Wed,30.75,0.0,30.75,42,1291.5
2024-02-22,P0027,Electronics,Winter,9.04,88.02,577,0,Thu,10.61,0.0,10.61,61,647.21
2024-02-23,P0027,Electronics,Spring,71.66,97.65,339,1,Thu,106.59,0.07,99.1287,63,6245.11
2024-03-05,P0027,Electronics,Winter,47.74,83.56,260,0,Fri,67.55,0.0,67.55,62,4188.1
2024-03-14,P0027,Electronics,Winter,30.03,92.68,53,0,Wed,51.07,0.0,51.07,62,3166.34
2024-03-17,P0027,Electronics,Summer,55.81,73.3,734,1,Fri,77.96,0.11,69.3844,45,3122.3
2024-03-29,P0027,Electronics,Summer,18.19,97.89,524,0,Mon,31.41,0.0,31.41,48,1507.68
2024-03-30,P0027,Electronics,Winter,55.01,19.67,525,1,Mon,69.24,0.22,54.0072,1,54.01
2024-03-31,P0027,Electronics,Winter,36.07,113.59,674,0,Thu,42.81,0.0,42.81,167,7149.27
2024-04-02,P0027,Electronics,Autumn,95.02,111.11,850,1,Fri,151.79,0.07,141.16469999999998,54,7622.89
2024-04-10,P0027,Electronics,Autumn,14.06,35.05,113,0,Wed,18.96,0.0,18.96,121,2294.16
2024-04-21,P0027,Electronics,Summer,77.59,103.15,855,0,Sun,95.38,0.0,95.38,27,2575.26
2024-04-23,P0027,Electronics,Summer,81.37,103.5,614,0,Sun,124.84,0.0,124.84,72,8988.48
2024-04-25,P0027,Electronics,Spring,31.93,33.28,943,0,Thu,47.35,0.0,47.35,18,852.3
2024-01-01,P0028,Clothing,Autumn,19.47,110.82,910,0,Wed,23.48,0.0,23.48,91,2136.68
2024-01-13,P0028,Clothing,Spring,36.45,10.81,268,1,Tue,62.46,0.07,58.087799999999994,1,58.09
2024-01-17,P0028,Clothing,Winter,14.16,3.72,634,0,Sat,16.19,0.0,16.19,1,16.19
2024-01-22,P0028,Clothing,Autumn,95.66,88.24,128,0,Thu,170.84,0.0,170.84,13,2220.92
2024-02-03,P0028,Clothing,Summer,19.27,62.68,877,0,Wed,30.65,0.0,30.65,88,2697.2
2024-02-08,P0028,Clothing,Autumn,71.49,50.11,516,1,Sun,118.72,0.07,110.4096,1,110.41
2024-02-18,P0028,Clothing,Autumn,21.07,97.88,626,1,Thu,32.77,0.22,25.560600000000004,57,1456.95
2024-02-27,P0028,Clothing,Spring,32.47,4.58,847,0,Tue,54.02,0.0,54.02,1,54.02
2024-03-04,P0028,Clothing,Autumn,3.33,99.76,86,0,Sun,5.51,0.0,5.51,111,611.61
2024-03-06,P0028,Clothing,Summer,59.41,59.9,587,0,Fri,85.15,0.0,85.15,36,3065.4
2024-03-17,P0028,Clothing,Summer,41.98,54.65,574,1,Thu,58.77,0.14,50.5422,50,2527.11
2024-03-23,P0028,Clothing,Winter,17.1,105.57,263,1,Tue,22.1,0.21,17.459000000000003,128,2234.75
2024-03-24,P0028,Clothing,Autumn,61.48,63.82,607,0,Fri,95.98,0.0,95.98,59,5662.82
2024-03-25,P0028,Clothing,Summer,78.77,80.17,515,0,Fri,135.64,0.0,135.64,23,3119.72
2024-03-28,P0028,Clothing,Summer,14.83,84.61,871,0,Tue,24.33,0.0,24.33,158,3844.14
2024-03-31,P0028,Clothing,Summer,3.19,6.48,715,0,Mon,4.61,0.0,4.61,83,382.63
2024-04-01,P0028,Clothing,Summer,57.57,55.2,793,0,Sat,75.41,0.0,75.41,12,904.92
2024-04-06,P0028,Clothing,Winter,26.06,41.38,229,0,Fri,32.77,0.0,32.77,103,3375.31
2024-04-08,P0028,Clothing,Autumn,55.3,34.36,392,0,Fri,82.63,0.0,82.63,1,82.63
2024-04-09,P0028,Clothing,Summer,79.31,15.72,892,1,Thu,98.35,0.24,74.746,1,74.75
2024-04-12,P0028,Clothing,Autumn,22.3,62.0,98,0,Sun,34.36,0.0,34.36,144,4947.84
2024-04-21,P0028,Clothing,Spring,23.26,18.26,476,1,Tue,30.4,0.22,23.712,48,1138.18
2024-04-29,P0028,Clothing,Autumn,91.69,19.84,684,0,Thu,145.79,0.0,145.79,1,145.79
2024-01-02,P0028,Snacks,Summer,91.02,36.15,414,0,Fri,103.11,0.0,103.11,1,103.11
2024-01-06,P0028,Snacks,Winter,30.97,44.82,354,0,Sat,50.65,0.0,50.65,39,1975.35
2024-01-14,P0028,Snacks,Spring,65.77,78.54,863,1,Sun,114.12,0.16,95.8608,62,5943.37
2024-01-25,P0028,Snacks,Winter,72.98,18.82,381,1,Wed,84.39,0.14,72.5754,1,72.58
2024-01-29,P0028,Snacks,Spring,37.1,38.54,372,1,Mon,50.53,0.11,44.9717,40,1798.87
2024-02-01,P0028,Snacks,Summer,92.55,69.71,355,0,Tue,160.5,0.0,160.5,1,160.5
2024-02-07,P0028,Snacks,Autumn,16.93,119.81,843,1,Tue,26.8,0.18,21.976000000000003,124,2725.02
2024-02-09,P0028,Snacks,Spring,68.48,5.61,592,0,Sat,118.17,0.0,118.17,1,118.17
2024-02-10,P0028,Snacks,Spring,98.37,78.51,253,0,Sun,161.28,0.0,161.28,1,161.28
2024-02-16,P0028,Snacks,Autumn,62.31,45.6,304,1,Sun,107.89,0.17,89.5487,13,1164.13
2024-02-23,P0028,Snacks,Spring,92.78,94.75,460,0,Thu,162.92,0.0,162.92,11,1792.12
2024-02-29,P0028,Snacks,Autumn,34.77,108.01,379,0,Mon,40.28,0.0,40.28,107,4309.96
2024-03-11,P0028,Snacks,Autumn,46.11,28.11,485,1,Wed,53.64,0.21,42.375600000000006,17,720.39
2024-03-15,P0028,Snacks,Summer,65.57,26.16,609,0,Mon,78.75,0.0,78.75,1,78.75
2024-03-18,P0028,Snacks,Autumn,2.55,16.28,243,1,Wed,4.17,0.09,3.7947,199,755.15
2024-03-19,P0028,Snacks,Autumn,69.23,33.85,344,0,Tue,102.84,0.0,102.84,1,102.84
2024-03-20,P0028,Snacks,Summer,83.12,20.08,700,0,Thu,111.35,0.0,111.35,1,111.35
2024-03-21,P0028,Snacks,Autumn,9.44,108.27,75,1,Wed,13.91,0.22,10.8498,131,1421.32
2024-03-29,P0028,Snacks,Winter,79.63,80.93,194,0,Sat,100.46,0.0,100.46,78,7835.88
2024-03-30,P0028,Snacks,Summer,33.07,118.61,59,0,Wed,52.14,0.0,52.14,83,4327.62
2024-04-02,P0028,Snacks,Autumn,25.42,118.76,95,0,Fri,37.03,0.0,37.03,121,4480.63
2024-04-11,P0028,Snacks,Spring,1.48,112.8,925,0,Thu,2.34,0.0,2.34,26,60.84
2024-04-13,P0028,Snacks,Winter,99.92,54.25,795,0,Sun,168.12,0.0,168.12,1,168.12
2024-04-14,P0028,Snacks,Spring,41.13,26.68,98,0,Sat,67.07,0.0,67.07,1,67.07
2024-04-16,P0028,Snacks,Spring,90.59,55.19,81,0,Mon,104.95,0.0,104.95,3,314.85
2024-04-23,P0028,Snacks,Autumn,37.92,3.9,313,0,Wed,65.68,0.0,65.68,1,65.68
2024-04-27,P0028,Snacks,Autumn,89.99,29.72,971,0,Wed,152.77,0.0,152.77,1,152.77
2024-01-03,P0028,Household,Winter,89.98,65.19,95,0,Sat,125.65,0.0,125.65,3,376.95
2024-01-04,P0028,Household,Autumn,45.88,68.06,956,0,Sun,61.68,0.0,61.68,59,3639.12
2024-01-08,P0028,Household,Autumn,33.15,111.61,216,0,Sun,42.81,0.0,42.81,46,1969.26
2024-01-09,P0028,Household,Spring,51.65,76.41,892,0,Thu,76.4,0.0,76.4,94,7181.6
2024-01-15,P0028,Household,Autumn,81.93,67.18,586,1,Sat,94.18,0.16,79.1112,44,3480.89
2024-01-16,P0028,Household,Winter,55.12,73.62,805,0,Mon,72.04,0.0,72.04,41,2953.64
2024-01-20,P0028,Household,Summer,9.74,37.59,688,1,Fri,13.04,0.23,10.040799999999999,129,1295.26
2024-01-26,P0028,Household,Autumn,89.82,38.94,314,0,Tue,141.35,0.0,141.35,1,141.35
2024-02-06,P0028,Household,Spring,93.21,96.43,769,0,Wed,123.08,0.0,123.08,16,1969.28
2024-02-12,P0028,Household,Summer,87.29,112.48,809,0,Wed,126.48,0.0,126.48,69,8727.12
2024-02-17,P0028,Household,Autumn,45.46,27.41,103,1,Wed,72.67,0.16,61.0428,1,61.04
2024-02-20,P0028,Household,Autumn,57.1,72.94,172,1,Mon,89.72,0.16,75.3648,55,4145.06
2024-02-21,P0028,Household,Summer,52.92,61.89,553,1,Wed,84.07,0.21,66.4153,49,3254.35
2024-02-24,P0028,Household,Autumn,59.63,36.48,95,0,Fri,86.27,0.0,86.27,1,86.27
2024-03-05,P0028,Household,Winter,22.71,118.57,977,1,Mon,25.75,0.06,24.205,36,871.38
2024-03-07,P0028,Household,Autumn,18.22,38.29,738,0,Fri,20.41,0.0,20.41,52,1061.32
2024-03-08,P0028,Household,Winter,81.34,101.64,800,0,Tue,116.14,0.0,116.14,73,8478.22
2024-03-12,P0028,Household,Autumn,90.43,74.31,916,0,Mon,145.26,0.0,145.26,1,145.26
2024-03-26,P0028,Household,Autumn,67.0,110.87,990,1,Wed,91.23,0.17,75.7209,142,10752.37
2024-04-03,P0028,Household,Winter,84.28,40.02,775,0,Mon,114.12,0.0,114.12,1,114.12
2024-04-18,P0028,Household,Autumn,66.3,62.42,599,1,Tue,102.77,0.17,85.2991,31,2644.27
2024-04-19,P0028,Household,Spring,29.55,106.5,626,1,Sat,49.01,0.18,40.1882,186,7475.01
2024-04-24,P0028,Household,Summer,7.64,44.91,204,0,Fri,11.6,0.0,11.6,65,754.0
2024-04-26,P0028,Household,Winter,15.71,54.54,454,1,Sun,20.54,0.21,16.2266,70,1135.86
2024-04-28,P0028,Household,Spring,43.32,60.29,338,0,Sun,51.77,0.0,51.77,49,2536.73
2024-01-05,P0028,Groceries,Winter,31.11,43.78,472,0,Thu,36.12,0.0,36.12,120,4334.4
2024-01-10,P0028,Groceries,Autumn,73.37,59.07,482,0,Wed,101.37,0.0,101.37,9,912.33
2024-01-23,P0028,Groceries,Autumn,83.92,80.84,296,0,Sat,137.91,0.0,137.91,21,2896.11
2024-01-28,P0028,Groceries,Winter,63.06,111.58,198,0,Mon,97.31,0.0,97.31,95,9244.45
2024-02-02,P0028,Groceries,Autumn,58.73,75.73,132,0,Sun,80.71,0.0,80.71,43,3470.53
2024-02-04,P0028,Groceries,Winter,65.25,47.29,293,0,Thu,76.97,0.0,76.97,26,2001.22
2024-02-11,P0028,Groceries,Autumn,56.93,94.23,925,1,Sat,71.26,0.13,61.9962,167,10353.37
2024-02-19,P0028,Groceries,Autumn,59.33,44.29,381,1,Wed,82.69,0.24,62.8444,79,4964.71
2024-02-22,P0028,Groceries,Autumn,9.97,32.32,608,0,Mon,17.33,0.0,17.33,85,1473.05
2024-02-26,P0028,Groceries,Winter,69.05,49.74,401,0,Sat,107.59,0.0,107.59,1,107.59
2024-03-01,P0028,Groceries,Spring,88.16,15.25,663,0,Thu,149.85,0.0,149.85,1,149.85
2024-03-09,P0028,Groceries,Spring,41.46,62.97,698,0,Fri,46.4,0.0,46.4,30,1392.0
2024-03-10,P0028,Groceries,Summer,61.44,54.43,59,0,Sat,105.33,0.0,105.33,9,947.97
2024-03-16,P0028,Groceries,Summer,65.3,53.19,261,0,Sun,84.66,0.0,84.66,29,2455.14
2024-04-04,P0028,Groceries,Spring,15.18,115.91,950,1,Mon,17.66,0.2,14.128,31,437.97
2024-04-05,P0028,Groceries,Autumn,44.05,98.19,91,1,Sun,57.22,0.15,48.637,136,6614.63
2024-04-10,P0028,Groceries,Winter,46.4,51.99,99,0,Mon,69.75,0.0,69.75,8,558.0
2024-04-17,P0028,Groceries,Spring,3.03,92.95,902,0,Mon,4.62,0.0,4.62,26,120.12
2024-04-22,P0028,Groceries,Spring,82.45,17.18,146,0,Wed,111.53,0.0,111.53,1,111.53
2024-04-25,P0028,Groceries,Winter,10.59,7.5,482,1,Sun,16.81,0.07,15.633299999999998,30,469.0
2024-01-07,P0028,Beverages,Winter,89.82,92.52,41,0,Sun,147.56,0.0,147.56,36,5312.16
2024-01-12,P0028,Beverages,Autumn,26.13,119.74,984,0,Wed,38.29,0.0,38.29,117,4479.93
2024-01-18,P0028,Beverages,Spring,45.18,114.73,325,0,Sun,51.44,0.0,51.44,45,2314.8
2024-01-21,P0028,Beverages,Autumn,59.37,36.5,427,0,Fri,80.42,0.0,80.42,1,80.42
2024-01-27,P0028,Beverages,Autumn,75.53,84.79,741,0,Wed,105.05,0.0,105.05,41,4307.05
2024-01-30,P0028,Beverages,Autumn,10.99,63.54,348,0,Sun,18.89,0.0,18.89,27,510.03
2024-01-31,P0028,Beverages,Summer,46.64,45.34,300,0,Sun,65.54,0.0,65.54,4,262.16
2024-02-14,P0028,Beverages,Winter,13.17,105.67,813,0,Mon,14.55,0.0,14.55,95,1382.25
2024-02-15,P0028,Beverages,Autumn,35.25,62.49,198,0,Sat,61.0,0.0,61.0,57,3477.0
2024-02-25,P0028,Beverages,Summer,27.14,94.69,351,0,Wed,37.15,0.0,37.15,151,5609.65
2024-03-14,P0028,Beverages,Spring,73.2,32.28,541,0,Sat,95.72,0.0,95.72,1,95.72
2024-03-22,P0028,Beverages,Spring,44.72,9.85,522,0,Tue,59.89,0.0,59.89,1,59.89
2024-04-07,P0028,Beverages,Winter,69.27,4.46,315,0,Fri,114.41,0.0,114.41,1,114.41
2024-04-15,P0028,Beverages,Spring,62.4,74.95,527,0,Fri,101.63,0.0,101.63,44,4471.72
2024-01-11,P0028,Electronics,Spring,21.74,90.29,394,0,Tue,35.2,0.0,35.2,159,5596.8
2024-01-19,P0028,Electronics,Summer,13.64,11.16,470,1,Sun,22.09,0.2,17.672,40,706.88
2024-01-24,P0028,Electronics,Summer,77.67,8.35,261,0,Thu,109.62,0.0,109.62,1,109.62
2024-02-05,P0028,Electronics,Spring,47.08,105.69,508,1,Fri,70.81,0.13,61.6047,150,9240.7
2024-02-13,P0028,Electronics,Autumn,3.45,2.23,72,1,Wed,4.35,0.24,3.3059999999999996,111,366.97
2024-02-28,P0028,Electronics,Autumn,51.08,92.32,43,1,Mon,85.73,0.16,72.0132,68,4896.9
2024-03-02,P0028,Electronics,Autumn,99.4,70.64,40,1,Wed,110.31,0.16,92.6604,20,1853.21
2024-03-03,P0028,Electronics,Summer,16.96,9.54,715,1,Mon,25.56,0.06,24.0264,1,24.03
2024-03-13,P0028,Electronics,Spring,4.48,73.15,607,0,Fri,6.1,0.0,6.1,183,1116.3
2024-03-27,P0028,Electronics,Spring,32.49,44.48,374,0,Thu,49.63,0.0,49.63,16,794.08
2024-04-20,P0028,Electronics,Autumn,28.65,94.18,975,0,Fri,50.69,0.0,50.69,81,4105.89
2024-01-01,P0029,Clothing,Spring,81.93,66.35,719,0,Tue,121.34,0.0,121.34,14,1698.76
2024-01-06,P0029,Clothing,Winter,42.37,1.66,926,0,Mon,47.39,0.0,47.39,1,47.39
2024-01-11,P0029,Clothing,Autumn,18.7,39.85,434,0,Sat,28.82,0.0,28.82,125,3602.5
2024-01-17,P0029,Clothing,Winter,25.88,35.44,592,0,Wed,30.0,0.0,30.0,18,540.0
2024-01-18,P0029,Clothing,Autumn,27.84,41.31,26,0,Sun,47.35,0.0,47.35,24,1136.4
2024-01-27,P0029,Clothing,Spring,7.01,26.54,427,1,Sun,11.36,0.11,10.1104,188,1900.76
2024-01-28,P0029,Clothing,Spring,96.14,11.64,105,0,Fri,150.45,0.0,150.45,1,150.45
2024-01-31,P0029,Clothing,Winter,96.94,109.59,349,1,Sat,123.63,0.08,113.7396,83,9440.39
2024-02-02,P0029,Clothing,Winter,98.47,12.18,576,0,Tue,153.46,0.0,153.46,1,153.46
2024-02-06,P0029,Clothing,Summer,3.19,44.13,347,0,Sun,4.26,0.0,4.26,131,558.06
2024-02-28,P0029,Clothing,Autumn,91.21,110.91,422,0,Tue,126.87,0.0,126.87,78,9895.86
2024-03-01,P0029,Clothing,Autumn,95.55,41.93,369,1,Tue,117.76,0.07,109.5168,1,109.52
2024-03-07,P0029,Clothing,Summer,88.04,81.64,681,0,Sun,156.56,0.0,156.56,2,313.12
2024-03-10,P0029,Clothing,Summer,12.08,22.2,106,0,Sun,14.65,0.0,14.65,48,703.2
2024-03-19,P0029,Clothing,Summer,27.2,70.93,736,0,Mon,35.43,0.0,35.43,37,1310.91
2024-03-23,P0029,Clothing,Autumn,88.26,63.68,146,0,Sat,157.76,0.0,157.76,1,157.76
2024-03-30,P0029,Clothing,Summer,79.63,56.97,193,0,Sun,140.73,0.0,140.73,1,140.73
2024-03-31,P0029,Clothing,Spring,70.8,114.28,244,0,Fri,105.03,0.0,105.03,44,4621.32
2024-04-01,P0029,Clothing,Winter,28.8,64.67,796,1,Thu,39.84,0.11,35.457600000000006,134,4751.32
2024-04-07,P0029,Clothing,Spring,79.12,22.65,379,0,Wed,128.61,0.0,128.61,1,128.61
2024-04-19,P0029,Clothing,Autumn,6.37,68.87,370,0,Fri,8.2,0.0,8.2,189,1549.8
2024-04-26,P0029,Clothing,Autumn,12.06,100.24,360,1,Mon,18.02,0.19,14.596200000000001,226,3298.74
2024-04-28,P0029,Clothing,Autumn,82.88,80.31,404,0,Wed,123.65,0.0,123.65,31,3833.15
2024-01-02,P0029,Electronics,Autumn,83.95,116.01,724,0,Fri,125.65,0.0,125.65,51,6408.15
2024-01-03,P0029,Electronics,Winter,29.4,76.83,878,0,Tue,32.69,0.0,32.69,63,2059.47
2024-01-13,P0029,Electronics,Summer,16.39,112.22,436,0,Fri,27.44,0.0,27.44,145,3978.8
2024-01-26,P0029,Electronics,Spring,63.76,40.55,256,0,Thu,85.47,0.0,85.47,1,85.47
2024-01-30,P0029,Electronics,Winter,16.02,18.78,518,0,Wed,25.16,0.0,25.16,63,1585.08
2024-02-08,P0029,Electronics,Summer,79.41,4.62,36,0,Fri,141.71,0.0,141.71,1,141.71
2024-02-09,P0029,Electronics,Summer,17.61,25.72,804,0,Wed,22.66,0.0,22.66,70,1586.2
2024-02-10,P0029,Electronics,Summer,91.96,99.08,644,0,Mon,119.76,0.0,119.76,38,4550.88
2024-02-12,P0029,Electronics,Summer,87.49,53.49,715,0,Tue,100.88,0.0,100.88,5,504.4
2024-02-16,P0029,Electronics,Summer,66.15,16.24,461,0,Sun,99.23,0.0,99.23,1,99.23
2024-02-17,P0029,Electronics,Winter,32.5,113.81,987,0,Mon,50.34,0.0,50.34,50,2517.0
2024-02-19,P0029,Electronics,Spring,9.02,95.98,368,0,Sun,12.13,0.0,12.13,28,339.64
2024-02-26,P0029,Electronics,Autumn,64.28,19.15,84,0,Thu,98.14,0.0,98.14,1,98.14
2024-03-06,P0029,Electronics,Winter,71.61,68.27,509,0,Tue,128.52,0.0,128.52,4,514.08
2024-03-08,P0029,Electronics,Autumn,62.08,3.82,599,0,Thu,91.53,0.0,91.53,1,91.53
2024-03-13,P0029,Electronics,Summer,72.91,110.5,569,1,Thu,120.79,0.05,114.7505,18,2065.51
2024-03-21,P0029,Electronics,Winter,96.13,4.61,161,1,Sun,117.75,0.15,100.08749999999999,1,100.09
2024-04-05,P0029,Electronics,Summer,25.22,94.58,793,1,Sun,39.85,0.12,35.068000000000005,74,2595.03
2024-04-15,P0029,Electronics,Spring,2.03,49.23,843,0,Tue,3.57,0.0,3.57,61,217.77
2024-04-16,P0029,Electronics,Summer,68.02,36.81,823,0,Sat,119.76,0.0,119.76,1,119.76
2024-04-21,P0029,Electronics,Summer,5.17,6.73,737,0,Mon,6.01,0.0,6.01,82,492.82
2024-04-24,P0029,Electronics,Autumn,23.27,90.49,846,1,Mon,30.22,0.16,25.3848,216,5483.12
2024-04-25,P0029,Electronics,Spring,39.49,117.73,773,0,Fri,70.47,0.0,70.47,97,6835.59
2024-01-04,P0029,Household,Autumn,27.86,68.16,316,0,Tue,39.25,0.0,39.25,35,1373.75
2024-01-09,P0029,Household,Summer,97.19,94.13,191,0,Thu,151.72,0.0,151.72,22,3337.84
2024-01-20,P0029,Household,Autumn,44.43,55.59,688,0,Fri,79.25,0.0,79.25,33,2615.25
2024-01-22,P0029,Household,Summer,61.99,91.39,917,0,Sun,90.89,0.0,90.89,87,7907.43
2024-01-23,P0029,Household,Winter,23.87,83.75,158,0,Mon,39.03,0.0,39.03,94,3668.82
2024-02-03,P0029,Household,Summer,11.22,48.63,214,0,Sat,14.16,0.0,14.16,48,679.68
2024-02-11,P0029,Household,Summer,43.16,30.18,103,0,Mon,60.78,0.0,60.78,3,182.34
2024-02-14,P0029,Household,Autumn,53.49,95.63,985,0,Sun,60.29,0.0,60.29,77,4642.33
2024-02-21,P0029,Household,Summer,31.29,62.77,199,0,Wed,51.8,0.0,51.8,84,4351.2
2024-02-27,P0029,Household,Autumn,92.05,117.75,344,1,Wed,121.28,0.21,95.8112,118,11305.72
2024-02-29,P0029,Household,Winter,7.28,18.15,416,0,Mon,9.45,0.0,9.45,121,1143.45
2024-03-05,P0029,Household,Summer,53.79,60.92,714,0,Wed,88.78,0.0,88.78,33,2929.74
2024-03-11,P0029,Household,Winter,79.13,86.48,510,0,Mon,136.92,0.0,136.92,49,6709.08
2024-03-15,P0029,Household,Spring,39.2,70.01,120,1,Sun,62.1,0.19,50.301,164,8249.36
2024-03-16,P0029,Household,Winter,61.69,4.04,63,0,Wed,108.33,0.0,108.33,1,108.33
2024-03-17,P0029,Household,Spring,77.46,116.67,724,0,Mon,108.86,0.0,108.86,30,3265.8
2024-03-18,P0029,Household,Winter,94.17,26.43,175,1,Wed,128.31,0.15,109.0635,1,109.06
2024-03-20,P0029,Household,Winter,94.77,114.41,510,1,Wed,156.84,0.24,119.1984,33,3933.55
2024-03-24,P0029,Household,Autumn,69.55,42.83,193,0,Thu,94.84,0.0,94.84,1,94.84
2024-04-06,P0029,Household,Spring,64.75,37.84,662,0,Wed,83.72,0.0,83.72,1,83.72
2024-04-11,P0029,Household,Spring,25.99,91.8,994,1,Fri,36.77,0.13,31.989900000000002,28,895.72
2024-04-22,P0029,Household,Winter,42.19,29.96,498,1,Sun,50.66,0.07,47.11379999999999,21,989.39
