retail_dynamic_pricing_dataset.csv
date,product_id,category,season,cost_price,competitor_price,stock_level,promotion,day_of_week,current_price,discount,effective_price,units_sold,revenue
2024-01-05,P0029,Groceries,Winter,56.45,94.78,467,0,Wed,93.74,0.0,93.74,52,4874.48
2024-01-07,P0029,Groceries,Winter,51.4,34.61,575,1,Sun,90.75,0.18,74.415,1,74.42
2024-01-08,P0029,Groceries,Autumn,6.27,118.45,581,0,Sat,7.95,0.0,7.95,180,1431.0
2024-01-10,P0029,Groceries,Autumn,6.76,11.74,323,1,Wed,10.39,0.17,8.6237,70,603.66
2024-01-15,P0029,Groceries,Spring,16.21,10.19,495,0,Tue,25.65,0.0,25.65,1,25.65
2024-01-19,P0029,Groceries,Spring,50.36,14.6,303,0,Wed,65.43,0.0,65.43,1,65.43
2024-01-25,P0029,Groceries,Winter,88.01,104.44,797,0,Wed,142.71,0.0,142.71,54,7706.34
2024-01-29,P0029,Groceries,Autumn,69.61,20.72,390,1,Thu,122.63,0.11,109.1407,1,109.14
2024-02-01,P0029,Groceries,Spring,37.18,22.48,554,1,Thu,50.88,0.09,46.3008,5,231.5
2024-02-15,P0029,Groceries,Summer,32.33,88.64,106,1,Tue,47.31,0.17,39.2673,123,4829.88
2024-02-18,P0029,Groceries,Summer,23.09,71.28,117,0,Sat,40.45,0.0,40.45,67,2710.15
2024-02-20,P0029,Groceries,Autumn,6.71,91.89,841,1,Sat,11.07,0.11,9.8523,34,334.98
2024-02-23,P0029,Groceries,Summer,21.36,29.3,270,0,Wed,25.56,0.0,25.56,44,1124.64
2024-02-25,P0029,Groceries,Summer,90.61,41.71,301,1,Tue,140.56,0.18,115.2592,1,115.26
2024-03-02,P0029,Groceries,Summer,6.07,61.61,844,0,Mon,7.38,0.0,7.38,128,944.64
2024-03-12,P0029,Groceries,Spring,13.7,29.61,359,0,Sat,19.46,0.0,19.46,49,953.54
2024-03-28,P0029,Groceries,Summer,94.23,84.93,849,0,Sun,133.98,0.0,133.98,14,1875.72
2024-03-29,P0029,Groceries,Summer,57.47,56.47,246,0,Thu,95.74,0.0,95.74,27,2584.98
2024-04-02,P0029,Groceries,Spring,16.32,94.37,649,0,Mon,18.85,0.0,18.85,172,3242.2
2024-04-04,P0029,Groceries,Winter,24.14,70.11,198,0,Tue,31.35,0.0,31.35,125,3918.75
2024-04-13,P0029,Groceries,Spring,83.11,55.57,303,0,Mon,136.82,0.0,136.82,1,136.82
2024-04-14,P0029,Groceries,Winter,54.4,81.59,588,1,Thu,62.5,0.09,56.875,80,4550.0
2024-04-17,P0029,Groceries,Autumn,81.54,23.23,130,0,Tue,125.62,0.0,125.62,1,125.62
2024-04-23,P0029,Groceries,Autumn,2.76,65.1,381,0,Wed,4.41,0.0,4.41,112,493.92
2024-04-27,P0029,Groceries,Autumn,12.3,73.82,626,0,Thu,15.56,0.0,15.56,83,1291.48
2024-04-29,P0029,Groceries,Spring,5.1,63.13,595,0,Fri,6.77,0.0,6.77,43,291.11
2024-01-12,P0029,Snacks,Summer,68.14,53.34,502,1,Mon,77.11,0.12,67.8568,55,3732.12
2024-01-14,P0029,Snacks,Winter,11.58,70.76,40,1,Tue,20.11,0.15,17.0935,201,3435.79
2024-01-16,P0029,Snacks,Spring,7.13,61.58,530,0,Sat,12.33,0.0,12.33,130,1602.9
2024-01-21,P0029,Snacks,Summer,47.9,80.67,69,1,Mon,71.39,0.22,55.684200000000004,59,3285.37
2024-02-04,P0029,Snacks,Summer,16.84,21.18,725,0,Sat,23.26,0.0,23.26,85,1977.1
2024-02-05,P0029,Snacks,Summer,66.08,16.54,552,0,Sun,95.38,0.0,95.38,1,95.38
2024-02-13,P0029,Snacks,Autumn,42.36,12.73,123,0,Sun,61.25,0.0,61.25,1,61.25
2024-02-22,P0029,Snacks,Autumn,73.91,89.95,996,0,Sat,94.82,0.0,94.82,75,7111.5
2024-03-03,P0029,Snacks,Spring,92.64,48.45,135,0,Tue,131.38,0.0,131.38,1,131.38
2024-03-09,P0029,Snacks,Winter,43.11,2.48,301,0,Fri,50.05,0.0,50.05,1,50.05
2024-03-14,P0029,Snacks,Summer,53.26,10.34,22,1,Wed,81.37,0.22,63.46860000000001,1,63.47
2024-03-22,P0029,Snacks,Autumn,81.55,62.02,525,0,Tue,144.29,0.0,144.29,1,144.29
2024-03-27,P0029,Snacks,Autumn,74.97,30.65,289,0,Sun,121.09,0.0,121.09,1,121.09
2024-04-09,P0029,Snacks,Summer,88.61,111.22,60,0,Thu,113.27,0.0,113.27,61,6909.47
2024-04-10,P0029,Snacks,Spring,21.93,6.06,918,0,Mon,38.39,0.0,38.39,1,38.39
2024-04-18,P0029,Snacks,Summer,28.38,117.37,852,1,Sat,48.83,0.09,44.4353,178,7909.48
2024-04-20,P0029,Snacks,Spring,52.28,16.21,888,0,Mon,65.68,0.0,65.68,1,65.68
2024-01-24,P0029,Beverages,Autumn,14.34,79.6,662,1,Fri,21.7,0.13,18.878999999999998,129,2435.39
2024-02-07,P0029,Beverages,Winter,2.85,110.41,67,1,Mon,4.22,0.2,3.376,152,513.15
2024-02-24,P0029,Beverages,Spring,30.62,3.53,63,0,Sat,37.02,0.0,37.02,1,37.02
2024-03-04,P0029,Beverages,Spring,55.13,84.3,180,1,Sun,91.14,0.09,82.9374,106,8791.36
2024-03-25,P0029,Beverages,Spring,4.87,78.89,137,0,Mon,8.48,0.0,8.48,67,568.16
2024-03-26,P0029,Beverages,Spring,57.93,65.56,44,1,Fri,72.08,0.18,59.1056,41,2423.33
2024-04-03,P0029,Beverages,Autumn,75.34,104.22,764,0,Wed,118.58,0.0,118.58,44,5217.52
2024-04-08,P0029,Beverages,Autumn,58.65,83.77,697,0,Sat,98.98,0.0,98.98,40,3959.2
2024-04-12,P0029,Beverages,Winter,64.06,4.38,576,0,Fri,75.15,0.0,75.15,1,75.15
2024-01-01,P0030,Clothing,Summer,69.21,52.71,98,1,Fri,103.57,0.11,92.17729999999999,32,2949.67
2024-01-10,P0030,Clothing,Autumn,62.35,39.8,70,0,Fri,80.02,0.0,80.02,1,80.02
2024-01-13,P0030,Clothing,Winter,6.94,7.3,967,1,Fri,10.21,0.21,8.065900000000001,28,225.85
2024-01-14,P0030,Clothing,Summer,55.92,118.79,146,0,Sat,81.73,0.0,81.73,58,4740.34
2024-01-27,P0030,Clothing,Summer,9.64,47.7,945,0,Tue,17.13,0.0,17.13,22,376.86
2024-01-31,P0030,Clothing,Autumn,11.79,29.0,787,1,Tue,19.09,0.12,16.7992,105,1763.92
2024-02-19,P0030,Clothing,Summer,54.33,50.42,84,0,Sat,86.56,0.0,86.56,20,1731.2
2024-02-20,P0030,Clothing,Winter,10.23,76.22,812,0,Fri,14.64,0.0,14.64,118,1727.52
2024-02-28,P0030,Clothing,Spring,70.29,109.65,119,0,Sun,79.96,0.0,79.96,76,6076.96
2024-03-22,P0030,Clothing,Summer,71.55,31.43,664,0,Wed,123.34,0.0,123.34,1,123.34
2024-03-25,P0030,Clothing,Summer,58.52,115.24,343,0,Sat,91.73,0.0,91.73,31,2843.63
2024-03-31,P0030,Clothing,Summer,87.71,93.35,445,1,Sat,140.75,0.06,132.30499999999998,45,5953.72
2024-04-05,P0030,Clothing,Autumn,26.08,69.27,684,0,Sun,39.24,0.0,39.24,59,2315.16
2024-04-07,P0030,Clothing,Spring,53.81,75.12,711,1,Fri,89.11,0.2,71.288,100,7128.8
2024-04-11,P0030,Clothing,Autumn,12.05,47.67,344,1,Fri,21.18,0.09,19.2738,96,1850.28
2024-04-20,P0030,Clothing,Spring,96.99,2.92,321,0,Sat,171.4,0.0,171.4,1,171.4
2024-04-24,P0030,Clothing,Spring,3.23,33.82,535,1,Thu,4.8,0.23,3.6959999999999997,216,798.34
2024-04-27,P0030,Clothing,Summer,47.64,45.43,730,0,Thu,75.82,0.0,75.82,22,1668.04
2024-01-02,P0030,Snacks,Spring,81.63,94.38,982,1,Sun,128.89,0.12,113.4232,86,9754.4
2024-01-12,P0030,Snacks,Spring,6.69,23.06,631,0,Wed,11.41,0.0,11.41,155,1768.55
2024-01-22,P0030,Snacks,Winter,55.99,75.14,907,1,Thu,68.22,0.21,53.8938,124,6682.83
2024-01-23,P0030,Snacks,Summer,97.53,37.3,604,1,Sun,161.22,0.23,124.13940000000001,1,124.14
2024-01-26,P0030,Snacks,Winter,23.59,65.64,569,1,Wed,39.69,0.06,37.3086,156,5820.14
2024-01-28,P0030,Snacks,Winter,60.7,11.48,443,0,Tue,89.85,0.0,89.85,1,89.85
2024-01-29,P0030,Snacks,Winter,52.59,86.48,275,1,Fri,60.99,0.12,53.6712,67,3595.97
2024-02-04,P0030,Snacks,Autumn,7.15,1.44,832,0,Wed,12.13,0.0,12.13,1,12.13
2024-02-18,P0030,Snacks,Summer,91.34,72.24,175,0,Thu,143.37,0.0,143.37,5,716.85
2024-03-04,P0030,Snacks,Summer,62.98,23.61,892,0,Tue,74.04,0.0,74.04,1,74.04
2024-03-11,P0030,Snacks,Winter,27.13,104.53,165,0,Sun,32.85,0.0,32.85,41,1346.85
2024-03-18,P0030,Snacks,Autumn,6.1,7.72,234,0,Thu,8.9,0.0,8.9,33,293.7
2024-03-19,P0030,Snacks,Spring,66.36,27.95,448,0,Thu,98.95,0.0,98.95,1,98.95
2024-03-24,P0030,Snacks,Winter,23.0,44.34,991,0,Wed,38.26,0.0,38.26,88,3366.88
2024-03-29,P0030,Snacks,Autumn,58.96,62.56,270,0,Thu,103.28,0.0,103.28,12,1239.36
2024-04-01,P0030,Snacks,Autumn,43.43,15.82,387,1,Thu,56.18,0.21,44.382200000000005,1,44.38
2024-04-06,P0030,Snacks,Spring,30.43,82.48,658,0,Sun,44.44,0.0,44.44,38,1688.72
2024-04-13,P0030,Snacks,Winter,90.29,97.85,498,0,Mon,111.51,0.0,111.51,30,3345.3
2024-04-14,P0030,Snacks,Winter,23.51,116.07,145,0,Sat,40.04,0.0,40.04,14,560.56
2024-04-28,P0030,Snacks,Spring,87.65,106.71,174,1,Fri,126.74,0.06,119.13559999999998,66,7862.95
2024-01-03,P0030,Household,Winter,13.94,22.11,929,0,Wed,23.79,0.0,23.79,19,452.01
2024-01-04,P0030,Household,Autumn,20.34,40.74,650,1,Thu,24.4,0.12,21.471999999999998,46,987.71
2024-02-03,P0030,Household,Winter,42.79,96.83,209,0,Sun,69.69,0.0,69.69,108,7526.52
2024-02-05,P0030,Household,Autumn,85.83,117.43,735,1,Thu,152.93,0.22,119.28540000000001,122,14552.82
2024-02-09,P0030,Household,Summer,75.51,73.84,72,0,Mon,135.9,0.0,135.9,10,1359.0
2024-02-14,P0030,Household,Spring,13.54,29.11,381,0,Sat,17.75,0.0,17.75,139,2467.25
2024-02-23,P0030,Household,Winter,89.37,73.47,824,0,Tue,105.66,0.0,105.66,18,1901.88
2024-02-27,P0030,Household,Autumn,74.61,107.19,610,0,Wed,83.87,0.0,83.87,27,2264.49
2024-03-01,P0030,Household,Summer,28.17,55.0,363,0,Thu,45.29,0.0,45.29,114,5163.06
2024-03-05,P0030,Household,Autumn,58.9,53.8,946,0,Mon,84.6,0.0,84.6,21,1776.6
2024-03-06,P0030,Household,Summer,65.61,34.16,686,1,Wed,101.42,0.07,94.3206,1,94.32
2024-03-09,P0030,Household,Summer,11.43,56.84,346,1,Mon,14.32,0.2,11.456000000000001,82,939.39
2024-03-28,P0030,Household,Spring,20.05,99.62,955,0,Tue,31.2,0.0,31.2,117,3650.4
2024-03-30,P0030,Household,Summer,79.66,82.66,735,1,Sun,132.79,0.11,118.1831,45,5318.24
2024-04-12,P0030,Household,Autumn,17.43,29.82,163,1,Thu,20.35,0.22,15.873000000000001,121,1920.63
2024-04-25,P0030,Household,Winter,41.79,111.46,909,0,Mon,66.03,0.0,66.03,75,4952.25
2024-01-05,P0030,Groceries,Autumn,64.51,117.46,47,0,Mon,90.17,0.0,90.17,16,1442.72
2024-01-09,P0030,Groceries,Autumn,14.66,91.68,449,1,Thu,21.49,0.22,16.7622,109,1827.08
2024-01-15,P0030,Groceries,Winter,96.05,88.73,65,0,Wed,140.85,0.0,140.85,12,1690.2
2024-01-16,P0030,Groceries,Spring,22.83,111.76,27,1,Fri,31.68,0.15,26.928,98,2638.94
2024-01-18,P0030,Groceries,Spring,10.77,51.94,760,0,Sun,16.33,0.0,16.33,122,1992.26
2024-01-19,P0030,Groceries,Summer,36.86,103.51,712,0,Sat,48.51,0.0,48.51,86,4171.86
2024-01-20,P0030,Groceries,Autumn,5.39,94.62,702,1,Sun,7.06,0.15,6.0009999999999994,133,798.13
2024-01-24,P0030,Groceries,Winter,82.02,28.85,820,0,Wed,117.42,0.0,117.42,1,117.42
2024-02-02,P0030,Groceries,Winter,15.89,93.57,144,0,Wed,21.63,0.0,21.63,36,778.68
2024-02-11,P0030,Groceries,Autumn,6.33,97.89,562,0,Fri,10.9,0.0,10.9,31,337.9
2024-02-17,P0030,Groceries,Spring,44.15,105.36,626,0,Sat,68.53,0.0,68.53,79,5413.87
2024-02-22,P0030,Groceries,Autumn,19.34,78.59,528,0,Mon,21.89,0.0,21.89,149,3261.61
2024-02-29,P0030,Groceries,Spring,46.59,17.76,696,0,Wed,81.21,0.0,81.21,1,81.21
2024-03-07,P0030,Groceries,Autumn,77.7,95.1,293,0,Sat,111.24,0.0,111.24,30,3337.2
2024-03-08,P0030,Groceries,Autumn,75.09,102.41,611,0,Mon,96.92,0.0,96.92,63,6105.96
2024-03-12,P0030,Groceries,Spring,54.29,85.43,858,1,Tue,62.26,0.22,48.5628,81,3933.59
2024-03-15,P0030,Groceries,Winter,11.55,19.91,468,1,Wed,17.54,0.09,15.9614,91,1452.49
2024-03-26,P0030,Groceries,Summer,31.6,114.78,808,0,Mon,44.73,0.0,44.73,159,7112.07
2024-03-27,P0030,Groceries,Summer,25.7,18.0,836,0,Fri,32.87,0.0,32.87,13,427.31
2024-04-09,P0030,Groceries,Summer,70.87,107.45,87,0,Fri,111.7,0.0,111.7,39,4356.3
2024-04-10,P0030,Groceries,Summer,50.94,54.44,600,0,Tue,72.91,0.0,72.91,13,947.83
2024-04-15,P0030,Groceries,Summer,5.96,24.24,483,0,Sat,7.1,0.0,7.1,128,908.8
2024-04-21,P0030,Groceries,Spring,12.86,109.45,317,0,Thu,17.9,0.0,17.9,79,1414.1
2024-04-22,P0030,Groceries,Winter,51.51,8.3,421,0,Mon,60.7,0.0,60.7,1,60.7
2024-04-23,P0030,Groceries,Autumn,56.84,54.01,36,1,Sun,65.18,0.09,59.31380000000001,89,5278.93
2024-01-06,P0030,Beverages,Summer,32.25,69.04,511,1,Sat,50.79,0.24,38.6004,176,6793.67
2024-01-11,P0030,Beverages,Spring,94.3,75.49,754,0,Mon,132.87,0.0,132.87,8,1062.96
2024-02-13,P0030,Beverages,Summer,85.08,41.73,238,1,Tue,129.04,0.16,108.39359999999999,1,108.39
2024-02-15,P0030,Beverages,Spring,58.89,62.75,410,0,Tue,100.15,0.0,100.15,13,1301.95
2024-02-24,P0030,Beverages,Spring,97.12,117.46,636,0,Sun,145.6,0.0,145.6,23,3348.8
2024-02-25,P0030,Beverages,Winter,87.91,75.05,268,0,Mon,155.65,0.0,155.65,1,155.65
2024-02-26,P0030,Beverages,Summer,68.04,83.23,782,0,Sun,122.09,0.0,122.09,52,6348.68
2024-03-02,P0030,Beverages,Autumn,29.22,113.19,933,1,Thu,33.56,0.16,28.1904,91,2565.33
2024-03-10,P0030,Beverages,Summer,36.94,81.4,183,0,Sat,49.42,0.0,49.42,58,2866.36
2024-03-13,P0030,Beverages,Spring,7.08,19.61,569,1,Sat,7.84,0.15,6.664,126,839.66
2024-03-16,P0030,Beverages,Autumn,27.87,78.8,311,0,Thu,37.89,0.0,37.89,108,4092.12
2024-03-17,P0030,Beverages,Winter,78.49,40.69,65,1,Tue,91.1,0.11,81.079,1,81.08
2024-03-21,P0030,Beverages,Summer,62.15,119.29,518,0,Sat,75.41,0.0,75.41,126,9501.66
2024-03-23,P0030,Beverages,Spring,79.43,117.48,493,0,Wed,103.22,0.0,103.22,99,10218.78
2024-04-03,P0030,Beverages,Winter,69.04,37.03,946,1,Thu,114.19,0.17,94.7777,1,94.78
2024-04-08,P0030,Beverages,Winter,44.99,97.44,566,0,Sat,70.19,0.0,70.19,49,3439.31
2024-04-17,P0030,Beverages,Winter,68.72,92.67,504,1,Tue,77.04,0.22,60.09120000000001,66,3966.02
2024-04-29,P0030,Beverages,Winter,64.84,64.95,431,0,Tue,98.41,0.0,98.41,25,2460.25
2024-01-07,P0030,Electronics,Autumn,48.17,60.32,538,1,Fri,55.6,0.22,43.368,140,6071.52
2024-01-08,P0030,Electronics,Summer,83.76,102.24,839,0,Tue,146.35,0.0,146.35,12,1756.2
2024-01-17,P0030,Electronics,Summer,33.75,99.99,69,0,Sun,51.68,0.0,51.68,54,2790.72
2024-01-21,P0030,Electronics,Winter,39.52,31.73,648,1,Tue,63.71,0.09,57.9761,18,1043.57
2024-01-25,P0030,Electronics,Spring,82.38,10.73,946,0,Tue,133.91,0.0,133.91,1,133.91
2024-01-30,P0030,Electronics,Spring,52.13,87.04,852,0,Mon,85.59,0.0,85.59,48,4108.32
2024-02-01,P0030,Electronics,Spring,49.89,114.75,695,0,Mon,59.06,0.0,59.06,64,3779.84
2024-02-06,P0030,Electronics,Spring,2.3,118.85,171,0,Wed,3.55,0.0,3.55,197,699.35
2024-02-07,P0030,Electronics,Autumn,93.99,61.36,171,0,Sun,108.0,0.0,108.0,23,2484.0
2024-02-08,P0030,Electronics,Spring,86.43,118.22,241,0,Mon,101.45,0.0,101.45,81,8217.45
2024-02-10,P0030,Electronics,Winter,98.27,16.94,55,1,Sun,174.09,0.06,163.6446,1,163.64
2024-02-12,P0030,Electronics,Summer,64.52,67.41,66,0,Mon,87.46,0.0,87.46,6,524.76
2024-02-16,P0030,Electronics,Autumn,40.0,83.32,326,0,Sat,54.36,0.0,54.36,65,3533.4
2024-02-21,P0030,Electronics,Summer,93.78,60.14,924,0,Mon,141.14,0.0,141.14,1,141.14
2024-03-03,P0030,Electronics,Summer,73.39,115.21,79,0,Mon,83.37,0.0,83.37,87,7253.19
2024-03-14,P0030,Electronics,Autumn,76.48,85.73,322,0,Sun,87.62,0.0,87.62,62,5432.44
2024-03-20,P0030,Electronics,Winter,92.52,56.74,282,1,Sun,133.15,0.21,105.1885,8,841.51
2024-04-02,P0030,Electronics,Summer,37.92,96.08,987,0,Thu,60.89,0.0,60.89,109,6637.01
2024-04-04,P0030,Electronics,Summer,78.26,88.15,427,0,Tue,89.88,0.0,89.88,69,6201.72
2024-04-16,P0030,Electronics,Summer,73.41,55.48,445,0,Wed,98.88,0.0,98.88,8,791.04
2024-04-18,P0030,Electronics,Spring,60.41,76.69,72,0,Sat,84.18,0.0,84.18,38,3198.84
2024-04-19,P0030,Electronics,Spring,50.72,97.99,384,0,Fri,83.43,0.0,83.43,71,5923.53
2024-04-26,P0030,Electronics,Spring,78.5,33.74,564,0,Mon,89.82,0.0,89.82,1,89.82
2024-01-01,P0031,Household,Summer,76.84,107.89,350,0,Thu,135.07,0.0,135.07,24,3241.68
2024-01-09,P0031,Household,Winter,82.92,15.0,357,0,Sat,95.28,0.0,95.28,1,95.28
2024-01-10,P0031,Household,Winter,31.9,1.81,742,1,Wed,38.38,0.18,31.471600000000006,1,31.47
2024-01-14,P0031,Household,Autumn,97.54,111.49,381,0,Wed,171.29,0.0,171.29,14,2398.06
2024-01-15,P0031,Household,Autumn,80.39,84.32,752,1,Thu,111.14,0.14,95.5804,43,4109.96
2024-01-22,P0031,Household,Summer,94.51,34.96,582,0,Sat,121.04,0.0,121.04,1,121.04
2024-01-23,P0031,Household,Autumn,43.13,21.94,167,0,Sat,51.63,0.0,51.63,1,51.63
2024-01-26,P0031,Household,Spring,52.32,70.92,831,1,Tue,68.08,0.18,55.8256,100,5582.56
2024-01-28,P0031,Household,Spring,38.72,105.65,270,1,Sun,66.8,0.18,54.776,41,2245.82
2024-02-01,P0031,Household,Autumn,73.3,24.43,486,0,Sun,91.93,0.0,91.93,1,91.93
2024-02-05,P0031,Household,Winter,64.22,28.88,415,1,Thu,111.09,0.14,95.5374,1,95.54
2024-02-07,P0031,Household,Autumn,53.86,88.07,192,0,Wed,67.04,0.0,67.04,73,4893.92
2024-02-18,P0031,Household,Summer,15.7,60.45,247,0,Fri,19.07,0.0,19.07,31,591.17
2024-02-19,P0031,Household,Winter,53.98,115.23,403,1,Wed,81.97,0.23,63.1169,175,11045.46
2024-02-22,P0031,Household,Summer,45.84,70.11,192,0,Mon,57.83,0.0,57.83,80,4626.4
2024-03-03,P0031,Household,Winter,96.34,67.32,126,0,Tue,107.06,0.0,107.06,38,4068.28
2024-03-24,P0031,Household,Summer,1.2,4.85,453,1,Tue,1.59,0.15,1.3515,54,72.98
2024-03-28,P0031,Household,Summer,89.53,29.86,575,0,Wed,151.68,0.0,151.68,1,151.68
2024-03-30,P0031,Household,Spring,77.56,15.06,362,0,Sat,109.02,0.0,109.02,1,109.02
2024-04-06,P0031,Household,Summer,70.83,29.31,66,0,Wed,102.61,0.0,102.61,1,102.61
2024-04-10,P0031,Household,Winter,37.57,90.46,963,0,Fri,49.36,0.0,49.36,24,1184.64
