retail_dynamic_pricing_dataset.csv
date,product_id,category,season,cost_price,competitor_price,stock_level,promotion,day_of_week,current_price,discount,effective_price,units_sold,revenue
2024-01-02,P0031,Snacks,Summer,80.64,79.66,254,0,Thu,99.25,0.0,99.25,48,4764.0
2024-01-12,P0031,Snacks,Summer,25.71,64.08,351,0,Sat,39.21,0.0,39.21,35,1372.35
2024-01-13,P0031,Snacks,Winter,69.89,67.47,767,1,Tue,79.47,0.12,69.9336,20,1398.67
2024-01-17,P0031,Snacks,Spring,57.18,92.69,838,0,Wed,91.03,0.0,91.03,76,6918.28
2024-01-19,P0031,Snacks,Spring,21.29,82.92,633,1,Mon,36.41,0.18,29.8562,63,1880.94
2024-02-02,P0031,Snacks,Summer,89.04,109.06,230,0,Tue,110.65,0.0,110.65,80,8852.0
2024-02-08,P0031,Snacks,Summer,63.78,97.33,253,0,Sat,81.14,0.0,81.14,39,3164.46
2024-02-09,P0031,Snacks,Autumn,41.37,64.73,198,0,Sat,50.42,0.0,50.42,33,1663.86
2024-02-10,P0031,Snacks,Spring,92.54,95.43,493,0,Thu,109.96,0.0,109.96,43,4728.28
2024-02-12,P0031,Snacks,Autumn,31.43,114.93,870,1,Sat,48.44,0.18,39.720800000000004,165,6553.93
2024-02-28,P0031,Snacks,Summer,94.56,90.64,412,0,Wed,132.99,0.0,132.99,41,5452.59
2024-02-29,P0031,Snacks,Winter,40.68,20.48,950,0,Sun,66.75,0.0,66.75,1,66.75
2024-03-01,P0031,Snacks,Winter,16.98,45.42,514,0,Thu,28.69,0.0,28.69,32,918.08
2024-03-05,P0031,Snacks,Summer,91.98,90.5,508,0,Tue,116.57,0.0,116.57,36,4196.52
2024-03-08,P0031,Snacks,Summer,13.18,67.71,200,1,Sun,17.46,0.06,16.412399999999998,93,1526.35
2024-03-09,P0031,Snacks,Autumn,93.0,118.81,275,0,Sat,116.21,0.0,116.21,66,7669.86
2024-03-11,P0031,Snacks,Winter,40.25,5.74,186,0,Wed,47.52,0.0,47.52,1,47.52
2024-03-14,P0031,Snacks,Spring,31.61,28.45,73,0,Mon,48.15,0.0,48.15,35,1685.25
2024-03-26,P0031,Snacks,Spring,23.02,100.89,618,0,Sun,35.96,0.0,35.96,110,3955.6
2024-04-04,P0031,Snacks,Spring,33.86,52.73,324,0,Thu,54.88,0.0,54.88,80,4390.4
2024-04-20,P0031,Snacks,Summer,9.31,33.29,783,1,Fri,14.06,0.12,12.3728,207,2561.17
2024-04-21,P0031,Snacks,Summer,37.8,62.92,947,0,Wed,50.44,0.0,50.44,19,958.36
2024-04-22,P0031,Snacks,Winter,43.02,37.73,614,0,Sun,71.17,0.0,71.17,7,498.19
2024-04-26,P0031,Snacks,Winter,78.42,17.97,127,0,Sun,129.83,0.0,129.83,1,129.83
2024-01-03,P0031,Electronics,Spring,69.26,10.42,901,0,Sat,82.07,0.0,82.07,1,82.07
2024-01-05,P0031,Electronics,Summer,69.84,21.99,252,0,Tue,112.56,0.0,112.56,1,112.56
2024-01-27,P0031,Electronics,Autumn,25.89,82.33,341,0,Fri,41.11,0.0,41.11,83,3412.13
2024-01-29,P0031,Electronics,Autumn,38.18,78.57,870,0,Wed,57.71,0.0,57.71,128,7386.88
2024-02-03,P0031,Electronics,Winter,34.27,68.55,688,1,Sat,41.6,0.1,37.440000000000005,67,2508.48
2024-02-16,P0031,Electronics,Autumn,93.63,110.79,895,0,Fri,143.8,0.0,143.8,29,4170.2
2024-02-24,P0031,Electronics,Autumn,29.11,115.69,233,0,Thu,48.33,0.0,48.33,118,5702.94
2024-02-26,P0031,Electronics,Autumn,27.79,96.5,485,1,Wed,41.27,0.07,38.3811,203,7791.36
2024-03-02,P0031,Electronics,Winter,7.77,113.59,438,0,Wed,11.65,0.0,11.65,144,1677.6
2024-03-15,P0031,Electronics,Autumn,64.15,102.57,144,0,Sat,95.92,0.0,95.92,13,1246.96
2024-03-16,P0031,Electronics,Spring,10.91,33.19,778,1,Thu,15.5,0.07,14.415,161,2320.82
2024-03-19,P0031,Electronics,Summer,62.72,117.33,958,0,Mon,83.71,0.0,83.71,86,7199.06
2024-03-21,P0031,Electronics,Winter,4.28,18.62,969,1,Thu,6.13,0.12,5.3944,47,253.54
2024-03-22,P0031,Electronics,Autumn,95.88,59.26,103,0,Sat,145.3,0.0,145.3,1,145.3
2024-03-25,P0031,Electronics,Spring,33.01,111.34,222,0,Mon,40.82,0.0,40.82,60,2449.2
2024-04-02,P0031,Electronics,Autumn,49.34,1.96,660,0,Wed,76.44,0.0,76.44,1,76.44
2024-04-03,P0031,Electronics,Spring,64.56,58.2,658,0,Wed,93.4,0.0,93.4,40,3736.0
2024-04-08,P0031,Electronics,Spring,9.71,78.43,769,1,Sun,15.32,0.18,12.562400000000002,174,2185.86
2024-04-11,P0031,Electronics,Autumn,9.12,30.38,726,0,Wed,11.95,0.0,11.95,22,262.9
2024-04-12,P0031,Electronics,Spring,78.38,2.94,180,0,Sat,111.67,0.0,111.67,1,111.67
2024-04-15,P0031,Electronics,Spring,35.29,50.74,899,0,Mon,59.76,0.0,59.76,79,4721.04
2024-04-17,P0031,Electronics,Spring,88.95,23.29,534,0,Sun,103.71,0.0,103.71,1,103.71
2024-04-19,P0031,Electronics,Autumn,48.96,109.8,27,0,Tue,56.73,0.0,56.73,106,6013.38
2024-04-25,P0031,Electronics,Spring,64.44,14.01,608,1,Mon,80.84,0.13,70.3308,1,70.33
2024-04-29,P0031,Electronics,Summer,25.29,80.49,934,0,Tue,44.22,0.0,44.22,22,972.84
2024-01-04,P0031,Groceries,Spring,75.19,52.74,965,1,Fri,129.16,0.12,113.6608,1,113.66
2024-01-16,P0031,Groceries,Spring,62.29,99.39,304,0,Thu,108.18,0.0,108.18,85,9195.3
2024-01-20,P0031,Groceries,Summer,35.45,67.72,41,0,Mon,55.15,0.0,55.15,85,4687.75
2024-01-24,P0031,Groceries,Summer,59.03,43.13,382,0,Sat,81.34,0.0,81.34,8,650.72
2024-01-30,P0031,Groceries,Summer,71.76,21.34,696,0,Sun,101.72,0.0,101.72,1,101.72
2024-01-31,P0031,Groceries,Winter,30.32,4.06,944,0,Mon,40.97,0.0,40.97,1,40.97
2024-02-13,P0031,Groceries,Summer,88.68,15.93,470,0,Tue,113.52,0.0,113.52,1,113.52
2024-02-14,P0031,Groceries,Summer,14.49,75.29,972,0,Fri,19.1,0.0,19.1,52,993.2
2024-02-21,P0031,Groceries,Spring,62.38,83.82,721,0,Thu,69.34,0.0,69.34,58,4021.72
2024-02-23,P0031,Groceries,Autumn,64.4,49.41,520,1,Sun,106.41,0.11,94.7049,13,1231.16
2024-03-31,P0031,Groceries,Spring,91.01,52.34,467,0,Tue,148.78,0.0,148.78,1,148.78
2024-04-01,P0031,Groceries,Winter,19.75,101.76,317,0,Tue,35.04,0.0,35.04,85,2978.4
2024-04-07,P0031,Groceries,Summer,42.69,21.62,547,1,Sat,64.44,0.19,52.196400000000004,1,52.2
2024-04-13,P0031,Groceries,Winter,34.1,105.48,574,1,Tue,48.81,0.2,39.048,156,6091.49
2024-04-14,P0031,Groceries,Autumn,66.94,25.55,22,1,Sat,99.8,0.15,84.83,1,84.83
2024-04-28,P0031,Groceries,Summer,60.25,66.79,477,0,Wed,81.07,0.0,81.07,55,4458.85
2024-01-06,P0031,Clothing,Autumn,55.5,8.75,69,1,Tue,72.06,0.23,55.486200000000004,1,55.49
2024-01-08,P0031,Clothing,Winter,19.8,109.1,739,0,Mon,31.93,0.0,31.93,112,3576.16
2024-01-21,P0031,Clothing,Autumn,41.23,43.29,930,0,Sat,47.83,0.0,47.83,35,1674.05
2024-02-11,P0031,Clothing,Spring,40.56,112.32,670,0,Sun,69.82,0.0,69.82,133,9286.06
2024-02-15,P0031,Clothing,Summer,13.3,14.5,440,0,Sat,17.88,0.0,17.88,62,1108.56
2024-02-20,P0031,Clothing,Summer,5.63,92.18,426,0,Mon,6.94,0.0,6.94,149,1034.06
2024-02-27,P0031,Clothing,Autumn,64.12,44.73,948,1,Wed,97.17,0.09,88.4247,9,795.82
2024-03-06,P0031,Clothing,Autumn,70.18,50.63,834,0,Sun,102.35,0.0,102.35,6,614.1
2024-03-07,P0031,Clothing,Autumn,34.9,59.67,83,1,Sun,48.49,0.15,41.2165,179,7377.75
2024-03-13,P0031,Clothing,Autumn,11.55,60.85,509,0,Tue,18.35,0.0,18.35,44,807.4
2024-03-17,P0031,Clothing,Autumn,14.39,39.13,542,1,Sat,17.14,0.16,14.3976,190,2735.54
2024-03-27,P0031,Clothing,Autumn,57.79,118.44,717,1,Fri,98.89,0.09,89.9899,71,6389.28
2024-04-05,P0031,Clothing,Summer,74.24,83.23,719,0,Mon,91.21,0.0,91.21,48,4378.08
2024-04-09,P0031,Clothing,Autumn,2.15,77.31,884,1,Tue,2.6,0.12,2.2880000000000003,34,77.79
2024-04-18,P0031,Clothing,Summer,83.91,62.98,468,1,Wed,92.88,0.25,69.66,68,4736.88
2024-01-07,P0031,Beverages,Winter,57.09,45.48,780,0,Sun,69.08,0.0,69.08,9,621.72
2024-01-11,P0031,Beverages,Winter,54.04,112.28,289,1,Wed,94.72,0.18,77.6704,49,3805.85
2024-01-18,P0031,Beverages,Spring,49.49,73.81,213,1,Fri,74.17,0.2,59.336000000000006,90,5340.24
2024-01-25,P0031,Beverages,Autumn,92.32,69.65,74,0,Sat,141.37,0.0,141.37,7,989.59
2024-02-04,P0031,Beverages,Summer,14.4,101.98,956,0,Mon,20.47,0.0,20.47,71,1453.37
2024-02-06,P0031,Beverages,Spring,36.72,85.48,621,1,Sat,58.0,0.1,52.2,143,7464.6
2024-02-17,P0031,Beverages,Summer,21.69,114.69,61,0,Tue,33.57,0.0,33.57,98,3289.86
2024-02-25,P0031,Beverages,Summer,90.64,24.45,906,0,Mon,109.2,0.0,109.2,1,109.2
2024-03-04,P0031,Beverages,Spring,76.61,59.46,104,1,Mon,134.93,0.19,109.29330000000002,3,327.88
2024-03-10,P0031,Beverages,Spring,49.47,96.84,556,0,Tue,79.31,0.0,79.31,69,5472.39
2024-03-12,P0031,Beverages,Summer,58.2,94.25,27,0,Tue,99.28,0.0,99.28,75,7446.0
2024-03-18,P0031,Beverages,Winter,51.55,8.5,442,1,Sat,79.83,0.08,73.4436,1,73.44
2024-03-20,P0031,Beverages,Winter,19.51,95.65,520,1,Mon,32.42,0.18,26.584400000000002,22,584.86
2024-03-23,P0031,Beverages,Winter,3.72,41.07,538,0,Thu,6.21,0.0,6.21,29,180.09
2024-03-29,P0031,Beverages,Summer,48.63,84.23,304,0,Mon,86.41,0.0,86.41,84,7258.44
2024-04-16,P0031,Beverages,Autumn,79.8,56.75,750,0,Sun,131.31,0.0,131.31,1,131.31
2024-04-23,P0031,Beverages,Winter,96.07,117.71,719,0,Fri,150.51,0.0,150.51,30,4515.3
2024-04-24,P0031,Beverages,Autumn,56.98,27.25,551,0,Thu,70.69,0.0,70.69,1,70.69
2024-04-27,P0031,Beverages,Winter,57.25,44.68,81,0,Sun,89.53,0.0,89.53,1,89.53
2024-01-01,P0032,Clothing,Spring,6.83,67.93,207,0,Sun,9.37,0.0,9.37,79,740.23
2024-01-22,P0032,Clothing,Winter,61.78,28.65,931,0,Fri,80.88,0.0,80.88,1,80.88
2024-02-02,P0032,Clothing,Spring,65.35,39.72,478,0,Thu,84.53,0.0,84.53,1,84.53
2024-02-08,P0032,Clothing,Summer,14.64,41.57,831,0,Tue,18.02,0.0,18.02,75,1351.5
2024-02-11,P0032,Clothing,Spring,89.35,54.54,471,1,Sun,159.52,0.12,140.3776,1,140.38
2024-02-13,P0032,Clothing,Spring,38.12,91.75,213,1,Fri,54.32,0.07,50.517599999999995,25,1262.94
2024-02-20,P0032,Clothing,Autumn,13.64,70.65,90,0,Wed,22.63,0.0,22.63,125,2828.75
2024-02-23,P0032,Clothing,Winter,33.42,107.34,319,1,Tue,56.97,0.07,52.982099999999996,23,1218.59
2024-03-02,P0032,Clothing,Spring,66.5,53.57,137,1,Wed,78.97,0.13,68.7039,34,2335.93
2024-03-05,P0032,Clothing,Winter,51.72,40.98,521,0,Sat,69.79,0.0,69.79,11,767.69
2024-03-08,P0032,Clothing,Autumn,23.55,70.97,347,0,Wed,34.13,0.0,34.13,35,1194.55
2024-03-17,P0032,Clothing,Winter,63.7,18.31,889,0,Tue,88.62,0.0,88.62,1,88.62
2024-04-02,P0032,Clothing,Autumn,89.15,119.6,471,0,Thu,158.78,0.0,158.78,60,9526.8
2024-04-07,P0032,Clothing,Summer,54.27,79.45,204,0,Fri,72.41,0.0,72.41,87,6299.67
2024-04-10,P0032,Clothing,Summer,21.21,25.26,891,1,Tue,33.34,0.24,25.338400000000004,18,456.09
2024-04-12,P0032,Clothing,Winter,49.72,13.29,396,0,Thu,58.76,0.0,58.76,1,58.76
2024-04-15,P0032,Clothing,Summer,22.82,96.77,450,0,Thu,27.36,0.0,27.36,113,3091.68
2024-04-18,P0032,Clothing,Winter,11.47,69.23,491,1,Tue,15.44,0.14,13.2784,237,3146.98
2024-04-24,P0032,Clothing,Summer,43.44,68.45,498,0,Wed,77.99,0.0,77.99,42,3275.58
2024-04-26,P0032,Clothing,Summer,75.74,30.5,674,1,Sun,92.65,0.09,84.31150000000001,1,84.31
2024-01-02,P0032,Household,Winter,72.42,108.76,488,1,Sat,84.97,0.15,72.22449999999999,21,1516.71
2024-01-04,P0032,Household,Spring,41.79,85.77,128,0,Sun,53.5,0.0,53.5,106,5671.0
2024-01-06,P0032,Household,Autumn,31.42,82.13,130,0,Sat,44.8,0.0,44.8,71,3180.8
2024-01-09,P0032,Household,Summer,76.23,87.83,264,1,Sun,111.6,0.05,106.02,95,10071.9
2024-01-15,P0032,Household,Summer,38.96,57.42,710,0,Sat,54.65,0.0,54.65,69,3770.85
2024-01-20,P0032,Household,Winter,43.36,5.34,79,1,Fri,54.31,0.09,49.4221,1,49.42
2024-01-28,P0032,Household,Summer,63.95,72.12,56,1,Wed,71.27,0.07,66.2811,21,1391.9
2024-02-01,P0032,Household,Spring,90.12,48.74,713,0,Mon,135.84,0.0,135.84,1,135.84
2024-02-10,P0032,Household,Spring,91.22,23.42,422,0,Wed,143.9,0.0,143.9,1,143.9
2024-02-15,P0032,Household,Winter,80.72,17.29,727,0,Thu,126.96,0.0,126.96,1,126.96
2024-02-18,P0032,Household,Summer,93.76,115.52,287,0,Tue,118.67,0.0,118.67,17,2017.39
2024-02-22,P0032,Household,Summer,56.76,22.29,945,1,Fri,97.74,0.25,73.30499999999999,1,73.3
2024-02-28,P0032,Household,Winter,20.19,97.64,206,0,Fri,30.77,0.0,30.77,85,2615.45
2024-02-29,P0032,Household,Autumn,72.14,103.62,329,0,Tue,82.05,0.0,82.05,107,8779.35
2024-03-01,P0032,Household,Winter,94.85,35.26,197,0,Wed,154.54,0.0,154.54,1,154.54
2024-03-04,P0032,Household,Autumn,1.65,29.39,87,0,Sun,2.82,0.0,2.82,114,321.48
2024-03-20,P0032,Household,Summer,38.36,21.57,872,0,Sat,48.8,0.0,48.8,1,48.8
2024-03-22,P0032,Household,Autumn,83.8,108.73,644,0,Sun,126.69,0.0,126.69,52,6587.88
2024-03-26,P0032,Household,Winter,40.33,90.18,568,0,Fri,48.87,0.0,48.87,107,5229.09
2024-04-20,P0032,Household,Winter,35.06,56.57,335,0,Mon,48.88,0.0,48.88,89,4350.32
2024-01-03,P0032,Electronics,Winter,85.02,43.87,914,0,Fri,105.98,0.0,105.98,1,105.98
2024-01-10,P0032,Electronics,Spring,49.7,113.15,454,0,Sun,84.46,0.0,84.46,31,2618.26
2024-01-12,P0032,Electronics,Winter,4.67,115.62,589,1,Mon,7.46,0.12,6.5648,142,932.2
2024-01-17,P0032,Electronics,Summer,45.42,4.21,876,1,Fri,78.02,0.14,67.0972,1,67.1
2024-01-26,P0032,Electronics,Spring,81.45,105.89,878,1,Sun,93.63,0.21,73.9677,66,4881.87
2024-01-27,P0032,Electronics,Autumn,42.3,87.63,589,0,Tue,54.51,0.0,54.51,102,5560.02
2024-01-29,P0032,Electronics,Winter,11.18,8.79,792,1,Wed,13.31,0.08,12.2452,74,906.14
2024-01-31,P0032,Electronics,Spring,48.51,85.58,303,0,Thu,71.07,0.0,71.07,70,4974.9
2024-02-05,P0032,Electronics,Winter,45.88,25.99,800,0,Thu,51.72,0.0,51.72,1,51.72
2024-02-09,P0032,Electronics,Winter,54.38,8.26,341,0,Fri,90.91,0.0,90.91,1,90.91
2024-02-12,P0032,Electronics,Spring,85.38,19.23,903,0,Wed,129.4,0.0,129.4,1,129.4
2024-02-16,P0032,Electronics,Winter,85.26,87.5,828,0,Fri,107.65,0.0,107.65,46,4951.9
2024-03-16,P0032,Electronics,Autumn,93.0,92.62,225,0,Tue,145.11,0.0,145.11,5,725.55
2024-03-23,P0032,Electronics,Winter,81.18,44.52,979,0,Wed,133.33,0.0,133.33,1,133.33
2024-03-27,P0032,Electronics,Winter,75.45,96.62,554,0,Tue,83.42,0.0,83.42,78,6506.76
2024-04-05,P0032,Electronics,Autumn,15.25,113.06,383,0,Thu,19.9,0.0,19.9,108,2149.2
2024-04-06,P0032,Electronics,Spring,17.2,40.3,328,1,Fri,28.1,0.24,21.356,104,2221.02
2024-04-08,P0032,Electronics,Autumn,62.86,98.42,198,1,Wed,79.96,0.18,65.5672,147,9638.38
2024-04-11,P0032,Electronics,Spring,14.09,107.49,568,0,Fri,16.12,0.0,16.12,159,2563.08
2024-04-19,P0032,Electronics,Spring,74.47,102.61,683,1,Thu,123.63,0.25,92.7225,42,3894.34
2024-01-05,P0032,Snacks,Winter,55.34,32.91,346,1,Tue,97.73,0.17,81.1159,1,81.12
2024-01-07,P0032,Snacks,Autumn,45.57,111.17,130,0,Sat,70.94,0.0,70.94,22,1560.68
2024-01-11,P0032,Snacks,Autumn,55.17,81.97,24,0,Sat,60.72,0.0,60.72,71,4311.12
2024-01-14,P0032,Snacks,Summer,21.06,13.69,588,0,Wed,23.58,0.0,23.58,25,589.5
2024-01-16,P0032,Snacks,Autumn,41.86,42.35,935,0,Fri,58.69,0.0,58.69,17,997.73
2024-01-19,P0032,Snacks,Autumn,85.16,18.65,433,0,Sun,144.36,0.0,144.36,1,144.36
2024-01-25,P0032,Snacks,Summer,82.44,114.78,533,0,Sun,105.07,0.0,105.07,60,6304.2
2024-02-03,P0032,Snacks,Winter,67.25,13.37,705,0,Thu,114.77,0.0,114.77,1,114.77
2024-02-04,P0032,Snacks,Summer,16.61,9.35,809,0,Fri,21.06,0.0,21.06,7,147.42
2024-02-07,P0032,Snacks,Winter,78.51,79.9,909,0,Tue,138.19,0.0,138.19,1,138.19
2024-02-14,P0032,Snacks,Winter,94.17,94.85,47,0,Thu,110.13,0.0,110.13,64,7048.32
2024-02-25,P0032,Snacks,Autumn,7.14,69.32,479,1,Mon,9.52,0.15,8.091999999999999,237,1917.8
2024-02-26,P0032,Snacks,Winter,5.67,69.47,567,1,Sat,7.57,0.17,6.2831,134,841.94
2024-03-06,P0032,Snacks,Spring,81.89,108.34,717,1,Fri,119.87,0.24,91.1012,137,12480.86
2024-03-09,P0032,Snacks,Autumn,85.0,113.66,716,0,Thu,125.48,0.0,125.48,73,9160.04
2024-03-10,P0032,Snacks,Autumn,96.47,95.17,931,0,Thu,110.78,0.0,110.78,61,6757.58
2024-03-12,P0032,Snacks,Autumn,21.5,15.8,404,0,Mon,37.89,0.0,37.89,1,37.89
2024-03-15,P0032,Snacks,Winter,87.47,100.25,209,0,Sun,130.07,0.0,130.07,15,1951.05
2024-03-18,P0032,Snacks,Spring,76.67,64.54,992,0,Fri,127.02,0.0,127.02,10,1270.2
2024-03-21,P0032,Snacks,Spring,63.57,29.82,574,1,Fri,91.01,0.15,77.3585,1,77.36
2024-03-24,P0032,Snacks,Spring,9.02,109.98,915,1,Fri,12.4,0.18,10.168000000000001,248,2521.66
2024-04-01,P0032,Snacks,Autumn,26.41,101.94,816,0,Sun,36.21,0.0,36.21,58,2100.18
2024-04-03,P0032,Snacks,Autumn,12.19,112.52,655,0,Thu,21.24,0.0,21.24,61,1295.64
2024-04-04,P0032,Snacks,Winter,2.79,43.81,401,0,Sun,4.22,0.0,4.22,108,455.76
2024-04-13,P0032,Snacks,Winter,56.98,44.43,97,1,Wed,96.78,0.15,82.263,16,1316.21
2024-04-14,P0032,Snacks,Summer,31.09,65.33,295,0,Sun,45.54,0.0,45.54,131,5965.74
2024-04-23,P0032,Snacks,Autumn,54.07,114.18,88,1,Thu,89.03,0.11,79.2367,85,6735.12
2024-04-27,P0032,Snacks,Winter,69.22,79.13,740,0,Fri,122.66,0.0,122.66,18,2207.88
2024-04-28,P0032,Snacks,Autumn,40.08,55.74,930,1,Thu,69.11,0.08,63.5812,38,2416.09
2024-01-08,P0032,Groceries,Spring,21.68,117.43,109,0,Sat,25.94,0.0,25.94,87,2256.78
2024-01-18,P0032,Groceries,Spring,23.52,56.56,242,1,Mon,32.44,0.12,28.547199999999997,53,1513.0
2024-01-23,P0032,Groceries,Summer,61.09,112.3,447,0,Thu,106.09,0.0,106.09,57,6047.13
2024-01-30,P0032,Groceries,Winter,9.99,32.63,337,0,Mon,16.95,0.0,16.95,82,1389.9
2024-02-17,P0032,Groceries,Spring,93.3,61.96,123,1,Fri,115.59,0.12,101.7192,15,1525.79
2024-02-19,P0032,Groceries,Autumn,24.77,94.72,493,1,Sat,31.73,0.25,23.7975,145,3450.64
2024-02-24,P0032,Groceries,Autumn,68.76,67.55,454,0,Sun,96.62,0.0,96.62,1,96.62
2024-03-07,P0032,Groceries,Winter,65.76,75.51,611,0,Wed,82.25,0.0,82.25,29,2385.25
2024-03-11,P0032,Groceries,Autumn,28.62,2.91,951,1,Sat,37.44,0.19,30.3264,1,30.33
2024-03-14,P0032,Groceries,Winter,7.25,37.17,962,0,Sat,8.44,0.0,8.44,100,844.0
2024-03-25,P0032,Groceries,Autumn,46.8,90.34,573,0,Thu,66.44,0.0,66.44,18,1195.92
2024-03-28,P0032,Groceries,Autumn,50.64,12.42,995,0,Wed,85.88,0.0,85.88,1,85.88
2024-03-29,P0032,Groceries,Spring,35.62,97.94,454,0,Mon,52.21,0.0,52.21,130,6787.3
2024-03-30,P0032,Groceries,Autumn,70.93,31.06,735,0,Tue,115.77,0.0,115.77,1,115.77
2024-03-31,P0032,Groceries,Autumn,47.88,118.09,467,0,Thu,66.71,0.0,66.71,59,3935.89
2024-04-22,P0032,Groceries,Autumn,51.31,3.19,442,0,Wed,70.21,0.0,70.21,1,70.21
2024-04-25,P0032,Groceries,Winter,11.96,87.58,836,1,Fri,14.1,0.24,10.716,204,2186.06
