retail_dynamic_pricing_dataset.csv
date,product_id,category,season,cost_price,competitor_price,stock_level,promotion,day_of_week,current_price,discount,effective_price,units_sold,revenue
2024-01-13,P0032,Beverages,Winter,62.62,107.86,838,0,Sat,104.11,0.0,104.11,42,4372.62
2024-01-21,P0032,Beverages,Winter,61.6,53.96,103,0,Sun,68.42,0.0,68.42,57,3899.94
2024-01-24,P0032,Beverages,Autumn,56.37,97.71,813,0,Wed,73.93,0.0,73.93,61,4509.73
2024-02-06,P0032,Beverages,Winter,40.68,100.31,268,1,Sun,52.76,0.07,49.06679999999999,142,6967.49
2024-02-21,P0032,Beverages,Autumn,69.4,72.83,50,1,Sat,100.43,0.15,85.3655,18,1536.58
2024-02-27,P0032,Beverages,Autumn,36.08,33.87,548,0,Tue,42.7,0.0,42.7,40,1708.0
2024-03-03,P0032,Beverages,Summer,65.82,22.32,226,0,Tue,109.19,0.0,109.19,1,109.19
2024-03-13,P0032,Beverages,Spring,34.51,30.48,588,1,Tue,51.11,0.16,42.9324,39,1674.36
2024-03-19,P0032,Beverages,Autumn,67.2,13.98,616,0,Tue,109.43,0.0,109.43,1,109.43
2024-04-09,P0032,Beverages,Spring,45.41,46.45,438,0,Tue,50.81,0.0,50.81,65,3302.65
2024-04-16,P0032,Beverages,Summer,8.98,104.39,849,0,Fri,10.89,0.0,10.89,190,2069.1
2024-04-17,P0032,Beverages,Winter,3.6,61.88,819,0,Tue,6.07,0.0,6.07,181,1098.67
2024-04-21,P0032,Beverages,Summer,3.71,67.53,554,0,Tue,4.23,0.0,4.23,27,114.21
2024-04-29,P0032,Beverages,Spring,38.7,14.38,812,0,Fri,60.73,0.0,60.73,1,60.73
2024-01-01,P0033,Beverages,Winter,16.44,99.79,974,0,Wed,22.49,0.0,22.49,42,944.58
2024-01-18,P0033,Beverages,Winter,48.3,36.2,340,0,Sun,60.96,0.0,60.96,25,1524.0
2024-01-20,P0033,Beverages,Summer,88.21,114.49,339,0,Fri,139.99,0.0,139.99,74,10359.26
2024-02-02,P0033,Beverages,Spring,55.75,56.49,843,1,Tue,94.52,0.23,72.7804,76,5531.31
2024-02-08,P0033,Beverages,Winter,66.62,82.83,101,0,Thu,97.35,0.0,97.35,83,8080.05
2024-02-10,P0033,Beverages,Winter,6.06,59.31,690,0,Sun,8.63,0.0,8.63,128,1104.64
2024-02-11,P0033,Beverages,Autumn,26.02,59.31,412,0,Tue,43.91,0.0,43.91,79,3468.89
2024-02-15,P0033,Beverages,Summer,45.7,16.35,446,0,Mon,76.59,0.0,76.59,1,76.59
2024-02-16,P0033,Beverages,Winter,7.27,46.35,699,0,Fri,10.1,0.0,10.1,96,969.6
2024-02-17,P0033,Beverages,Spring,12.47,44.53,506,0,Wed,15.85,0.0,15.85,96,1521.6
2024-02-20,P0033,Beverages,Autumn,4.1,3.17,461,0,Sun,4.84,0.0,4.84,46,222.64
2024-03-14,P0033,Beverages,Autumn,65.67,21.11,978,0,Sun,111.1,0.0,111.1,1,111.1
2024-03-15,P0033,Beverages,Summer,26.59,99.2,916,0,Thu,31.41,0.0,31.41,146,4585.86
2024-03-20,P0033,Beverages,Summer,5.59,79.95,257,1,Mon,7.72,0.06,7.256799999999999,153,1110.29
2024-03-22,P0033,Beverages,Autumn,34.96,56.65,246,0,Sun,47.77,0.0,47.77,114,5445.78
2024-04-01,P0033,Beverages,Spring,98.35,89.21,891,0,Sat,141.92,0.0,141.92,44,6244.48
2024-04-04,P0033,Beverages,Autumn,91.35,26.18,714,1,Wed,138.01,0.24,104.88759999999999,1,104.89
2024-04-05,P0033,Beverages,Summer,83.0,36.04,369,1,Wed,110.97,0.14,95.4342,1,95.43
2024-04-06,P0033,Beverages,Autumn,55.33,106.52,896,0,Wed,79.88,0.0,79.88,72,5751.36
2024-04-13,P0033,Beverages,Winter,27.2,95.09,829,0,Thu,47.75,0.0,47.75,89,4249.75
2024-04-15,P0033,Beverages,Summer,85.12,25.78,539,0,Thu,95.37,0.0,95.37,1,95.37
2024-04-16,P0033,Beverages,Summer,69.43,61.11,97,0,Thu,112.42,0.0,112.42,8,899.36
2024-04-20,P0033,Beverages,Autumn,1.95,59.34,708,0,Sun,2.35,0.0,2.35,35,82.25
2024-01-02,P0033,Groceries,Spring,75.6,100.88,740,1,Tue,118.6,0.25,88.94999999999999,131,11652.45
2024-01-05,P0033,Groceries,Spring,38.43,34.49,230,0,Sun,64.52,0.0,64.52,6,387.12
2024-01-07,P0033,Groceries,Spring,45.79,59.17,402,0,Wed,74.06,0.0,74.06,49,3628.94
2024-01-09,P0033,Groceries,Winter,64.73,30.45,200,0,Wed,113.47,0.0,113.47,1,113.47
2024-01-14,P0033,Groceries,Autumn,69.56,95.25,255,0,Wed,79.68,0.0,79.68,28,2231.04
2024-01-15,P0033,Groceries,Winter,39.06,9.03,515,0,Fri,65.22,0.0,65.22,1,65.22
2024-01-19,P0033,Groceries,Autumn,1.45,47.84,510,0,Tue,2.31,0.0,2.31,96,221.76
2024-02-09,P0033,Groceries,Winter,40.7,32.61,529,0,Wed,58.58,0.0,58.58,1,58.58
2024-02-28,P0033,Groceries,Spring,23.39,117.33,768,1,Wed,29.08,0.13,25.299599999999998,37,936.09
2024-02-29,P0033,Groceries,Winter,68.18,107.94,147,1,Fri,94.34,0.16,79.2456,23,1822.65
2024-03-01,P0033,Groceries,Winter,12.69,87.38,905,1,Wed,17.34,0.11,15.4326,130,2006.24
2024-03-09,P0033,Groceries,Summer,29.28,20.91,87,0,Wed,51.28,0.0,51.28,1,51.28
2024-03-10,P0033,Groceries,Autumn,92.21,90.92,64,1,Thu,139.49,0.14,119.96140000000001,51,6118.03
2024-03-12,P0033,Groceries,Winter,55.74,111.04,118,1,Fri,100.24,0.16,84.2016,100,8420.16
2024-04-08,P0033,Groceries,Winter,94.25,19.08,749,0,Thu,121.9,0.0,121.9,1,121.9
2024-04-10,P0033,Groceries,Summer,71.66,44.14,420,0,Sat,86.03,0.0,86.03,15,1290.45
2024-04-11,P0033,Groceries,Winter,9.58,66.82,782,0,Thu,12.83,0.0,12.83,92,1180.36
2024-04-12,P0033,Groceries,Spring,72.11,73.06,768,0,Mon,118.68,0.0,118.68,4,474.72
2024-04-19,P0033,Groceries,Winter,20.51,77.18,616,1,Sun,34.67,0.18,28.429400000000005,102,2899.8
2024-04-21,P0033,Groceries,Summer,35.59,1.05,986,0,Sat,41.57,0.0,41.57,1,41.57
2024-04-25,P0033,Groceries,Spring,12.36,84.09,996,0,Mon,17.95,0.0,17.95,180,3231.0
2024-04-29,P0033,Groceries,Summer,6.25,15.51,427,0,Tue,11.0,0.0,11.0,21,231.0
2024-01-03,P0033,Clothing,Autumn,60.36,8.58,52,0,Thu,71.33,0.0,71.33,1,71.33
2024-01-21,P0033,Clothing,Summer,17.38,11.27,584,0,Tue,22.78,0.0,22.78,21,478.38
2024-01-22,P0033,Clothing,Spring,13.51,103.49,306,1,Mon,19.63,0.2,15.704,201,3156.5
2024-01-24,P0033,Clothing,Winter,38.62,41.22,268,0,Tue,55.07,0.0,55.07,3,165.21
2024-01-25,P0033,Clothing,Spring,80.14,67.09,148,0,Tue,97.67,0.0,97.67,14,1367.38
2024-01-29,P0033,Clothing,Spring,67.45,88.33,283,1,Tue,102.64,0.22,80.0592,28,2241.66
2024-02-07,P0033,Clothing,Autumn,52.98,30.17,523,0,Tue,84.7,0.0,84.7,1,84.7
2024-02-13,P0033,Clothing,Winter,97.76,68.41,60,0,Fri,169.02,0.0,169.02,1,169.02
2024-02-22,P0033,Clothing,Spring,38.68,36.94,30,0,Thu,63.61,0.0,63.61,19,1208.59
2024-02-23,P0033,Clothing,Winter,22.15,97.44,413,1,Wed,32.68,0.18,26.797600000000003,220,5895.47
2024-02-25,P0033,Clothing,Summer,77.4,61.8,597,1,Mon,129.8,0.18,106.43600000000002,5,532.18
2024-03-02,P0033,Clothing,Spring,9.89,39.57,743,0,Wed,17.1,0.0,17.1,114,1949.4
2024-03-11,P0033,Clothing,Winter,91.55,23.61,595,0,Thu,102.2,0.0,102.2,1,102.2
2024-03-13,P0033,Clothing,Summer,63.57,44.86,218,0,Fri,84.33,0.0,84.33,8,674.64
2024-03-17,P0033,Clothing,Autumn,14.46,47.23,345,1,Tue,21.04,0.11,18.7256,165,3089.72
2024-03-21,P0033,Clothing,Winter,55.39,65.34,481,1,Thu,66.87,0.22,52.15860000000001,41,2138.5
2024-03-24,P0033,Clothing,Spring,35.04,17.9,509,0,Mon,46.65,0.0,46.65,1,46.65
2024-03-27,P0033,Clothing,Winter,56.32,96.46,542,0,Mon,75.77,0.0,75.77,91,6895.07
2024-03-28,P0033,Clothing,Summer,30.09,54.7,673,0,Sat,52.6,0.0,52.6,42,2209.2
2024-04-03,P0033,Clothing,Autumn,52.06,77.4,359,0,Fri,64.58,0.0,64.58,87,5618.46
2024-04-17,P0033,Clothing,Autumn,41.35,30.85,656,1,Fri,72.49,0.22,56.5422,20,1130.84
2024-04-18,P0033,Clothing,Autumn,43.71,104.94,448,0,Thu,68.9,0.0,68.9,68,4685.2
2024-04-22,P0033,Clothing,Summer,15.69,103.18,869,1,Mon,26.08,0.06,24.515199999999997,133,3260.52
2024-01-04,P0033,Snacks,Spring,9.49,47.48,32,1,Wed,10.88,0.14,9.3568,102,954.39
2024-01-17,P0033,Snacks,Summer,89.94,83.07,412,0,Fri,151.35,0.0,151.35,3,454.05
2024-01-26,P0033,Snacks,Winter,39.53,43.41,256,0,Fri,65.12,0.0,65.12,49,3190.88
2024-01-27,P0033,Snacks,Spring,5.83,114.9,446,0,Mon,6.77,0.0,6.77,99,670.23
2024-01-28,P0033,Snacks,Summer,63.96,61.02,925,0,Mon,84.25,0.0,84.25,45,3791.25
2024-02-05,P0033,Snacks,Autumn,78.08,82.64,557,0,Tue,88.4,0.0,88.4,84,7425.6
2024-02-06,P0033,Snacks,Summer,40.94,21.62,708,0,Fri,66.98,0.0,66.98,1,66.98
2024-02-21,P0033,Snacks,Winter,91.13,16.77,150,0,Sat,153.12,0.0,153.12,1,153.12
2024-02-24,P0033,Snacks,Autumn,11.12,58.18,451,0,Thu,15.32,0.0,15.32,65,995.8
2024-03-06,P0033,Snacks,Summer,17.43,63.41,129,0,Fri,25.37,0.0,25.37,43,1090.91
2024-03-08,P0033,Snacks,Autumn,76.6,12.14,40,0,Sun,135.99,0.0,135.99,1,135.99
2024-03-31,P0033,Snacks,Spring,64.23,93.12,848,1,Sat,111.62,0.09,101.5742,17,1726.76
2024-04-07,P0033,Snacks,Autumn,51.62,22.42,113,0,Thu,65.44,0.0,65.44,1,65.44
2024-04-28,P0033,Snacks,Spring,74.77,9.47,247,1,Thu,88.18,0.18,72.30760000000001,1,72.31
2024-01-06,P0033,Household,Summer,90.45,62.45,468,0,Sat,123.7,0.0,123.7,4,494.8
2024-01-13,P0033,Household,Autumn,85.63,113.61,610,0,Mon,132.97,0.0,132.97,64,8510.08
2024-01-16,P0033,Household,Autumn,77.01,29.3,140,0,Sun,127.86,0.0,127.86,1,127.86
2024-01-23,P0033,Household,Autumn,31.46,6.99,561,0,Tue,38.95,0.0,38.95,1,38.95
2024-01-30,P0033,Household,Spring,81.61,84.55,315,0,Sat,129.13,0.0,129.13,34,4390.42
2024-02-12,P0033,Household,Autumn,20.24,28.85,668,0,Sun,28.52,0.0,28.52,36,1026.72
2024-02-14,P0033,Household,Winter,74.21,68.09,898,1,Sun,113.62,0.16,95.4408,62,5917.33
2024-02-19,P0033,Household,Summer,94.6,90.17,851,0,Sun,149.58,0.0,149.58,8,1196.64
2024-03-16,P0033,Household,Summer,37.17,55.34,499,0,Sat,51.5,0.0,51.5,56,2884.0
2024-03-18,P0033,Household,Summer,92.56,40.2,156,0,Fri,106.23,0.0,106.23,1,106.23
2024-03-19,P0033,Household,Spring,72.66,40.33,649,1,Tue,84.56,0.17,70.1848,43,3017.95
2024-03-23,P0033,Household,Winter,81.71,54.2,359,0,Wed,137.79,0.0,137.79,1,137.79
2024-03-25,P0033,Household,Spring,64.77,99.52,961,0,Fri,110.32,0.0,110.32,74,8163.68
2024-03-29,P0033,Household,Summer,17.32,116.69,49,0,Fri,26.36,0.0,26.36,108,2846.88
2024-04-02,P0033,Household,Spring,67.24,85.23,31,0,Mon,74.13,0.0,74.13,65,4818.45
2024-04-09,P0033,Household,Summer,62.1,34.82,95,0,Sat,74.46,0.0,74.46,1,74.46
2024-04-24,P0033,Household,Autumn,83.55,64.24,510,0,Sat,125.19,0.0,125.19,6,751.14
2024-04-27,P0033,Household,Autumn,90.31,19.83,272,1,Wed,155.15,0.21,122.56850000000001,1,122.57
2024-01-08,P0033,Electronics,Autumn,33.17,79.11,997,0,Tue,44.53,0.0,44.53,49,2181.97
2024-01-10,P0033,Electronics,Spring,21.09,27.38,116,0,Fri,36.33,0.0,36.33,66,2397.78
2024-01-11,P0033,Electronics,Winter,52.86,87.08,161,0,Sat,80.87,0.0,80.87,32,2587.84
2024-01-12,P0033,Electronics,Summer,67.28,117.17,136,0,Tue,104.93,0.0,104.93,27,2833.11
2024-01-31,P0033,Electronics,Spring,40.49,100.38,783,1,Wed,72.23,0.21,57.06170000000001,168,9586.37
2024-02-01,P0033,Electronics,Autumn,9.52,103.81,705,0,Wed,12.45,0.0,12.45,127,1581.15
2024-02-03,P0033,Electronics,Summer,12.98,103.7,536,0,Wed,18.42,0.0,18.42,103,1897.26
2024-02-04,P0033,Electronics,Winter,2.69,78.76,56,0,Wed,3.26,0.0,3.26,144,469.44
2024-02-18,P0033,Electronics,Autumn,81.48,67.89,386,0,Thu,111.73,0.0,111.73,18,2011.14
2024-02-26,P0033,Electronics,Autumn,47.42,49.7,796,1,Sat,84.86,0.22,66.1908,28,1853.34
2024-02-27,P0033,Electronics,Summer,83.41,50.4,32,1,Tue,141.23,0.15,120.04549999999999,1,120.05
2024-03-03,P0033,Electronics,Autumn,14.21,62.13,653,1,Sat,18.7,0.14,16.082,137,2203.23
2024-03-04,P0033,Electronics,Spring,81.08,83.04,809,0,Wed,90.99,0.0,90.99,9,818.91
2024-03-05,P0033,Electronics,Winter,65.91,47.95,337,0,Fri,99.26,0.0,99.26,1,99.26
2024-03-07,P0033,Electronics,Winter,39.09,18.34,787,0,Wed,50.81,0.0,50.81,1,50.81
2024-03-26,P0033,Electronics,Summer,17.41,111.29,93,1,Mon,19.39,0.24,14.7364,232,3418.84
2024-03-30,P0033,Electronics,Winter,62.31,74.62,364,0,Tue,84.32,0.0,84.32,24,2023.68
2024-04-14,P0033,Electronics,Spring,12.44,9.74,569,0,Wed,18.47,0.0,18.47,9,166.23
2024-04-23,P0033,Electronics,Spring,42.75,55.84,275,0,Wed,66.13,0.0,66.13,12,793.56
2024-04-26,P0033,Electronics,Summer,10.08,112.56,31,0,Tue,13.44,0.0,13.44,143,1921.92
2024-01-01,P0034,Groceries,Spring,8.88,89.15,232,0,Sun,14.96,0.0,14.96,135,2019.6
2024-01-04,P0034,Groceries,Spring,72.69,85.07,849,1,Thu,101.69,0.18,83.3858,130,10840.15
2024-01-14,P0034,Groceries,Summer,52.9,100.62,345,1,Thu,68.06,0.19,55.128600000000006,140,7718.0
2024-01-19,P0034,Groceries,Summer,94.05,53.67,959,0,Sun,158.75,0.0,158.75,1,158.75
2024-01-23,P0034,Groceries,Summer,44.64,19.1,437,1,Sat,77.16,0.06,72.53039999999999,1,72.53
2024-01-26,P0034,Groceries,Winter,51.33,47.24,989,0,Sun,63.43,0.0,63.43,60,3805.8
2024-02-02,P0034,Groceries,Spring,15.35,30.43,190,0,Tue,20.09,0.0,20.09,125,2511.25
2024-02-05,P0034,Groceries,Spring,65.42,103.61,795,0,Tue,95.09,0.0,95.09,42,3993.78
2024-02-07,P0034,Groceries,Spring,32.28,81.61,405,0,Sun,45.92,0.0,45.92,50,2296.0
2024-02-09,P0034,Groceries,Spring,23.38,20.84,280,1,Wed,27.1,0.07,25.203,21,529.26
2024-02-17,P0034,Groceries,Autumn,59.92,54.52,799,0,Thu,85.6,0.0,85.6,34,2910.4
2024-02-21,P0034,Groceries,Autumn,21.24,10.21,907,0,Tue,30.01,0.0,30.01,1,30.01
2024-02-27,P0034,Groceries,Summer,2.19,105.78,821,0,Mon,2.77,0.0,2.77,52,144.04
2024-02-29,P0034,Groceries,Summer,17.7,80.43,194,0,Wed,23.25,0.0,23.25,129,2999.25
2024-03-07,P0034,Groceries,Autumn,1.35,94.58,50,0,Sun,2.38,0.0,2.38,159,378.42
2024-03-08,P0034,Groceries,Autumn,85.82,104.63,152,0,Tue,133.21,0.0,133.21,17,2264.57
2024-03-13,P0034,Groceries,Winter,5.85,26.64,914,0,Fri,6.71,0.0,6.71,98,657.58
2024-03-19,P0034,Groceries,Summer,47.14,103.64,236,0,Tue,54.73,0.0,54.73,117,6403.41
2024-03-31,P0034,Groceries,Autumn,42.12,38.28,632,0,Sat,53.1,0.0,53.1,30,1593.0
2024-04-07,P0034,Groceries,Winter,10.49,91.5,513,0,Sun,15.25,0.0,15.25,27,411.75
2024-04-08,P0034,Groceries,Spring,29.03,57.97,408,0,Sat,46.06,0.0,46.06,82,3776.92
2024-04-22,P0034,Groceries,Summer,28.48,32.52,979,0,Fri,41.21,0.0,41.21,20,824.2
2024-04-27,P0034,Groceries,Summer,2.91,28.9,705,1,Fri,4.25,0.16,3.57,135,481.95
2024-01-02,P0034,Snacks,Autumn,68.81,16.38,192,0,Tue,103.57,0.0,103.57,1,103.57
2024-01-03,P0034,Snacks,Spring,37.66,60.62,909,1,Sat,51.53,0.11,45.8617,129,5916.16
2024-01-05,P0034,Snacks,Summer,41.04,85.82,430,0,Tue,57.59,0.0,57.59,24,1382.16
2024-01-11,P0034,Snacks,Autumn,15.05,63.19,960,0,Sat,21.97,0.0,21.97,142,3119.74
2024-01-13,P0034,Snacks,Autumn,8.85,37.62,122,0,Fri,14.17,0.0,14.17,69,977.73
2024-01-17,P0034,Snacks,Winter,66.85,115.88,796,0,Tue,93.33,0.0,93.33,8,746.64
2024-01-25,P0034,Snacks,Winter,28.88,108.66,777,0,Tue,33.51,0.0,33.51,85,2848.35
2024-01-30,P0034,Snacks,Summer,24.33,30.06,795,0,Mon,41.81,0.0,41.81,35,1463.35
2024-02-04,P0034,Snacks,Winter,13.31,8.94,358,0,Sun,15.5,0.0,15.5,7,108.5
2024-02-12,P0034,Snacks,Spring,74.33,49.92,112,0,Mon,90.72,0.0,90.72,13,1179.36
2024-02-13,P0034,Snacks,Summer,98.27,11.57,436,0,Tue,142.36,0.0,142.36,1,142.36
2024-02-22,P0034,Snacks,Autumn,49.51,16.04,345,0,Wed,54.59,0.0,54.59,1,54.59
2024-02-25,P0034,Snacks,Autumn,61.77,103.73,433,1,Fri,107.32,0.17,89.0756,140,12470.58
2024-03-10,P0034,Snacks,Autumn,13.06,58.96,725,0,Sun,18.37,0.0,18.37,110,2020.7
2024-03-22,P0034,Snacks,Autumn,57.22,111.42,747,0,Fri,93.25,0.0,93.25,18,1678.5
2024-04-04,P0034,Snacks,Spring,60.36,23.11,403,0,Sat,90.32,0.0,90.32,1,90.32
2024-04-05,P0034,Snacks,Autumn,23.38,82.77,63,0,Tue,41.46,0.0,41.46,65,2694.9
2024-04-26,P0034,Snacks,Winter,34.53,67.78,510,0,Mon,53.79,0.0,53.79,74,3980.46
2024-04-28,P0034,Snacks,Winter,64.29,35.13,398,0,Sat,100.95,0.0,100.95,1,100.95
2024-01-06,P0034,Beverages,Autumn,96.81,49.36,356,0,Sat,140.34,0.0,140.34,1,140.34
2024-01-10,P0034,Beverages,Summer,56.8,80.89,994,1,Wed,86.01,0.16,72.2484,61,4407.15
2024-01-20,P0034,Beverages,Spring,84.23,85.77,916,0,Mon,150.74,0.0,150.74,1,150.74
2024-01-21,P0034,Beverages,Winter,94.38,25.34,298,1,Tue,162.21,0.22,126.52380000000001,1,126.52
2024-01-27,P0034,Beverages,Winter,15.92,35.28,101,0,Sun,23.99,0.0,23.99,91,2183.09
2024-02-16,P0034,Beverages,Winter,41.5,4.83,409,1,Mon,46.7,0.18,38.294000000000004,1,38.29
2024-02-23,P0034,Beverages,Summer,26.73,87.53,104,1,Fri,39.56,0.06,37.1864,80,2974.91
2024-03-02,P0034,Beverages,Autumn,77.62,87.91,41,0,Fri,132.83,0.0,132.83,17,2258.11
2024-03-06,P0034,Beverages,Winter,73.18,4.27,890,0,Tue,108.32,0.0,108.32,1,108.32
2024-03-18,P0034,Beverages,Spring,44.42,21.75,977,1,Fri,72.01,0.16,60.4884,1,60.49
2024-03-21,P0034,Beverages,Spring,87.89,39.06,634,0,Fri,107.57,0.0,107.57,1,107.57
2024-04-11,P0034,Beverages,Winter,27.74,18.47,293,0,Mon,37.89,0.0,37.89,3,113.67
2024-04-15,P0034,Beverages,Winter,49.74,82.94,790,1,Sun,65.43,0.12,57.57840000000001,124,7139.72
2024-04-20,P0034,Beverages,Spring,86.69,109.19,433,1,Fri,122.16,0.06,114.8304,100,11483.04
2024-04-25,P0034,Beverages,Winter,76.45,6.92,917,0,Wed,95.07,0.0,95.07,1,95.07
