retail_dynamic_pricing_dataset.csv
date,product_id,category,season,cost_price,competitor_price,stock_level,promotion,day_of_week,current_price,discount,effective_price,units_sold,revenue
2024-01-07,P0034,Household,Winter,69.75,84.14,20,0,Mon,102.43,0.0,102.43,38,3892.34
2024-01-08,P0034,Household,Winter,5.61,114.05,339,0,Fri,6.33,0.0,6.33,113,715.29
2024-01-09,P0034,Household,Spring,33.72,4.33,158,1,Mon,41.77,0.23,32.1629,1,32.16
2024-01-16,P0034,Household,Winter,10.2,2.73,20,0,Tue,13.5,0.0,13.5,1,13.5
2024-01-24,P0034,Household,Autumn,49.3,48.25,351,0,Tue,74.86,0.0,74.86,40,2994.4
2024-02-03,P0034,Household,Autumn,89.19,57.28,417,0,Wed,108.02,0.0,108.02,21,2268.42
2024-02-06,P0034,Household,Summer,32.67,105.05,854,1,Thu,47.72,0.24,36.2672,68,2466.17
2024-02-11,P0034,Household,Summer,59.34,13.27,93,1,Sun,82.14,0.08,75.56880000000001,1,75.57
2024-02-14,P0034,Household,Summer,70.44,51.75,195,0,Sat,118.92,0.0,118.92,1,118.92
2024-02-20,P0034,Household,Spring,67.45,21.96,261,0,Wed,81.33,0.0,81.33,1,81.33
2024-02-26,P0034,Household,Spring,7.38,100.97,357,0,Thu,8.46,0.0,8.46,106,896.76
2024-02-28,P0034,Household,Winter,13.93,105.57,35,0,Wed,16.62,0.0,16.62,125,2077.5
2024-03-05,P0034,Household,Winter,64.79,74.25,312,0,Fri,114.25,0.0,114.25,44,5027.0
2024-03-14,P0034,Household,Spring,29.22,93.1,41,0,Thu,40.23,0.0,40.23,61,2454.03
2024-03-20,P0034,Household,Spring,31.79,117.37,886,0,Tue,51.52,0.0,51.52,30,1545.6
2024-03-23,P0034,Household,Spring,48.91,68.4,502,0,Thu,56.33,0.0,56.33,47,2647.51
2024-03-25,P0034,Household,Autumn,93.65,54.86,872,0,Thu,147.64,0.0,147.64,1,147.64
2024-03-26,P0034,Household,Summer,72.64,96.21,54,0,Mon,96.32,0.0,96.32,88,8476.16
2024-03-28,P0034,Household,Spring,44.26,59.88,308,0,Fri,50.41,0.0,50.41,118,5948.38
2024-04-01,P0034,Household,Winter,7.72,40.38,590,1,Tue,9.12,0.15,7.751999999999999,78,604.66
2024-04-03,P0034,Household,Summer,32.81,67.45,789,0,Wed,44.62,0.0,44.62,57,2543.34
2024-04-13,P0034,Household,Winter,78.29,104.19,715,0,Mon,112.94,0.0,112.94,80,9035.2
2024-04-23,P0034,Household,Autumn,4.25,116.01,712,1,Wed,6.79,0.18,5.5678,158,879.71
2024-01-12,P0034,Electronics,Summer,1.25,26.3,799,0,Mon,1.93,0.0,1.93,175,337.75
2024-01-18,P0034,Electronics,Summer,62.1,80.28,296,1,Sat,101.66,0.13,88.4442,43,3803.1
2024-01-22,P0034,Electronics,Spring,96.64,32.0,678,1,Fri,142.12,0.19,115.11720000000001,1,115.12
2024-01-28,P0034,Electronics,Winter,67.47,84.72,467,0,Mon,97.12,0.0,97.12,21,2039.52
2024-01-29,P0034,Electronics,Winter,3.47,104.48,873,0,Thu,6.03,0.0,6.03,163,982.89
2024-01-31,P0034,Electronics,Winter,21.6,97.14,889,1,Fri,33.36,0.22,26.0208,80,2081.66
2024-02-01,P0034,Electronics,Winter,93.85,37.27,861,0,Sat,108.53,0.0,108.53,1,108.53
2024-02-10,P0034,Electronics,Spring,21.05,84.16,907,0,Sun,31.77,0.0,31.77,90,2859.3
2024-02-15,P0034,Electronics,Spring,56.63,17.0,418,0,Thu,76.58,0.0,76.58,1,76.58
2024-02-18,P0034,Electronics,Spring,60.48,68.56,220,1,Thu,71.58,0.16,60.127199999999995,79,4750.05
2024-03-01,P0034,Electronics,Autumn,20.59,101.84,286,0,Mon,31.72,0.0,31.72,79,2505.88
2024-03-03,P0034,Electronics,Spring,45.24,36.71,21,0,Sat,65.88,0.0,65.88,8,527.04
2024-03-04,P0034,Electronics,Winter,47.52,90.86,148,1,Mon,74.52,0.15,63.34199999999999,88,5574.1
2024-03-15,P0034,Electronics,Summer,84.79,35.79,331,0,Wed,106.93,0.0,106.93,1,106.93
2024-03-16,P0034,Electronics,Summer,65.6,32.12,105,0,Thu,92.61,0.0,92.61,1,92.61
2024-03-17,P0034,Electronics,Autumn,45.14,97.29,177,0,Thu,67.73,0.0,67.73,55,3725.15
2024-03-27,P0034,Electronics,Spring,15.34,80.33,522,0,Thu,16.97,0.0,16.97,30,509.1
2024-04-02,P0034,Electronics,Summer,41.71,89.88,45,0,Wed,54.05,0.0,54.05,60,3243.0
2024-04-06,P0034,Electronics,Spring,4.56,31.71,935,0,Wed,5.09,0.0,5.09,85,432.65
2024-04-12,P0034,Electronics,Summer,4.12,78.41,503,1,Wed,6.04,0.2,4.832000000000001,30,144.96
2024-04-14,P0034,Electronics,Autumn,87.02,107.05,99,0,Fri,99.67,0.0,99.67,75,7475.25
2024-04-17,P0034,Electronics,Winter,77.44,72.19,678,0,Tue,96.55,0.0,96.55,54,5213.7
2024-04-18,P0034,Electronics,Summer,1.88,31.33,643,0,Sun,2.88,0.0,2.88,54,155.52
2024-01-15,P0034,Clothing,Winter,63.59,70.84,125,0,Thu,105.7,0.0,105.7,26,2748.2
2024-02-08,P0034,Clothing,Winter,99.83,37.04,358,0,Tue,112.41,0.0,112.41,1,112.41
2024-02-19,P0034,Clothing,Spring,22.55,53.28,779,0,Sat,29.18,0.0,29.18,71,2071.78
2024-02-24,P0034,Clothing,Autumn,31.97,2.89,464,0,Mon,41.86,0.0,41.86,1,41.86
2024-03-09,P0034,Clothing,Summer,98.86,62.58,374,1,Mon,121.89,0.07,113.3577,28,3174.02
2024-03-11,P0034,Clothing,Winter,65.46,51.85,719,0,Wed,96.77,0.0,96.77,19,1838.63
2024-03-12,P0034,Clothing,Winter,1.24,86.54,582,0,Thu,1.66,0.0,1.66,189,313.74
2024-03-24,P0034,Clothing,Summer,47.04,31.86,449,1,Fri,79.94,0.18,65.55080000000001,8,524.41
2024-03-29,P0034,Clothing,Winter,29.55,31.62,436,0,Sun,51.64,0.0,51.64,26,1342.64
2024-03-30,P0034,Clothing,Autumn,98.7,87.37,988,0,Sun,176.81,0.0,176.81,1,176.81
2024-04-09,P0034,Clothing,Summer,35.48,71.8,254,0,Mon,46.23,0.0,46.23,140,6472.2
2024-04-10,P0034,Clothing,Summer,83.61,72.52,812,1,Fri,114.91,0.17,95.3753,74,7057.77
2024-04-16,P0034,Clothing,Winter,29.21,116.31,581,1,Tue,40.34,0.09,36.7094,23,844.32
2024-04-19,P0034,Clothing,Autumn,92.48,79.56,378,1,Tue,144.28,0.15,122.63799999999999,39,4782.88
2024-04-21,P0034,Clothing,Autumn,54.94,43.7,92,1,Wed,72.18,0.09,65.6838,62,4072.4
2024-04-24,P0034,Clothing,Autumn,99.98,92.22,141,1,Fri,138.42,0.23,106.5834,104,11084.67
2024-04-29,P0034,Clothing,Summer,98.7,11.42,746,0,Fri,116.63,0.0,116.63,1,116.63
2024-01-01,P0035,Groceries,Spring,71.0,28.49,118,1,Wed,99.45,0.22,77.571,1,77.57
2024-01-07,P0035,Groceries,Spring,73.6,16.5,48,0,Tue,132.09,0.0,132.09,1,132.09
2024-01-13,P0035,Groceries,Summer,42.42,95.75,894,0,Sun,59.24,0.0,59.24,64,3791.36
2024-01-16,P0035,Groceries,Autumn,63.19,114.42,636,0,Tue,84.32,0.0,84.32,99,8347.68
2024-01-26,P0035,Groceries,Autumn,14.96,113.52,368,0,Fri,21.56,0.0,21.56,82,1767.92
2024-01-31,P0035,Groceries,Winter,29.51,80.87,819,1,Mon,41.32,0.08,38.0144,120,4561.73
2024-02-01,P0035,Groceries,Spring,58.18,31.62,964,0,Fri,104.11,0.0,104.11,1,104.11
2024-02-04,P0035,Groceries,Summer,81.1,35.92,522,0,Thu,145.42,0.0,145.42,1,145.42
2024-02-13,P0035,Groceries,Summer,31.3,96.67,792,0,Fri,38.07,0.0,38.07,23,875.61
2024-02-15,P0035,Groceries,Autumn,47.13,111.99,25,0,Tue,57.87,0.0,57.87,102,5902.74
2024-02-16,P0035,Groceries,Spring,99.89,118.11,241,0,Wed,125.42,0.0,125.42,28,3511.76
2024-02-23,P0035,Groceries,Spring,96.53,88.16,220,0,Mon,122.59,0.0,122.59,56,6865.04
2024-03-05,P0035,Groceries,Spring,63.59,38.03,984,0,Wed,87.59,0.0,87.59,1,87.59
2024-03-12,P0035,Groceries,Winter,44.74,46.21,707,0,Sat,67.51,0.0,67.51,55,3713.05
2024-03-13,P0035,Groceries,Autumn,22.5,67.39,474,1,Wed,25.47,0.22,19.8666,201,3993.19
2024-03-18,P0035,Groceries,Autumn,98.34,69.31,977,0,Mon,138.13,0.0,138.13,1,138.13
2024-03-20,P0035,Groceries,Spring,28.97,52.7,999,0,Mon,32.88,0.0,32.88,62,2038.56
2024-04-01,P0035,Groceries,Autumn,72.07,86.95,661,0,Sat,90.06,0.0,90.06,69,6214.14
2024-04-02,P0035,Groceries,Spring,12.18,51.8,660,0,Fri,19.88,0.0,19.88,77,1530.76
2024-04-07,P0035,Groceries,Autumn,87.43,97.79,483,1,Thu,119.7,0.22,93.366,92,8589.67
2024-04-08,P0035,Groceries,Spring,86.62,116.5,974,0,Fri,146.92,0.0,146.92,27,3966.84
2024-04-12,P0035,Groceries,Summer,82.08,42.26,41,0,Tue,90.58,0.0,90.58,1,90.58
2024-04-17,P0035,Groceries,Autumn,27.05,108.22,615,0,Fri,48.15,0.0,48.15,79,3803.85
2024-04-20,P0035,Groceries,Autumn,36.46,17.5,485,0,Fri,51.98,0.0,51.98,1,51.98
2024-01-02,P0035,Household,Autumn,9.29,61.12,282,1,Wed,11.17,0.18,9.1594,228,2088.34
2024-01-04,P0035,Household,Spring,11.81,106.87,468,0,Thu,18.27,0.0,18.27,46,840.42
2024-01-08,P0035,Household,Autumn,9.38,119.28,600,1,Sat,11.72,0.19,9.493200000000002,67,636.04
2024-01-10,P0035,Household,Spring,68.27,51.33,270,0,Mon,76.42,0.0,76.42,31,2369.02
2024-01-14,P0035,Household,Autumn,62.32,62.87,521,0,Sat,78.25,0.0,78.25,24,1878.0
2024-01-15,P0035,Household,Summer,79.83,118.1,864,0,Sat,116.82,0.0,116.82,43,5023.26
2024-01-17,P0035,Household,Autumn,10.45,25.61,478,1,Wed,13.37,0.17,11.0971,30,332.91
2024-01-19,P0035,Household,Summer,88.58,118.4,434,1,Sat,153.4,0.12,134.99200000000002,80,10799.36
2024-02-03,P0035,Household,Autumn,20.14,18.39,877,0,Tue,32.3,0.0,32.3,15,484.5
2024-02-06,P0035,Household,Winter,83.63,65.21,280,1,Sat,150.3,0.09,136.77300000000002,1,136.77
2024-02-09,P0035,Household,Spring,38.73,6.9,152,0,Fri,60.92,0.0,60.92,1,60.92
2024-02-11,P0035,Household,Autumn,79.8,91.86,828,0,Tue,122.77,0.0,122.77,20,2455.4
2024-02-20,P0035,Household,Autumn,25.35,35.92,382,0,Sat,43.28,0.0,43.28,33,1428.24
2024-02-27,P0035,Household,Autumn,61.3,5.93,704,0,Tue,79.59,0.0,79.59,1,79.59
2024-02-29,P0035,Household,Summer,74.03,42.4,117,1,Tue,123.92,0.12,109.0496,1,109.05
2024-03-01,P0035,Household,Spring,3.25,68.92,176,1,Mon,3.99,0.09,3.6309000000000005,88,319.52
2024-03-03,P0035,Household,Spring,71.9,34.42,686,0,Sat,89.71,0.0,89.71,1,89.71
2024-03-07,P0035,Household,Spring,82.57,39.44,793,0,Tue,118.43,0.0,118.43,1,118.43
2024-03-10,P0035,Household,Spring,93.38,98.92,644,0,Fri,160.74,0.0,160.74,40,6429.6
2024-03-16,P0035,Household,Spring,1.81,15.58,279,1,Sat,2.21,0.16,1.8563999999999998,159,295.17
2024-03-28,P0035,Household,Autumn,28.58,38.71,277,0,Sun,36.74,0.0,36.74,57,2094.18
2024-03-29,P0035,Household,Summer,32.0,116.73,475,0,Sun,51.13,0.0,51.13,115,5879.95
2024-04-03,P0035,Household,Summer,48.1,71.8,111,1,Sun,85.37,0.17,70.8571,73,5172.57
2024-04-06,P0035,Household,Autumn,35.23,8.48,93,1,Tue,61.48,0.25,46.11,1,46.11
2024-04-15,P0035,Household,Autumn,13.06,78.88,32,0,Sat,16.36,0.0,16.36,175,2863.0
2024-04-16,P0035,Household,Summer,55.58,50.48,998,0,Sun,90.52,0.0,90.52,24,2172.48
2024-01-03,P0035,Clothing,Spring,40.83,10.35,345,0,Mon,51.45,0.0,51.45,1,51.45
2024-01-12,P0035,Clothing,Winter,20.94,25.18,404,0,Thu,31.82,0.0,31.82,23,731.86
2024-01-21,P0035,Clothing,Autumn,58.92,47.52,860,0,Tue,101.44,0.0,101.44,4,405.76
2024-01-25,P0035,Clothing,Summer,77.74,98.68,632,0,Thu,124.14,0.0,124.14,50,6207.0
2024-01-29,P0035,Clothing,Spring,35.66,50.41,862,0,Sat,57.9,0.0,57.9,32,1852.8
2024-02-05,P0035,Clothing,Spring,7.16,71.18,698,0,Mon,9.17,0.0,9.17,24,220.08
2024-02-18,P0035,Clothing,Winter,40.31,19.85,441,0,Wed,52.04,0.0,52.04,1,52.04
2024-03-11,P0035,Clothing,Spring,93.92,70.74,173,1,Sun,166.95,0.06,156.933,1,156.93
2024-04-04,P0035,Clothing,Autumn,84.39,61.44,680,0,Sat,122.15,0.0,122.15,5,610.75
2024-04-05,P0035,Clothing,Autumn,37.48,96.76,937,0,Mon,58.49,0.0,58.49,90,5264.1
2024-04-09,P0035,Clothing,Autumn,88.13,52.12,657,0,Fri,149.48,0.0,149.48,1,149.48
2024-04-19,P0035,Clothing,Spring,13.45,19.34,460,1,Fri,20.46,0.2,16.368000000000002,66,1080.29
2024-04-22,P0035,Clothing,Winter,60.44,76.43,504,0,Wed,82.26,0.0,82.26,39,3208.14
2024-04-28,P0035,Clothing,Autumn,81.6,89.32,812,0,Mon,143.37,0.0,143.37,21,3010.77
2024-01-05,P0035,Electronics,Autumn,91.3,93.27,961,0,Wed,143.24,0.0,143.24,47,6732.28
2024-01-22,P0035,Electronics,Autumn,99.57,27.67,744,0,Wed,132.9,0.0,132.9,1,132.9
2024-01-28,P0035,Electronics,Winter,36.05,91.33,120,1,Mon,47.45,0.07,44.1285,118,5207.16
2024-01-30,P0035,Electronics,Summer,22.11,77.3,842,0,Thu,25.57,0.0,25.57,142,3630.94
2024-02-08,P0035,Electronics,Autumn,50.09,70.37,658,0,Mon,81.36,0.0,81.36,39,3173.04
2024-02-10,P0035,Electronics,Winter,57.49,117.35,407,0,Fri,94.0,0.0,94.0,108,10152.0
2024-02-17,P0035,Electronics,Autumn,81.08,10.36,766,0,Tue,143.11,0.0,143.11,1,143.11
2024-02-22,P0035,Electronics,Autumn,84.68,9.82,27,0,Wed,145.08,0.0,145.08,1,145.08
2024-02-24,P0035,Electronics,Winter,57.02,84.47,409,1,Thu,101.31,0.06,95.2314,102,9713.6
2024-02-28,P0035,Electronics,Autumn,35.53,54.6,111,0,Mon,44.58,0.0,44.58,21,936.18
2024-03-06,P0035,Electronics,Winter,72.93,102.23,141,0,Thu,128.45,0.0,128.45,23,2954.35
2024-03-23,P0035,Electronics,Spring,23.97,99.57,964,0,Sun,31.46,0.0,31.46,126,3963.96
2024-03-26,P0035,Electronics,Autumn,80.53,115.46,271,0,Fri,101.69,0.0,101.69,62,6304.78
2024-03-27,P0035,Electronics,Summer,50.53,25.98,21,0,Wed,71.09,0.0,71.09,1,71.09
2024-04-14,P0035,Electronics,Spring,63.33,28.34,41,1,Fri,100.21,0.05,95.19949999999999,1,95.2
2024-04-25,P0035,Electronics,Summer,52.58,109.89,824,0,Sat,73.37,0.0,73.37,80,5869.6
2024-04-27,P0035,Electronics,Summer,28.54,4.91,890,0,Wed,41.64,0.0,41.64,1,41.64
2024-04-29,P0035,Electronics,Spring,62.8,81.57,862,0,Tue,84.76,0.0,84.76,20,1695.2
2024-01-06,P0035,Snacks,Winter,33.71,46.38,573,0,Tue,50.12,0.0,50.12,49,2455.88
2024-01-20,P0035,Snacks,Winter,86.93,96.11,807,0,Wed,125.6,0.0,125.6,26,3265.6
2024-01-24,P0035,Snacks,Winter,48.38,7.18,280,0,Fri,71.1,0.0,71.1,1,71.1
2024-02-07,P0035,Snacks,Autumn,28.22,84.85,378,1,Mon,50.56,0.13,43.9872,25,1099.68
2024-02-12,P0035,Snacks,Autumn,98.94,105.77,711,0,Fri,173.2,0.0,173.2,9,1558.8
2024-02-14,P0035,Snacks,Winter,55.83,26.27,735,0,Sun,83.06,0.0,83.06,1,83.06
2024-02-19,P0035,Snacks,Summer,48.21,118.84,773,0,Tue,83.99,0.0,83.99,46,3863.54
2024-02-21,P0035,Snacks,Spring,75.77,98.56,582,0,Tue,89.34,0.0,89.34,32,2858.88
2024-03-09,P0035,Snacks,Winter,11.7,99.3,365,0,Sun,20.18,0.0,20.18,19,383.42
2024-03-14,P0035,Snacks,Winter,89.34,102.11,912,0,Sat,105.98,0.0,105.98,46,4875.08
2024-03-22,P0035,Snacks,Spring,19.25,16.56,417,0,Sun,28.05,0.0,28.05,42,1178.1
2024-03-24,P0035,Snacks,Spring,35.94,56.27,421,0,Sun,59.2,0.0,59.2,29,1716.8
2024-03-25,P0035,Snacks,Autumn,27.69,12.88,673,0,Mon,33.42,0.0,33.42,1,33.42
2024-03-30,P0035,Snacks,Winter,4.95,22.53,594,0,Sat,8.45,0.0,8.45,86,726.7
2024-03-31,P0035,Snacks,Spring,5.89,116.28,239,0,Wed,10.38,0.0,10.38,47,487.86
2024-04-18,P0035,Snacks,Spring,29.07,56.2,662,0,Wed,43.35,0.0,43.35,99,4291.65
2024-04-23,P0035,Snacks,Winter,31.18,85.24,290,0,Sun,38.37,0.0,38.37,50,1918.5
2024-01-09,P0035,Beverages,Spring,13.71,68.03,352,1,Mon,17.74,0.16,14.901599999999998,43,640.77
2024-01-11,P0035,Beverages,Autumn,84.5,24.64,226,0,Sun,142.91,0.0,142.91,1,142.91
2024-01-18,P0035,Beverages,Summer,54.74,119.93,607,0,Wed,95.28,0.0,95.28,87,8289.36
2024-01-23,P0035,Beverages,Autumn,11.41,13.28,352,0,Tue,20.16,0.0,20.16,28,564.48
2024-01-27,P0035,Beverages,Summer,97.3,92.93,701,0,Sun,154.15,0.0,154.15,9,1387.35
2024-02-02,P0035,Beverages,Autumn,43.51,88.9,369,1,Fri,58.93,0.18,48.3226,91,4397.36
2024-02-25,P0035,Beverages,Summer,67.4,112.58,100,1,Mon,120.25,0.24,91.39,154,14074.06
2024-02-26,P0035,Beverages,Winter,45.16,87.72,127,1,Fri,72.04,0.09,65.55640000000001,147,9636.79
2024-03-02,P0035,Beverages,Winter,3.82,51.97,358,0,Sat,5.21,0.0,5.21,32,166.72
2024-03-04,P0035,Beverages,Autumn,93.14,79.66,485,0,Tue,109.69,0.0,109.69,19,2084.11
2024-03-08,P0035,Beverages,Autumn,36.81,62.32,231,0,Mon,53.69,0.0,53.69,24,1288.56
2024-03-15,P0035,Beverages,Autumn,71.13,27.03,699,0,Fri,106.63,0.0,106.63,1,106.63
2024-03-17,P0035,Beverages,Winter,11.66,70.26,476,1,Tue,19.04,0.13,16.564799999999998,85,1408.01
2024-03-19,P0035,Beverages,Winter,4.77,35.88,963,0,Wed,6.78,0.0,6.78,29,196.62
2024-03-21,P0035,Beverages,Winter,55.3,11.53,326,0,Sat,71.84,0.0,71.84,1,71.84
2024-04-10,P0035,Beverages,Summer,57.62,23.78,895,0,Mon,65.4,0.0,65.4,1,65.4
2024-04-11,P0035,Beverages,Autumn,95.28,13.95,166,0,Wed,106.29,0.0,106.29,1,106.29
2024-04-13,P0035,Beverages,Summer,42.15,16.55,984,0,Tue,56.05,0.0,56.05,1,56.05
2024-04-21,P0035,Beverages,Summer,48.66,83.48,225,0,Tue,76.04,0.0,76.04,79,6007.16
2024-04-24,P0035,Beverages,Spring,79.43,41.31,552,0,Wed,122.62,0.0,122.62,1,122.62
2024-04-26,P0035,Beverages,Winter,64.17,14.54,548,0,Fri,84.4,0.0,84.4,1,84.4
2024-01-01,P0036,Clothing,Autumn,86.37,59.73,190,0,Thu,100.65,0.0,100.65,27,2717.55
2024-01-02,P0036,Clothing,Autumn,16.84,6.2,581,0,Sat,21.42,0.0,21.42,1,21.42
2024-01-03,P0036,Clothing,Autumn,38.69,14.59,290,1,Sat,48.14,0.1,43.326,1,43.33
2024-01-04,P0036,Clothing,Summer,12.19,24.24,854,1,Sat,18.57,0.16,15.598799999999999,63,982.72
2024-01-05,P0036,Clothing,Winter,22.34,77.01,817,1,Fri,27.9,0.19,22.599,130,2937.87
2024-01-07,P0036,Clothing,Spring,89.56,81.55,460,1,Wed,118.96,0.07,110.63279999999999,14,1548.86
2024-01-09,P0036,Clothing,Winter,33.71,3.95,609,1,Sat,55.95,0.09,50.914500000000004,1,50.91
2024-01-11,P0036,Clothing,Spring,2.95,30.94,644,1,Wed,5.21,0.23,4.0117,20,80.23
2024-01-13,P0036,Clothing,Winter,60.48,88.81,293,0,Wed,108.5,0.0,108.5,61,6618.5
2024-01-14,P0036,Clothing,Winter,58.74,86.69,743,1,Mon,77.19,0.13,67.1553,90,6043.98
2024-01-28,P0036,Clothing,Spring,63.26,92.44,461,1,Sun,85.84,0.11,76.39760000000001,71,5424.23
2024-02-04,P0036,Clothing,Autumn,29.72,51.99,255,0,Mon,52.97,0.0,52.97,13,688.61
2024-02-12,P0036,Clothing,Summer,58.8,17.44,655,0,Mon,100.11,0.0,100.11,1,100.11
2024-02-13,P0036,Clothing,Summer,50.03,3.83,892,0,Sat,59.31,0.0,59.31,1,59.31
2024-02-16,P0036,Clothing,Summer,27.71,25.63,305,1,Sun,32.19,0.13,28.0053,53,1484.28
2024-03-03,P0036,Clothing,Autumn,19.71,82.98,940,0,Sun,23.89,0.0,23.89,160,3822.4
2024-03-05,P0036,Clothing,Spring,20.65,74.96,87,0,Fri,23.31,0.0,23.31,48,1118.88
2024-03-12,P0036,Clothing,Summer,47.57,106.64,379,1,Mon,65.95,0.25,49.462500000000006,43,2126.89
2024-03-14,P0036,Clothing,Winter,19.47,48.04,661,0,Sat,23.9,0.0,23.9,93,2222.7
2024-03-30,P0036,Clothing,Autumn,34.77,42.03,324,1,Tue,50.31,0.2,40.248000000000005,100,4024.8
2024-04-11,P0036,Clothing,Winter,82.09,29.57,20,0,Thu,108.33,0.0,108.33,1,108.33
2024-04-23,P0036,Clothing,Winter,63.98,111.84,167,0,Thu,103.64,0.0,103.64,64,6632.96
2024-04-29,P0036,Clothing,Autumn,6.61,62.23,869,0,Tue,8.22,0.0,8.22,103,846.66
