retail_dynamic_pricing_dataset.csv
date,product_id,category,season,cost_price,competitor_price,stock_level,promotion,day_of_week,current_price,discount,effective_price,units_sold,revenue
2024-01-06,P0036,Beverages,Autumn,40.06,79.9,480,0,Thu,70.45,0.0,70.45,88,6199.6
2024-01-08,P0036,Beverages,Summer,56.15,96.56,282,0,Sat,81.01,0.0,81.01,74,5994.74
2024-01-24,P0036,Beverages,Winter,79.44,32.41,421,1,Thu,133.17,0.05,126.51149999999998,1,126.51
2024-02-03,P0036,Beverages,Spring,97.72,106.98,274,0,Mon,130.45,0.0,130.45,42,5478.9
2024-02-10,P0036,Beverages,Winter,56.22,111.53,906,0,Fri,79.92,0.0,79.92,113,9030.96
2024-02-14,P0036,Beverages,Summer,80.41,28.64,335,0,Sat,123.48,0.0,123.48,1,123.48
2024-02-15,P0036,Beverages,Autumn,93.46,39.07,400,0,Sun,146.4,0.0,146.4,1,146.4
2024-02-23,P0036,Beverages,Autumn,12.39,80.38,387,1,Mon,21.68,0.16,18.211199999999998,138,2513.15
2024-02-28,P0036,Beverages,Autumn,31.39,117.48,312,0,Thu,39.75,0.0,39.75,48,1908.0
2024-02-29,P0036,Beverages,Autumn,26.56,26.21,292,0,Tue,31.18,0.0,31.18,52,1621.36
2024-03-02,P0036,Beverages,Spring,62.38,117.32,814,1,Sun,89.11,0.24,67.7236,91,6162.85
2024-03-11,P0036,Beverages,Spring,81.92,63.8,188,1,Sat,142.72,0.1,128.448,11,1412.93
2024-03-18,P0036,Beverages,Summer,39.21,99.34,556,1,Sun,48.35,0.07,44.9655,147,6609.93
2024-03-23,P0036,Beverages,Summer,43.76,102.95,689,1,Sun,54.84,0.08,50.4528,152,7668.83
2024-03-26,P0036,Beverages,Winter,17.44,56.29,773,0,Sun,25.69,0.0,25.69,33,847.77
2024-03-28,P0036,Beverages,Spring,48.26,21.04,195,0,Sun,73.05,0.0,73.05,1,73.05
2024-04-08,P0036,Beverages,Summer,9.66,32.46,937,0,Mon,15.89,0.0,15.89,43,683.27
2024-04-13,P0036,Beverages,Winter,15.16,115.78,938,0,Sun,23.69,0.0,23.69,129,3056.01
2024-04-28,P0036,Beverages,Spring,66.44,39.86,816,0,Thu,86.73,0.0,86.73,1,86.73
2024-01-10,P0036,Electronics,Autumn,74.94,77.55,888,1,Fri,123.78,0.06,116.3532,47,5468.6
2024-01-15,P0036,Electronics,Autumn,61.15,35.26,611,1,Fri,74.9,0.19,60.66900000000001,43,2608.77
2024-01-17,P0036,Electronics,Summer,34.37,110.16,329,1,Wed,56.22,0.22,43.8516,62,2718.8
2024-01-23,P0036,Electronics,Autumn,37.48,74.94,469,0,Fri,66.02,0.0,66.02,77,5083.54
2024-02-08,P0036,Electronics,Winter,22.44,72.19,366,0,Wed,36.06,0.0,36.06,64,2307.84
2024-02-20,P0036,Electronics,Autumn,88.45,96.35,758,0,Mon,140.25,0.0,140.25,12,1683.0
2024-02-22,P0036,Electronics,Spring,55.38,108.86,363,0,Sun,88.77,0.0,88.77,63,5592.51
2024-02-27,P0036,Electronics,Spring,95.59,41.02,812,0,Wed,117.67,0.0,117.67,1,117.67
2024-03-01,P0036,Electronics,Autumn,45.35,76.11,451,0,Sun,58.71,0.0,58.71,13,763.23
2024-03-13,P0036,Electronics,Autumn,57.06,3.71,224,1,Fri,96.88,0.21,76.5352,1,76.54
2024-03-17,P0036,Electronics,Spring,26.29,112.49,49,1,Fri,42.31,0.15,35.9635,107,3848.09
2024-03-20,P0036,Electronics,Autumn,23.73,40.48,72,1,Tue,40.09,0.25,30.067500000000003,142,4269.58
2024-03-25,P0036,Electronics,Spring,88.39,98.38,597,0,Thu,157.21,0.0,157.21,12,1886.52
2024-03-31,P0036,Electronics,Winter,31.98,25.35,506,0,Fri,48.3,0.0,48.3,8,386.4
2024-04-03,P0036,Electronics,Summer,9.35,4.84,560,0,Thu,16.06,0.0,16.06,1,16.06
2024-04-06,P0036,Electronics,Autumn,76.59,60.26,520,0,Sat,101.47,0.0,101.47,1,101.47
2024-04-07,P0036,Electronics,Autumn,19.98,6.15,803,0,Fri,23.34,0.0,23.34,1,23.34
2024-04-17,P0036,Electronics,Spring,61.6,64.17,552,0,Tue,82.84,0.0,82.84,18,1491.12
2024-04-22,P0036,Electronics,Spring,26.5,96.58,102,0,Thu,41.54,0.0,41.54,99,4112.46
2024-01-12,P0036,Snacks,Autumn,37.64,68.95,838,0,Thu,59.15,0.0,59.15,99,5855.85
2024-01-18,P0036,Snacks,Winter,93.22,102.02,707,1,Sun,110.41,0.14,94.95259999999999,38,3608.2
2024-01-22,P0036,Snacks,Autumn,24.89,78.81,229,1,Mon,37.74,0.24,28.6824,110,3155.06
2024-01-25,P0036,Snacks,Summer,50.62,51.2,306,0,Thu,57.53,0.0,57.53,44,2531.32
2024-01-31,P0036,Snacks,Spring,97.81,4.63,486,0,Thu,160.44,0.0,160.44,1,160.44
2024-02-02,P0036,Snacks,Spring,16.7,22.14,457,0,Sun,24.05,0.0,24.05,13,312.65
2024-02-07,P0036,Snacks,Summer,11.97,16.27,937,0,Thu,16.56,0.0,16.56,59,977.04
2024-02-11,P0036,Snacks,Summer,61.02,57.69,390,1,Tue,80.06,0.14,68.8516,27,1858.99
2024-02-19,P0036,Snacks,Winter,3.62,6.71,491,0,Thu,4.91,0.0,4.91,56,274.96
2024-02-21,P0036,Snacks,Summer,24.73,51.67,22,0,Thu,31.47,0.0,31.47,53,1667.91
2024-02-25,P0036,Snacks,Winter,4.86,115.18,278,0,Sun,8.32,0.0,8.32,160,1331.2
2024-02-26,P0036,Snacks,Summer,77.11,19.41,807,1,Mon,109.1,0.16,91.64399999999999,1,91.64
2024-03-07,P0036,Snacks,Spring,52.9,113.95,467,0,Sun,83.09,0.0,83.09,99,8225.91
2024-03-09,P0036,Snacks,Spring,70.13,79.93,677,0,Tue,121.06,0.0,121.06,27,3268.62
2024-03-24,P0036,Snacks,Autumn,91.84,30.57,70,0,Wed,156.32,0.0,156.32,1,156.32
2024-03-29,P0036,Snacks,Spring,53.06,118.02,831,1,Sun,92.4,0.19,74.84400000000001,122,9130.97
2024-04-01,P0036,Snacks,Summer,43.71,4.86,946,0,Wed,55.04,0.0,55.04,1,55.04
2024-04-04,P0036,Snacks,Winter,71.35,55.19,407,1,Thu,115.15,0.21,90.9685,45,4093.58
2024-04-12,P0036,Snacks,Winter,56.71,8.74,712,0,Wed,85.03,0.0,85.03,1,85.03
2024-04-14,P0036,Snacks,Summer,71.67,58.97,724,0,Wed,94.98,0.0,94.98,11,1044.78
2024-04-19,P0036,Snacks,Autumn,62.3,95.24,174,0,Thu,68.59,0.0,68.59,108,7407.72
2024-04-24,P0036,Snacks,Winter,88.09,73.1,455,0,Tue,112.96,0.0,112.96,3,338.88
2024-04-25,P0036,Snacks,Autumn,57.13,61.07,457,0,Thu,90.64,0.0,90.64,44,3988.16
2024-04-27,P0036,Snacks,Autumn,73.6,74.43,466,0,Sun,93.96,0.0,93.96,56,5261.76
2024-01-16,P0036,Household,Autumn,21.94,43.28,988,0,Tue,25.34,0.0,25.34,92,2331.28
2024-01-19,P0036,Household,Winter,97.42,31.58,370,0,Wed,155.98,0.0,155.98,1,155.98
2024-01-26,P0036,Household,Autumn,85.11,94.09,295,0,Thu,116.08,0.0,116.08,25,2902.0
2024-01-27,P0036,Household,Spring,63.25,31.4,368,0,Fri,75.76,0.0,75.76,1,75.76
2024-01-30,P0036,Household,Spring,75.22,100.91,160,0,Wed,90.6,0.0,90.6,43,3895.8
2024-02-01,P0036,Household,Autumn,47.83,31.72,605,0,Sun,64.49,0.0,64.49,4,257.96
2024-02-06,P0036,Household,Summer,8.66,29.81,935,0,Sat,10.76,0.0,10.76,121,1301.96
2024-02-17,P0036,Household,Summer,13.89,44.51,887,1,Thu,18.28,0.09,16.634800000000002,78,1297.51
2024-02-18,P0036,Household,Autumn,43.08,105.6,895,0,Fri,74.76,0.0,74.76,53,3962.28
2024-03-04,P0036,Household,Autumn,80.53,79.87,51,0,Sat,100.97,0.0,100.97,65,6563.05
2024-03-10,P0036,Household,Winter,17.58,88.92,316,0,Wed,27.2,0.0,27.2,116,3155.2
2024-03-15,P0036,Household,Autumn,15.52,74.38,792,0,Sun,20.75,0.0,20.75,152,3154.0
2024-03-19,P0036,Household,Spring,48.47,27.07,847,0,Thu,75.34,0.0,75.34,1,75.34
2024-03-21,P0036,Household,Spring,79.75,81.58,262,0,Sat,105.85,0.0,105.85,15,1587.75
2024-03-22,P0036,Household,Winter,94.0,41.58,619,1,Fri,159.62,0.16,134.0808,1,134.08
2024-03-27,P0036,Household,Summer,18.16,54.95,334,0,Sat,31.03,0.0,31.03,132,4095.96
2024-04-05,P0036,Household,Autumn,92.7,108.41,33,0,Sat,140.06,0.0,140.06,25,3501.5
2024-04-09,P0036,Household,Summer,49.55,6.8,288,0,Wed,66.24,0.0,66.24,1,66.24
2024-04-20,P0036,Household,Winter,94.38,33.34,755,0,Mon,162.29,0.0,162.29,1,162.29
2024-04-21,P0036,Household,Autumn,63.18,53.7,487,0,Wed,98.85,0.0,98.85,1,98.85
2024-01-20,P0036,Groceries,Autumn,31.89,70.86,684,1,Tue,54.86,0.07,51.0198,105,5357.08
2024-01-21,P0036,Groceries,Spring,64.81,13.77,608,0,Wed,107.48,0.0,107.48,1,107.48
2024-01-29,P0036,Groceries,Autumn,4.35,38.65,818,0,Thu,6.96,0.0,6.96,149,1037.04
2024-02-05,P0036,Groceries,Winter,41.51,65.93,875,0,Mon,55.97,0.0,55.97,47,2630.59
2024-02-09,P0036,Groceries,Autumn,55.3,34.71,259,0,Sun,81.0,0.0,81.0,1,81.0
2024-02-24,P0036,Groceries,Autumn,55.77,20.63,620,1,Mon,63.34,0.22,49.40520000000001,1,49.41
2024-03-06,P0036,Groceries,Autumn,1.54,67.1,596,1,Thu,1.85,0.21,1.4615000000000002,182,265.99
2024-03-08,P0036,Groceries,Winter,12.4,65.71,556,0,Tue,20.5,0.0,20.5,161,3300.5
2024-03-16,P0036,Groceries,Autumn,63.5,3.26,813,0,Mon,99.36,0.0,99.36,1,99.36
2024-04-02,P0036,Groceries,Spring,69.36,59.73,153,1,Sun,80.22,0.22,62.571600000000004,115,7195.73
2024-04-10,P0036,Groceries,Spring,95.68,105.96,500,0,Sat,113.21,0.0,113.21,44,4981.24
2024-04-15,P0036,Groceries,Autumn,81.49,49.27,948,1,Sun,136.64,0.07,127.07519999999998,1,127.08
2024-04-16,P0036,Groceries,Winter,93.57,111.32,575,0,Mon,149.17,0.0,149.17,19,2834.23
2024-04-18,P0036,Groceries,Summer,51.93,34.49,683,0,Tue,90.17,0.0,90.17,1,90.17
2024-04-26,P0036,Groceries,Summer,50.77,10.06,284,0,Tue,66.65,0.0,66.65,1,66.65
2024-01-01,P0037,Groceries,Autumn,72.81,89.61,98,1,Sat,119.7,0.08,110.12400000000001,73,8039.05
2024-01-11,P0037,Groceries,Autumn,86.59,61.27,899,0,Mon,102.05,0.0,102.05,25,2551.25
2024-01-13,P0037,Groceries,Summer,53.73,5.1,396,0,Mon,69.3,0.0,69.3,1,69.3
2024-01-22,P0037,Groceries,Summer,80.57,107.69,559,1,Tue,91.26,0.15,77.571,23,1784.13
2024-01-23,P0037,Groceries,Summer,64.86,84.87,386,0,Wed,86.07,0.0,86.07,90,7746.3
2024-01-26,P0037,Groceries,Autumn,73.06,87.48,59,0,Mon,101.42,0.0,101.42,33,3346.86
2024-01-27,P0037,Groceries,Winter,15.06,97.26,493,0,Wed,24.66,0.0,24.66,116,2860.56
2024-01-31,P0037,Groceries,Spring,46.81,67.22,167,0,Tue,60.39,0.0,60.39,84,5072.76
2024-02-25,P0037,Groceries,Summer,6.39,64.7,100,1,Tue,11.26,0.12,9.9088,116,1149.42
2024-03-01,P0037,Groceries,Autumn,79.8,74.14,68,0,Sun,122.91,0.0,122.91,26,3195.66
2024-03-07,P0037,Groceries,Autumn,62.86,89.47,272,1,Sat,72.05,0.15,61.24249999999999,128,7839.04
2024-03-18,P0037,Groceries,Autumn,28.93,58.79,556,1,Sat,46.45,0.22,36.231,113,4094.1
2024-03-19,P0037,Groceries,Autumn,3.53,105.17,474,0,Wed,5.63,0.0,5.63,56,315.28
2024-03-27,P0037,Groceries,Autumn,14.37,55.08,613,0,Sat,19.9,0.0,19.9,39,776.1
2024-03-28,P0037,Groceries,Spring,76.91,109.33,720,1,Wed,90.25,0.23,69.4925,141,9798.44
2024-03-30,P0037,Groceries,Winter,28.49,52.64,743,0,Tue,46.22,0.0,46.22,70,3235.4
2024-04-04,P0037,Groceries,Autumn,34.75,85.21,43,1,Mon,54.5,0.24,41.42,157,6502.94
2024-04-19,P0037,Groceries,Spring,27.54,119.98,391,0,Thu,36.3,0.0,36.3,85,3085.5
2024-04-27,P0037,Groceries,Winter,56.23,53.88,26,1,Sun,73.1,0.11,65.059,36,2342.12
2024-01-02,P0037,Beverages,Winter,41.35,77.18,445,0,Wed,73.3,0.0,73.3,99,7256.7
2024-01-09,P0037,Beverages,Winter,8.43,85.79,632,1,Wed,11.28,0.18,9.249600000000001,166,1535.43
2024-01-12,P0037,Beverages,Summer,89.48,1.13,966,0,Fri,107.54,0.0,107.54,1,107.54
2024-01-14,P0037,Beverages,Winter,34.64,18.22,633,0,Sat,42.42,0.0,42.42,1,42.42
2024-01-15,P0037,Beverages,Winter,45.65,93.91,556,0,Sat,80.9,0.0,80.9,98,7928.2
2024-01-19,P0037,Beverages,Winter,78.76,28.2,931,1,Sun,128.15,0.1,115.33500000000001,1,115.34
2024-01-25,P0037,Beverages,Summer,75.83,103.7,100,0,Thu,123.28,0.0,123.28,60,7396.8
2024-01-29,P0037,Beverages,Autumn,76.07,25.18,711,0,Wed,102.55,0.0,102.55,1,102.55
2024-02-09,P0037,Beverages,Autumn,70.27,19.27,384,1,Tue,106.78,0.06,100.3732,1,100.37
2024-02-14,P0037,Beverages,Summer,48.29,96.55,416,1,Sat,68.35,0.21,53.9965,110,5939.62
2024-02-19,P0037,Beverages,Summer,51.24,115.56,138,0,Wed,79.48,0.0,79.48,24,1907.52
2024-02-21,P0037,Beverages,Spring,38.69,94.55,308,0,Thu,47.77,0.0,47.77,79,3773.83
2024-03-04,P0037,Beverages,Autumn,28.69,64.83,437,0,Sun,42.94,0.0,42.94,120,5152.8
2024-03-12,P0037,Beverages,Autumn,79.87,49.86,973,1,Wed,123.94,0.07,115.26419999999999,1,115.26
2024-03-14,P0037,Beverages,Summer,25.4,68.96,541,0,Fri,31.14,0.0,31.14,44,1370.16
2024-03-17,P0037,Beverages,Winter,84.61,101.96,603,0,Fri,150.89,0.0,150.89,23,3470.47
2024-04-05,P0037,Beverages,Spring,56.8,33.93,592,0,Wed,93.98,0.0,93.98,1,93.98
2024-04-22,P0037,Beverages,Winter,92.0,30.43,542,0,Sun,141.64,0.0,141.64,1,141.64
2024-04-23,P0037,Beverages,Autumn,18.42,80.58,353,0,Fri,22.36,0.0,22.36,137,3063.32
2024-01-03,P0037,Electronics,Summer,94.15,12.54,334,0,Fri,108.63,0.0,108.63,1,108.63
2024-01-05,P0037,Electronics,Summer,45.43,24.74,306,0,Sun,72.38,0.0,72.38,1,72.38
2024-01-07,P0037,Electronics,Autumn,31.77,27.22,355,0,Tue,42.17,0.0,42.17,47,1981.99
2024-01-16,P0037,Electronics,Summer,87.09,25.0,426,0,Wed,97.34,0.0,97.34,1,97.34
2024-01-24,P0037,Electronics,Spring,23.85,55.02,158,0,Mon,39.03,0.0,39.03,88,3434.64
2024-01-30,P0037,Electronics,Autumn,19.96,25.1,426,0,Sat,24.34,0.0,24.34,68,1655.12
2024-02-01,P0037,Electronics,Summer,12.95,64.38,997,0,Fri,18.83,0.0,18.83,29,546.07
2024-02-03,P0037,Electronics,Autumn,22.58,19.55,403,0,Sun,26.02,0.0,26.02,65,1691.3
2024-02-06,P0037,Electronics,Spring,38.93,56.23,815,0,Sat,45.25,0.0,45.25,101,4570.25
2024-02-12,P0037,Electronics,Spring,74.72,22.2,483,0,Mon,89.53,0.0,89.53,1,89.53
2024-02-15,P0037,Electronics,Autumn,18.61,26.01,177,1,Fri,25.27,0.14,21.7322,97,2108.02
2024-02-16,P0037,Electronics,Summer,96.24,87.01,914,1,Sat,161.07,0.09,146.5737,49,7182.11
2024-02-23,P0037,Electronics,Summer,74.49,115.39,572,1,Fri,101.26,0.08,93.15920000000001,141,13135.45
2024-02-24,P0037,Electronics,Winter,5.71,54.8,575,1,Thu,9.43,0.07,8.7699,177,1552.27
2024-03-06,P0037,Electronics,Winter,84.6,18.84,803,1,Tue,103.33,0.16,86.79719999999999,1,86.8
2024-03-10,P0037,Electronics,Autumn,18.66,76.52,923,0,Tue,32.57,0.0,32.57,71,2312.47
2024-03-13,P0037,Electronics,Winter,56.8,99.3,468,0,Sat,95.46,0.0,95.46,63,6013.98
2024-03-20,P0037,Electronics,Summer,51.49,30.4,344,0,Mon,78.92,0.0,78.92,1,78.92
2024-03-22,P0037,Electronics,Spring,21.57,44.91,499,0,Mon,24.38,0.0,24.38,136,3315.68
2024-03-23,P0037,Electronics,Summer,42.69,71.36,643,1,Thu,66.33,0.11,59.033699999999996,144,8500.85
2024-03-25,P0037,Electronics,Winter,2.32,68.99,893,1,Mon,3.92,0.21,3.0968,108,334.45
2024-03-29,P0037,Electronics,Autumn,35.31,32.89,795,0,Sat,57.36,0.0,57.36,25,1434.0
2024-04-03,P0037,Electronics,Winter,76.21,80.7,171,1,Sat,101.75,0.07,94.6275,101,9557.38
2024-04-07,P0037,Electronics,Summer,83.62,34.82,769,1,Tue,99.9,0.23,76.923,1,76.92
2024-04-08,P0037,Electronics,Autumn,60.33,99.58,957,1,Thu,76.9,0.14,66.134,109,7208.61
2024-04-20,P0037,Electronics,Summer,57.88,34.73,266,0,Sun,103.3,0.0,103.3,1,103.3
2024-04-21,P0037,Electronics,Winter,13.68,6.11,513,1,Sun,23.92,0.05,22.724,1,22.72
2024-04-26,P0037,Electronics,Autumn,23.38,23.16,752,0,Wed,32.33,0.0,32.33,48,1551.84
2024-01-04,P0037,Household,Summer,97.11,48.27,53,0,Sun,143.22,0.0,143.22,1,143.22
2024-01-06,P0037,Household,Summer,96.91,18.98,259,0,Sun,125.79,0.0,125.79,1,125.79
2024-01-10,P0037,Household,Summer,15.35,109.06,387,0,Fri,22.04,0.0,22.04,157,3460.28
2024-01-17,P0037,Household,Autumn,21.89,13.09,917,1,Thu,27.65,0.09,25.1615,20,503.23
2024-01-18,P0037,Household,Summer,30.19,103.46,397,1,Wed,40.68,0.22,31.7304,106,3363.42
2024-02-02,P0037,Household,Spring,31.38,104.43,815,0,Mon,50.06,0.0,50.06,62,3103.72
2024-02-08,P0037,Household,Summer,74.86,18.59,486,0,Sun,105.92,0.0,105.92,1,105.92
2024-02-13,P0037,Household,Winter,61.98,88.66,374,0,Mon,100.67,0.0,100.67,26,2617.42
2024-02-18,P0037,Household,Autumn,69.56,102.86,245,0,Fri,91.74,0.0,91.74,80,7339.2
2024-02-20,P0037,Household,Summer,90.36,19.55,842,0,Sat,148.82,0.0,148.82,1,148.82
2024-02-22,P0037,Household,Winter,52.35,12.58,902,0,Thu,69.25,0.0,69.25,1,69.25
2024-02-28,P0037,Household,Autumn,1.64,48.46,667,1,Mon,2.46,0.15,2.0909999999999997,233,487.2
2024-03-03,P0037,Household,Autumn,44.65,102.37,790,0,Wed,72.22,0.0,72.22,115,8305.3
2024-03-11,P0037,Household,Autumn,5.32,39.14,886,0,Sat,7.01,0.0,7.01,78,546.78
2024-03-15,P0037,Household,Spring,67.42,48.48,907,0,Mon,84.18,0.0,84.18,25,2104.5
2024-03-21,P0037,Household,Summer,85.75,64.52,95,1,Tue,148.69,0.25,111.5175,30,3345.52
2024-03-31,P0037,Household,Summer,94.16,26.13,547,1,Mon,144.85,0.14,124.571,1,124.57
2024-04-09,P0037,Household,Autumn,25.1,35.82,527,0,Wed,35.69,0.0,35.69,73,2605.37
2024-04-13,P0037,Household,Winter,4.41,61.24,605,0,Thu,5.97,0.0,5.97,156,931.32
2024-04-14,P0037,Household,Summer,91.07,95.51,555,0,Thu,154.78,0.0,154.78,31,4798.18
2024-04-15,P0037,Household,Spring,95.28,85.22,322,1,Mon,133.59,0.19,108.20790000000001,54,5843.23
2024-04-18,P0037,Household,Summer,36.6,2.94,62,0,Tue,43.12,0.0,43.12,1,43.12
2024-01-08,P0037,Snacks,Winter,68.58,110.56,865,0,Sat,84.58,0.0,84.58,84,7104.72
2024-01-20,P0037,Snacks,Winter,93.59,60.79,414,1,Mon,126.21,0.08,116.1132,2,232.23
2024-01-21,P0037,Snacks,Autumn,10.2,41.4,34,0,Sun,14.95,0.0,14.95,47,702.65
2024-02-04,P0037,Snacks,Summer,51.0,51.58,122,1,Mon,89.48,0.09,81.4268,38,3094.22
2024-02-05,P0037,Snacks,Winter,14.98,63.82,922,0,Mon,18.74,0.0,18.74,97,1817.78
2024-02-07,P0037,Snacks,Autumn,28.24,8.99,742,1,Mon,35.68,0.23,27.4736,1,27.47
2024-02-10,P0037,Snacks,Summer,10.4,71.93,256,0,Wed,15.57,0.0,15.57,24,373.68
2024-02-11,P0037,Snacks,Summer,95.39,52.03,366,0,Thu,145.93,0.0,145.93,1,145.93
2024-02-26,P0037,Snacks,Autumn,21.96,91.9,138,0,Mon,39.12,0.0,39.12,67,2621.04
2024-03-02,P0037,Snacks,Summer,95.75,96.12,328,1,Fri,151.37,0.22,118.0686,17,2007.17
2024-03-05,P0037,Snacks,Summer,86.53,92.13,683,0,Sun,134.38,0.0,134.38,8,1075.04
2024-03-08,P0037,Snacks,Spring,28.04,1.54,760,1,Sun,34.08,0.08,31.3536,1,31.35
2024-03-09,P0037,Snacks,Spring,90.94,24.19,202,1,Sat,100.55,0.08,92.506,1,92.51
2024-03-16,P0037,Snacks,Spring,76.9,56.43,934,1,Sat,91.63,0.24,69.6388,24,1671.33
2024-04-10,P0037,Snacks,Summer,90.08,50.17,733,0,Sun,100.56,0.0,100.56,1,100.56
2024-04-11,P0037,Snacks,Winter,58.5,80.1,574,0,Mon,80.81,0.0,80.81,54,4363.74
2024-04-17,P0037,Snacks,Autumn,44.81,28.47,634,0,Sat,66.63,0.0,66.63,1,66.63
2024-04-28,P0037,Snacks,Winter,76.75,2.61,287,1,Tue,96.81,0.07,90.0333,1,90.03
2024-04-29,P0037,Snacks,Spring,72.95,1.28,484,1,Fri,127.64,0.19,103.3884,1,103.39
