retail_dynamic_pricing_dataset.csv
date,product_id,category,season,cost_price,competitor_price,stock_level,promotion,day_of_week,current_price,discount,effective_price,units_sold,revenue
2024-01-28,P0037,Clothing,Spring,50.72,117.33,627,0,Wed,70.64,0.0,70.64,25,1766.0
2024-02-17,P0037,Clothing,Winter,1.78,8.57,727,0,Sun,3.2,0.0,3.2,157,502.4
2024-02-27,P0037,Clothing,Winter,15.5,30.61,124,0,Fri,26.24,0.0,26.24,23,603.52
2024-02-29,P0037,Clothing,Winter,62.68,9.33,835,0,Sat,71.74,0.0,71.74,1,71.74
2024-03-24,P0037,Clothing,Spring,26.39,69.49,840,0,Wed,35.62,0.0,35.62,18,641.16
2024-03-26,P0037,Clothing,Autumn,89.95,63.8,275,0,Sat,100.35,0.0,100.35,38,3813.3
2024-04-01,P0037,Clothing,Winter,66.06,40.54,85,0,Mon,90.44,0.0,90.44,1,90.44
2024-04-02,P0037,Clothing,Autumn,69.01,30.63,213,1,Wed,116.34,0.21,91.9086,1,91.91
2024-04-06,P0037,Clothing,Summer,27.75,118.05,769,0,Mon,34.96,0.0,34.96,94,3286.24
2024-04-12,P0037,Clothing,Winter,50.01,67.36,959,0,Wed,58.29,0.0,58.29,55,3205.95
2024-04-16,P0037,Clothing,Autumn,56.7,109.79,333,0,Sun,87.98,0.0,87.98,73,6422.54
2024-04-24,P0037,Clothing,Autumn,74.81,70.99,464,0,Tue,128.7,0.0,128.7,9,1158.3
2024-04-25,P0037,Clothing,Autumn,31.38,25.6,766,1,Tue,46.23,0.11,41.1447,27,1110.91
2024-01-01,P0038,Clothing,Autumn,24.14,74.41,442,1,Sat,33.64,0.15,28.594,123,3517.06
2024-01-03,P0038,Clothing,Spring,87.01,3.85,653,0,Sat,147.64,0.0,147.64,1,147.64
2024-01-05,P0038,Clothing,Winter,71.56,112.33,977,0,Tue,100.45,0.0,100.45,85,8538.25
2024-01-07,P0038,Clothing,Spring,79.41,30.88,746,0,Sat,123.83,0.0,123.83,1,123.83
2024-01-09,P0038,Clothing,Winter,40.74,18.67,28,0,Mon,51.16,0.0,51.16,1,51.16
2024-01-17,P0038,Clothing,Winter,8.78,19.12,809,0,Thu,10.14,0.0,10.14,73,740.22
2024-01-22,P0038,Clothing,Summer,45.78,74.22,985,0,Tue,73.63,0.0,73.63,14,1030.82
2024-01-31,P0038,Clothing,Autumn,93.64,111.8,551,1,Sun,111.38,0.23,85.76259999999999,146,12521.34
2024-02-10,P0038,Clothing,Winter,67.19,18.87,569,0,Mon,84.29,0.0,84.29,1,84.29
2024-02-14,P0038,Clothing,Summer,35.54,94.87,500,0,Thu,46.73,0.0,46.73,36,1682.28
2024-02-23,P0038,Clothing,Winter,63.23,10.29,326,1,Fri,97.68,0.12,85.95840000000001,1,85.96
2024-02-24,P0038,Clothing,Spring,85.77,65.72,759,0,Thu,136.87,0.0,136.87,1,136.87
2024-03-16,P0038,Clothing,Winter,3.04,62.77,732,1,Sun,4.64,0.11,4.1296,61,251.91
2024-03-19,P0038,Clothing,Winter,19.05,37.46,294,1,Sun,23.23,0.16,19.5132,126,2458.66
2024-03-26,P0038,Clothing,Summer,20.71,100.03,61,0,Tue,32.96,0.0,32.96,93,3065.28
2024-04-04,P0038,Clothing,Autumn,39.21,17.79,501,0,Thu,53.22,0.0,53.22,1,53.22
2024-04-06,P0038,Clothing,Spring,98.96,115.79,737,0,Mon,146.08,0.0,146.08,30,4382.4
2024-04-18,P0038,Clothing,Spring,22.82,32.13,146,0,Thu,40.66,0.0,40.66,56,2276.96
2024-04-22,P0038,Clothing,Spring,85.17,107.75,633,1,Sat,113.07,0.05,107.41649999999998,29,3115.08
2024-01-02,P0038,Groceries,Summer,33.72,39.71,32,1,Sun,38.28,0.25,28.71,103,2957.13
2024-01-11,P0038,Groceries,Spring,13.02,100.87,727,0,Wed,20.32,0.0,20.32,86,1747.52
2024-01-18,P0038,Groceries,Winter,28.85,79.44,768,0,Sun,41.78,0.0,41.78,30,1253.4
2024-01-19,P0038,Groceries,Spring,49.92,88.44,908,0,Wed,79.57,0.0,79.57,86,6843.02
2024-01-23,P0038,Groceries,Spring,58.49,56.47,988,0,Fri,68.6,0.0,68.6,29,1989.4
2024-01-24,P0038,Groceries,Autumn,82.2,60.8,319,1,Mon,107.38,0.07,99.86339999999998,10,998.63
2024-01-27,P0038,Groceries,Winter,22.91,86.38,569,0,Sun,31.17,0.0,31.17,64,1994.88
2024-02-01,P0038,Groceries,Summer,70.51,58.49,990,0,Tue,93.25,0.0,93.25,40,3730.0
2024-02-02,P0038,Groceries,Spring,68.49,26.61,380,0,Wed,76.79,0.0,76.79,1,76.79
2024-02-03,P0038,Groceries,Winter,2.16,107.75,91,1,Mon,3.24,0.18,2.6568000000000005,245,650.92
2024-02-06,P0038,Groceries,Autumn,30.6,86.17,348,0,Mon,36.07,0.0,36.07,30,1082.1
2024-02-07,P0038,Groceries,Summer,29.92,53.49,437,1,Fri,51.9,0.1,46.71,10,467.1
2024-02-11,P0038,Groceries,Spring,19.44,55.85,378,0,Fri,29.9,0.0,29.9,32,956.8
2024-02-15,P0038,Groceries,Winter,38.63,108.28,587,0,Fri,58.52,0.0,58.52,91,5325.32
2024-02-16,P0038,Groceries,Spring,33.4,91.5,575,1,Mon,37.28,0.13,32.4336,83,2691.99
2024-02-19,P0038,Groceries,Autumn,45.76,64.06,326,1,Sun,80.87,0.12,71.1656,37,2633.13
2024-02-21,P0038,Groceries,Winter,91.81,85.12,855,0,Thu,104.3,0.0,104.3,42,4380.6
2024-02-29,P0038,Groceries,Summer,2.94,11.24,29,1,Sat,3.7,0.14,3.182,34,108.19
2024-03-01,P0038,Groceries,Winter,25.89,32.21,672,0,Fri,45.6,0.0,45.6,43,1960.8
2024-03-04,P0038,Groceries,Autumn,23.32,32.23,616,0,Mon,33.11,0.0,33.11,35,1158.85
2024-03-05,P0038,Groceries,Winter,39.01,41.6,884,0,Thu,69.96,0.0,69.96,22,1539.12
2024-03-11,P0038,Groceries,Winter,11.88,40.89,900,1,Sat,16.51,0.16,13.868400000000001,42,582.47
2024-03-18,P0038,Groceries,Autumn,71.27,27.21,831,1,Fri,86.08,0.11,76.6112,1,76.61
2024-03-27,P0038,Groceries,Spring,54.08,60.6,821,0,Tue,87.7,0.0,87.7,31,2718.7
2024-03-28,P0038,Groceries,Winter,45.64,96.76,84,0,Sat,52.19,0.0,52.19,103,5375.57
2024-03-29,P0038,Groceries,Summer,78.93,67.51,66,0,Thu,140.71,0.0,140.71,1,140.71
2024-04-01,P0038,Groceries,Summer,39.51,114.16,437,0,Sat,65.91,0.0,65.91,82,5404.62
2024-04-13,P0038,Groceries,Autumn,17.26,36.83,459,0,Sun,27.56,0.0,27.56,60,1653.6
2024-04-20,P0038,Groceries,Autumn,37.37,60.64,498,1,Mon,51.09,0.15,43.426500000000004,128,5558.59
2024-01-04,P0038,Snacks,Spring,72.6,55.72,581,0,Wed,90.59,0.0,90.59,26,2355.34
2024-01-12,P0038,Snacks,Summer,42.62,24.15,27,0,Fri,59.79,0.0,59.79,1,59.79
2024-01-15,P0038,Snacks,Winter,72.78,108.47,522,1,Mon,101.92,0.19,82.55520000000001,52,4292.87
2024-01-20,P0038,Snacks,Summer,17.87,90.76,230,0,Thu,20.79,0.0,20.79,18,374.22
2024-01-28,P0038,Snacks,Spring,75.05,3.36,517,0,Tue,120.4,0.0,120.4,1,120.4
2024-02-04,P0038,Snacks,Spring,86.64,69.03,830,1,Thu,126.29,0.25,94.7175,22,2083.78
2024-02-09,P0038,Snacks,Spring,6.03,26.99,687,0,Wed,9.48,0.0,9.48,66,625.68
2024-02-18,P0038,Snacks,Spring,4.11,87.56,367,0,Sun,5.51,0.0,5.51,28,154.28
2024-02-28,P0038,Snacks,Spring,92.14,45.68,853,1,Mon,120.18,0.07,111.7674,1,111.77
2024-03-06,P0038,Snacks,Autumn,94.04,6.93,546,0,Mon,108.33,0.0,108.33,1,108.33
2024-03-12,P0038,Snacks,Summer,91.52,83.6,520,0,Fri,115.43,0.0,115.43,41,4732.63
2024-03-13,P0038,Snacks,Spring,16.59,57.36,879,0,Sun,28.87,0.0,28.87,115,3320.05
2024-03-15,P0038,Snacks,Summer,23.53,76.98,885,0,Mon,29.8,0.0,29.8,149,4440.2
2024-03-23,P0038,Snacks,Winter,47.47,74.73,154,0,Thu,52.83,0.0,52.83,76,4015.08
2024-03-25,P0038,Snacks,Summer,43.98,111.15,975,0,Sat,67.89,0.0,67.89,105,7128.45
2024-03-30,P0038,Snacks,Winter,93.58,55.56,534,0,Fri,108.78,0.0,108.78,1,108.78
2024-04-03,P0038,Snacks,Winter,91.53,81.37,500,1,Wed,147.3,0.13,128.151,25,3203.78
2024-04-07,P0038,Snacks,Summer,58.17,91.16,934,1,Wed,66.0,0.06,62.04,113,7010.52
2024-04-08,P0038,Snacks,Spring,48.51,106.05,844,1,Fri,55.87,0.25,41.902499999999996,178,7458.64
2024-04-10,P0038,Snacks,Spring,20.2,8.91,46,0,Sun,25.58,0.0,25.58,1,25.58
2024-04-11,P0038,Snacks,Winter,49.34,42.83,88,0,Sun,57.66,0.0,57.66,19,1095.54
2024-04-19,P0038,Snacks,Autumn,78.19,78.53,358,1,Sat,95.06,0.19,76.99860000000001,54,4157.92
2024-04-23,P0038,Snacks,Spring,26.36,28.5,303,0,Sat,31.18,0.0,31.18,72,2244.96
2024-04-25,P0038,Snacks,Spring,48.55,40.91,327,0,Sat,67.07,0.0,67.07,17,1140.19
2024-04-26,P0038,Snacks,Spring,79.27,99.31,466,1,Sat,116.54,0.11,103.7206,32,3319.06
2024-01-06,P0038,Household,Autumn,27.62,31.33,686,0,Wed,41.81,0.0,41.81,6,250.86
2024-01-25,P0038,Household,Winter,99.78,39.26,290,0,Wed,155.32,0.0,155.32,1,155.32
2024-01-26,P0038,Household,Summer,77.65,7.81,184,0,Sun,131.64,0.0,131.64,1,131.64
2024-02-05,P0038,Household,Spring,79.54,45.01,587,0,Fri,124.56,0.0,124.56,1,124.56
2024-02-25,P0038,Household,Autumn,51.99,44.44,347,0,Wed,90.56,0.0,90.56,7,633.92
2024-02-26,P0038,Household,Summer,18.84,21.0,353,1,Thu,24.63,0.23,18.9651,73,1384.45
2024-03-02,P0038,Household,Spring,27.28,81.55,730,0,Mon,34.87,0.0,34.87,127,4428.49
2024-03-08,P0038,Household,Summer,94.65,39.93,873,0,Thu,125.88,0.0,125.88,1,125.88
2024-03-09,P0038,Household,Spring,12.94,111.6,203,0,Thu,18.2,0.0,18.2,65,1183.0
2024-03-14,P0038,Household,Summer,57.69,117.22,103,0,Sat,98.06,0.0,98.06,84,8237.04
2024-03-22,P0038,Household,Spring,66.07,37.01,989,0,Wed,87.57,0.0,87.57,1,87.57
2024-04-09,P0038,Household,Autumn,70.29,48.11,30,0,Mon,81.78,0.0,81.78,27,2208.06
2024-04-14,P0038,Household,Spring,61.4,63.68,893,0,Wed,85.39,0.0,85.39,68,5806.52
2024-04-15,P0038,Household,Autumn,57.99,23.86,930,0,Mon,101.06,0.0,101.06,1,101.06
2024-04-16,P0038,Household,Spring,76.36,112.58,540,0,Sun,88.17,0.0,88.17,117,10315.89
2024-04-28,P0038,Household,Spring,77.19,100.08,944,0,Mon,112.73,0.0,112.73,57,6425.61
2024-04-29,P0038,Household,Summer,29.51,42.38,788,1,Sun,40.08,0.17,33.2664,133,4424.43
2024-01-08,P0038,Electronics,Autumn,36.48,56.69,686,1,Sun,65.27,0.14,56.1322,118,6623.6
2024-01-10,P0038,Electronics,Spring,29.47,76.91,594,1,Fri,38.5,0.12,33.88,151,5115.88
2024-01-29,P0038,Electronics,Winter,54.18,8.63,445,0,Mon,82.74,0.0,82.74,1,82.74
2024-01-30,P0038,Electronics,Spring,45.63,40.76,808,0,Thu,69.28,0.0,69.28,15,1039.2
2024-02-13,P0038,Electronics,Summer,84.4,73.01,614,1,Wed,118.98,0.16,99.9432,38,3797.84
2024-02-20,P0038,Electronics,Autumn,94.36,108.82,229,0,Sat,165.84,0.0,165.84,28,4643.52
2024-02-22,P0038,Electronics,Autumn,81.17,18.88,842,0,Mon,142.79,0.0,142.79,1,142.79
2024-02-27,P0038,Electronics,Autumn,68.73,95.92,724,1,Sat,98.4,0.21,77.736,16,1243.78
2024-03-03,P0038,Electronics,Summer,10.8,78.1,122,0,Wed,13.25,0.0,13.25,66,874.5
2024-03-21,P0038,Electronics,Winter,38.35,10.96,774,0,Thu,49.23,0.0,49.23,1,49.23
2024-03-24,P0038,Electronics,Spring,94.52,119.49,991,0,Wed,161.8,0.0,161.8,19,3074.2
2024-03-31,P0038,Electronics,Autumn,83.79,27.6,521,0,Thu,100.6,0.0,100.6,1,100.6
2024-04-02,P0038,Electronics,Winter,22.4,72.19,577,0,Sun,33.13,0.0,33.13,50,1656.5
2024-04-05,P0038,Electronics,Winter,77.25,52.27,143,0,Sun,89.32,0.0,89.32,26,2322.32
2024-04-21,P0038,Electronics,Summer,63.25,30.76,501,0,Wed,87.1,0.0,87.1,1,87.1
2024-01-13,P0038,Beverages,Winter,2.68,79.39,761,0,Sat,3.69,0.0,3.69,136,501.84
2024-01-14,P0038,Beverages,Summer,46.14,106.67,486,0,Sun,73.65,0.0,73.65,43,3166.95
2024-01-16,P0038,Beverages,Summer,96.11,66.79,575,0,Thu,138.32,0.0,138.32,3,414.96
2024-01-21,P0038,Beverages,Summer,12.57,112.19,661,0,Thu,14.17,0.0,14.17,54,765.18
2024-02-08,P0038,Beverages,Spring,6.29,87.87,412,0,Mon,10.71,0.0,10.71,182,1949.22
2024-02-12,P0038,Beverages,Spring,92.43,39.03,407,1,Fri,162.24,0.21,128.1696,1,128.17
2024-02-17,P0038,Beverages,Spring,10.15,41.67,492,0,Sat,17.47,0.0,17.47,118,2061.46
2024-03-07,P0038,Beverages,Summer,86.17,114.44,68,1,Fri,144.52,0.21,114.17080000000001,62,7078.59
2024-03-10,P0038,Beverages,Winter,3.78,97.85,843,0,Sun,6.1,0.0,6.1,71,433.1
2024-03-17,P0038,Beverages,Autumn,9.38,76.92,108,0,Sat,16.53,0.0,16.53,130,2148.9
2024-03-20,P0038,Beverages,Spring,23.68,85.81,704,1,Sat,28.25,0.09,25.7075,86,2210.84
2024-04-12,P0038,Beverages,Autumn,31.92,45.74,956,0,Wed,51.87,0.0,51.87,50,2593.5
2024-04-17,P0038,Beverages,Spring,87.42,109.0,153,0,Thu,127.02,0.0,127.02,8,1016.16
2024-04-24,P0038,Beverages,Spring,60.5,75.33,822,0,Fri,76.68,0.0,76.68,54,4140.72
2024-04-27,P0038,Beverages,Spring,70.03,74.82,539,0,Fri,114.42,0.0,114.42,27,3089.34
2024-01-01,P0039,Groceries,Summer,70.73,2.33,701,0,Tue,84.27,0.0,84.27,1,84.27
2024-01-02,P0039,Groceries,Winter,60.97,27.38,678,0,Sun,108.31,0.0,108.31,1,108.31
2024-01-10,P0039,Groceries,Summer,86.15,72.87,741,1,Sat,130.98,0.1,117.88199999999999,8,943.06
2024-01-12,P0039,Groceries,Winter,81.97,35.2,786,0,Tue,138.73,0.0,138.73,1,138.73
2024-01-14,P0039,Groceries,Summer,49.69,60.73,57,1,Mon,88.62,0.17,73.5546,15,1103.32
2024-01-20,P0039,Groceries,Autumn,28.79,104.8,692,0,Sun,31.86,0.0,31.86,93,2962.98
2024-01-23,P0039,Groceries,Spring,65.78,77.66,657,1,Sat,75.02,0.16,63.016799999999996,104,6553.75
2024-01-31,P0039,Groceries,Autumn,3.44,57.54,582,1,Sun,4.74,0.05,4.503,78,351.23
2024-02-12,P0039,Groceries,Autumn,67.98,113.32,998,0,Mon,120.97,0.0,120.97,14,1693.58
2024-02-13,P0039,Groceries,Summer,75.35,66.61,672,0,Thu,97.7,0.0,97.7,38,3712.6
2024-02-18,P0039,Groceries,Spring,42.86,82.27,265,0,Thu,47.48,0.0,47.48,70,3323.6
2024-02-25,P0039,Groceries,Winter,94.34,17.01,44,0,Mon,138.92,0.0,138.92,1,138.92
2024-03-01,P0039,Groceries,Spring,23.89,40.98,140,1,Thu,31.85,0.25,23.887500000000003,132,3153.15
2024-03-02,P0039,Groceries,Winter,34.1,114.9,30,0,Sun,57.35,0.0,57.35,136,7799.6
2024-03-04,P0039,Groceries,Spring,79.94,21.47,821,1,Sun,113.36,0.1,102.024,1,102.02
2024-03-10,P0039,Groceries,Autumn,74.21,73.99,749,0,Tue,111.86,0.0,111.86,51,5704.86
2024-03-24,P0039,Groceries,Winter,88.82,27.22,451,0,Tue,121.84,0.0,121.84,1,121.84
2024-04-09,P0039,Groceries,Winter,98.31,53.54,901,0,Mon,151.27,0.0,151.27,1,151.27
2024-04-10,P0039,Groceries,Autumn,88.85,89.17,870,1,Mon,116.24,0.17,96.47919999999999,72,6946.5
2024-04-12,P0039,Groceries,Winter,13.72,25.1,550,0,Wed,15.68,0.0,15.68,31,486.08
2024-04-20,P0039,Groceries,Winter,59.2,88.33,723,0,Mon,101.43,0.0,101.43,48,4868.64
2024-04-23,P0039,Groceries,Summer,53.37,69.75,247,0,Wed,95.95,0.0,95.95,51,4893.45
2024-01-03,P0039,Household,Spring,46.21,97.92,152,0,Mon,63.9,0.0,63.9,124,7923.6
2024-01-09,P0039,Household,Summer,84.99,39.28,828,1,Tue,98.78,0.19,80.01180000000001,2,160.02
2024-01-15,P0039,Household,Winter,90.88,26.09,376,0,Wed,145.43,0.0,145.43,1,145.43
2024-01-30,P0039,Household,Autumn,48.52,16.85,885,0,Mon,65.37,0.0,65.37,1,65.37
2024-02-02,P0039,Household,Winter,5.79,15.55,470,1,Sat,7.39,0.13,6.4293,113,726.51
2024-02-08,P0039,Household,Autumn,5.3,13.69,871,0,Sat,9.22,0.0,9.22,29,267.38
2024-02-23,P0039,Household,Autumn,4.2,4.82,937,1,Sat,6.24,0.19,5.0544,46,232.5
2024-02-29,P0039,Household,Autumn,2.8,107.68,167,0,Sat,4.42,0.0,4.42,174,769.08
2024-03-05,P0039,Household,Winter,75.19,82.07,460,0,Sun,100.02,0.0,100.02,71,7101.42
2024-03-13,P0039,Household,Summer,15.77,44.16,964,0,Wed,24.26,0.0,24.26,34,824.84
2024-03-22,P0039,Household,Autumn,79.67,93.27,458,0,Tue,108.94,0.0,108.94,56,6100.64
2024-03-26,P0039,Household,Autumn,20.59,84.73,449,0,Wed,35.11,0.0,35.11,157,5512.27
2024-03-27,P0039,Household,Spring,24.73,42.1,163,1,Sat,31.65,0.19,25.6365,49,1256.19
2024-03-29,P0039,Household,Autumn,22.8,112.88,239,1,Mon,28.88,0.2,23.104,104,2402.82
2024-04-14,P0039,Household,Spring,99.37,10.21,607,0,Wed,171.15,0.0,171.15,1,171.15
2024-04-16,P0039,Household,Autumn,57.85,62.75,586,0,Thu,70.16,0.0,70.16,36,2525.76
2024-04-19,P0039,Household,Autumn,89.19,96.74,984,0,Fri,143.75,0.0,143.75,40,5750.0
2024-01-04,P0039,Clothing,Spring,38.46,38.71,590,0,Thu,66.84,0.0,66.84,22,1470.48
2024-01-11,P0039,Clothing,Winter,84.77,54.67,986,0,Sat,114.97,0.0,114.97,1,114.97
2024-01-16,P0039,Clothing,Spring,76.22,42.13,685,1,Tue,100.22,0.08,92.2024,1,92.2
2024-01-18,P0039,Clothing,Winter,46.48,95.05,234,0,Mon,77.8,0.0,77.8,56,4356.8
2024-01-21,P0039,Clothing,Spring,44.14,6.64,39,0,Thu,72.85,0.0,72.85,1,72.85
2024-01-25,P0039,Clothing,Summer,49.57,18.25,120,0,Tue,69.88,0.0,69.88,1,69.88
2024-01-29,P0039,Clothing,Summer,26.96,62.21,433,0,Mon,35.13,0.0,35.13,83,2915.79
2024-02-03,P0039,Clothing,Winter,23.21,116.95,806,0,Sun,36.09,0.0,36.09,94,3392.46
2024-02-04,P0039,Clothing,Winter,34.02,99.78,288,1,Fri,44.99,0.12,39.5912,19,752.23
2024-02-06,P0039,Clothing,Autumn,72.28,68.04,812,1,Tue,100.12,0.2,80.096,75,6007.2
2024-02-15,P0039,Clothing,Spring,59.43,81.0,915,0,Tue,81.59,0.0,81.59,65,5303.35
2024-02-20,P0039,Clothing,Winter,53.73,101.44,901,1,Thu,90.44,0.1,81.396,15,1220.94
2024-02-24,P0039,Clothing,Summer,3.89,8.64,76,1,Mon,5.06,0.06,4.756399999999999,40,190.26
2024-03-15,P0039,Clothing,Autumn,70.12,27.46,504,1,Fri,96.06,0.07,89.33579999999999,1,89.34
2024-03-16,P0039,Clothing,Summer,41.72,42.83,35,0,Wed,46.48,0.0,46.48,44,2045.12
2024-03-21,P0039,Clothing,Summer,56.4,31.6,655,0,Sat,101.23,0.0,101.23,1,101.23
2024-03-25,P0039,Clothing,Summer,83.09,61.15,569,0,Fri,111.97,0.0,111.97,5,559.85
2024-04-01,P0039,Clothing,Autumn,32.18,16.7,471,0,Mon,47.53,0.0,47.53,1,47.53
2024-04-04,P0039,Clothing,Spring,1.88,41.03,402,0,Sun,2.77,0.0,2.77,176,487.52
2024-04-06,P0039,Clothing,Winter,15.48,49.97,152,0,Thu,23.98,0.0,23.98,126,3021.48
2024-04-11,P0039,Clothing,Spring,89.12,72.33,551,1,Fri,123.97,0.2,99.176,47,4661.27
2024-04-27,P0039,Clothing,Autumn,79.16,96.1,33,1,Sun,112.71,0.09,102.56609999999999,73,7487.33
2024-01-05,P0039,Electronics,Summer,33.83,39.04,76,0,Mon,38.62,0.0,38.62,20,772.4
2024-01-07,P0039,Electronics,Spring,17.79,33.69,534,0,Tue,19.83,0.0,19.83,70,1388.1
2024-01-13,P0039,Electronics,Spring,22.91,32.57,616,0,Sat,29.83,0.0,29.83,44,1312.52
2024-01-17,P0039,Electronics,Winter,1.18,5.69,53,0,Tue,1.95,0.0,1.95,66,128.7
2024-01-26,P0039,Electronics,Spring,81.92,31.56,22,1,Wed,136.54,0.12,120.1552,1,120.16
2024-02-01,P0039,Electronics,Summer,85.38,71.24,534,1,Sun,95.03,0.09,86.4773,53,4583.3
2024-02-07,P0039,Electronics,Winter,8.96,67.52,425,0,Sat,14.01,0.0,14.01,94,1316.94
2024-02-09,P0039,Electronics,Summer,80.1,53.14,558,0,Tue,106.92,0.0,106.92,1,106.92
2024-02-16,P0039,Electronics,Summer,80.73,119.84,852,0,Thu,124.77,0.0,124.77,61,7610.97
2024-02-22,P0039,Electronics,Winter,29.99,109.27,581,0,Tue,34.74,0.0,34.74,128,4446.72
2024-02-26,P0039,Electronics,Winter,94.51,6.15,317,0,Thu,144.02,0.0,144.02,1,144.02
2024-03-20,P0039,Electronics,Winter,70.0,118.48,689,0,Thu,123.94,0.0,123.94,31,3842.14
2024-04-02,P0039,Electronics,Spring,77.38,41.55,371,1,Sun,121.28,0.2,97.024,1,97.02
2024-04-18,P0039,Electronics,Summer,39.4,92.24,76,1,Fri,48.45,0.06,45.543,167,7605.68
2024-04-25,P0039,Electronics,Summer,97.1,78.2,188,1,Sat,130.01,0.09,118.3091,33,3904.2
2024-04-29,P0039,Electronics,Spring,17.15,87.43,921,1,Fri,22.76,0.18,18.663200000000003,139,2594.18
