retail_dynamic_pricing_dataset.csv
date,product_id,category,season,cost_price,competitor_price,stock_level,promotion,day_of_week,current_price,discount,effective_price,units_sold,revenue
2024-01-06,P0039,Snacks,Summer,1.96,54.51,698,0,Wed,3.36,0.0,3.36,42,141.12
2024-01-08,P0039,Snacks,Spring,6.84,97.04,603,1,Fri,9.45,0.25,7.0874999999999995,213,1509.64
2024-01-19,P0039,Snacks,Winter,2.06,6.19,168,0,Fri,2.34,0.0,2.34,141,329.94
2024-01-24,P0039,Snacks,Spring,36.89,61.21,363,0,Thu,61.31,0.0,61.31,92,5640.52
2024-01-27,P0039,Snacks,Winter,30.67,83.13,981,0,Thu,34.93,0.0,34.93,22,768.46
2024-02-05,P0039,Snacks,Spring,62.89,38.78,603,0,Sat,74.66,0.0,74.66,1,74.66
2024-03-03,P0039,Snacks,Spring,24.88,50.79,352,0,Fri,31.51,0.0,31.51,129,4064.79
2024-03-06,P0039,Snacks,Summer,9.02,51.02,967,0,Fri,13.75,0.0,13.75,145,1993.75
2024-03-07,P0039,Snacks,Autumn,70.03,3.31,814,0,Mon,97.32,0.0,97.32,1,97.32
2024-03-11,P0039,Snacks,Spring,9.52,117.94,164,1,Fri,15.94,0.2,12.752,175,2231.6
2024-03-18,P0039,Snacks,Winter,22.38,106.75,172,1,Thu,27.59,0.2,22.072000000000003,174,3840.53
2024-03-19,P0039,Snacks,Summer,93.18,3.56,684,0,Tue,130.53,0.0,130.53,1,130.53
2024-03-23,P0039,Snacks,Summer,64.83,14.87,573,0,Tue,77.91,0.0,77.91,1,77.91
2024-03-28,P0039,Snacks,Autumn,7.44,104.92,995,1,Tue,12.09,0.08,11.1228,190,2113.33
2024-03-30,P0039,Snacks,Spring,35.01,15.59,366,0,Sat,50.64,0.0,50.64,1,50.64
2024-04-05,P0039,Snacks,Autumn,1.71,108.98,399,0,Fri,2.61,0.0,2.61,100,261.0
2024-04-07,P0039,Snacks,Autumn,87.39,37.87,322,0,Mon,122.9,0.0,122.9,1,122.9
2024-04-13,P0039,Snacks,Autumn,48.05,60.54,962,0,Thu,82.46,0.0,82.46,62,5112.52
2024-04-15,P0039,Snacks,Autumn,15.76,85.34,42,0,Sun,24.33,0.0,24.33,51,1240.83
2024-04-21,P0039,Snacks,Spring,76.12,40.16,882,1,Mon,104.43,0.08,96.07560000000001,1,96.08
2024-04-26,P0039,Snacks,Autumn,96.72,75.98,962,0,Sun,155.65,0.0,155.65,1,155.65
2024-04-28,P0039,Snacks,Winter,49.25,118.33,290,0,Thu,77.92,0.0,77.92,23,1792.16
2024-01-22,P0039,Beverages,Winter,89.4,101.93,425,0,Fri,153.91,0.0,153.91,31,4771.21
2024-01-28,P0039,Beverages,Spring,61.89,61.95,78,0,Fri,79.73,0.0,79.73,34,2710.82
2024-02-10,P0039,Beverages,Autumn,71.5,25.72,854,1,Thu,93.52,0.16,78.5568,1,78.56
2024-02-11,P0039,Beverages,Winter,83.32,40.65,708,0,Sat,145.14,0.0,145.14,1,145.14
2024-02-14,P0039,Beverages,Autumn,38.52,8.96,702,0,Mon,66.4,0.0,66.4,1,66.4
2024-02-17,P0039,Beverages,Spring,18.04,20.96,84,1,Thu,31.42,0.12,27.649600000000003,28,774.19
2024-02-19,P0039,Beverages,Winter,74.31,99.09,400,0,Thu,93.32,0.0,93.32,60,5599.2
2024-02-21,P0039,Beverages,Summer,68.48,85.2,238,1,Mon,114.73,0.24,87.1948,122,10637.77
2024-02-27,P0039,Beverages,Autumn,21.92,15.27,169,0,Wed,24.98,0.0,24.98,3,74.94
2024-02-28,P0039,Beverages,Spring,15.6,98.22,157,0,Thu,17.73,0.0,17.73,68,1205.64
2024-03-08,P0039,Beverages,Winter,52.54,116.0,474,0,Wed,89.85,0.0,89.85,45,4043.25
2024-03-09,P0039,Beverages,Autumn,14.08,72.15,329,0,Tue,19.75,0.0,19.75,60,1185.0
2024-03-12,P0039,Beverages,Winter,18.54,100.19,640,0,Sun,28.45,0.0,28.45,61,1735.45
2024-03-14,P0039,Beverages,Autumn,93.96,5.98,40,1,Sun,149.62,0.1,134.65800000000002,1,134.66
2024-03-17,P0039,Beverages,Autumn,82.4,115.27,839,0,Thu,127.61,0.0,127.61,85,10846.85
2024-03-31,P0039,Beverages,Summer,3.85,86.51,854,0,Sat,4.5,0.0,4.5,156,702.0
2024-04-03,P0039,Beverages,Winter,84.19,98.53,930,0,Sat,114.9,0.0,114.9,12,1378.8
2024-04-08,P0039,Beverages,Spring,47.46,118.71,765,1,Fri,79.25,0.13,68.9475,112,7722.12
2024-04-17,P0039,Beverages,Autumn,35.08,15.56,330,0,Mon,51.59,0.0,51.59,1,51.59
2024-04-22,P0039,Beverages,Spring,67.65,87.06,606,0,Thu,81.45,0.0,81.45,21,1710.45
2024-04-24,P0039,Beverages,Summer,79.38,65.72,233,0,Sun,92.57,0.0,92.57,36,3332.52
2024-01-01,P0040,Snacks,Spring,5.4,53.57,737,0,Tue,9.16,0.0,9.16,158,1447.28
2024-01-16,P0040,Snacks,Autumn,6.28,60.19,354,0,Sat,11.03,0.0,11.03,60,661.8
2024-01-29,P0040,Snacks,Autumn,18.9,4.09,651,0,Sat,32.66,0.0,32.66,1,32.66
2024-02-01,P0040,Snacks,Autumn,20.23,104.02,646,0,Sun,33.38,0.0,33.38,62,2069.56
2024-02-03,P0040,Snacks,Spring,83.93,99.21,968,0,Thu,147.19,0.0,147.19,56,8242.64
2024-02-09,P0040,Snacks,Winter,23.51,14.88,60,0,Thu,42.04,0.0,42.04,1,42.04
2024-02-11,P0040,Snacks,Spring,73.33,45.74,928,0,Tue,91.76,0.0,91.76,1,91.76
2024-02-13,P0040,Snacks,Summer,28.52,90.12,404,1,Mon,49.65,0.22,38.727,69,2672.16
2024-02-16,P0040,Snacks,Summer,75.52,103.15,354,0,Mon,114.86,0.0,114.86,33,3790.38
2024-03-01,P0040,Snacks,Winter,67.54,18.87,625,1,Sun,76.87,0.09,69.9517,1,69.95
2024-03-03,P0040,Snacks,Spring,18.74,46.87,327,1,Thu,29.46,0.07,27.3978,35,958.92
2024-03-06,P0040,Snacks,Summer,67.02,70.63,967,0,Sun,76.39,0.0,76.39,72,5500.08
2024-03-10,P0040,Snacks,Winter,92.55,66.57,79,0,Mon,117.56,0.0,117.56,27,3174.12
2024-03-16,P0040,Snacks,Autumn,53.94,106.47,715,0,Wed,90.5,0.0,90.5,52,4706.0
2024-03-18,P0040,Snacks,Autumn,68.29,41.61,38,0,Tue,85.36,0.0,85.36,1,85.36
2024-03-21,P0040,Snacks,Summer,48.37,109.79,944,1,Thu,61.36,0.05,58.291999999999994,43,2506.56
2024-03-25,P0040,Snacks,Autumn,52.09,96.52,149,1,Mon,81.48,0.1,73.33200000000001,79,5793.23
2024-03-27,P0040,Snacks,Spring,65.53,104.48,725,1,Wed,113.14,0.15,96.169,130,12501.97
2024-04-03,P0040,Snacks,Spring,64.33,15.79,327,0,Fri,73.01,0.0,73.01,1,73.01
2024-04-13,P0040,Snacks,Spring,8.48,74.52,371,1,Sat,10.81,0.19,8.756100000000002,196,1716.2
2024-01-02,P0040,Clothing,Autumn,23.91,55.94,648,1,Sun,39.01,0.19,31.5981,38,1200.73
2024-01-05,P0040,Clothing,Summer,23.25,28.15,51,0,Tue,27.87,0.0,27.87,74,2062.38
2024-01-22,P0040,Clothing,Summer,78.94,26.72,438,0,Wed,114.33,0.0,114.33,1,114.33
2024-01-24,P0040,Clothing,Autumn,88.95,72.75,429,0,Sun,119.17,0.0,119.17,26,3098.42
2024-01-25,P0040,Clothing,Spring,77.21,37.12,712,0,Tue,103.69,0.0,103.69,1,103.69
2024-01-30,P0040,Clothing,Spring,17.14,101.74,717,0,Thu,26.77,0.0,26.77,27,722.79
2024-02-28,P0040,Clothing,Spring,76.25,72.94,569,1,Tue,114.66,0.13,99.7542,13,1296.8
2024-03-07,P0040,Clothing,Spring,79.31,26.84,860,0,Sun,94.17,0.0,94.17,1,94.17
2024-03-12,P0040,Clothing,Autumn,55.95,52.89,108,0,Wed,88.26,0.0,88.26,8,706.08
2024-03-15,P0040,Clothing,Spring,54.12,18.72,469,0,Mon,88.88,0.0,88.88,1,88.88
2024-03-20,P0040,Clothing,Summer,3.1,25.43,612,0,Fri,5.3,0.0,5.3,23,121.9
2024-03-23,P0040,Clothing,Winter,28.21,47.86,348,0,Sat,46.43,0.0,46.43,47,2182.21
2024-03-26,P0040,Clothing,Winter,35.57,114.39,677,1,Wed,44.74,0.1,40.266000000000005,206,8294.8
2024-03-28,P0040,Clothing,Autumn,95.84,20.22,517,0,Sun,161.16,0.0,161.16,1,161.16
2024-04-02,P0040,Clothing,Winter,65.24,80.78,546,1,Sat,107.01,0.22,83.46780000000001,80,6677.42
2024-04-09,P0040,Clothing,Winter,84.54,99.91,280,0,Sun,120.72,0.0,120.72,67,8088.24
2024-01-03,P0040,Household,Spring,34.69,4.48,778,1,Sun,61.76,0.13,53.7312,1,53.73
2024-01-08,P0040,Household,Autumn,13.51,17.84,793,0,Thu,20.28,0.0,20.28,15,304.2
2024-01-12,P0040,Household,Winter,88.37,72.94,643,0,Thu,98.47,0.0,98.47,10,984.7
2024-01-15,P0040,Household,Summer,64.88,20.59,276,0,Tue,85.84,0.0,85.84,1,85.84
2024-01-19,P0040,Household,Winter,60.03,62.45,566,0,Sun,68.53,0.0,68.53,47,3220.91
2024-02-02,P0040,Household,Spring,11.22,21.36,852,1,Sun,17.26,0.15,14.671000000000001,103,1511.11
2024-02-06,P0040,Household,Autumn,70.85,36.59,59,0,Tue,92.09,0.0,92.09,1,92.09
2024-02-07,P0040,Household,Autumn,63.07,11.64,309,0,Fri,100.95,0.0,100.95,1,100.95
2024-02-14,P0040,Household,Autumn,3.23,93.36,116,0,Fri,3.68,0.0,3.68,96,353.28
2024-02-21,P0040,Household,Winter,31.21,1.71,705,1,Mon,51.82,0.05,49.229,1,49.23
2024-02-25,P0040,Household,Autumn,30.12,98.82,797,1,Sun,46.02,0.16,38.656800000000004,136,5257.32
2024-03-17,P0040,Household,Winter,21.16,45.37,461,1,Thu,23.58,0.15,20.043,82,1643.53
2024-04-06,P0040,Household,Spring,37.48,25.87,834,0,Wed,48.87,0.0,48.87,1,48.87
2024-04-07,P0040,Household,Winter,9.22,51.91,97,0,Tue,13.26,0.0,13.26,29,384.54
2024-01-04,P0040,Beverages,Autumn,13.86,20.03,208,0,Tue,17.52,0.0,17.52,73,1278.96
2024-01-18,P0040,Beverages,Autumn,88.74,111.73,506,0,Sat,157.62,0.0,157.62,11,1733.82
2024-01-23,P0040,Beverages,Autumn,73.82,115.52,460,0,Mon,123.41,0.0,123.41,24,2961.84
2024-01-27,P0040,Beverages,Winter,58.8,35.42,952,0,Sat,88.63,0.0,88.63,1,88.63
2024-01-28,P0040,Beverages,Spring,84.39,60.96,970,1,Sun,149.58,0.18,122.65560000000002,1,122.66
2024-01-31,P0040,Beverages,Summer,16.74,114.83,719,0,Thu,20.3,0.0,20.3,106,2151.8
2024-02-12,P0040,Beverages,Spring,32.61,91.07,538,0,Wed,37.01,0.0,37.01,24,888.24
2024-02-19,P0040,Beverages,Autumn,30.06,36.57,858,0,Sat,39.32,0.0,39.32,45,1769.4
2024-02-20,P0040,Beverages,Winter,67.8,108.43,838,0,Tue,102.76,0.0,102.76,27,2774.52
2024-03-02,P0040,Beverages,Winter,89.09,61.98,310,0,Thu,115.52,0.0,115.52,4,462.08
2024-03-05,P0040,Beverages,Autumn,6.09,61.42,91,0,Tue,8.76,0.0,8.76,20,175.2
2024-03-08,P0040,Beverages,Winter,45.03,89.03,266,0,Thu,51.79,0.0,51.79,34,1760.86
2024-03-11,P0040,Beverages,Spring,2.98,37.1,40,0,Thu,4.97,0.0,4.97,169,839.93
2024-03-13,P0040,Beverages,Winter,37.91,107.32,835,0,Thu,56.84,0.0,56.84,145,8241.8
2024-03-14,P0040,Beverages,Summer,46.64,80.72,242,1,Wed,64.21,0.2,51.367999999999995,50,2568.4
2024-03-22,P0040,Beverages,Spring,54.65,56.68,407,0,Fri,72.27,0.0,72.27,50,3613.5
2024-03-29,P0040,Beverages,Autumn,49.59,90.44,302,1,Tue,55.75,0.21,44.042500000000004,147,6474.25
2024-04-12,P0040,Beverages,Autumn,66.21,81.81,641,1,Tue,73.28,0.22,57.1584,156,8916.71
2024-01-06,P0040,Groceries,Autumn,9.27,118.85,64,0,Sat,16.17,0.0,16.17,32,517.44
2024-01-09,P0040,Groceries,Autumn,74.53,60.31,409,0,Sun,111.79,0.0,111.79,11,1229.69
2024-01-10,P0040,Groceries,Spring,33.93,26.41,249,1,Thu,41.93,0.19,33.963300000000004,50,1698.17
2024-01-13,P0040,Groceries,Autumn,9.52,72.29,281,0,Sat,10.94,0.0,10.94,29,317.26
2024-01-14,P0040,Groceries,Autumn,98.91,104.74,932,1,Wed,157.44,0.23,121.2288,92,11153.05
2024-01-17,P0040,Groceries,Autumn,32.09,72.26,145,0,Mon,50.49,0.0,50.49,95,4796.55
2024-01-20,P0040,Groceries,Spring,29.44,41.54,331,0,Thu,44.2,0.0,44.2,28,1237.6
2024-01-26,P0040,Groceries,Autumn,29.39,89.67,326,0,Tue,51.11,0.0,51.11,106,5417.66
2024-02-05,P0040,Groceries,Spring,15.99,112.42,557,0,Sat,17.87,0.0,17.87,25,446.75
2024-02-10,P0040,Groceries,Spring,25.81,65.43,140,0,Wed,36.49,0.0,36.49,92,3357.08
2024-02-15,P0040,Groceries,Autumn,90.92,8.53,373,0,Thu,116.78,0.0,116.78,1,116.78
2024-02-17,P0040,Groceries,Summer,47.81,56.49,908,0,Wed,55.44,0.0,55.44,54,2993.76
2024-02-18,P0040,Groceries,Spring,94.35,27.08,405,0,Sun,126.5,0.0,126.5,1,126.5
2024-02-23,P0040,Groceries,Summer,84.63,110.95,442,0,Fri,140.27,0.0,140.27,42,5891.34
2024-02-26,P0040,Groceries,Winter,9.06,20.17,93,0,Fri,14.99,0.0,14.99,98,1469.02
2024-02-27,P0040,Groceries,Autumn,36.4,2.93,605,0,Thu,42.07,0.0,42.07,1,42.07
2024-03-09,P0040,Groceries,Spring,21.17,9.64,605,0,Sun,36.52,0.0,36.52,1,36.52
2024-03-24,P0040,Groceries,Autumn,55.62,21.35,38,1,Thu,65.23,0.23,50.22710000000001,1,50.23
2024-03-30,P0040,Groceries,Spring,78.82,25.3,530,0,Tue,134.91,0.0,134.91,1,134.91
2024-03-31,P0040,Groceries,Autumn,25.51,5.62,246,0,Wed,35.65,0.0,35.65,1,35.65
2024-04-04,P0040,Groceries,Spring,89.41,73.06,851,0,Sat,111.57,0.0,111.57,15,1673.55
2024-04-05,P0040,Groceries,Winter,24.1,101.39,528,1,Thu,34.36,0.13,29.8932,57,1703.91
2024-04-08,P0040,Groceries,Winter,72.89,60.36,404,0,Thu,96.46,0.0,96.46,24,2315.04
2024-04-11,P0040,Groceries,Spring,36.33,92.55,204,0,Wed,54.31,0.0,54.31,116,6299.96
2024-01-07,P0040,Electronics,Winter,52.84,91.81,54,0,Fri,88.01,0.0,88.01,62,5456.62
2024-01-11,P0040,Electronics,Autumn,67.53,36.42,568,0,Sat,112.19,0.0,112.19,1,112.19
2024-01-21,P0040,Electronics,Summer,94.11,35.76,166,1,Tue,143.51,0.06,134.89939999999999,1,134.9
2024-02-04,P0040,Electronics,Autumn,82.01,42.29,463,1,Sat,127.09,0.08,116.92280000000001,1,116.92
2024-02-08,P0040,Electronics,Winter,28.34,102.5,953,0,Wed,35.58,0.0,35.58,124,4411.92
2024-02-22,P0040,Electronics,Summer,32.14,96.4,429,1,Wed,55.05,0.21,43.4895,47,2044.01
2024-02-24,P0040,Electronics,Autumn,78.92,30.76,940,0,Mon,141.13,0.0,141.13,1,141.13
2024-02-29,P0040,Electronics,Summer,10.95,77.9,751,0,Wed,15.14,0.0,15.14,41,620.74
2024-03-04,P0040,Electronics,Autumn,86.36,10.07,942,0,Thu,129.59,0.0,129.59,1,129.59
2024-03-19,P0040,Electronics,Spring,2.9,60.68,49,0,Tue,5.11,0.0,5.11,184,940.24
2024-04-01,P0040,Electronics,Winter,76.43,58.65,71,0,Sat,117.94,0.0,117.94,1,117.94
2024-04-10,P0040,Electronics,Autumn,41.18,92.79,694,0,Tue,57.95,0.0,57.95,112,6490.4
